Process 26484 starting at 0000000000C03314
C:\Users\MobSlicer152\source\repos\misc\test.exe
Loaded DLL at 00007FFDE95B0000 C:\Windows\SYSTEM32\ntdll.dll
Loaded DLL at 0000000077310000 C:\Windows\SysWOW64\ntdll.dll
NtQueryPerformanceCounter( Counter=0xb7f390 [1.18014e+12], Freq=null ) => 0
NtProtectVirtualMemory( ProcessHandle=-1, BaseAddress=0xb7f3d8 [0x00007ffde9734000], Size=0xb7f3d0 [0x1000], NewProtect=4, OldProtect=0xb7f410 [8] ) => 0
NtProtectVirtualMemory( ProcessHandle=-1, BaseAddress=0xb7f3d8 [0x00007ffde9734000], Size=0xb7f3d0 [0x1000], NewProtect=8, OldProtect=0xb7f410 [4] ) => 0
NtCreateEvent( EventHandle=0x7ffde971c478 [8], DesiredAccess=DELETE|READ_CONTROL|WRITE_DAC|WRITE_OWNER|SYNCHRONIZE|0x3, ObjectAttributes=null, EventType=0 [NotificationEvent], InitialState=false ) => 0
NtQuerySystemInformation( SystemInformationClass=0 [SystemBasicInformation], SystemInformation=0xb7f340, Length=0x40, ReturnLength=null ) => 0
NtQueryInformationProcess( ProcessHandle=-1, ProcessInformationClass=0x24 [ProcessCookie], ProcessInformation=0xb7f068, Length=4, ReturnLength=null ) => 0
NtQuerySystemInformation( SystemInformationClass=0xc0 [SystemFlushInformation], SystemInformation=0xb7ef40, Length=0x20, ReturnLength=null ) => 0
NtQueryVirtualMemory( ProcessHandle=-1, BaseAddress=0x7ffde95b0000, MemoryInformationClass=6 [MemoryImageInformation], MemoryInformation=0xb7ee50, Length=0x18, ReturnLength=null ) => 0
NtQueryVirtualMemory( ProcessHandle=-1, BaseAddress=null, MemoryInformationClass=4 [MemoryWorkingSetExInformation], MemoryInformation=0xb7ef10, Length=0x50, ReturnLength=null ) => 0
NtProtectVirtualMemory( ProcessHandle=-1, BaseAddress=0xb7ef60 [0x00007ffde9731000], Size=0xb7ef58 [0x4000], NewProtect=2, OldProtect=0xb7ef50 [4] ) => 0
NtOpenKey( KeyHandle=0xb7dba0 [0xc], DesiredAccess=0x1, ObjectAttributes="\Registry\MACHINE\System\CurrentControlSet\Control\Session Manager" ) => 0
NtQueryValueKey( KeyHandle=0xc, ValueName="RaiseExceptionOnPossibleDeadlock", KeyValueInformationClass=2 [KeyValuePartialInformation], KeyValueInformation=0xb7dbb0, Length=0x50, ResultLength=0xb7dba8 ) => 0xc0000034 [2 'The system cannot find the file specified.']
NtClose( Handle=0xc ) => 0
NtOpenKey( KeyHandle=0xb7db38 [0xc], DesiredAccess=0x9, ObjectAttributes="\Registry\Machine\Software\Microsoft\Windows NT\CurrentVersion\Image File Execution Options" ) => 0
NtOpenKey( KeyHandle=0xb7dc20 [0x10], DesiredAccess=0x9, ObjectAttributes=0xc:"test.exe" ) => 0
NtQueryValueKey( KeyHandle=0x10, ValueName="UseFilter", KeyValueInformationClass=2 [KeyValuePartialInformation], KeyValueInformation=0xb7d8e0, Length=0x220, ResultLength=0xb7d850 ) => 0xc0000034 [2 'The system cannot find the file specified.']
NtQueryValueKey( KeyHandle=0x10, ValueName="DisableHeapLookaside", KeyValueInformationClass=2 [KeyValuePartialInformation], KeyValueInformation=0xb7d780, Length=0x400, ResultLength=0xb7d760 ) => 0xc0000034 [2 'The system cannot find the file specified.']
NtQueryValueKey( KeyHandle=0x10, ValueName="FrontEndHeapDebugOptions", KeyValueInformationClass=2 [KeyValuePartialInformation], KeyValueInformation=0xb7d780, Length=0x400, ResultLength=0xb7d760 ) => 0xc0000034 [2 'The system cannot find the file specified.']
NtQueryValueKey( KeyHandle=0x10, ValueName="ShutdownFlags", KeyValueInformationClass=2 [KeyValuePartialInformation], KeyValueInformation=0xb7d780, Length=0x400, ResultLength=0xb7d760 ) => 0xc0000034 [2 'The system cannot find the file specified.']
NtQueryValueKey( KeyHandle=0x10, ValueName="UnloadEventTraceDepth", KeyValueInformationClass=2 [KeyValuePartialInformation], KeyValueInformation=0xb7d780, Length=0x400, ResultLength=0xb7d760 ) => 0xc0000034 [2 'The system cannot find the file specified.']
NtQueryValueKey( KeyHandle=0x10, ValueName="MaxLoaderThreads", KeyValueInformationClass=2 [KeyValuePartialInformation], KeyValueInformation=0xb7d780, Length=0x400, ResultLength=0xb7d760 ) => 0xc0000034 [2 'The system cannot find the file specified.']
NtQueryValueKey( KeyHandle=0x10, ValueName="UseImpersonatedDeviceMap", KeyValueInformationClass=2 [KeyValuePartialInformation], KeyValueInformation=0xb7d780, Length=0x400, ResultLength=0xb7d760 ) => 0xc0000034 [2 'The system cannot find the file specified.']
NtQueryValueKey( KeyHandle=0x10, ValueName="TracingFlags", KeyValueInformationClass=2 [KeyValuePartialInformation], KeyValueInformation=0xb7d780, Length=0x400, ResultLength=0xb7d760 ) => 0xc0000034 [2 'The system cannot find the file specified.']
NtQueryValueKey( KeyHandle=0x10, ValueName="RaiseExceptionOnPossibleDeadlock", KeyValueInformationClass=2 [KeyValuePartialInformation], KeyValueInformation=0xb7d780, Length=0x400, ResultLength=0xb7d760 ) => 0xc0000034 [2 'The system cannot find the file specified.']
NtQueryValueKey( KeyHandle=0x10, ValueName="CFGOptions", KeyValueInformationClass=2 [KeyValuePartialInformation], KeyValueInformation=0xb7dd70, Length=0x400, ResultLength=0xb7dc70 ) => 0xc0000034 [2 'The system cannot find the file specified.']
NtQueryValueKey( KeyHandle=0x10, ValueName="MinimumStackCommitInBytes", KeyValueInformationClass=2 [KeyValuePartialInformation], KeyValueInformation=0xb7e170, Length=0x400, ResultLength=0xb7dc74 ) => 0xc0000034 [2 'The system cannot find the file specified.']
NtQueryValueKey( KeyHandle=0x10, ValueName="BreakOnInitializeProcessFailure", KeyValueInformationClass=2 [KeyValuePartialInformation], KeyValueInformation=0xb7d7d0, Length=0x400, ResultLength=0xb7d7b0 ) => 0xc0000034 [2 'The system cannot find the file specified.']
NtQueryValueKey( KeyHandle=0x10, ValueName="KeepActivationContextsAlive", KeyValueInformationClass=2 [KeyValuePartialInformation], KeyValueInformation=0xb7d7d0, Length=0x400, ResultLength=0xb7d7b0 ) => 0xc0000034 [2 'The system cannot find the file specified.']
NtQueryValueKey( KeyHandle=0x10, ValueName="TrackActivationContextReleases", KeyValueInformationClass=2 [KeyValuePartialInformation], KeyValueInformation=0xb7d7d0, Length=0x400, ResultLength=0xb7d7b0 ) => 0xc0000034 [2 'The system cannot find the file specified.']
NtQueryValueKey( KeyHandle=0x10, ValueName="MaxDeadActivationContexts", KeyValueInformationClass=2 [KeyValuePartialInformation], KeyValueInformation=0xb7e570, Length=0x400, ResultLength=0xb7dc78 ) => 0xc0000034 [2 'The system cannot find the file specified.']
NtQueryValueKey( KeyHandle=0x10, ValueName="GlobalFlag", KeyValueInformationClass=2 [KeyValuePartialInformation], KeyValueInformation=0xb7d780, Length=0x400, ResultLength=0xb7d760 [0x22] ) => 0
NtQueryValueKey( KeyHandle=0x10, ValueName="GlobalFlag2", KeyValueInformationClass=2 [KeyValuePartialInformation], KeyValueInformation=0xb7d780, Length=0x400, ResultLength=0xb7d760 ) => 0xc0000034 [2 'The system cannot find the file specified.']
NtOpenKey( KeyHandle=0xb7db80, DesiredAccess=0x1, ObjectAttributes="\Registry\Machine\SYSTEM\CurrentControlSet\Control\Session Manager\Segment Heap" ) => 0xc0000034 [2 'The system cannot find the file specified.']
NtQueryValueKey( KeyHandle=0x10, ValueName="CWDIllegalInDLLSearch", KeyValueInformationClass=2 [KeyValuePartialInformation], KeyValueInformation=0xb7d7f0, Length=0x400, ResultLength=0xb7d7d0 ) => 0xc0000034 [2 'The system cannot find the file specified.']
NtQueryDebugFilterState( Component=0x55, Level=0 ) => 1 [731 'ERROR_WAIT_1']
NtQueryInformationProcess( ProcessHandle=-1, ProcessInformationClass=0x24 [ProcessCookie], ProcessInformation=0x7ffde971d228, Length=4, ReturnLength=null ) => 0
NtQueryInformationProcess( ProcessHandle=-1, ProcessInformationClass=0x24 [ProcessCookie], ProcessInformation=0xb7eef8, Length=4, ReturnLength=null ) => 0
NtQuerySecurityAttributesToken( TokenHandle=-4, Attributes="WIN://SYSAPPID", NumberOfAttributes=2, Buffer=0xb7e930, Length=0x330, ReturnLength=0xb7e8e8 ) => 0xc0000225 [1168 'Element not found.']
NtQuerySecurityAttributesToken( TokenHandle=-4, Attributes="WIN://SYSAPPID", NumberOfAttributes=1, Buffer=0xb7e930, Length=0x330, ReturnLength=0xb7e8e8 ) => 0xc0000225 [1168 'Element not found.']
NtOpenKey( KeyHandle=0xb7ee70 [0x14], DesiredAccess=0x9, ObjectAttributes="\Registry\Machine\SYSTEM\CurrentControlSet\Control\Session Manager" ) => 0
NtQueryValueKey( KeyHandle=0x14, ValueName="ResourcePolicies", KeyValueInformationClass=2 [KeyValuePartialInformation], KeyValueInformation=0xb7eeb0, Length=0x18, ResultLength=0xb7ee78 ) => 0xc0000034 [2 'The system cannot find the file specified.']
NtClose( Handle=0x14 ) => 0
NtQueryInformationProcess( ProcessHandle=-1, ProcessInformationClass=0x24 [ProcessCookie], ProcessInformation=0xb7ef50, Length=4, ReturnLength=null ) => 0
NtQuerySystemInformation( SystemInformationClass=0 [SystemBasicInformation], SystemInformation=0xb7eef0, Length=0x40, ReturnLength=null ) => 0
NtQuerySystemInformation( SystemInformationClass=0x3e [SystemEmulationBasicInformation], SystemInformation=0xb7ef20, Length=0x40, ReturnLength=null ) => 0
NtAllocateVirtualMemoryEx( ProcessHandle=-1, lpAddress=0x7ffde971dc28 [0x7fb00000], ZeroBits=0x00b7eea0, pSize=0x102000 [0], flAllocationType=4, DataBuffer=0xb7ee08, DataCount=1 ) => 0
NtAllocateVirtualMemoryEx( ProcessHandle=-1, lpAddress=0x7ffde971dc20 [0x7fb01000], ZeroBits=0x00b7eea8, pSize=0x1000 [0], flAllocationType=4, DataBuffer=null, DataCount=0 ) => 0
NtAllocateVirtualMemoryEx( ProcessHandle=-1, lpAddress=0x7ffde971dc90 [0x7fae0000], ZeroBits=0x00b7ee50, pSize=0x102000 [0], flAllocationType=4, DataBuffer=0xb7edb8, DataCount=1 ) => 0
NtAllocateVirtualMemoryEx( ProcessHandle=-1, lpAddress=0x7ffde971dc88 [0x7faf0000], ZeroBits=0x00b7ee58, pSize=0x1000 [0], flAllocationType=4, DataBuffer=null, DataCount=0 ) => 0
NtQuerySystemInformation( SystemInformationClass=0 [SystemBasicInformation], SystemInformation=0xb7ed90, Length=0x40, ReturnLength=null ) => 0
NtAllocateVirtualMemory( ProcessHandle=-1, lpAddress=0xb7ec40 [0x01000000], ZeroBits=0, pSize=0xb7ec48 [0x00130000], flAllocationType=0x2000, flProtect=4 ) => 0
NtFreeVirtualMemory( ProcessHandle=-1, lpAddress=0xb7ec40 [0x01000000], pSize=0xb7ec38 [0x00120000], flFreeType=0x8000 ) => 0
NtAllocateVirtualMemory( ProcessHandle=-1, lpAddress=0xb7ec28 [0x01120000], ZeroBits=0, pSize=0xb7ec20 [0x2000], flAllocationType=0x1000, flProtect=4 ) => 0
NtQuerySystemInformation( SystemInformationClass=0xc5 [SystemHypervisorSharedPageInformation], SystemInformation=0xb7f0f8, Length=8, ReturnLength=null ) => 0
NtQuerySystemInformation( SystemInformationClass=0x37 [SystemNumaProcessorMap], SystemInformation=0xb7eb60, Length=0x408, ReturnLength=0xb7ef80 [0x18] ) => 0
NtCreateEvent( EventHandle=0xb7ed98 [0x14], DesiredAccess=DELETE|READ_CONTROL|WRITE_DAC|WRITE_OWNER|SYNCHRONIZE|0x3, ObjectAttributes=null, EventType=1 [SynchronizationEvent], InitialState=false ) => 0
NtCreateWaitCompletionPacket( WaitCompletionPacketHandle=0x1120ae0 [0x18], DesiredAccess=0x1, ObjectAttributes=null ) => 0
NtQuerySystemInformationEx( SystemInformationClass=0x6b [SystemLogicalProcessorAndGroupInformation], QueryType=0xb7eaf0 [1], Alignment=4, SystemInformation=0x1120dc0, Length=0x50, ReturnLength=0xb7eae8 [0x30] ) => 0
NtCreateIoCompletion( IoHandle=0x1120b90 [0x1c], DesiredAccess=DELETE|READ_CONTROL|WRITE_DAC|WRITE_OWNER|SYNCHRONIZE|0x3, ObjectAttributes=null, NumberOfConcurrentThreads=0x19 ) => 0
NtCreateWorkerFactory( WorkerFactoryHandleReturn=0x1120b88 [0x20], DesiredAccess=DELETE|READ_CONTROL|WRITE_DAC|WRITE_OWNER|0xff, ObjectAttributes=null, CompletionPortHandle=0x1c, WorkerProcessHandle=-1, StartRoutine=0x7ffde9602b30, StartParameter=0x1120b50, MaxThreadCount=0x200, StackReserve=0x00100000, StackCommit=0x1000 ) => 0
NtCreateTimer2( TimerHandle=0x1120be0 [0x24], Unknown1=null, Unknown2=null, Attributes=8, DesiredAccess=SYNCHRONIZE|0x7ffd00000002 ) => 0
NtCreateWaitCompletionPacket( WaitCompletionPacketHandle=0x1120be8 [0x28], DesiredAccess=0x1, ObjectAttributes=null ) => 0
NtAssociateWaitCompletionPacket( WaitCompletionPacketHandle=0x28, IoCompletionHandle=0x1c, TargetObjectHandle=0x24, KeyContext=0x1120bf0, ApcContext=0x1120bc0, IoStatus=0, IoStatusInformation=1, AlreadySignaled=0xb7eab0 [0] ) => 0
NtCreateTimer2( TimerHandle=0x1120c58 [0x2c], Unknown1=null, Unknown2=null, Attributes=8, DesiredAccess=SYNCHRONIZE|0x2 ) => 0
NtCreateWaitCompletionPacket( WaitCompletionPacketHandle=0x1120c60 [0x30], DesiredAccess=0x1, ObjectAttributes=null ) => 0
NtAssociateWaitCompletionPacket( WaitCompletionPacketHandle=0x30, IoCompletionHandle=0x1c, TargetObjectHandle=0x2c, KeyContext=0x1120c68, ApcContext=0x1120bc0, IoStatus=0, IoStatusInformation=0, AlreadySignaled=0xb7eab0 [0] ) => 0
NtSetInformationWorkerFactory( WorkerFactoryHandle=0x20, InformationClass=5 [WorkerFactoryThreadMaximum], Buffer=0xb7ebb8, BufferLength=4 ) => 0
NtSetInformationWorkerFactory( WorkerFactoryHandle=0x20, InformationClass=0xe [WorkerFactoryThreadSoftMaximum], Buffer=0xb7ebb8, BufferLength=4 ) => 0
NtSetInformationWorkerFactory( WorkerFactoryHandle=0x20, InformationClass=3 [WorkerFactoryBindingCount], Buffer=0xb7ecd8, BufferLength=4 ) => 0
NtAssociateWaitCompletionPacket( WaitCompletionPacketHandle=0x18, IoCompletionHandle=0x1c, TargetObjectHandle=0x14, KeyContext=0x1120af8, ApcContext=0x1120970, IoStatus=0, IoStatusInformation=0, AlreadySignaled=0xb7ed20 [0x01120b00] ) => 0
NtTraceControl( CtrlCode=0x1b, InputBuffer=0xb7edd8, InputBufferLength=4, OutputBuffer=null, OutputBufferLength=0, ReturnLength=0xb7ed90 [0] ) => 0
NtTraceControl( CtrlCode=0xf, InputBuffer=0xb7ee38, InputBufferLength=0xa0, OutputBuffer=0xb7ee38, OutputBufferLength=0xa0, ReturnLength=0xb7ee30 [0xa0] ) => 0
NtTraceControl( CtrlCode=0xf, InputBuffer=0xb7ee38, InputBufferLength=0xa0, OutputBuffer=0xb7ee38, OutputBufferLength=0xa0, ReturnLength=0xb7ee30 [0xa0] ) => 0
NtTraceControl( CtrlCode=0xf, InputBuffer=0xb7ee38, InputBufferLength=0xa0, OutputBuffer=0xb7ee38, OutputBufferLength=0xa0, ReturnLength=0xb7ee30 [0xa0] ) => 0
NtAllocateVirtualMemory( ProcessHandle=-1, lpAddress=0xb7eb60 [0x01122000], ZeroBits=0, pSize=0xb7ec08 [0x5000], flAllocationType=0x1000, flProtect=4 ) => 0
NtFreeVirtualMemory( ProcessHandle=-1, lpAddress=0xb7ef80 [0x00af0000], pSize=0xb7ef88 [0x00020000], flFreeType=0x8000 ) => 0
NtQueryValueKey( KeyHandle=0x10, ValueName="DebugProcessHeapOnly", KeyValueInformationClass=2 [KeyValuePartialInformation], KeyValueInformation=0xb7eae0, Length=0x400, ResultLength=0xb7eac0 ) => 0xc0000034 [2 'The system cannot find the file specified.']
NtProtectVirtualMemory( ProcessHandle=-1, BaseAddress=0xb7ef60 [0x00007ffde9731000], Size=0xb7ef58 [0x4000], NewProtect=4, OldProtect=0xb7ef50 [2] ) => 0
NtOpenDirectoryObject( DirectoryHandle=0x7ffde9731298 [0x40], DesiredAccess=0x3, ObjectAttributes="\KnownDlls" ) => 0
NtProtectVirtualMemory( ProcessHandle=-1, BaseAddress=0xb7ef60 [0x00007ffde9731000], Size=0xb7ef58 [0x4000], NewProtect=2, OldProtect=0xb7ef50 [4] ) => 0
NtOpenSymbolicLinkObject( LinkHandle=0xb7f0b8 [0x44], DesiredAccess=0x1, ObjectAttributes=0x40:"KnownDllPath" ) => 0
NtQuerySymbolicLinkObject( LinkHandle=0x44, LinkTarget="C:\Windows\System32", ReturnedLength=0xb7f06c [0x28] ) => 0
NtClose( Handle=0x44 ) => 0
NtProtectVirtualMemory( ProcessHandle=-1, BaseAddress=0xb7ef30 [0x00007ffde9731000], Size=0xb7ef28 [0x4000], NewProtect=4, OldProtect=0xb7ef20 [2] ) => 0
NtProtectVirtualMemory( ProcessHandle=-1, BaseAddress=0xb7ef60 [0x00007ffde9731000], Size=0xb7ef58 [0x4000], NewProtect=2, OldProtect=0xb7ef50 [4] ) => 0
NtCreateEvent( EventHandle=0x7ffde971c380 [0x44], DesiredAccess=DELETE|READ_CONTROL|WRITE_DAC|WRITE_OWNER|SYNCHRONIZE|0x3, ObjectAttributes=null, EventType=1 [SynchronizationEvent], InitialState=false ) => 0
NtCreateEvent( EventHandle=0x7ffde971c3b0 [0x48], DesiredAccess=DELETE|READ_CONTROL|WRITE_DAC|WRITE_OWNER|SYNCHRONIZE|0x3, ObjectAttributes=null, EventType=1 [SynchronizationEvent], InitialState=false ) => 0
NtQueryDebugFilterState( Component=0x55, Level=0 ) => 1 [731 'ERROR_WAIT_1']
6774:651c @ 118014406 - LdrpInitializeProcess - INFO: Beginning execution of test.exe (C:\Users\MobSlicer152\source\repos\misc\test.exe)
	Current directory: C:\Windows
	Package directories: (null)
NtProtectVirtualMemory( ProcessHandle=-1, BaseAddress=0xb7eec0 [0x00007ffde9731000], Size=0xb7eeb8 [0x4000], NewProtect=4, OldProtect=0xb7eeb0 [2] ) => 0
NtProtectVirtualMemory( ProcessHandle=-1, BaseAddress=0xb7eec0 [0x00007ffde9731000], Size=0xb7eeb8 [0x4000], NewProtect=2, OldProtect=0xb7eeb0 [4] ) => 0
NtOpenFile( FileHandle=0xb7ef68 [0x4c], DesiredAccess=SYNCHRONIZE|0x20, ObjectAttributes="\??\C:\Windows", IoStatusBlock=0xb7eed8 [0/1], ShareAccess=3, OpenOptions=0x21 ) => 0
NtQueryVolumeInformationFile( FileHandle=0x4c, IoStatusBlock=0xb7eed8 [0/8], FsInformation=0xb7eec0, Length=8, FsInformationClass=4 [FsDeviceInformation] ) => 0
NtSetEvent( EventHandle=0x44, PrevState=null ) => 0
NtClose( Handle=0x10 ) => 0
NtQueryDebugFilterState( Component=0x55, Level=0 ) => 1 [731 'ERROR_WAIT_1']
6774:651c @ 118014406 - LdrpLoadDllInternal - ENTER: DLL name: C:\Windows\SYSTEM32\wow64.dll
NtSetInformationProcess( ProcessHandle=-1, ProcessInformationClass=0x5d [ProcessLoaderDetour], ProcessInformation=0xb7e9f0, Length=4 ) => 0
NtQueryDebugFilterState( Component=0x55, Level=0 ) => 1 [731 'ERROR_WAIT_1']
6774:651c @ 118014406 - LdrpFindKnownDll - ENTER: DLL name: wow64.dll
NtOpenSection( SectionHandle=0xb7e9c8 [0x10], DesiredAccess=0xd, ObjectAttributes=0x40:"wow64.dll" ) => 0
NtQueryDebugFilterState( Component=0x55, Level=0 ) => 1 [731 'ERROR_WAIT_1']
6774:651c @ 118014406 - LdrpFindKnownDll - RETURN: Status: 0x00000000
NtQueryDebugFilterState( Component=0x55, Level=0 ) => 1 [731 'ERROR_WAIT_1']
6774:651c @ 118014406 - LdrpMinimalMapModule - ENTER: DLL name: C:\Windows\System32\wow64.dll
Loaded DLL at 00007FFDE9510000 C:\Windows\System32\wow64.dll
NtMapViewOfSectionEx( SectionHandle=0x10, ProcessHandle=-1, SectionOffset=0x11264c0 [1.40729e+14], BaseAddress=null, ViewSize=0x1126420 [0x00059000], AllocationType=0x00800000, Protect=0x80, DataBuffer=0xb7e8a0, DataCount=1 ) => 0
NtQueryDebugFilterState( Component=0x55, Level=0 ) => 1 [731 'ERROR_WAIT_1']
6774:651c @ 118014406 - LdrpMinimalMapModule - RETURN: Status: 0x00000000
NtQueryPerformanceCounter( Counter=0xb7e840 [1.18014e+12], Freq=null ) => 0
NtProtectVirtualMemory( ProcessHandle=-1, BaseAddress=0xb7e850 [0x00007ffde9731000], Size=0xb7e848 [0x4000], NewProtect=4, OldProtect=0xb7e840 [2] ) => 0
NtProtectVirtualMemory( ProcessHandle=-1, BaseAddress=0xb7e850 [0x00007ffde9731000], Size=0xb7e848 [0x4000], NewProtect=2, OldProtect=0xb7e840 [4] ) => 0
NtProtectVirtualMemory( ProcessHandle=-1, BaseAddress=0xb7e8a0 [0x00007ffde954b000], Size=0xb7e8a8 [0x2000], NewProtect=4, OldProtect=0x1126408 [2] ) => 0
NtQueryDebugFilterState( Component=0x55, Level=0 ) => 1 [731 'ERROR_WAIT_1']
6774:651c @ 118014406 - LdrpFindKnownDll - ENTER: DLL name: wow64win.dll
NtOpenSection( SectionHandle=0xb7e338 [0x50], DesiredAccess=0xd, ObjectAttributes=0x40:"wow64win.dll" ) => 0
NtQueryDebugFilterState( Component=0x55, Level=0 ) => 1 [731 'ERROR_WAIT_1']
6774:651c @ 118014406 - LdrpFindKnownDll - RETURN: Status: 0x00000000
NtQueryDebugFilterState( Component=0x55, Level=0 ) => 1 [731 'ERROR_WAIT_1']
6774:651c @ 118014406 - LdrpMinimalMapModule - ENTER: DLL name: C:\Windows\System32\wow64win.dll
Loaded DLL at 00007FFDE91C0000 C:\Windows\System32\wow64win.dll
NtMapViewOfSectionEx( SectionHandle=0x50, ProcessHandle=-1, SectionOffset=0x11267e0 [1.40729e+14], BaseAddress=null, ViewSize=0x1126760 [0x00083000], AllocationType=0x00800000, Protect=0x80, DataBuffer=0xb7e210, DataCount=1 ) => 0
NtQueryDebugFilterState( Component=0x55, Level=0 ) => 1 [731 'ERROR_WAIT_1']
6774:651c @ 118014406 - LdrpMinimalMapModule - RETURN: Status: 0x00000000
NtQueryPerformanceCounter( Counter=0xb7e1b0 [1.18014e+12], Freq=null ) => 0
NtProtectVirtualMemory( ProcessHandle=-1, BaseAddress=0xb7e1c0 [0x00007ffde9731000], Size=0xb7e1b8 [0x4000], NewProtect=4, OldProtect=0xb7e1b0 [2] ) => 0
NtProtectVirtualMemory( ProcessHandle=-1, BaseAddress=0xb7e1c0 [0x00007ffde9731000], Size=0xb7e1b8 [0x4000], NewProtect=2, OldProtect=0xb7e1b0 [4] ) => 0
NtProtectVirtualMemory( ProcessHandle=-1, BaseAddress=0xb7e210 [0x00007ffde9210000], Size=0xb7e218 [0x1000], NewProtect=4, OldProtect=0x1126748 [2] ) => 0
NtClose( Handle=0x50 ) => 0
NtProtectVirtualMemory( ProcessHandle=-1, BaseAddress=0x11263e8 [0x00007ffde954b000], Size=0x11263f0 [0x2000], NewProtect=2, OldProtect=0xb7e790 [4] ) => 0
NtClose( Handle=0x10 ) => 0
NtProtectVirtualMemory( ProcessHandle=-1, BaseAddress=0x1126728 [0x00007ffde9210000], Size=0x1126730 [0x1000], NewProtect=2, OldProtect=0xb7e890 [4] ) => 0
NtQueryDebugFilterState( Component=0x55, Level=0 ) => 1 [731 'ERROR_WAIT_1']
6774:651c @ 118014406 - LdrpMergeNodes - INFO: Merging a cycle rooted at wow64.dll.
NtQueryDebugFilterState( Component=0x55, Level=0 ) => 1 [731 'ERROR_WAIT_1']
6774:651c @ 118014406 - LdrpMergeNodes - INFO: Adding cyclic module wow64win.dll.
NtApphelpCacheControl( ServiceClass=6, ServiceData="" ) => 0
NtApphelpCacheControl( ServiceClass=6, ServiceData="" ) => 0
NtSetInformationVirtualMemory( ProcessHandle=-1, VmInformationClass=4, NumberOfEntries=1, VirtualAddresses=0xb7e8f0, VmInformation=0xb7e9c8, VmInformationLength=4 ) => 0xc00000bb [50 'The request is not supported.']
NtQueryDebugFilterState( Component=0x55, Level=0 ) => 1 [731 'ERROR_WAIT_1']
6774:651c @ 118014406 - LdrpInitializeNode - INFO: Calling init routine 00007FFDE91CFB10 for DLL "C:\Windows\System32\wow64win.dll"
NtSetInformationVirtualMemory( ProcessHandle=-1, VmInformationClass=4, NumberOfEntries=1, VirtualAddresses=0xb7e8f0, VmInformation=0xb7e9c8, VmInformationLength=4 ) => 0xc00000bb [50 'The request is not supported.']
NtQueryDebugFilterState( Component=0x55, Level=0 ) => 1 [731 'ERROR_WAIT_1']
6774:651c @ 118014406 - LdrpInitializeNode - INFO: Calling init routine 00007FFDE95290D0 for DLL "C:\Windows\System32\wow64.dll"
NtSetEvent( EventHandle=0x44, PrevState=null ) => 0
NtQueryDebugFilterState( Component=0x55, Level=0 ) => 1 [731 'ERROR_WAIT_1']
6774:651c @ 118014406 - LdrpLoadDllInternal - RETURN: Status: 0x00000000
NtProtectVirtualMemory( ProcessHandle=-1, BaseAddress=0xb7ec40 [0x00007ffde9731000], Size=0xb7ec38 [0x4000], NewProtect=4, OldProtect=0xb7ec30 [2] ) => 0
NtQueryDebugFilterState( Component=0x55, Level=0 ) => 1 [731 'ERROR_WAIT_1']
6774:651c @ 118014406 - LdrpGetProcedureAddress - INFO: Locating procedure "Wow64LdrpInitialize" by name
NtQueryDebugFilterState( Component=0x55, Level=0 ) => 1 [731 'ERROR_WAIT_1']
6774:651c @ 118014406 - LdrpGetProcedureAddress - INFO: Locating procedure "Wow64PrepareForException" by name
NtQueryDebugFilterState( Component=0x55, Level=0 ) => 1 [731 'ERROR_WAIT_1']
6774:651c @ 118014406 - LdrpGetProcedureAddress - INFO: Locating procedure "Wow64ApcRoutine" by name
NtQueryDebugFilterState( Component=0x55, Level=0 ) => 1 [731 'ERROR_WAIT_1']
6774:651c @ 118014406 - LdrpGetProcedureAddress - INFO: Locating procedure "Wow64PrepareForDebuggerAttach" by name
NtQueryDebugFilterState( Component=0x55, Level=0 ) => 1 [731 'ERROR_WAIT_1']
6774:651c @ 118014406 - LdrpGetProcedureAddress - INFO: Locating procedure "Wow64SuspendLocalThread" by name
NtQueryDebugFilterState( Component=0x55, Level=0 ) => 1 [731 'ERROR_WAIT_1']
6774:651c @ 118014406 - LdrpGetProcedureAddress - INFO: Locating procedure "Wow64SuspendLocalProcess" by name
NtProtectVirtualMemory( ProcessHandle=-1, BaseAddress=0xb7ec40 [0x00007ffde9731000], Size=0xb7ec38 [0x4000], NewProtect=2, OldProtect=0xb7ec30 [4] ) => 0
NtQueryInformationThread( ThreadHandle=-2, ThreadInformationClass=0x11 [ThreadHideFromDebugger], ThreadInformation=0xb7ef80, Length=1, ReturnLength=null ) => 0
Breakpoint at 00007FFDE96807F0
NtAllocateVirtualMemory( ProcessHandle=-1, lpAddress=0xb7e870 [0x01127000], ZeroBits=0, pSize=0xb7e918 [0x1000], flAllocationType=0x1000, flProtect=4 ) => 0
NtProtectVirtualMemory( ProcessHandle=-1, BaseAddress=0xb7ec80 [0x00007ffde9566000], Size=0xb7ecb8 [0x1000], NewProtect=4, OldProtect=0xb7eca8 [2] ) => 0
NtQueryDebugFilterState( Component=0x55, Level=0 ) => 1 [731 'ERROR_WAIT_1']
6774:651c @ 118014406 - LdrLoadDll - ENTER: DLL name: C:\Windows\system32\wow64log.dll
NtQueryDebugFilterState( Component=0x55, Level=0 ) => 1 [731 'ERROR_WAIT_1']
6774:651c @ 118014406 - LdrpLoadDllInternal - ENTER: DLL name: C:\Windows\system32\wow64log.dll
NtSetInformationProcess( ProcessHandle=-1, ProcessInformationClass=0x5d [ProcessLoaderDetour], ProcessInformation=0xb7e6c0, Length=4 ) => 0
NtQueryDebugFilterState( Component=0x55, Level=0 ) => 1 [731 'ERROR_WAIT_1']
6774:651c @ 118014406 - LdrpFindKnownDll - ENTER: DLL name: wow64log.dll
NtOpenSection( SectionHandle=0xb7e698, DesiredAccess=0xd, ObjectAttributes=0x40:"wow64log.dll" ) => 0xc0000034 [2 'The system cannot find the file specified.']
NtQueryDebugFilterState( Component=0x55, Level=0 ) => 1 [731 'ERROR_WAIT_1']
6774:651c @ 118014406 - LdrpFindKnownDll - RETURN: Status: 0xc0000135
NtQueryDebugFilterState( Component=0x55, Level=0 ) => 1 [731 'ERROR_WAIT_1']
6774:651c @ 118014406 - LdrpResolveDllName - ENTER: DLL name: C:\Windows\system32\wow64log.dll
NtQueryAttributesFile( ObjectAttributes="\??\C:\Windows\system32\wow64log.dll", Attributes=0xb7e458 ) => 0xc0000034 [2 'The system cannot find the file specified.']
NtQueryDebugFilterState( Component=0x55, Level=0 ) => 1 [731 'ERROR_WAIT_1']
6774:651c @ 118014406 - LdrpResolveDllName - RETURN: Status: 0xc0000135
NtQueryDebugFilterState( Component=0x55, Level=0 ) => 1 [731 'ERROR_WAIT_1']
6774:651c @ 118014406 - LdrpProcessWork - ERROR: Unable to load DLL: "C:\Windows\system32\wow64log.dll", Parent Module: "(null)", Status: 0xc0000135
NtApphelpCacheControl( ServiceClass=6, ServiceData="" ) => 0
NtSetEvent( EventHandle=0x44, PrevState=null ) => 0
NtQueryDebugFilterState( Component=0x55, Level=0 ) => 1 [731 'ERROR_WAIT_1']
6774:651c @ 118014406 - LdrpLoadDllInternal - RETURN: Status: 0xc0000135
NtQueryDebugFilterState( Component=0x55, Level=0 ) => 1 [731 'ERROR_WAIT_1']
6774:651c @ 118014406 - LdrLoadDll - RETURN: Status: 0xc0000135
NtQueryDebugFilterState( Component=0x55, Level=0 ) => 1 [731 'ERROR_WAIT_1']
6774:651c @ 118014406 - LdrGetKnownDllSectionHandle - ENTER: DLL name: kernel32.dll
NtOpenSection( SectionHandle=0xb7ecb0 [0x10], DesiredAccess=0xd, ObjectAttributes=0x40:"kernel32.dll" ) => 0
NtQueryDebugFilterState( Component=0x55, Level=0 ) => 1 [731 'ERROR_WAIT_1']
6774:651c @ 118014406 - LdrGetKnownDllSectionHandle - RETURN: Status: 0x00000000
NtMapViewOfSection( SectionHandle=0x10, ProcessHandle=-1, BaseAddress=0xb7eca8 [0x01000000], ZeroBits=0, CommitSize=0, SectionOffset=null, ViewSize=0xb7ec50 [0x000bd000], InheritDisposition=2 [ViewUnmap], AllocationType=0x00040000, Protect=2 ) => 0x40000003 [700 '{Image Relocated}
An image file could not be mapped at the address specified in the image file. Local fixups must be performed on this image.']
NtQuerySection( SectionHandle=0x10, SectionInformationClass=1 [SectionImageInformation], SectionInformation=0xb7eba0, Length=0x40, ReturnLength=null ) => 0
NtUnmapViewOfSection( ProcessHandle=-1, BaseAddress=0x1000000 ) => 0
NtClose( Handle=0x10 ) => 0
NtOpenDirectoryObject( DirectoryHandle=0xb7ec08 [0x10], DesiredAccess=0x3, ObjectAttributes="\KnownDlls32" ) => 0
NtOpenSection( SectionHandle=0xb7ecb0 [0x50], DesiredAccess=0xd, ObjectAttributes=0x10:"kernel32.dll" ) => 0
NtClose( Handle=0x10 ) => 0
NtMapViewOfSection( SectionHandle=0x50, ProcessHandle=-1, BaseAddress=0xb7eca8 [0x01000000], ZeroBits=0, CommitSize=0, SectionOffset=null, ViewSize=0xb7ec50 [0x000f0000], InheritDisposition=2 [ViewUnmap], AllocationType=0x00040000, Protect=2 ) => 0x40000003 [700 '{Image Relocated}
An image file could not be mapped at the address specified in the image file. Local fixups must be performed on this image.']
NtQuerySection( SectionHandle=0x50, SectionInformationClass=1 [SectionImageInformation], SectionInformation=0xb7eba0, Length=0x40, ReturnLength=null ) => 0
NtUnmapViewOfSection( ProcessHandle=-1, BaseAddress=0x1000000 ) => 0
NtClose( Handle=0x50 ) => 0
NtQueryDebugFilterState( Component=0x55, Level=0 ) => 1 [731 'ERROR_WAIT_1']
6774:651c @ 118014406 - LdrGetKnownDllSectionHandle - ENTER: DLL name: user32.dll
NtOpenSection( SectionHandle=0xb7ecb0 [0x50], DesiredAccess=0xd, ObjectAttributes=0x40:"user32.dll" ) => 0
NtQueryDebugFilterState( Component=0x55, Level=0 ) => 1 [731 'ERROR_WAIT_1']
6774:651c @ 118014406 - LdrGetKnownDllSectionHandle - RETURN: Status: 0x00000000
NtMapViewOfSection( SectionHandle=0x50, ProcessHandle=-1, BaseAddress=0xb7eca8 [0x01130000], ZeroBits=0, CommitSize=0, SectionOffset=null, ViewSize=0xb7ec50 [0x0019f000], InheritDisposition=2 [ViewUnmap], AllocationType=0x00040000, Protect=2 ) => 0x40000003 [700 '{Image Relocated}
An image file could not be mapped at the address specified in the image file. Local fixups must be performed on this image.']
NtQuerySection( SectionHandle=0x50, SectionInformationClass=1 [SectionImageInformation], SectionInformation=0xb7eba0, Length=0x40, ReturnLength=null ) => 0
NtUnmapViewOfSection( ProcessHandle=-1, BaseAddress=0x1130000 ) => 0
NtClose( Handle=0x50 ) => 0
NtQuerySystemInformation( SystemInformationClass=0x3e [SystemEmulationBasicInformation], SystemInformation=0xb7ec40, Length=0x40, ReturnLength=null ) => 0
NtOpenFile( FileHandle=0xb7e9b0 [0x50], DesiredAccess=SYNCHRONIZE|0x80, ObjectAttributes="\??\C:\Windows", IoStatusBlock=0xb7e9e8 [0/1], ShareAccess=7, OpenOptions=0x4020 ) => 0
NtQueryObject( ObjectHandle=0x50, ObjectInformationClass=1 [ObjectNameInformation], ObjectInformation=0xb7ea00, Length=0x220, ReturnLength=null ) => 0
NtClose( Handle=0x50 ) => 0
NtOpenDirectoryObject( DirectoryHandle=0xb7eca0 [0x50], DesiredAccess=0x3, ObjectAttributes="\KnownDlls32" ) => 0
NtOpenKey( KeyHandle=0xb7e760 [0x10], DesiredAccess=KEY_READ, ObjectAttributes="\Registry\Machine\Software\Microsoft\Wow64\x86" ) => 0
NtQueryValueKey( KeyHandle=0x10, ValueName="test.exe", KeyValueInformationClass=2 [KeyValuePartialInformation], KeyValueInformation=0xb7e7c0, Length=0x208, ResultLength=0xb7e768 ) => 0xc0000034 [2 'The system cannot find the file specified.']
NtQueryValueKey( KeyHandle=0x10, ValueName="", KeyValueInformationClass=2 [KeyValuePartialInformation], KeyValueInformation=0xb7e7c0, Length=0x208, ResultLength=0xb7e768 [0x26] ) => 0
NtClose( Handle=0x10 ) => 0
NtProtectVirtualMemory( ProcessHandle=-1, BaseAddress=0xb7e9f0 [0x00007ffde9566000], Size=0xb7ea28 [0x1000], NewProtect=4, OldProtect=0xb7ea18 [4] ) => 0
NtQueryDebugFilterState( Component=0x55, Level=0 ) => 1 [731 'ERROR_WAIT_1']
6774:651c @ 118014406 - LdrLoadDll - ENTER: DLL name: C:\Windows\system32\wow64cpu.dll
NtQueryDebugFilterState( Component=0x55, Level=0 ) => 1 [731 'ERROR_WAIT_1']
6774:651c @ 118014406 - LdrpLoadDllInternal - ENTER: DLL name: C:\Windows\system32\wow64cpu.dll
NtSetInformationProcess( ProcessHandle=-1, ProcessInformationClass=0x5d [ProcessLoaderDetour], ProcessInformation=0xb7e6b0, Length=4 ) => 0
NtQueryDebugFilterState( Component=0x55, Level=0 ) => 1 [731 'ERROR_WAIT_1']
6774:651c @ 118014406 - LdrpFindKnownDll - ENTER: DLL name: wow64cpu.dll
NtOpenSection( SectionHandle=0xb7e688 [0x10], DesiredAccess=0xd, ObjectAttributes=0x40:"wow64cpu.dll" ) => 0
NtQueryDebugFilterState( Component=0x55, Level=0 ) => 1 [731 'ERROR_WAIT_1']
6774:651c @ 118014406 - LdrpFindKnownDll - RETURN: Status: 0x00000000
NtQueryDebugFilterState( Component=0x55, Level=0 ) => 1 [731 'ERROR_WAIT_1']
6774:651c @ 118014421 - LdrpMinimalMapModule - ENTER: DLL name: C:\Windows\System32\wow64cpu.dll
Loaded DLL at 0000000077300000 C:\Windows\System32\wow64cpu.dll
NtMapViewOfSection( SectionHandle=0x10, ProcessHandle=-1, BaseAddress=0x11266a0 [0x77300000], ZeroBits=0, CommitSize=0, SectionOffset=null, ViewSize=0x1126420 [0xa000], InheritDisposition=1 [ViewShare], AllocationType=0x00800000, Protect=0x80 ) => 0
NtQueryDebugFilterState( Component=0x55, Level=0 ) => 1 [731 'ERROR_WAIT_1']
6774:651c @ 118014421 - LdrpMinimalMapModule - RETURN: Status: 0x00000000
NtQueryPerformanceCounter( Counter=0xb7e500 [1.18014e+12], Freq=null ) => 0
NtProtectVirtualMemory( ProcessHandle=-1, BaseAddress=0xb7e510 [0x00007ffde9731000], Size=0xb7e508 [0x4000], NewProtect=4, OldProtect=0xb7e500 [2] ) => 0
NtProtectVirtualMemory( ProcessHandle=-1, BaseAddress=0xb7e510 [0x00007ffde9731000], Size=0xb7e508 [0x4000], NewProtect=2, OldProtect=0xb7e500 [4] ) => 0
NtProtectVirtualMemory( ProcessHandle=-1, BaseAddress=0xb7e560 [0x77304000], Size=0xb7e568 [0x1000], NewProtect=4, OldProtect=0x1126408 [2] ) => 0
NtProtectVirtualMemory( ProcessHandle=-1, BaseAddress=0x11263e8 [0x77304000], Size=0x11263f0 [0x1000], NewProtect=2, OldProtect=0xb7e450 [4] ) => 0
NtClose( Handle=0x10 ) => 0
NtApphelpCacheControl( ServiceClass=6, ServiceData="" ) => 0
NtSetInformationVirtualMemory( ProcessHandle=-1, VmInformationClass=4, NumberOfEntries=1, VirtualAddresses=0xb7e5b0, VmInformation=0xb7e688, VmInformationLength=4 ) => 0xc00000bb [50 'The request is not supported.']
NtQueryDebugFilterState( Component=0x55, Level=0 ) => 1 [731 'ERROR_WAIT_1']
6774:651c @ 118014421 - LdrpInitializeNode - INFO: Calling init routine 00000000773012E0 for DLL "C:\Windows\System32\wow64cpu.dll"
NtSetEvent( EventHandle=0x44, PrevState=null ) => 0
NtQueryDebugFilterState( Component=0x55, Level=0 ) => 1 [731 'ERROR_WAIT_1']
6774:651c @ 118014421 - LdrpLoadDllInternal - RETURN: Status: 0x00000000
NtQueryDebugFilterState( Component=0x55, Level=0 ) => 1 [731 'ERROR_WAIT_1']
6774:651c @ 118014421 - LdrLoadDll - RETURN: Status: 0x00000000
NtQueryDebugFilterState( Component=0x55, Level=0 ) => 1 [731 'ERROR_WAIT_1']
6774:651c @ 118014421 - LdrpGetProcedureAddress - INFO: Locating procedure "BTCpuProcessInit" by name
NtQueryDebugFilterState( Component=0x55, Level=0 ) => 1 [731 'ERROR_WAIT_1']
6774:651c @ 118014421 - LdrpGetProcedureAddress - INFO: Locating procedure "BTCpuProcessTerm" by name
NtQueryDebugFilterState( Component=0x55, Level=0 ) => 1 [731 'ERROR_WAIT_1']
6774:651c @ 118014421 - LdrpNameToOrdinal - WARNING: Procedure "BTCpuProcessTerm" could not be located in DLL at base 0x0000000077300000.
NtQueryDebugFilterState( Component=0x55, Level=0 ) => 1 [731 'ERROR_WAIT_1']
6774:651c @ 118014421 - LdrpReportError - WARNING: Locating export "BTCpuProcessTerm" for DLL "Unknown" failed with status: 0xc0000139.
NtQueryDebugFilterState( Component=0x55, Level=0 ) => 1 [731 'ERROR_WAIT_1']
6774:651c @ 118014421 - LdrpGetProcedureAddress - INFO: Locating procedure "BTCpuThreadInit" by name
NtQueryDebugFilterState( Component=0x55, Level=0 ) => 1 [731 'ERROR_WAIT_1']
6774:651c @ 118014421 - LdrpNameToOrdinal - WARNING: Procedure "BTCpuThreadInit" could not be located in DLL at base 0x0000000077300000.
NtQueryDebugFilterState( Component=0x55, Level=0 ) => 1 [731 'ERROR_WAIT_1']
6774:651c @ 118014421 - LdrpReportError - WARNING: Locating export "BTCpuThreadInit" for DLL "Unknown" failed with status: 0xc0000139.
NtQueryDebugFilterState( Component=0x55, Level=0 ) => 1 [731 'ERROR_WAIT_1']
6774:651c @ 118014421 - LdrpGetProcedureAddress - INFO: Locating procedure "BTCpuThreadTerm" by name
NtQueryDebugFilterState( Component=0x55, Level=0 ) => 1 [731 'ERROR_WAIT_1']
6774:651c @ 118014421 - LdrpNameToOrdinal - WARNING: Procedure "BTCpuThreadTerm" could not be located in DLL at base 0x0000000077300000.
NtQueryDebugFilterState( Component=0x55, Level=0 ) => 1 [731 'ERROR_WAIT_1']
6774:651c @ 118014421 - LdrpReportError - WARNING: Locating export "BTCpuThreadTerm" for DLL "Unknown" failed with status: 0xc0000139.
NtQueryDebugFilterState( Component=0x55, Level=0 ) => 1 [731 'ERROR_WAIT_1']
6774:651c @ 118014421 - LdrpGetProcedureAddress - INFO: Locating procedure "BTCpuSimulate" by name
NtQueryDebugFilterState( Component=0x55, Level=0 ) => 1 [731 'ERROR_WAIT_1']
6774:651c @ 118014421 - LdrpGetProcedureAddress - INFO: Locating procedure "BTCpuResetFloatingPoint" by name
NtQueryDebugFilterState( Component=0x55, Level=0 ) => 1 [731 'ERROR_WAIT_1']
6774:651c @ 118014421 - LdrpNameToOrdinal - WARNING: Procedure "BTCpuResetFloatingPoint" could not be located in DLL at base 0x0000000077300000.
NtQueryDebugFilterState( Component=0x55, Level=0 ) => 1 [731 'ERROR_WAIT_1']
6774:651c @ 118014421 - LdrpReportError - WARNING: Locating export "BTCpuResetFloatingPoint" for DLL "Unknown" failed with status: 0xc0000139.
NtQueryDebugFilterState( Component=0x55, Level=0 ) => 1 [731 'ERROR_WAIT_1']
6774:651c @ 118014421 - LdrpGetProcedureAddress - INFO: Locating procedure "BTCpuResetToConsistentState" by name
NtQueryDebugFilterState( Component=0x55, Level=0 ) => 1 [731 'ERROR_WAIT_1']
6774:651c @ 118014421 - LdrpGetProcedureAddress - INFO: Locating procedure "BTCpuNotifyDllLoad" by name
NtQueryDebugFilterState( Component=0x55, Level=0 ) => 1 [731 'ERROR_WAIT_1']
6774:651c @ 118014421 - LdrpNameToOrdinal - WARNING: Procedure "BTCpuNotifyDllLoad" could not be located in DLL at base 0x0000000077300000.
NtQueryDebugFilterState( Component=0x55, Level=0 ) => 1 [731 'ERROR_WAIT_1']
6774:651c @ 118014421 - LdrpReportError - WARNING: Locating export "BTCpuNotifyDllLoad" for DLL "Unknown" failed with status: 0xc0000139.
NtQueryDebugFilterState( Component=0x55, Level=0 ) => 1 [731 'ERROR_WAIT_1']
6774:651c @ 118014421 - LdrpGetProcedureAddress - INFO: Locating procedure "BTCpuNotifyDllUnload" by name
NtQueryDebugFilterState( Component=0x55, Level=0 ) => 1 [731 'ERROR_WAIT_1']
6774:651c @ 118014421 - LdrpNameToOrdinal - WARNING: Procedure "BTCpuNotifyDllUnload" could not be located in DLL at base 0x0000000077300000.
NtQueryDebugFilterState( Component=0x55, Level=0 ) => 1 [731 'ERROR_WAIT_1']
6774:651c @ 118014421 - LdrpReportError - WARNING: Locating export "BTCpuNotifyDllUnload" for DLL "Unknown" failed with status: 0xc0000139.
NtQueryDebugFilterState( Component=0x55, Level=0 ) => 1 [731 'ERROR_WAIT_1']
6774:651c @ 118014421 - LdrpGetProcedureAddress - INFO: Locating procedure "BTCpuPrepareForDebuggerAttach" by name
NtQueryDebugFilterState( Component=0x55, Level=0 ) => 1 [731 'ERROR_WAIT_1']
6774:651c @ 118014421 - LdrpNameToOrdinal - WARNING: Procedure "BTCpuPrepareForDebuggerAttach" could not be located in DLL at base 0x0000000077300000.
NtQueryDebugFilterState( Component=0x55, Level=0 ) => 1 [731 'ERROR_WAIT_1']
6774:651c @ 118014421 - LdrpReportError - WARNING: Locating export "BTCpuPrepareForDebuggerAttach" for DLL "Unknown" failed with status: 0xc0000139.
NtQueryDebugFilterState( Component=0x55, Level=0 ) => 1 [731 'ERROR_WAIT_1']
6774:651c @ 118014421 - LdrpGetProcedureAddress - INFO: Locating procedure "BTCpuNotifyBeforeFork" by name
NtQueryDebugFilterState( Component=0x55, Level=0 ) => 1 [731 'ERROR_WAIT_1']
6774:651c @ 118014421 - LdrpNameToOrdinal - WARNING: Procedure "BTCpuNotifyBeforeFork" could not be located in DLL at base 0x0000000077300000.
NtQueryDebugFilterState( Component=0x55, Level=0 ) => 1 [731 'ERROR_WAIT_1']
6774:651c @ 118014421 - LdrpReportError - WARNING: Locating export "BTCpuNotifyBeforeFork" for DLL "Unknown" failed with status: 0xc0000139.
NtQueryDebugFilterState( Component=0x55, Level=0 ) => 1 [731 'ERROR_WAIT_1']
6774:651c @ 118014421 - LdrpGetProcedureAddress - INFO: Locating procedure "BTCpuNotifyAfterFork" by name
NtQueryDebugFilterState( Component=0x55, Level=0 ) => 1 [731 'ERROR_WAIT_1']
6774:651c @ 118014421 - LdrpNameToOrdinal - WARNING: Procedure "BTCpuNotifyAfterFork" could not be located in DLL at base 0x0000000077300000.
NtQueryDebugFilterState( Component=0x55, Level=0 ) => 1 [731 'ERROR_WAIT_1']
6774:651c @ 118014421 - LdrpReportError - WARNING: Locating export "BTCpuNotifyAfterFork" for DLL "Unknown" failed with status: 0xc0000139.
NtQueryDebugFilterState( Component=0x55, Level=0 ) => 1 [731 'ERROR_WAIT_1']
6774:651c @ 118014421 - LdrpGetProcedureAddress - INFO: Locating procedure "BTCpuNotifyAffinityChange" by name
NtQueryDebugFilterState( Component=0x55, Level=0 ) => 1 [731 'ERROR_WAIT_1']
6774:651c @ 118014421 - LdrpNameToOrdinal - WARNING: Procedure "BTCpuNotifyAffinityChange" could not be located in DLL at base 0x0000000077300000.
NtQueryDebugFilterState( Component=0x55, Level=0 ) => 1 [731 'ERROR_WAIT_1']
6774:651c @ 118014421 - LdrpReportError - WARNING: Locating export "BTCpuNotifyAffinityChange" for DLL "Unknown" failed with status: 0xc0000139.
NtQueryDebugFilterState( Component=0x55, Level=0 ) => 1 [731 'ERROR_WAIT_1']
6774:651c @ 118014421 - LdrpGetProcedureAddress - INFO: Locating procedure "BTCpuSuspendLocalThread" by name
NtQueryDebugFilterState( Component=0x55, Level=0 ) => 1 [731 'ERROR_WAIT_1']
6774:651c @ 118014421 - LdrpNameToOrdinal - WARNING: Procedure "BTCpuSuspendLocalThread" could not be located in DLL at base 0x0000000077300000.
NtQueryDebugFilterState( Component=0x55, Level=0 ) => 1 [731 'ERROR_WAIT_1']
6774:651c @ 118014421 - LdrpReportError - WARNING: Locating export "BTCpuSuspendLocalThread" for DLL "Unknown" failed with status: 0xc0000139.
NtQueryDebugFilterState( Component=0x55, Level=0 ) => 1 [731 'ERROR_WAIT_1']
6774:651c @ 118014421 - LdrpGetProcedureAddress - INFO: Locating procedure "BTCpuIsProcessorFeaturePresent" by name
NtQueryDebugFilterState( Component=0x55, Level=0 ) => 1 [731 'ERROR_WAIT_1']
6774:651c @ 118014421 - LdrpNameToOrdinal - WARNING: Procedure "BTCpuIsProcessorFeaturePresent" could not be located in DLL at base 0x0000000077300000.
NtQueryDebugFilterState( Component=0x55, Level=0 ) => 1 [731 'ERROR_WAIT_1']
6774:651c @ 118014421 - LdrpReportError - WARNING: Locating export "BTCpuIsProcessorFeaturePresent" for DLL "Unknown" failed with status: 0xc0000139.
NtQueryDebugFilterState( Component=0x55, Level=0 ) => 1 [731 'ERROR_WAIT_1']
6774:651c @ 118014421 - LdrpGetProcedureAddress - INFO: Locating procedure "BTCpuGetBopCode" by name
NtQueryDebugFilterState( Component=0x55, Level=0 ) => 1 [731 'ERROR_WAIT_1']
6774:651c @ 118014421 - LdrpGetProcedureAddress - INFO: Locating procedure "BTCpuGetContext" by name
NtQueryDebugFilterState( Component=0x55, Level=0 ) => 1 [731 'ERROR_WAIT_1']
6774:651c @ 118014421 - LdrpGetProcedureAddress - INFO: Locating procedure "BTCpuSetContext" by name
NtQueryDebugFilterState( Component=0x55, Level=0 ) => 1 [731 'ERROR_WAIT_1']
6774:651c @ 118014421 - LdrpGetProcedureAddress - INFO: Locating procedure "BTCpuTurboThunkControl" by name
NtQueryDebugFilterState( Component=0x55, Level=0 ) => 1 [731 'ERROR_WAIT_1']
6774:651c @ 118014421 - LdrpGetProcedureAddress - INFO: Locating procedure "BTCpuNotifyMemoryAlloc" by name
NtQueryDebugFilterState( Component=0x55, Level=0 ) => 1 [731 'ERROR_WAIT_1']
6774:651c @ 118014421 - LdrpNameToOrdinal - WARNING: Procedure "BTCpuNotifyMemoryAlloc" could not be located in DLL at base 0x0000000077300000.
NtQueryDebugFilterState( Component=0x55, Level=0 ) => 1 [731 'ERROR_WAIT_1']
6774:651c @ 118014421 - LdrpReportError - WARNING: Locating export "BTCpuNotifyMemoryAlloc" for DLL "Unknown" failed with status: 0xc0000139.
NtQueryDebugFilterState( Component=0x55, Level=0 ) => 1 [731 'ERROR_WAIT_1']
6774:651c @ 118014421 - LdrpGetProcedureAddress - INFO: Locating procedure "BTCpuNotifyMemoryFree" by name
NtQueryDebugFilterState( Component=0x55, Level=0 ) => 1 [731 'ERROR_WAIT_1']
6774:651c @ 118014421 - LdrpNameToOrdinal - WARNING: Procedure "BTCpuNotifyMemoryFree" could not be located in DLL at base 0x0000000077300000.
NtQueryDebugFilterState( Component=0x55, Level=0 ) => 1 [731 'ERROR_WAIT_1']
6774:651c @ 118014421 - LdrpReportError - WARNING: Locating export "BTCpuNotifyMemoryFree" for DLL "Unknown" failed with status: 0xc0000139.
NtQueryDebugFilterState( Component=0x55, Level=0 ) => 1 [731 'ERROR_WAIT_1']
6774:651c @ 118014421 - LdrpGetProcedureAddress - INFO: Locating procedure "BTCpuNotifyMemoryProtect" by name
NtQueryDebugFilterState( Component=0x55, Level=0 ) => 1 [731 'ERROR_WAIT_1']
6774:651c @ 118014421 - LdrpNameToOrdinal - WARNING: Procedure "BTCpuNotifyMemoryProtect" could not be located in DLL at base 0x0000000077300000.
NtQueryDebugFilterState( Component=0x55, Level=0 ) => 1 [731 'ERROR_WAIT_1']
6774:651c @ 118014421 - LdrpReportError - WARNING: Locating export "BTCpuNotifyMemoryProtect" for DLL "Unknown" failed with status: 0xc0000139.
NtQueryDebugFilterState( Component=0x55, Level=0 ) => 1 [731 'ERROR_WAIT_1']
6774:651c @ 118014421 - LdrpGetProcedureAddress - INFO: Locating procedure "BTCpuFlushInstructionCache2" by name
NtQueryDebugFilterState( Component=0x55, Level=0 ) => 1 [731 'ERROR_WAIT_1']
6774:651c @ 118014421 - LdrpNameToOrdinal - WARNING: Procedure "BTCpuFlushInstructionCache2" could not be located in DLL at base 0x0000000077300000.
NtQueryDebugFilterState( Component=0x55, Level=0 ) => 1 [731 'ERROR_WAIT_1']
6774:651c @ 118014421 - LdrpReportError - WARNING: Locating export "BTCpuFlushInstructionCache2" for DLL "Unknown" failed with status: 0xc0000139.
NtQueryDebugFilterState( Component=0x55, Level=0 ) => 1 [731 'ERROR_WAIT_1']
6774:651c @ 118014421 - LdrpGetProcedureAddress - INFO: Locating procedure "BTCpuNotifyMapViewOfSection" by name
NtQueryDebugFilterState( Component=0x55, Level=0 ) => 1 [731 'ERROR_WAIT_1']
6774:651c @ 118014421 - LdrpNameToOrdinal - WARNING: Procedure "BTCpuNotifyMapViewOfSection" could not be located in DLL at base 0x0000000077300000.
NtQueryDebugFilterState( Component=0x55, Level=0 ) => 1 [731 'ERROR_WAIT_1']
6774:651c @ 118014421 - LdrpReportError - WARNING: Locating export "BTCpuNotifyMapViewOfSection" for DLL "Unknown" failed with status: 0xc0000139.
NtQueryDebugFilterState( Component=0x55, Level=0 ) => 1 [731 'ERROR_WAIT_1']
6774:651c @ 118014421 - LdrpGetProcedureAddress - INFO: Locating procedure "BTCpuNotifyUnmapViewOfSection" by name
NtQueryDebugFilterState( Component=0x55, Level=0 ) => 1 [731 'ERROR_WAIT_1']
6774:651c @ 118014421 - LdrpNameToOrdinal - WARNING: Procedure "BTCpuNotifyUnmapViewOfSection" could not be located in DLL at base 0x0000000077300000.
NtQueryDebugFilterState( Component=0x55, Level=0 ) => 1 [731 'ERROR_WAIT_1']
6774:651c @ 118014421 - LdrpReportError - WARNING: Locating export "BTCpuNotifyUnmapViewOfSection" for DLL "Unknown" failed with status: 0xc0000139.
NtQueryDebugFilterState( Component=0x55, Level=0 ) => 1 [731 'ERROR_WAIT_1']
6774:651c @ 118014421 - LdrpGetProcedureAddress - INFO: Locating procedure "BTCpuUpdateProcessorInformation" by name
NtQueryDebugFilterState( Component=0x55, Level=0 ) => 1 [731 'ERROR_WAIT_1']
6774:651c @ 118014421 - LdrpNameToOrdinal - WARNING: Procedure "BTCpuUpdateProcessorInformation" could not be located in DLL at base 0x0000000077300000.
NtQueryDebugFilterState( Component=0x55, Level=0 ) => 1 [731 'ERROR_WAIT_1']
6774:651c @ 118014421 - LdrpReportError - WARNING: Locating export "BTCpuUpdateProcessorInformation" for DLL "Unknown" failed with status: 0xc0000139.
NtQueryDebugFilterState( Component=0x55, Level=0 ) => 1 [731 'ERROR_WAIT_1']
6774:651c @ 118014421 - LdrpGetProcedureAddress - INFO: Locating procedure "BTCpuNotifyReadFile" by name
NtQueryDebugFilterState( Component=0x55, Level=0 ) => 1 [731 'ERROR_WAIT_1']
6774:651c @ 118014421 - LdrpNameToOrdinal - WARNING: Procedure "BTCpuNotifyReadFile" could not be located in DLL at base 0x0000000077300000.
NtQueryDebugFilterState( Component=0x55, Level=0 ) => 1 [731 'ERROR_WAIT_1']
6774:651c @ 118014421 - LdrpReportError - WARNING: Locating export "BTCpuNotifyReadFile" for DLL "Unknown" failed with status: 0xc0000139.
NtQueryDebugFilterState( Component=0x55, Level=0 ) => 1 [731 'ERROR_WAIT_1']
6774:651c @ 118014421 - LdrpGetProcedureAddress - INFO: Locating procedure "BTCpuCfgDispatchControl" by name
NtQueryDebugFilterState( Component=0x55, Level=0 ) => 1 [731 'ERROR_WAIT_1']
6774:651c @ 118014421 - LdrpNameToOrdinal - WARNING: Procedure "BTCpuCfgDispatchControl" could not be located in DLL at base 0x0000000077300000.
NtQueryDebugFilterState( Component=0x55, Level=0 ) => 1 [731 'ERROR_WAIT_1']
6774:651c @ 118014421 - LdrpReportError - WARNING: Locating export "BTCpuCfgDispatchControl" for DLL "Unknown" failed with status: 0xc0000139.
NtQueryDebugFilterState( Component=0x55, Level=0 ) => 1 [731 'ERROR_WAIT_1']
6774:651c @ 118014421 - LdrpGetProcedureAddress - INFO: Locating procedure "BTCpuUseChpeFile" by name
NtQueryDebugFilterState( Component=0x55, Level=0 ) => 1 [731 'ERROR_WAIT_1']
6774:651c @ 118014421 - LdrpNameToOrdinal - WARNING: Procedure "BTCpuUseChpeFile" could not be located in DLL at base 0x0000000077300000.
NtQueryDebugFilterState( Component=0x55, Level=0 ) => 1 [731 'ERROR_WAIT_1']
6774:651c @ 118014421 - LdrpReportError - WARNING: Locating export "BTCpuUseChpeFile" for DLL "Unknown" failed with status: 0xc0000139.
NtQueryDebugFilterState( Component=0x55, Level=0 ) => 1 [731 'ERROR_WAIT_1']
6774:651c @ 118014421 - LdrpGetProcedureAddress - INFO: Locating procedure "BTCpuOptimizeChpeImportThunks" by name
NtQueryDebugFilterState( Component=0x55, Level=0 ) => 1 [731 'ERROR_WAIT_1']
6774:651c @ 118014421 - LdrpNameToOrdinal - WARNING: Procedure "BTCpuOptimizeChpeImportThunks" could not be located in DLL at base 0x0000000077300000.
NtQueryDebugFilterState( Component=0x55, Level=0 ) => 1 [731 'ERROR_WAIT_1']
6774:651c @ 118014421 - LdrpReportError - WARNING: Locating export "BTCpuOptimizeChpeImportThunks" for DLL "Unknown" failed with status: 0xc0000139.
NtQueryDebugFilterState( Component=0x55, Level=0 ) => 1 [731 'ERROR_WAIT_1']
6774:651c @ 118014421 - LdrpGetProcedureAddress - INFO: Locating procedure "BTCpuNotifyProcessExecuteFlagsChange" by name
NtQueryDebugFilterState( Component=0x55, Level=0 ) => 1 [731 'ERROR_WAIT_1']
6774:651c @ 118014421 - LdrpNameToOrdinal - WARNING: Procedure "BTCpuNotifyProcessExecuteFlagsChange" could not be located in DLL at base 0x0000000077300000.
NtQueryDebugFilterState( Component=0x55, Level=0 ) => 1 [731 'ERROR_WAIT_1']
6774:651c @ 118014421 - LdrpReportError - WARNING: Locating export "BTCpuNotifyProcessExecuteFlagsChange" for DLL "Unknown" failed with status: 0xc0000139.
NtQueryDebugFilterState( Component=0x55, Level=0 ) => 1 [731 'ERROR_WAIT_1']
6774:651c @ 118014421 - LdrpGetProcedureAddress - INFO: Locating procedure "BTCpuProcessDebugEvent" by name
NtQueryDebugFilterState( Component=0x55, Level=0 ) => 1 [731 'ERROR_WAIT_1']
6774:651c @ 118014421 - LdrpNameToOrdinal - WARNING: Procedure "BTCpuProcessDebugEvent" could not be located in DLL at base 0x0000000077300000.
NtQueryDebugFilterState( Component=0x55, Level=0 ) => 1 [731 'ERROR_WAIT_1']
6774:651c @ 118014421 - LdrpReportError - WARNING: Locating export "BTCpuProcessDebugEvent" for DLL "Unknown" failed with status: 0xc0000139.
NtQueryDebugFilterState( Component=0x55, Level=0 ) => 1 [731 'ERROR_WAIT_1']
6774:651c @ 118014421 - LdrpGetProcedureAddress - INFO: Locating procedure "BTCpuFlushInstructionCacheHeavy" by name
NtQueryDebugFilterState( Component=0x55, Level=0 ) => 1 [731 'ERROR_WAIT_1']
6774:651c @ 118014421 - LdrpNameToOrdinal - WARNING: Procedure "BTCpuFlushInstructionCacheHeavy" could not be located in DLL at base 0x0000000077300000.
NtQueryDebugFilterState( Component=0x55, Level=0 ) => 1 [731 'ERROR_WAIT_1']
6774:651c @ 118014421 - LdrpReportError - WARNING: Locating export "BTCpuFlushInstructionCacheHeavy" for DLL "Unknown" failed with status: 0xc0000139.
NtQueryDebugFilterState( Component=0x55, Level=0 ) => 1 [731 'ERROR_WAIT_1']
6774:651c @ 118014421 - LdrpGetProcedureAddress - INFO: Locating procedure "BTCpuNotifyMemoryDirty" by name
NtQueryDebugFilterState( Component=0x55, Level=0 ) => 1 [731 'ERROR_WAIT_1']
6774:651c @ 118014421 - LdrpNameToOrdinal - WARNING: Procedure "BTCpuNotifyMemoryDirty" could not be located in DLL at base 0x0000000077300000.
NtQueryDebugFilterState( Component=0x55, Level=0 ) => 1 [731 'ERROR_WAIT_1']
6774:651c @ 118014421 - LdrpReportError - WARNING: Locating export "BTCpuNotifyMemoryDirty" for DLL "Unknown" failed with status: 0xc0000139.
NtProtectVirtualMemory( ProcessHandle=-1, BaseAddress=0xb7dc30 [0x00007ffde9566000], Size=0xb7dc68 [0x1000], NewProtect=2, OldProtect=0xb7dc58 [4] ) => 0
NtQueryInformationProcess( ProcessHandle=-1, ProcessInformationClass=0x34 [ProcessMitigationPolicy], ProcessInformation=0xb7ecb0, Length=8, ReturnLength=null ) => 0
NtProtectVirtualMemory( ProcessHandle=-1, BaseAddress=0xb7ec80 [0x77307000], Size=0xb7ecb8 [0x1000], NewProtect=0x20, OldProtect=0xb7eca8 [2] ) => 0
NtProtectVirtualMemory( ProcessHandle=-1, BaseAddress=0xb7ec80 [0x00007ffde9566000], Size=0xb7ecb8 [0x1000], NewProtect=2, OldProtect=0xb7eca8 [2] ) => 0
NtSetEvent( EventHandle=8, PrevState=null ) => 0
NtQueryVirtualMemory( ProcessHandle=-1, BaseAddress=0xc00000, MemoryInformationClass=6 [MemoryImageInformation], MemoryInformation=0xb7eca0, Length=0x18, ReturnLength=null ) => 0
NtQueryVirtualMemory( ProcessHandle=-1, BaseAddress=0x77310000, MemoryInformationClass=6 [MemoryImageInformation], MemoryInformation=0xb7eca0, Length=0x18, ReturnLength=null ) => 0
NtProtectVirtualMemory( ProcessHandle=-1, BaseAddress=0xb7ec88 [0x77439000], Size=0xb7ec80 [0x1000], NewProtect=4, OldProtect=0xb7ec78 [4] ) => 0
NtProtectVirtualMemory( ProcessHandle=-1, BaseAddress=0xb7ec88 [0x77439000], Size=0xb7ec80 [0x1000], NewProtect=4, OldProtect=0xb7ec78 [4] ) => 0
NtQueryInformationThread( ThreadHandle=-2, ThreadInformationClass=0x1d [ThreadWow64Context], ThreadInformation=0xd7f934, Length=0x2cc, ReturnLength=null ) => 0
NtProtectVirtualMemory( ProcessHandle=-1, BaseAddress=0xb7e2a8 [0x7743b000], Size=0xb7e298 [0x1000], NewProtect=4, OldProtect=0xb7e238 [8] ) => 0
NtProtectVirtualMemory( ProcessHandle=-1, BaseAddress=0xb7e2a8 [0x7743b000], Size=0xb7e298 [0x1000], NewProtect=8, OldProtect=0xb7e238 [4] ) => 0
NtCreateEvent( EventHandle=0xb7e2f8 [0x10], DesiredAccess=DELETE|READ_CONTROL|WRITE_DAC|WRITE_OWNER|SYNCHRONIZE|0x3, ObjectAttributes=null, EventType=0 [NotificationEvent], InitialState=false ) => 0
NtQuerySystemInformation( SystemInformationClass=0x3e [SystemEmulationBasicInformation], SystemInformation=0xb7eb40, Length=0x40, ReturnLength=0xb7e2b8 [0x40] ) => 0
NtQueryInformationProcess( ProcessHandle=-1, ProcessInformationClass=0x24 [ProcessCookie], ProcessInformation=0xd7f708, Length=4, ReturnLength=null ) => 0
NtQueryVirtualMemory( ProcessHandle=-1, BaseAddress=0x77310000, MemoryInformationClass=6 [MemoryImageInformation], MemoryInformation=0xb7e208, Length=0x18, ReturnLength=0xb7e200 [0x18] ) => 0
NtQueryVirtualMemory( ProcessHandle=-1, BaseAddress=null, MemoryInformationClass=4 [MemoryWorkingSetExInformation], MemoryInformation=0xb7eb30, Length=0x50, ReturnLength=0xb7e298 [0x50] ) => 0
NtProtectVirtualMemory( ProcessHandle=-1, BaseAddress=0xb7e2a8 [0x77439000], Size=0xb7e298 [0x3000], NewProtect=2, OldProtect=0xb7e238 [4] ) => 0
NtAllocateVirtualMemory( ProcessHandle=-1, lpAddress=0xb7dd80 [0x01128000], ZeroBits=0, pSize=0xb7de28 [0x2000], flAllocationType=0x1000, flProtect=4 ) => 0
NtOpenKeyEx( KeyHandle=0xb7e228 [0x54], DesiredAccess=0x1, ObjectAttributes="\Registry\MACHINE\System\CurrentControlSet\Control\Session Manager", OpenOptions=0 ) => 0
NtSetInformationKey( KeyHandle=0x54, KeySetInformationClass=5 [KeySetHandleTagsInformation], KeyInformation=0xb7e220, Length=4 ) => 0
NtQueryValueKey( KeyHandle=0x54, ValueName="RaiseExceptionOnPossibleDeadlock", KeyValueInformationClass=2 [KeyValuePartialInformation], KeyValueInformation=0x1126380, Length=0x50, ResultLength=0xd7df74 ) => 0xc0000034 [2 'The system cannot find the file specified.']
NtOpenKeyEx( KeyHandle=0xb7e228 [0x54], DesiredAccess=0x9, ObjectAttributes="\Registry\Machine\Software\WOW6432Node\Microsoft\Windows NT\CurrentVersion\Image File Execution Options", OpenOptions=0 ) => 0
NtSetInformationKey( KeyHandle=0x54, KeySetInformationClass=5 [KeySetHandleTagsInformation], KeyInformation=0xb7e220, Length=4 ) => 0
NtQueryObject( ObjectHandle=0x54, ObjectInformationClass=1 [ObjectNameInformation], ObjectInformation=0xb7e050, Length=0x210, ReturnLength=null ) => 0
NtQueryKey( KeyHandle=0x54, KeyInformationClass=7 [KeyHandleTagsInformation], KeyInformation=0xb7e208, Length=4, ResultLength=0xb7e1a4 [4] ) => 0
NtOpenKeyEx( KeyHandle=0xb7e228 [0x5c], DesiredAccess=0x9, ObjectAttributes=0x54:"test.exe", OpenOptions=0 ) => 0
NtQueryValueKey( KeyHandle=0x5c, ValueName="UseFilter", KeyValueInformationClass=2 [KeyValuePartialInformation], KeyValueInformation=0xd7dd50, Length=0x220, ResultLength=0xd7dd44 ) => 0xc0000034 [2 'The system cannot find the file specified.']
NtQueryValueKey( KeyHandle=0x5c, ValueName="DisableHeapLookaside", KeyValueInformationClass=2 [KeyValuePartialInformation], KeyValueInformation=0xd7db80, Length=0x400, ResultLength=0xd7db68 ) => 0xc0000034 [2 'The system cannot find the file specified.']
NtQueryValueKey( KeyHandle=0x5c, ValueName="FrontEndHeapDebugOptions", KeyValueInformationClass=2 [KeyValuePartialInformation], KeyValueInformation=0xd7db80, Length=0x400, ResultLength=0xd7db68 ) => 0xc0000034 [2 'The system cannot find the file specified.']
NtQueryValueKey( KeyHandle=0x5c, ValueName="ShutdownFlags", KeyValueInformationClass=2 [KeyValuePartialInformation], KeyValueInformation=0xd7db80, Length=0x400, ResultLength=0xd7db68 ) => 0xc0000034 [2 'The system cannot find the file specified.']
NtQueryValueKey( KeyHandle=0x5c, ValueName="UnloadEventTraceDepth", KeyValueInformationClass=2 [KeyValuePartialInformation], KeyValueInformation=0xd7db80, Length=0x400, ResultLength=0xd7db68 ) => 0xc0000034 [2 'The system cannot find the file specified.']
NtQueryValueKey( KeyHandle=0x5c, ValueName="MaxLoaderThreads", KeyValueInformationClass=2 [KeyValuePartialInformation], KeyValueInformation=0xd7db80, Length=0x400, ResultLength=0xd7db68 ) => 0xc0000034 [2 'The system cannot find the file specified.']
NtQueryValueKey( KeyHandle=0x5c, ValueName="UseImpersonatedDeviceMap", KeyValueInformationClass=2 [KeyValuePartialInformation], KeyValueInformation=0xd7db80, Length=0x400, ResultLength=0xd7db68 ) => 0xc0000034 [2 'The system cannot find the file specified.']
NtQueryValueKey( KeyHandle=0x5c, ValueName="TracingFlags", KeyValueInformationClass=2 [KeyValuePartialInformation], KeyValueInformation=0xd7db80, Length=0x400, ResultLength=0xd7db68 ) => 0xc0000034 [2 'The system cannot find the file specified.']
NtQueryValueKey( KeyHandle=0x5c, ValueName="RaiseExceptionOnPossibleDeadlock", KeyValueInformationClass=2 [KeyValuePartialInformation], KeyValueInformation=0xd7db80, Length=0x400, ResultLength=0xd7db68 ) => 0xc0000034 [2 'The system cannot find the file specified.']
NtQueryValueKey( KeyHandle=0x5c, ValueName="ExecuteOptions", KeyValueInformationClass=2 [KeyValuePartialInformation], KeyValueInformation=0xd7e098, Length=0x400, ResultLength=0xd7e000 ) => 0xc0000034 [2 'The system cannot find the file specified.']
NtQueryValueKey( KeyHandle=0x5c, ValueName="DisableExceptionChainValidation", KeyValueInformationClass=2 [KeyValuePartialInformation], KeyValueInformation=0xd7e498, Length=0x400, ResultLength=0xd7e004 ) => 0xc0000034 [2 'The system cannot find the file specified.']
NtQueryValueKey( KeyHandle=0x5c, ValueName="CFGOptions", KeyValueInformationClass=2 [KeyValuePartialInformation], KeyValueInformation=0xd7e898, Length=0x400, ResultLength=0xd7e008 ) => 0xc0000034 [2 'The system cannot find the file specified.']
NtQueryValueKey( KeyHandle=0x5c, ValueName="MinimumStackCommitInBytes", KeyValueInformationClass=2 [KeyValuePartialInformation], KeyValueInformation=0xd7ec98, Length=0x400, ResultLength=0xd7e00c ) => 0xc0000034 [2 'The system cannot find the file specified.']
NtQueryValueKey( KeyHandle=0x5c, ValueName="BreakOnInitializeProcessFailure", KeyValueInformationClass=2 [KeyValuePartialInformation], KeyValueInformation=0xd7dbb0, Length=0x400, ResultLength=0xd7db98 ) => 0xc0000034 [2 'The system cannot find the file specified.']
NtQueryValueKey( KeyHandle=0x5c, ValueName="KeepActivationContextsAlive", KeyValueInformationClass=2 [KeyValuePartialInformation], KeyValueInformation=0xd7dbb0, Length=0x400, ResultLength=0xd7db98 ) => 0xc0000034 [2 'The system cannot find the file specified.']
NtQueryValueKey( KeyHandle=0x5c, ValueName="TrackActivationContextReleases", KeyValueInformationClass=2 [KeyValuePartialInformation], KeyValueInformation=0xd7dbb0, Length=0x400, ResultLength=0xd7db98 ) => 0xc0000034 [2 'The system cannot find the file specified.']
NtQueryValueKey( KeyHandle=0x5c, ValueName="MaxDeadActivationContexts", KeyValueInformationClass=2 [KeyValuePartialInformation], KeyValueInformation=0xd7f098, Length=0x400, ResultLength=0xd7dff8 ) => 0xc0000034 [2 'The system cannot find the file specified.']
NtQueryValueKey( KeyHandle=0x5c, ValueName="GlobalFlag", KeyValueInformationClass=2 [KeyValuePartialInformation], KeyValueInformation=0xd7db80, Length=0x400, ResultLength=0xd7db68 [0x22] ) => 0
NtQueryValueKey( KeyHandle=0x5c, ValueName="GlobalFlag2", KeyValueInformationClass=2 [KeyValuePartialInformation], KeyValueInformation=0xd7db80, Length=0x400, ResultLength=0xd7db68 ) => 0xc0000034 [2 'The system cannot find the file specified.']
NtOpenKeyEx( KeyHandle=0xb7e228, DesiredAccess=0x1, ObjectAttributes="\Registry\Machine\SYSTEM\CurrentControlSet\Control\Session Manager\Segment Heap", OpenOptions=0 ) => 0xc0000034 [2 'The system cannot find the file specified.']
NtQueryValueKey( KeyHandle=0x5c, ValueName="CWDIllegalInDLLSearch", KeyValueInformationClass=2 [KeyValuePartialInformation], KeyValueInformation=0xd7dbc8, Length=0x400, ResultLength=0xd7dbb0 ) => 0xc0000034 [2 'The system cannot find the file specified.']
NtQueryValueKey( KeyHandle=0x5c, ValueName="DelegatedNtdll", KeyValueInformationClass=2 [KeyValuePartialInformation], KeyValueInformation=0xd7f0d0, Length=0x400, ResultLength=0xd7f084 ) => 0xc0000034 [2 'The system cannot find the file specified.']
NtQueryInformationThread( ThreadHandle=-2, ThreadInformationClass=0x1d [ThreadWow64Context], ThreadInformation=0xb7dd20, Length=0x2cc, ReturnLength=null ) => 0
6774:651c @ 118014421 - LdrpInitializeProcess - INFO: Initializing process 0x00006774
NtQueryInformationProcess( ProcessHandle=-1, ProcessInformationClass=0x24 [ProcessCookie], ProcessInformation=0x77436634, Length=4, ReturnLength=null ) => 0
NtQueryInformationProcess( ProcessHandle=-1, ProcessInformationClass=0x24 [ProcessCookie], ProcessInformation=0xd7f5b8, Length=4, ReturnLength=null ) => 0
NtQuerySecurityAttributesToken( TokenHandle=-4, Attributes="WIN://SYSAPPID", NumberOfAttributes=2, Buffer=0xb7e870, Length=0x2f0, ReturnLength=0xd7ee54 ) => 0xc0000225 [1168 'Element not found.']
NtQuerySecurityAttributesToken( TokenHandle=-4, Attributes="WIN://SYSAPPID", NumberOfAttributes=1, Buffer=0xb7e880, Length=0x2f0, ReturnLength=0xd7ee54 ) => 0xc0000225 [1168 'Element not found.']
NtOpenKeyEx( KeyHandle=0xb7e228 [0x64], DesiredAccess=0x9, ObjectAttributes="\Registry\Machine\SYSTEM\CurrentControlSet\Control\Session Manager", OpenOptions=0 ) => 0
NtSetInformationKey( KeyHandle=0x64, KeySetInformationClass=5 [KeySetHandleTagsInformation], KeyInformation=0xb7e220, Length=4 ) => 0
NtQueryValueKey( KeyHandle=0x64, ValueName="ResourcePolicies", KeyValueInformationClass=2 [KeyValuePartialInformation], KeyValueInformation=0xd7f5c8, Length=0x18, ResultLength=0xd7f5a8 ) => 0xc0000034 [2 'The system cannot find the file specified.']
NtQueryInformationProcess( ProcessHandle=-1, ProcessInformationClass=0x24 [ProcessCookie], ProcessInformation=0xd7f634, Length=4, ReturnLength=null ) => 0
NtQuerySystemInformation( SystemInformationClass=0x3e [SystemEmulationBasicInformation], SystemInformation=0xb7eb40, Length=0x40, ReturnLength=0xb7e2b8 [0x40] ) => 0
NtQuerySystemInformation( SystemInformationClass=0x3e [SystemEmulationBasicInformation], SystemInformation=0xb7eb40, Length=0x40, ReturnLength=0xb7e2b8 [0x40] ) => 0
NtAllocateVirtualMemoryEx( ProcessHandle=-1, lpAddress=0xb7e2a8 [0x7fad0000], ZeroBits=0x00b7e230, pSize=0x102000 [0], flAllocationType=4, DataBuffer=0xb7e258, DataCount=1 ) => 0
NtAllocateVirtualMemoryEx( ProcessHandle=-1, lpAddress=0xb7e2a8 [0x7fad1000], ZeroBits=0x00b7e230, pSize=0x1000 [0], flAllocationType=4, DataBuffer=null, DataCount=0 ) => 0
NtAllocateVirtualMemoryEx( ProcessHandle=-1, lpAddress=0xb7e2a8 [0x7fac0000], ZeroBits=0x00b7e230, pSize=0x102000 [0], flAllocationType=4, DataBuffer=0xb7e258, DataCount=1 ) => 0
NtAllocateVirtualMemoryEx( ProcessHandle=-1, lpAddress=0xb7e2a8 [0x7fac8000], ZeroBits=0x00b7e230, pSize=0x1000 [0], flAllocationType=4, DataBuffer=null, DataCount=0 ) => 0
NtQuerySystemInformation( SystemInformationClass=0x3e [SystemEmulationBasicInformation], SystemInformation=0xb7eb40, Length=0x40, ReturnLength=0xb7e2b8 [0x40] ) => 0
NtAllocateVirtualMemory( ProcessHandle=-1, lpAddress=0xb7e2b0 [0x01130000], ZeroBits=0x7ffeffff, pSize=0xb7e2a0 [0x00220000], flAllocationType=0x2000, flProtect=4 ) => 0
NtFreeVirtualMemory( ProcessHandle=-1, lpAddress=0xb7e2b0 [0x01130000], pSize=0xb7e298 [0x00120000], flFreeType=0x8000 ) => 0
NtAllocateVirtualMemory( ProcessHandle=-1, lpAddress=0xb7e2b0 [0x01250000], ZeroBits=0, pSize=0xb7e2a0 [0x1000], flAllocationType=0x1000, flProtect=4 ) => 0
NtQuerySystemInformation( SystemInformationClass=0xc5 [SystemHypervisorSharedPageInformation], SystemInformation=0xb7eb70, Length=8, ReturnLength=0xb7e2b8 [8] ) => 0
NtQuerySystemInformation( SystemInformationClass=0x37 [SystemNumaProcessorMap], SystemInformation=0xd7f250, Length=0x408, ReturnLength=0xb7df30 [0x18] ) => 0
NtCreateEvent( EventHandle=0xb7e2f8 [0x64], DesiredAccess=DELETE|READ_CONTROL|WRITE_DAC|WRITE_OWNER|SYNCHRONIZE|0x3, ObjectAttributes=null, EventType=1 [SynchronizationEvent], InitialState=false ) => 0
NtCreateWaitCompletionPacket( WaitCompletionPacketHandle=0xb7e2f8 [0x68], DesiredAccess=0x1, ObjectAttributes=null ) => 0
NtQuerySystemInformationEx( SystemInformationClass=0x6b [SystemLogicalProcessorAndGroupInformation], QueryType=0xd7f2fc [1], Alignment=4, SystemInformation=null, Length=0, ReturnLength=0xb7e2c0 ) => 0xc0000004 [24 'The program issued a command but the command length is incorrect.']
NtQuerySystemInformationEx( SystemInformationClass=0x6b [SystemLogicalProcessorAndGroupInformation], QueryType=0xd7f2fc [1], Alignment=4, SystemInformation=0xb7eb50, Length=0x30, ReturnLength=0xb7e2c0 [0x30] ) => 0
NtCreateIoCompletion( IoHandle=0xb7e2f8 [0x6c], DesiredAccess=DELETE|READ_CONTROL|WRITE_DAC|WRITE_OWNER|SYNCHRONIZE|0x3, ObjectAttributes=null, NumberOfConcurrentThreads=0x19 ) => 0
NtCreateWorkerFactory( WorkerFactoryHandleReturn=0xb7e290 [0x70], DesiredAccess=DELETE|READ_CONTROL|WRITE_DAC|WRITE_OWNER|0xff, ObjectAttributes=null, CompletionPortHandle=0x6c, WorkerProcessHandle=-1, StartRoutine=0x77345990, StartParameter=0x12507c0, MaxThreadCount=0x200, StackReserve=0x00100000, StackCommit=0x1000 ) => 0
NtCreateTimer2( TimerHandle=0xb7e2f0 [0x74], Unknown1=null, Unknown2=null, Attributes=8, DesiredAccess=SYNCHRONIZE|0x2 ) => 0
NtCreateWaitCompletionPacket( WaitCompletionPacketHandle=0xb7e2f8 [0x78], DesiredAccess=0x1, ObjectAttributes=null ) => 0
NtAssociateWaitCompletionPacket( WaitCompletionPacketHandle=0x78, IoCompletionHandle=0x6c, TargetObjectHandle=0x74, KeyContext=0x1250820, ApcContext=0x1250800, IoStatus=0, IoStatusInformation=1, AlreadySignaled=0xd7f2e7 [0xd7f30400] ) => 0
NtCreateTimer2( TimerHandle=0xb7e2f0 [0x7c], Unknown1=null, Unknown2=null, Attributes=8, DesiredAccess=SYNCHRONIZE|0x2 ) => 0
NtCreateWaitCompletionPacket( WaitCompletionPacketHandle=0xb7e2f8 [0x80], DesiredAccess=0x1, ObjectAttributes=null ) => 0
NtAssociateWaitCompletionPacket( WaitCompletionPacketHandle=0x80, IoCompletionHandle=0x6c, TargetObjectHandle=0x7c, KeyContext=0x1250868, ApcContext=0x1250800, IoStatus=0, IoStatusInformation=0, AlreadySignaled=0xd7f2e7 [0xd7f30400] ) => 0
NtSetInformationWorkerFactory( WorkerFactoryHandle=0x70, InformationClass=5 [WorkerFactoryThreadMaximum], Buffer=0xd7f398, BufferLength=4 ) => 0
NtSetInformationWorkerFactory( WorkerFactoryHandle=0x70, InformationClass=0xe [WorkerFactoryThreadSoftMaximum], Buffer=0xd7f398, BufferLength=4 ) => 0
NtSetInformationWorkerFactory( WorkerFactoryHandle=0x70, InformationClass=3 [WorkerFactoryBindingCount], Buffer=0xd7f480, BufferLength=4 ) => 0
NtAssociateWaitCompletionPacket( WaitCompletionPacketHandle=0x68, IoCompletionHandle=0x6c, TargetObjectHandle=0x64, KeyContext=0x1250788, ApcContext=0x1250690, IoStatus=0, IoStatusInformation=0, AlreadySignaled=0xd7f4a3 [0xd7f4c000] ) => 0
NtTraceControl( CtrlCode=0x8000001b, InputBuffer=0xd7f4e0, InputBufferLength=4, OutputBuffer=null, OutputBufferLength=0, ReturnLength=0xd7f4dc [0] ) => 0
NtTraceControl( CtrlCode=0x8000000f, InputBuffer=0xd7f548, InputBufferLength=0xa0, OutputBuffer=0xd7f548, OutputBufferLength=0xa0, ReturnLength=0xd7f540 [0xa0] ) => 0
NtTraceControl( CtrlCode=0x8000000f, InputBuffer=0xd7f548, InputBufferLength=0xa0, OutputBuffer=0xd7f548, OutputBufferLength=0xa0, ReturnLength=0xd7f540 [0xa0] ) => 0
NtTraceControl( CtrlCode=0x8000000f, InputBuffer=0xd7f540, InputBufferLength=0xa0, OutputBuffer=0xd7f540, OutputBufferLength=0xa0, ReturnLength=0xd7f538 [0xa0] ) => 0
NtAllocateVirtualMemory( ProcessHandle=-1, lpAddress=0xb7e2b0 [0x01251000], ZeroBits=0, pSize=0xb7e2a0 [0x5000], flAllocationType=0x1000, flProtect=4 ) => 0
NtAllocateVirtualMemory( ProcessHandle=-1, lpAddress=0xb7e2b0 [0x01256000], ZeroBits=0, pSize=0xb7e2a0 [0x5000], flAllocationType=0x1000, flProtect=4 ) => 0
NtAllocateVirtualMemory( ProcessHandle=-1, lpAddress=0xb7e2b0 [0x0125b000], ZeroBits=0, pSize=0xb7e2a0 [0x5000], flAllocationType=0x1000, flProtect=4 ) => 0
NtFreeVirtualMemory( ProcessHandle=-1, lpAddress=0xb7e2b0 [0x00b10000], pSize=0xb7e298 [0x5000], flFreeType=0x8000 ) => 0
NtQueryValueKey( KeyHandle=0x5c, ValueName="DebugProcessHeapOnly", KeyValueInformationClass=2 [KeyValuePartialInformation], KeyValueInformation=0xd7f208, Length=0x400, ResultLength=0xd7f1f0 ) => 0xc0000034 [2 'The system cannot find the file specified.']
NtProtectVirtualMemory( ProcessHandle=-1, BaseAddress=0xb7e2a8 [0x77439000], Size=0xb7e298 [0x3000], NewProtect=4, OldProtect=0xb7e238 [2] ) => 0
NtOpenDirectoryObject( DirectoryHandle=0xb7e2f8 [0x90], DesiredAccess=0x3, ObjectAttributes="\KnownDlls32" ) => 0
NtProtectVirtualMemory( ProcessHandle=-1, BaseAddress=0xb7e2a8 [0x77439000], Size=0xb7e298 [0x3000], NewProtect=2, OldProtect=0xb7e238 [4] ) => 0
NtQueryObject( ObjectHandle=0x90, ObjectInformationClass=1 [ObjectNameInformation], ObjectInformation=0xb7e060, Length=0x210, ReturnLength=null ) => 0
NtOpenSymbolicLinkObject( LinkHandle=0xb7e2f8 [0x94], DesiredAccess=0x1, ObjectAttributes=0x90:"KnownDllPath" ) => 0
NtQuerySymbolicLinkObject( LinkHandle=0x94, LinkTarget="C:\Windows\SysWOW64", ReturnedLength=0xd7f7b4 [0x28] ) => 0
NtCreateEvent( EventHandle=0xb7e2f8 [0x94], DesiredAccess=DELETE|READ_CONTROL|WRITE_DAC|WRITE_OWNER|SYNCHRONIZE|0x3, ObjectAttributes=null, EventType=1 [SynchronizationEvent], InitialState=false ) => 0
NtCreateEvent( EventHandle=0xb7e2f8 [0x98], DesiredAccess=DELETE|READ_CONTROL|WRITE_DAC|WRITE_OWNER|SYNCHRONIZE|0x3, ObjectAttributes=null, EventType=1 [SynchronizationEvent], InitialState=false ) => 0
NtQueryInformationThread( ThreadHandle=-2, ThreadInformationClass=0x1d [ThreadWow64Context], ThreadInformation=0xb7dd20, Length=0x2cc, ReturnLength=null ) => 0
6774:651c @ 118014437 - LdrpInitializeProcess - INFO: Beginning execution of test.exe (C:\Users\MobSlicer152\source\repos\misc\test.exe)
	Current directory: C:\Users\MobSlicer152\source\repos\misc\
	Package directories: (null)
NtProtectVirtualMemory( ProcessHandle=-1, BaseAddress=0xb7e2a8 [0x77439000], Size=0xb7e298 [0x3000], NewProtect=4, OldProtect=0xb7e238 [2] ) => 0
NtProtectVirtualMemory( ProcessHandle=-1, BaseAddress=0xb7e2a8 [0x77439000], Size=0xb7e298 [0x3000], NewProtect=2, OldProtect=0xb7e238 [4] ) => 0
NtOpenFile( FileHandle=0xb7e2f8 [0x9c], DesiredAccess=SYNCHRONIZE|0x20, ObjectAttributes="\??\C:\Users\MobSlicer152\source\repos\misc\", IoStatusBlock=0xb7e298 [0/1], ShareAccess=3, OpenOptions=0x21 ) => 0
NtQueryVolumeInformationFile( FileHandle=0x9c, IoStatusBlock=0xb7e2c8 [0/8], FsInformation=0xd7f620, Length=8, FsInformationClass=4 [FsDeviceInformation] ) => 0
NtQueryInformationThread( ThreadHandle=-2, ThreadInformationClass=0x1d [ThreadWow64Context], ThreadInformation=0xb7dd20, Length=0x2cc, ReturnLength=null ) => 0
6774:651c @ 118014437 - LdrLoadDll - ENTER: DLL name: KERNEL32.DLL
NtQueryInformationThread( ThreadHandle=-2, ThreadInformationClass=0x1d [ThreadWow64Context], ThreadInformation=0xb7dd20, Length=0x2cc, ReturnLength=null ) => 0
6774:651c @ 118014437 - LdrpLoadDllInternal - ENTER: DLL name: KERNEL32.DLL
NtQueryInformationThread( ThreadHandle=-2, ThreadInformationClass=0x2a [ThreadDynamicCodePolicyInfo], ThreadInformation=0xd7f45c, Length=4, ReturnLength=null ) => 0
NtQueryInformationThread( ThreadHandle=-2, ThreadInformationClass=0x1d [ThreadWow64Context], ThreadInformation=0xb7dd20, Length=0x2cc, ReturnLength=null ) => 0
6774:651c @ 118014437 - LdrpFindKnownDll - ENTER: DLL name: KERNEL32.DLL
NtQueryObject( ObjectHandle=0x90, ObjectInformationClass=1 [ObjectNameInformation], ObjectInformation=0xb7e060, Length=0x210, ReturnLength=null ) => 0
NtOpenSection( SectionHandle=0xb7e2f8 [0xa0], DesiredAccess=0xd, ObjectAttributes=0x90:"KERNEL32.DLL" ) => 0
NtQueryInformationThread( ThreadHandle=-2, ThreadInformationClass=0x1d [ThreadWow64Context], ThreadInformation=0xb7dd20, Length=0x2cc, ReturnLength=null ) => 0
6774:651c @ 118014437 - LdrpFindKnownDll - RETURN: Status: 0x00000000
NtQueryInformationThread( ThreadHandle=-2, ThreadInformationClass=0x1d [ThreadWow64Context], ThreadInformation=0xb7dd20, Length=0x2cc, ReturnLength=null ) => 0
6774:651c @ 118014437 - LdrpMinimalMapModule - ENTER: DLL name: C:\Windows\System32\KERNEL32.DLL
Loaded DLL at 0000000076EF0000 C:\Windows\SysWOW64\KERNEL32.DLL
NtMapViewOfSection( SectionHandle=0xa0, ProcessHandle=-1, BaseAddress=0xb7e2b0 [0x76ef0000], ZeroBits=0x7ffeffff, CommitSize=0, SectionOffset=null, ViewSize=0xb7e260 [0x000f0000], InheritDisposition=1 [ViewShare], AllocationType=0x00800000, Protect=0x80 ) => 0
NtQuerySection( SectionHandle=0xa0, SectionInformationClass=1 [SectionImageInformation], SectionInformation=0xb7e270, Length=0x40, ReturnLength=null ) => 0
NtQueryVirtualMemory( ProcessHandle=-1, BaseAddress=0x76ef0000, MemoryInformationClass=6 [MemoryImageInformation], MemoryInformation=0xb7e180, Length=0x18, ReturnLength=null ) => 0
NtProtectVirtualMemory( ProcessHandle=-1, BaseAddress=0xb7e168 [0x76f72000], Size=0xb7e160 [0x1000], NewProtect=4, OldProtect=0xb7e158 [2] ) => 0
NtProtectVirtualMemory( ProcessHandle=-1, BaseAddress=0xb7e168 [0x76f72000], Size=0xb7e160 [0x1000], NewProtect=2, OldProtect=0xb7e158 [4] ) => 0
NtQueryInformationThread( ThreadHandle=-2, ThreadInformationClass=0x1d [ThreadWow64Context], ThreadInformation=0xb7dd20, Length=0x2cc, ReturnLength=null ) => 0
6774:651c @ 118014437 - LdrpMinimalMapModule - RETURN: Status: 0x00000000
NtProtectVirtualMemory( ProcessHandle=-1, BaseAddress=0xb7e2a8 [0x76fb0000], Size=0xb7e298 [0x1000], NewProtect=2, OldProtect=0xb7e238 [4] ) => 0
NtProtectVirtualMemory( ProcessHandle=-1, BaseAddress=0xb7e2a8 [0x77439000], Size=0xb7e298 [0x3000], NewProtect=4, OldProtect=0xb7e238 [2] ) => 0
NtProtectVirtualMemory( ProcessHandle=-1, BaseAddress=0xb7e2a8 [0x77439000], Size=0xb7e298 [0x3000], NewProtect=2, OldProtect=0xb7e238 [4] ) => 0
NtProtectVirtualMemory( ProcessHandle=-1, BaseAddress=0xb7e2a8 [0x76f70000], Size=0xb7e298 [0x3000], NewProtect=4, OldProtect=0xb7e238 [2] ) => 0
NtQueryInformationThread( ThreadHandle=-2, ThreadInformationClass=0x1d [ThreadWow64Context], ThreadInformation=0xb7dd20, Length=0x2cc, ReturnLength=null ) => 0
6774:651c @ 118014437 - LdrpPreprocessDllName - INFO: DLL api-ms-win-core-rtlsupport-l1-1-0.dll was redirected to C:\Windows\SYSTEM32\ntdll.dll by API set
NtQueryInformationThread( ThreadHandle=-2, ThreadInformationClass=0x1d [ThreadWow64Context], ThreadInformation=0xb7dd20, Length=0x2cc, ReturnLength=null ) => 0
6774:651c @ 118014437 - LdrpPreprocessDllName - INFO: DLL api-ms-win-core-rtlsupport-l1-2-0.dll was redirected to C:\Windows\SYSTEM32\ntdll.dll by API set
NtQueryInformationThread( ThreadHandle=-2, ThreadInformationClass=0x1d [ThreadWow64Context], ThreadInformation=0xb7dd20, Length=0x2cc, ReturnLength=null ) => 0
6774:651c @ 118014437 - LdrpFindKnownDll - ENTER: DLL name: KERNELBASE.dll
NtQueryObject( ObjectHandle=0x90, ObjectInformationClass=1 [ObjectNameInformation], ObjectInformation=0xb7e060, Length=0x210, ReturnLength=null ) => 0
NtOpenSection( SectionHandle=0xb7e2f8 [0xa4], DesiredAccess=0xd, ObjectAttributes=0x90:"KERNELBASE.dll" ) => 0
NtQueryInformationThread( ThreadHandle=-2, ThreadInformationClass=0x1d [ThreadWow64Context], ThreadInformation=0xb7dd20, Length=0x2cc, ReturnLength=null ) => 0
6774:651c @ 118014437 - LdrpFindKnownDll - RETURN: Status: 0x00000000
NtQueryInformationThread( ThreadHandle=-2, ThreadInformationClass=0x1d [ThreadWow64Context], ThreadInformation=0xb7dd20, Length=0x2cc, ReturnLength=null ) => 0
6774:651c @ 118014437 - LdrpMinimalMapModule - ENTER: DLL name: C:\Windows\System32\KERNELBASE.dll
Loaded DLL at 0000000076080000 C:\Windows\SysWOW64\KERNELBASE.dll
NtMapViewOfSection( SectionHandle=0xa4, ProcessHandle=-1, BaseAddress=0xb7e2b0 [0x76080000], ZeroBits=0x7ffeffff, CommitSize=0, SectionOffset=null, ViewSize=0xb7e260 [0x0023a000], InheritDisposition=1 [ViewShare], AllocationType=0x00800000, Protect=0x80 ) => 0
NtQuerySection( SectionHandle=0xa4, SectionInformationClass=1 [SectionImageInformation], SectionInformation=0xb7e270, Length=0x40, ReturnLength=null ) => 0
NtQueryVirtualMemory( ProcessHandle=-1, BaseAddress=0x76080000, MemoryInformationClass=6 [MemoryImageInformation], MemoryInformation=0xb7e180, Length=0x18, ReturnLength=null ) => 0
NtProtectVirtualMemory( ProcessHandle=-1, BaseAddress=0xb7e168 [0x76280000], Size=0xb7e160 [0x1000], NewProtect=4, OldProtect=0xb7e158 [2] ) => 0
NtProtectVirtualMemory( ProcessHandle=-1, BaseAddress=0xb7e168 [0x76280000], Size=0xb7e160 [0x1000], NewProtect=2, OldProtect=0xb7e158 [4] ) => 0
NtQueryInformationThread( ThreadHandle=-2, ThreadInformationClass=0x1d [ThreadWow64Context], ThreadInformation=0xb7dd20, Length=0x2cc, ReturnLength=null ) => 0
6774:651c @ 118014437 - LdrpMinimalMapModule - RETURN: Status: 0x00000000
NtProtectVirtualMemory( ProcessHandle=-1, BaseAddress=0xb7e2a8 [0x76286000], Size=0xb7e298 [0x1000], NewProtect=2, OldProtect=0xb7e238 [4] ) => 0
NtProtectVirtualMemory( ProcessHandle=-1, BaseAddress=0xb7e2a8 [0x77439000], Size=0xb7e298 [0x3000], NewProtect=4, OldProtect=0xb7e238 [2] ) => 0
NtProtectVirtualMemory( ProcessHandle=-1, BaseAddress=0xb7e2a8 [0x77439000], Size=0xb7e298 [0x3000], NewProtect=2, OldProtect=0xb7e238 [4] ) => 0
NtProtectVirtualMemory( ProcessHandle=-1, BaseAddress=0xb7e2a8 [0x76280000], Size=0xb7e298 [0x1000], NewProtect=4, OldProtect=0xb7e238 [2] ) => 0
NtQueryInformationThread( ThreadHandle=-2, ThreadInformationClass=0x1d [ThreadWow64Context], ThreadInformation=0xb7dd20, Length=0x2cc, ReturnLength=null ) => 0
6774:651c @ 118014437 - LdrpPreprocessDllName - INFO: DLL api-ms-win-eventing-provider-l1-1-0.dll was redirected to C:\Windows\SYSTEM32\kernelbase.dll by API set
NtQueryInformationThread( ThreadHandle=-2, ThreadInformationClass=0x1d [ThreadWow64Context], ThreadInformation=0xb7dd20, Length=0x2cc, ReturnLength=null ) => 0
6774:651c @ 118014437 - LdrpPreprocessDllName - INFO: DLL api-ms-win-core-processthreads-l1-1-0.dll was redirected to C:\Windows\SYSTEM32\kernelbase.dll by API set
NtQueryInformationThread( ThreadHandle=-2, ThreadInformationClass=0x1d [ThreadWow64Context], ThreadInformation=0xb7dd20, Length=0x2cc, ReturnLength=null ) => 0
6774:651c @ 118014437 - LdrpPreprocessDllName - INFO: DLL api-ms-win-core-processthreads-l1-1-3.dll was redirected to C:\Windows\SYSTEM32\kernelbase.dll by API set
NtQueryInformationThread( ThreadHandle=-2, ThreadInformationClass=0x1d [ThreadWow64Context], ThreadInformation=0xb7dd20, Length=0x2cc, ReturnLength=null ) => 0
6774:651c @ 118014437 - LdrpPreprocessDllName - INFO: DLL api-ms-win-core-processthreads-l1-1-2.dll was redirected to C:\Windows\SYSTEM32\kernelbase.dll by API set
NtQueryInformationThread( ThreadHandle=-2, ThreadInformationClass=0x1d [ThreadWow64Context], ThreadInformation=0xb7dd20, Length=0x2cc, ReturnLength=null ) => 0
6774:651c @ 118014437 - LdrpPreprocessDllName - INFO: DLL api-ms-win-core-processthreads-l1-1-1.dll was redirected to C:\Windows\SYSTEM32\kernelbase.dll by API set
NtQueryInformationThread( ThreadHandle=-2, ThreadInformationClass=0x1d [ThreadWow64Context], ThreadInformation=0xb7dd20, Length=0x2cc, ReturnLength=null ) => 0
6774:651c @ 118014437 - LdrpPreprocessDllName - INFO: DLL api-ms-win-core-registry-l1-1-0.dll was redirected to C:\Windows\SYSTEM32\kernelbase.dll by API set
NtQueryInformationThread( ThreadHandle=-2, ThreadInformationClass=0x1d [ThreadWow64Context], ThreadInformation=0xb7dd20, Length=0x2cc, ReturnLength=null ) => 0
6774:651c @ 118014437 - LdrpPreprocessDllName - INFO: DLL api-ms-win-core-heap-l1-1-0.dll was redirected to C:\Windows\SYSTEM32\kernelbase.dll by API set
NtQueryInformationThread( ThreadHandle=-2, ThreadInformationClass=0x1d [ThreadWow64Context], ThreadInformation=0xb7dd20, Length=0x2cc, ReturnLength=null ) => 0
6774:651c @ 118014437 - LdrpPreprocessDllName - INFO: DLL api-ms-win-core-heap-l2-1-0.dll was redirected to C:\Windows\SYSTEM32\kernelbase.dll by API set
NtQueryInformationThread( ThreadHandle=-2, ThreadInformationClass=0x1d [ThreadWow64Context], ThreadInformation=0xb7dd20, Length=0x2cc, ReturnLength=null ) => 0
6774:651c @ 118014437 - LdrpPreprocessDllName - INFO: DLL api-ms-win-core-memory-l1-1-1.dll was redirected to C:\Windows\SYSTEM32\kernelbase.dll by API set
NtQueryInformationThread( ThreadHandle=-2, ThreadInformationClass=0x1d [ThreadWow64Context], ThreadInformation=0xb7dd20, Length=0x2cc, ReturnLength=null ) => 0
6774:651c @ 118014437 - LdrpPreprocessDllName - INFO: DLL api-ms-win-core-memory-l1-1-0.dll was redirected to C:\Windows\SYSTEM32\kernelbase.dll by API set
NtQueryInformationThread( ThreadHandle=-2, ThreadInformationClass=0x1d [ThreadWow64Context], ThreadInformation=0xb7dd20, Length=0x2cc, ReturnLength=null ) => 0
6774:651c @ 118014437 - LdrpPreprocessDllName - INFO: DLL api-ms-win-core-memory-l1-1-2.dll was redirected to C:\Windows\SYSTEM32\kernelbase.dll by API set
NtQueryInformationThread( ThreadHandle=-2, ThreadInformationClass=0x1d [ThreadWow64Context], ThreadInformation=0xb7dd20, Length=0x2cc, ReturnLength=null ) => 0
6774:651c @ 118014437 - LdrpPreprocessDllName - INFO: DLL api-ms-win-core-handle-l1-1-0.dll was redirected to C:\Windows\SYSTEM32\kernelbase.dll by API set
NtQueryInformationThread( ThreadHandle=-2, ThreadInformationClass=0x1d [ThreadWow64Context], ThreadInformation=0xb7dd20, Length=0x2cc, ReturnLength=null ) => 0
6774:651c @ 118014437 - LdrpPreprocessDllName - INFO: DLL api-ms-win-core-synch-l1-1-0.dll was redirected to C:\Windows\SYSTEM32\kernelbase.dll by API set
NtQueryInformationThread( ThreadHandle=-2, ThreadInformationClass=0x1d [ThreadWow64Context], ThreadInformation=0xb7dd20, Length=0x2cc, ReturnLength=null ) => 0
6774:651c @ 118014437 - LdrpPreprocessDllName - INFO: DLL api-ms-win-core-synch-l1-2-1.dll was redirected to C:\Windows\SYSTEM32\kernelbase.dll by API set
NtQueryInformationThread( ThreadHandle=-2, ThreadInformationClass=0x1d [ThreadWow64Context], ThreadInformation=0xb7dd20, Length=0x2cc, ReturnLength=null ) => 0
6774:651c @ 118014437 - LdrpPreprocessDllName - INFO: DLL api-ms-win-core-synch-l1-2-0.dll was redirected to C:\Windows\SYSTEM32\kernelbase.dll by API set
NtQueryInformationThread( ThreadHandle=-2, ThreadInformationClass=0x1d [ThreadWow64Context], ThreadInformation=0xb7dd20, Length=0x2cc, ReturnLength=null ) => 0
6774:651c @ 118014437 - LdrpPreprocessDllName - INFO: DLL api-ms-win-core-file-l1-1-0.dll was redirected to C:\Windows\SYSTEM32\kernelbase.dll by API set
NtQueryInformationThread( ThreadHandle=-2, ThreadInformationClass=0x1d [ThreadWow64Context], ThreadInformation=0xb7dd20, Length=0x2cc, ReturnLength=null ) => 0
6774:651c @ 118014437 - LdrpPreprocessDllName - INFO: DLL api-ms-win-core-file-l1-2-0.dll was redirected to C:\Windows\SYSTEM32\kernelbase.dll by API set
NtQueryInformationThread( ThreadHandle=-2, ThreadInformationClass=0x1d [ThreadWow64Context], ThreadInformation=0xb7dd20, Length=0x2cc, ReturnLength=null ) => 0
6774:651c @ 118014437 - LdrpPreprocessDllName - INFO: DLL api-ms-win-core-file-l1-2-2.dll was redirected to C:\Windows\SYSTEM32\kernelbase.dll by API set
NtQueryInformationThread( ThreadHandle=-2, ThreadInformationClass=0x1d [ThreadWow64Context], ThreadInformation=0xb7dd20, Length=0x2cc, ReturnLength=null ) => 0
6774:651c @ 118014437 - LdrpPreprocessDllName - INFO: DLL api-ms-win-core-file-l1-2-1.dll was redirected to C:\Windows\SYSTEM32\kernelbase.dll by API set
NtQueryInformationThread( ThreadHandle=-2, ThreadInformationClass=0x1d [ThreadWow64Context], ThreadInformation=0xb7dd20, Length=0x2cc, ReturnLength=null ) => 0
6774:651c @ 118014437 - LdrpPreprocessDllName - INFO: DLL api-ms-win-core-delayload-l1-1-0.dll was redirected to C:\Windows\SYSTEM32\kernelbase.dll by API set
NtQueryInformationThread( ThreadHandle=-2, ThreadInformationClass=0x1d [ThreadWow64Context], ThreadInformation=0xb7dd20, Length=0x2cc, ReturnLength=null ) => 0
6774:651c @ 118014437 - LdrpPreprocessDllName - INFO: DLL api-ms-win-core-io-l1-1-0.dll was redirected to C:\Windows\SYSTEM32\kernelbase.dll by API set
NtQueryInformationThread( ThreadHandle=-2, ThreadInformationClass=0x1d [ThreadWow64Context], ThreadInformation=0xb7dd20, Length=0x2cc, ReturnLength=null ) => 0
6774:651c @ 118014437 - LdrpPreprocessDllName - INFO: DLL api-ms-win-core-io-l1-1-1.dll was redirected to C:\Windows\SYSTEM32\kernelbase.dll by API set
NtQueryInformationThread( ThreadHandle=-2, ThreadInformationClass=0x1d [ThreadWow64Context], ThreadInformation=0xb7dd20, Length=0x2cc, ReturnLength=null ) => 0
6774:651c @ 118014437 - LdrpPreprocessDllName - INFO: DLL api-ms-win-core-job-l1-1-0.dll was redirected to C:\Windows\SYSTEM32\kernelbase.dll by API set
NtQueryInformationThread( ThreadHandle=-2, ThreadInformationClass=0x1d [ThreadWow64Context], ThreadInformation=0xb7dd20, Length=0x2cc, ReturnLength=null ) => 0
6774:651c @ 118014437 - LdrpPreprocessDllName - INFO: DLL api-ms-win-core-threadpool-legacy-l1-1-0.dll was redirected to C:\Windows\SYSTEM32\kernelbase.dll by API set
NtQueryInformationThread( ThreadHandle=-2, ThreadInformationClass=0x1d [ThreadWow64Context], ThreadInformation=0xb7dd20, Length=0x2cc, ReturnLength=null ) => 0
6774:651c @ 118014437 - LdrpPreprocessDllName - INFO: DLL api-ms-win-core-threadpool-private-l1-1-0.dll was redirected to C:\Windows\SYSTEM32\kernelbase.dll by API set
NtQueryInformationThread( ThreadHandle=-2, ThreadInformationClass=0x1d [ThreadWow64Context], ThreadInformation=0xb7dd20, Length=0x2cc, ReturnLength=null ) => 0
6774:651c @ 118014437 - LdrpPreprocessDllName - INFO: DLL api-ms-win-core-libraryloader-l1-2-2.dll was redirected to C:\Windows\SYSTEM32\kernelbase.dll by API set
NtQueryInformationThread( ThreadHandle=-2, ThreadInformationClass=0x1d [ThreadWow64Context], ThreadInformation=0xb7dd20, Length=0x2cc, ReturnLength=null ) => 0
6774:651c @ 118014437 - LdrpPreprocessDllName - INFO: DLL api-ms-win-core-libraryloader-l1-2-0.dll was redirected to C:\Windows\SYSTEM32\kernelbase.dll by API set
NtQueryInformationThread( ThreadHandle=-2, ThreadInformationClass=0x1d [ThreadWow64Context], ThreadInformation=0xb7dd20, Length=0x2cc, ReturnLength=null ) => 0
6774:651c @ 118014437 - LdrpPreprocessDllName - INFO: DLL api-ms-win-core-libraryloader-l1-2-1.dll was redirected to C:\Windows\SYSTEM32\kernelbase.dll by API set
NtQueryInformationThread( ThreadHandle=-2, ThreadInformationClass=0x1d [ThreadWow64Context], ThreadInformation=0xb7dd20, Length=0x2cc, ReturnLength=null ) => 0
6774:651c @ 118014437 - LdrpPreprocessDllName - INFO: DLL api-ms-win-core-libraryloader-l2-1-0.dll was redirected to C:\Windows\SYSTEM32\kernelbase.dll by API set
NtQueryInformationThread( ThreadHandle=-2, ThreadInformationClass=0x1d [ThreadWow64Context], ThreadInformation=0xb7dd20, Length=0x2cc, ReturnLength=null ) => 0
6774:651c @ 118014437 - LdrpPreprocessDllName - INFO: DLL api-ms-win-core-namedpipe-l1-2-2.dll was redirected to C:\Windows\SYSTEM32\kernelbase.dll by API set
NtQueryInformationThread( ThreadHandle=-2, ThreadInformationClass=0x1d [ThreadWow64Context], ThreadInformation=0xb7dd20, Length=0x2cc, ReturnLength=null ) => 0
6774:651c @ 118014437 - LdrpPreprocessDllName - INFO: DLL api-ms-win-core-namedpipe-l1-1-0.dll was redirected to C:\Windows\SYSTEM32\kernelbase.dll by API set
NtQueryInformationThread( ThreadHandle=-2, ThreadInformationClass=0x1d [ThreadWow64Context], ThreadInformation=0xb7dd20, Length=0x2cc, ReturnLength=null ) => 0
6774:651c @ 118014437 - LdrpPreprocessDllName - INFO: DLL api-ms-win-core-namedpipe-l1-2-1.dll was redirected to C:\Windows\SYSTEM32\kernelbase.dll by API set
NtQueryInformationThread( ThreadHandle=-2, ThreadInformationClass=0x1d [ThreadWow64Context], ThreadInformation=0xb7dd20, Length=0x2cc, ReturnLength=null ) => 0
6774:651c @ 118014437 - LdrpPreprocessDllName - INFO: DLL api-ms-win-core-datetime-l1-1-0.dll was redirected to C:\Windows\SYSTEM32\kernelbase.dll by API set
NtQueryInformationThread( ThreadHandle=-2, ThreadInformationClass=0x1d [ThreadWow64Context], ThreadInformation=0xb7dd20, Length=0x2cc, ReturnLength=null ) => 0
6774:651c @ 118014437 - LdrpPreprocessDllName - INFO: DLL api-ms-win-core-datetime-l1-1-1.dll was redirected to C:\Windows\SYSTEM32\kernelbase.dll by API set
NtQueryInformationThread( ThreadHandle=-2, ThreadInformationClass=0x1d [ThreadWow64Context], ThreadInformation=0xb7dd20, Length=0x2cc, ReturnLength=null ) => 0
6774:651c @ 118014437 - LdrpPreprocessDllName - INFO: DLL api-ms-win-core-datetime-l1-1-2.dll was redirected to C:\Windows\SYSTEM32\kernelbase.dll by API set
NtQueryInformationThread( ThreadHandle=-2, ThreadInformationClass=0x1d [ThreadWow64Context], ThreadInformation=0xb7dd20, Length=0x2cc, ReturnLength=null ) => 0
6774:651c @ 118014437 - LdrpPreprocessDllName - INFO: DLL api-ms-win-core-sysinfo-l1-2-0.dll was redirected to C:\Windows\SYSTEM32\kernelbase.dll by API set
NtQueryInformationThread( ThreadHandle=-2, ThreadInformationClass=0x1d [ThreadWow64Context], ThreadInformation=0xb7dd20, Length=0x2cc, ReturnLength=null ) => 0
6774:651c @ 118014437 - LdrpPreprocessDllName - INFO: DLL api-ms-win-core-sysinfo-l1-1-0.dll was redirected to C:\Windows\SYSTEM32\kernelbase.dll by API set
NtQueryInformationThread( ThreadHandle=-2, ThreadInformationClass=0x1d [ThreadWow64Context], ThreadInformation=0xb7dd20, Length=0x2cc, ReturnLength=null ) => 0
6774:651c @ 118014437 - LdrpPreprocessDllName - INFO: DLL api-ms-win-core-sysinfo-l1-2-3.dll was redirected to C:\Windows\SYSTEM32\kernelbase.dll by API set
NtQueryInformationThread( ThreadHandle=-2, ThreadInformationClass=0x1d [ThreadWow64Context], ThreadInformation=0xb7dd20, Length=0x2cc, ReturnLength=null ) => 0
6774:651c @ 118014437 - LdrpPreprocessDllName - INFO: DLL api-ms-win-core-sysinfo-l1-2-1.dll was redirected to C:\Windows\SYSTEM32\kernelbase.dll by API set
NtQueryInformationThread( ThreadHandle=-2, ThreadInformationClass=0x1d [ThreadWow64Context], ThreadInformation=0xb7dd20, Length=0x2cc, ReturnLength=null ) => 0
6774:651c @ 118014437 - LdrpPreprocessDllName - INFO: DLL api-ms-win-core-timezone-l1-1-0.dll was redirected to C:\Windows\SYSTEM32\kernelbase.dll by API set
NtQueryInformationThread( ThreadHandle=-2, ThreadInformationClass=0x1d [ThreadWow64Context], ThreadInformation=0xb7dd20, Length=0x2cc, ReturnLength=null ) => 0
6774:651c @ 118014437 - LdrpPreprocessDllName - INFO: DLL api-ms-win-core-localization-l1-2-0.dll was redirected to C:\Windows\SYSTEM32\kernelbase.dll by API set
NtQueryInformationThread( ThreadHandle=-2, ThreadInformationClass=0x1d [ThreadWow64Context], ThreadInformation=0xb7dd20, Length=0x2cc, ReturnLength=null ) => 0
6774:651c @ 118014437 - LdrpPreprocessDllName - INFO: DLL api-ms-win-core-localization-private-l1-1-0.dll was redirected to C:\Windows\SYSTEM32\kernelbase.dll by API set
NtQueryInformationThread( ThreadHandle=-2, ThreadInformationClass=0x1d [ThreadWow64Context], ThreadInformation=0xb7dd20, Length=0x2cc, ReturnLength=null ) => 0
6774:651c @ 118014437 - LdrpPreprocessDllName - INFO: DLL api-ms-win-core-processsnapshot-l1-1-0.dll was redirected to C:\Windows\SYSTEM32\kernelbase.dll by API set
NtQueryInformationThread( ThreadHandle=-2, ThreadInformationClass=0x1d [ThreadWow64Context], ThreadInformation=0xb7dd20, Length=0x2cc, ReturnLength=null ) => 0
6774:651c @ 118014437 - LdrpPreprocessDllName - INFO: DLL api-ms-win-core-processenvironment-l1-1-0.dll was redirected to C:\Windows\SYSTEM32\kernelbase.dll by API set
NtQueryInformationThread( ThreadHandle=-2, ThreadInformationClass=0x1d [ThreadWow64Context], ThreadInformation=0xb7dd20, Length=0x2cc, ReturnLength=null ) => 0
6774:651c @ 118014437 - LdrpPreprocessDllName - INFO: DLL api-ms-win-core-processenvironment-l1-2-0.dll was redirected to C:\Windows\SYSTEM32\kernelbase.dll by API set
NtQueryInformationThread( ThreadHandle=-2, ThreadInformationClass=0x1d [ThreadWow64Context], ThreadInformation=0xb7dd20, Length=0x2cc, ReturnLength=null ) => 0
6774:651c @ 118014437 - LdrpPreprocessDllName - INFO: DLL api-ms-win-core-string-l1-1-0.dll was redirected to C:\Windows\SYSTEM32\kernelbase.dll by API set
NtQueryInformationThread( ThreadHandle=-2, ThreadInformationClass=0x1d [ThreadWow64Context], ThreadInformation=0xb7dd20, Length=0x2cc, ReturnLength=null ) => 0
6774:651c @ 118014437 - LdrpPreprocessDllName - INFO: DLL api-ms-win-core-debug-l1-1-1.dll was redirected to C:\Windows\SYSTEM32\kernelbase.dll by API set
NtQueryInformationThread( ThreadHandle=-2, ThreadInformationClass=0x1d [ThreadWow64Context], ThreadInformation=0xb7dd20, Length=0x2cc, ReturnLength=null ) => 0
6774:651c @ 118014437 - LdrpPreprocessDllName - INFO: DLL api-ms-win-core-debug-l1-1-0.dll was redirected to C:\Windows\SYSTEM32\kernelbase.dll by API set
NtQueryInformationThread( ThreadHandle=-2, ThreadInformationClass=0x1d [ThreadWow64Context], ThreadInformation=0xb7dd20, Length=0x2cc, ReturnLength=null ) => 0
6774:651c @ 118014437 - LdrpPreprocessDllName - INFO: DLL api-ms-win-core-errorhandling-l1-1-0.dll was redirected to C:\Windows\SYSTEM32\kernelbase.dll by API set
NtQueryInformationThread( ThreadHandle=-2, ThreadInformationClass=0x1d [ThreadWow64Context], ThreadInformation=0xb7dd20, Length=0x2cc, ReturnLength=null ) => 0
6774:651c @ 118014437 - LdrpPreprocessDllName - INFO: DLL api-ms-win-core-errorhandling-l1-1-3.dll was redirected to C:\Windows\SYSTEM32\kernelbase.dll by API set
NtQueryInformationThread( ThreadHandle=-2, ThreadInformationClass=0x1d [ThreadWow64Context], ThreadInformation=0xb7dd20, Length=0x2cc, ReturnLength=null ) => 0
6774:651c @ 118014437 - LdrpPreprocessDllName - INFO: DLL api-ms-win-core-fibers-l1-1-0.dll was redirected to C:\Windows\SYSTEM32\kernelbase.dll by API set
NtQueryInformationThread( ThreadHandle=-2, ThreadInformationClass=0x1d [ThreadWow64Context], ThreadInformation=0xb7dd20, Length=0x2cc, ReturnLength=null ) => 0
6774:651c @ 118014437 - LdrpPreprocessDllName - INFO: DLL api-ms-win-core-util-l1-1-0.dll was redirected to C:\Windows\SYSTEM32\kernelbase.dll by API set
NtQueryInformationThread( ThreadHandle=-2, ThreadInformationClass=0x1d [ThreadWow64Context], ThreadInformation=0xb7dd20, Length=0x2cc, ReturnLength=null ) => 0
6774:651c @ 118014437 - LdrpPreprocessDllName - INFO: DLL api-ms-win-core-profile-l1-1-0.dll was redirected to C:\Windows\SYSTEM32\kernelbase.dll by API set
NtQueryInformationThread( ThreadHandle=-2, ThreadInformationClass=0x1d [ThreadWow64Context], ThreadInformation=0xb7dd20, Length=0x2cc, ReturnLength=null ) => 0
6774:651c @ 118014437 - LdrpPreprocessDllName - INFO: DLL api-ms-win-security-base-l1-1-0.dll was redirected to C:\Windows\SYSTEM32\kernelbase.dll by API set
NtQueryInformationThread( ThreadHandle=-2, ThreadInformationClass=0x1d [ThreadWow64Context], ThreadInformation=0xb7dd20, Length=0x2cc, ReturnLength=null ) => 0
6774:651c @ 118014437 - LdrpPreprocessDllName - INFO: DLL api-ms-win-security-base-l1-2-0.dll was redirected to C:\Windows\SYSTEM32\kernelbase.dll by API set
NtQueryInformationThread( ThreadHandle=-2, ThreadInformationClass=0x1d [ThreadWow64Context], ThreadInformation=0xb7dd20, Length=0x2cc, ReturnLength=null ) => 0
6774:651c @ 118014437 - LdrpPreprocessDllName - INFO: DLL api-ms-win-core-comm-l1-1-0.dll was redirected to C:\Windows\SYSTEM32\kernelbase.dll by API set
NtQueryInformationThread( ThreadHandle=-2, ThreadInformationClass=0x1d [ThreadWow64Context], ThreadInformation=0xb7dd20, Length=0x2cc, ReturnLength=null ) => 0
6774:651c @ 118014437 - LdrpPreprocessDllName - INFO: DLL api-ms-win-core-wow64-l1-1-1.dll was redirected to C:\Windows\SYSTEM32\kernelbase.dll by API set
NtQueryInformationThread( ThreadHandle=-2, ThreadInformationClass=0x1d [ThreadWow64Context], ThreadInformation=0xb7dd20, Length=0x2cc, ReturnLength=null ) => 0
6774:651c @ 118014437 - LdrpPreprocessDllName - INFO: DLL api-ms-win-core-wow64-l1-1-0.dll was redirected to C:\Windows\SYSTEM32\kernelbase.dll by API set
NtQueryInformationThread( ThreadHandle=-2, ThreadInformationClass=0x1d [ThreadWow64Context], ThreadInformation=0xb7dd20, Length=0x2cc, ReturnLength=null ) => 0
6774:651c @ 118014437 - LdrpPreprocessDllName - INFO: DLL api-ms-win-core-wow64-l1-1-3.dll was redirected to C:\Windows\SYSTEM32\kernelbase.dll by API set
NtQueryInformationThread( ThreadHandle=-2, ThreadInformationClass=0x1d [ThreadWow64Context], ThreadInformation=0xb7dd20, Length=0x2cc, ReturnLength=null ) => 0
6774:651c @ 118014437 - LdrpPreprocessDllName - INFO: DLL api-ms-win-core-realtime-l1-1-0.dll was redirected to C:\Windows\SYSTEM32\kernelbase.dll by API set
NtQueryInformationThread( ThreadHandle=-2, ThreadInformationClass=0x1d [ThreadWow64Context], ThreadInformation=0xb7dd20, Length=0x2cc, ReturnLength=null ) => 0
6774:651c @ 118014437 - LdrpPreprocessDllName - INFO: DLL api-ms-win-core-systemtopology-l1-1-1.dll was redirected to C:\Windows\SYSTEM32\kernelbase.dll by API set
NtQueryInformationThread( ThreadHandle=-2, ThreadInformationClass=0x1d [ThreadWow64Context], ThreadInformation=0xb7dd20, Length=0x2cc, ReturnLength=null ) => 0
6774:651c @ 118014437 - LdrpPreprocessDllName - INFO: DLL api-ms-win-core-systemtopology-l1-1-0.dll was redirected to C:\Windows\SYSTEM32\kernelbase.dll by API set
NtQueryInformationThread( ThreadHandle=-2, ThreadInformationClass=0x1d [ThreadWow64Context], ThreadInformation=0xb7dd20, Length=0x2cc, ReturnLength=null ) => 0
6774:651c @ 118014437 - LdrpPreprocessDllName - INFO: DLL api-ms-win-core-processtopology-l1-1-0.dll was redirected to C:\Windows\SYSTEM32\kernelbase.dll by API set
NtQueryInformationThread( ThreadHandle=-2, ThreadInformationClass=0x1d [ThreadWow64Context], ThreadInformation=0xb7dd20, Length=0x2cc, ReturnLength=null ) => 0
6774:651c @ 118014437 - LdrpPreprocessDllName - INFO: DLL api-ms-win-core-namespace-l1-1-0.dll was redirected to C:\Windows\SYSTEM32\kernelbase.dll by API set
NtQueryInformationThread( ThreadHandle=-2, ThreadInformationClass=0x1d [ThreadWow64Context], ThreadInformation=0xb7dd20, Length=0x2cc, ReturnLength=null ) => 0
6774:651c @ 118014437 - LdrpPreprocessDllName - INFO: DLL api-ms-win-core-file-l2-1-2.dll was redirected to C:\Windows\SYSTEM32\kernelbase.dll by API set
NtQueryInformationThread( ThreadHandle=-2, ThreadInformationClass=0x1d [ThreadWow64Context], ThreadInformation=0xb7dd20, Length=0x2cc, ReturnLength=null ) => 0
6774:651c @ 118014437 - LdrpPreprocessDllName - INFO: DLL api-ms-win-core-file-l2-1-0.dll was redirected to C:\Windows\SYSTEM32\kernelbase.dll by API set
NtQueryInformationThread( ThreadHandle=-2, ThreadInformationClass=0x1d [ThreadWow64Context], ThreadInformation=0xb7dd20, Length=0x2cc, ReturnLength=null ) => 0
6774:651c @ 118014437 - LdrpPreprocessDllName - INFO: DLL api-ms-win-core-file-l2-1-3.dll was redirected to C:\Windows\SYSTEM32\kernelbase.dll by API set
NtQueryInformationThread( ThreadHandle=-2, ThreadInformationClass=0x1d [ThreadWow64Context], ThreadInformation=0xb7dd20, Length=0x2cc, ReturnLength=null ) => 0
6774:651c @ 118014437 - LdrpPreprocessDllName - INFO: DLL api-ms-win-core-file-l2-1-1.dll was redirected to C:\Windows\SYSTEM32\kernelbase.dll by API set
NtQueryInformationThread( ThreadHandle=-2, ThreadInformationClass=0x1d [ThreadWow64Context], ThreadInformation=0xb7dd20, Length=0x2cc, ReturnLength=null ) => 0
6774:651c @ 118014437 - LdrpPreprocessDllName - INFO: DLL api-ms-win-core-xstate-l2-1-0.dll was redirected to C:\Windows\SYSTEM32\kernelbase.dll by API set
NtQueryInformationThread( ThreadHandle=-2, ThreadInformationClass=0x1d [ThreadWow64Context], ThreadInformation=0xb7dd20, Length=0x2cc, ReturnLength=null ) => 0
6774:651c @ 118014437 - LdrpPreprocessDllName - INFO: DLL api-ms-win-core-xstate-l2-1-1.dll was redirected to C:\Windows\SYSTEM32\kernelbase.dll by API set
NtQueryInformationThread( ThreadHandle=-2, ThreadInformationClass=0x1d [ThreadWow64Context], ThreadInformation=0xb7dd20, Length=0x2cc, ReturnLength=null ) => 0
6774:651c @ 118014437 - LdrpPreprocessDllName - INFO: DLL api-ms-win-core-localization-l2-1-0.dll was redirected to C:\Windows\SYSTEM32\kernelbase.dll by API set
NtQueryInformationThread( ThreadHandle=-2, ThreadInformationClass=0x1d [ThreadWow64Context], ThreadInformation=0xb7dd20, Length=0x2cc, ReturnLength=null ) => 0
6774:651c @ 118014437 - LdrpPreprocessDllName - INFO: DLL api-ms-win-core-normalization-l1-1-0.dll was redirected to C:\Windows\SYSTEM32\kernelbase.dll by API set
NtQueryInformationThread( ThreadHandle=-2, ThreadInformationClass=0x1d [ThreadWow64Context], ThreadInformation=0xb7dd20, Length=0x2cc, ReturnLength=null ) => 0
6774:651c @ 118014437 - LdrpPreprocessDllName - INFO: DLL api-ms-win-core-fibers-l2-1-0.dll was redirected to C:\Windows\SYSTEM32\kernelbase.dll by API set
NtQueryInformationThread( ThreadHandle=-2, ThreadInformationClass=0x1d [ThreadWow64Context], ThreadInformation=0xb7dd20, Length=0x2cc, ReturnLength=null ) => 0
6774:651c @ 118014437 - LdrpPreprocessDllName - INFO: DLL api-ms-win-core-fibers-l2-1-1.dll was redirected to C:\Windows\SYSTEM32\kernelbase.dll by API set
NtQueryInformationThread( ThreadHandle=-2, ThreadInformationClass=0x1d [ThreadWow64Context], ThreadInformation=0xb7dd20, Length=0x2cc, ReturnLength=null ) => 0
6774:651c @ 118014437 - LdrpPreprocessDllName - INFO: DLL api-ms-win-core-sidebyside-l1-1-0.dll was redirected to C:\Windows\SYSTEM32\kernelbase.dll by API set
NtQueryInformationThread( ThreadHandle=-2, ThreadInformationClass=0x1d [ThreadWow64Context], ThreadInformation=0xb7dd20, Length=0x2cc, ReturnLength=null ) => 0
6774:651c @ 118014437 - LdrpPreprocessDllName - INFO: DLL api-ms-win-core-appcompat-l1-1-0.dll was redirected to C:\Windows\SYSTEM32\kernelbase.dll by API set
NtQueryInformationThread( ThreadHandle=-2, ThreadInformationClass=0x1d [ThreadWow64Context], ThreadInformation=0xb7dd20, Length=0x2cc, ReturnLength=null ) => 0
6774:651c @ 118014437 - LdrpPreprocessDllName - INFO: DLL api-ms-win-core-appcompat-l1-1-1.dll was redirected to C:\Windows\SYSTEM32\kernelbase.dll by API set
NtQueryInformationThread( ThreadHandle=-2, ThreadInformationClass=0x1d [ThreadWow64Context], ThreadInformation=0xb7dd20, Length=0x2cc, ReturnLength=null ) => 0
6774:651c @ 118014437 - LdrpPreprocessDllName - INFO: DLL api-ms-win-core-windowserrorreporting-l1-1-0.dll was redirected to C:\Windows\SYSTEM32\kernelbase.dll by API set
NtQueryInformationThread( ThreadHandle=-2, ThreadInformationClass=0x1d [ThreadWow64Context], ThreadInformation=0xb7dd20, Length=0x2cc, ReturnLength=null ) => 0
6774:651c @ 118014437 - LdrpPreprocessDllName - INFO: DLL api-ms-win-core-windowserrorreporting-l1-1-3.dll was redirected to C:\Windows\SYSTEM32\kernelbase.dll by API set
NtQueryInformationThread( ThreadHandle=-2, ThreadInformationClass=0x1d [ThreadWow64Context], ThreadInformation=0xb7dd20, Length=0x2cc, ReturnLength=null ) => 0
6774:651c @ 118014437 - LdrpPreprocessDllName - INFO: DLL api-ms-win-core-windowserrorreporting-l1-1-1.dll was redirected to C:\Windows\SYSTEM32\kernelbase.dll by API set
NtQueryInformationThread( ThreadHandle=-2, ThreadInformationClass=0x1d [ThreadWow64Context], ThreadInformation=0xb7dd20, Length=0x2cc, ReturnLength=null ) => 0
6774:651c @ 118014437 - LdrpPreprocessDllName - INFO: DLL api-ms-win-core-windowserrorreporting-l1-1-2.dll was redirected to C:\Windows\SYSTEM32\kernelbase.dll by API set
NtQueryInformationThread( ThreadHandle=-2, ThreadInformationClass=0x1d [ThreadWow64Context], ThreadInformation=0xb7dd20, Length=0x2cc, ReturnLength=null ) => 0
6774:651c @ 118014437 - LdrpPreprocessDllName - INFO: DLL api-ms-win-core-console-l1-1-0.dll was redirected to C:\Windows\SYSTEM32\kernelbase.dll by API set
NtQueryInformationThread( ThreadHandle=-2, ThreadInformationClass=0x1d [ThreadWow64Context], ThreadInformation=0xb7dd20, Length=0x2cc, ReturnLength=null ) => 0
6774:651c @ 118014437 - LdrpPreprocessDllName - INFO: DLL api-ms-win-core-console-l1-2-0.dll was redirected to C:\Windows\SYSTEM32\kernelbase.dll by API set
NtQueryInformationThread( ThreadHandle=-2, ThreadInformationClass=0x1d [ThreadWow64Context], ThreadInformation=0xb7dd20, Length=0x2cc, ReturnLength=null ) => 0
6774:651c @ 118014437 - LdrpPreprocessDllName - INFO: DLL api-ms-win-core-console-l1-2-1.dll was redirected to C:\Windows\SYSTEM32\kernelbase.dll by API set
NtQueryInformationThread( ThreadHandle=-2, ThreadInformationClass=0x1d [ThreadWow64Context], ThreadInformation=0xb7dd20, Length=0x2cc, ReturnLength=null ) => 0
6774:651c @ 118014437 - LdrpPreprocessDllName - INFO: DLL api-ms-win-core-console-l2-1-0.dll was redirected to C:\Windows\SYSTEM32\kernelbase.dll by API set
NtQueryInformationThread( ThreadHandle=-2, ThreadInformationClass=0x1d [ThreadWow64Context], ThreadInformation=0xb7dd20, Length=0x2cc, ReturnLength=null ) => 0
6774:651c @ 118014437 - LdrpPreprocessDllName - INFO: DLL api-ms-win-core-console-l2-2-0.dll was redirected to C:\Windows\SYSTEM32\kernelbase.dll by API set
NtQueryInformationThread( ThreadHandle=-2, ThreadInformationClass=0x1d [ThreadWow64Context], ThreadInformation=0xb7dd20, Length=0x2cc, ReturnLength=null ) => 0
6774:651c @ 118014437 - LdrpPreprocessDllName - INFO: DLL api-ms-win-core-console-l3-2-0.dll was redirected to C:\Windows\SYSTEM32\kernelbase.dll by API set
NtQueryInformationThread( ThreadHandle=-2, ThreadInformationClass=0x1d [ThreadWow64Context], ThreadInformation=0xb7dd20, Length=0x2cc, ReturnLength=null ) => 0
6774:651c @ 118014437 - LdrpPreprocessDllName - INFO: DLL api-ms-win-core-psapi-l1-1-0.dll was redirected to C:\Windows\SYSTEM32\kernelbase.dll by API set
NtQueryInformationThread( ThreadHandle=-2, ThreadInformationClass=0x1d [ThreadWow64Context], ThreadInformation=0xb7dd20, Length=0x2cc, ReturnLength=null ) => 0
6774:651c @ 118014437 - LdrpPreprocessDllName - INFO: DLL api-ms-win-core-psapi-ansi-l1-1-0.dll was redirected to C:\Windows\SYSTEM32\kernelbase.dll by API set
NtQueryInformationThread( ThreadHandle=-2, ThreadInformationClass=0x1d [ThreadWow64Context], ThreadInformation=0xb7dd20, Length=0x2cc, ReturnLength=null ) => 0
6774:651c @ 118014437 - LdrpPreprocessDllName - INFO: DLL api-ms-win-security-appcontainer-l1-1-0.dll was redirected to C:\Windows\SYSTEM32\kernelbase.dll by API set
NtQueryInformationThread( ThreadHandle=-2, ThreadInformationClass=0x1d [ThreadWow64Context], ThreadInformation=0xb7dd20, Length=0x2cc, ReturnLength=null ) => 0
6774:651c @ 118014437 - LdrpPreprocessDllName - INFO: DLL api-ms-win-eventing-provider-l1-1-0.dll was redirected to C:\Windows\SYSTEM32\kernelbase.dll by API set
NtQueryInformationThread( ThreadHandle=-2, ThreadInformationClass=0x1d [ThreadWow64Context], ThreadInformation=0xb7dd20, Length=0x2cc, ReturnLength=null ) => 0
6774:651c @ 118014437 - LdrpPreprocessDllName - INFO: DLL api-ms-win-core-delayload-l1-1-1.dll was redirected to C:\Windows\SYSTEM32\kernelbase.dll by API set
NtQueryInformationThread( ThreadHandle=-2, ThreadInformationClass=0x1d [ThreadWow64Context], ThreadInformation=0xb7dd20, Length=0x2cc, ReturnLength=null ) => 0
6774:651c @ 118014437 - LdrpGetProcedureAddress - INFO: Locating procedure "RtlReAllocateHeap" by name
NtQueryInformationThread( ThreadHandle=-2, ThreadInformationClass=0x1d [ThreadWow64Context], ThreadInformation=0xb7dd20, Length=0x2cc, ReturnLength=null ) => 0
6774:651c @ 118014437 - LdrpGetProcedureAddress - INFO: Locating procedure "RtlFreeHeap" by name
NtQueryInformationThread( ThreadHandle=-2, ThreadInformationClass=0x1d [ThreadWow64Context], ThreadInformation=0xb7dd20, Length=0x2cc, ReturnLength=null ) => 0
6774:651c @ 118014437 - LdrpGetProcedureAddress - INFO: Locating procedure "RtlAllocateHeap" by name
NtQueryInformationThread( ThreadHandle=-2, ThreadInformationClass=0x1d [ThreadWow64Context], ThreadInformation=0xb7dd20, Length=0x2cc, ReturnLength=null ) => 0
6774:651c @ 118014437 - LdrpGetProcedureAddress - INFO: Locating procedure "RtlDeleteCriticalSection" by name
NtQueryInformationThread( ThreadHandle=-2, ThreadInformationClass=0x1d [ThreadWow64Context], ThreadInformation=0xb7dd20, Length=0x2cc, ReturnLength=null ) => 0
6774:651c @ 118014437 - LdrpGetProcedureAddress - INFO: Locating procedure "RtlEnterCriticalSection" by name
NtQueryInformationThread( ThreadHandle=-2, ThreadInformationClass=0x1d [ThreadWow64Context], ThreadInformation=0xb7dd20, Length=0x2cc, ReturnLength=null ) => 0
6774:651c @ 118014437 - LdrpGetProcedureAddress - INFO: Locating procedure "RtlLeaveCriticalSection" by name
NtQueryInformationThread( ThreadHandle=-2, ThreadInformationClass=0x1d [ThreadWow64Context], ThreadInformation=0xb7dd20, Length=0x2cc, ReturnLength=null ) => 0
6774:651c @ 118014437 - LdrpGetProcedureAddress - INFO: Locating procedure "RtlInitializeCriticalSection" by name
NtQueryInformationThread( ThreadHandle=-2, ThreadInformationClass=0x1d [ThreadWow64Context], ThreadInformation=0xb7dd20, Length=0x2cc, ReturnLength=null ) => 0
6774:651c @ 118014437 - LdrpGetProcedureAddress - INFO: Locating procedure "RtlDeleteBarrier" by name
NtQueryInformationThread( ThreadHandle=-2, ThreadInformationClass=0x1d [ThreadWow64Context], ThreadInformation=0xb7dd20, Length=0x2cc, ReturnLength=null ) => 0
6774:651c @ 118014453 - LdrpGetProcedureAddress - INFO: Locating procedure "RtlSetLastWin32Error" by name
NtQueryInformationThread( ThreadHandle=-2, ThreadInformationClass=0x1d [ThreadWow64Context], ThreadInformation=0xb7dd20, Length=0x2cc, ReturnLength=null ) => 0
6774:651c @ 118014453 - LdrpGetProcedureAddress - INFO: Locating procedure "RtlQueryPerformanceFrequency" by name
NtQueryInformationThread( ThreadHandle=-2, ThreadInformationClass=0x1d [ThreadWow64Context], ThreadInformation=0xb7dd20, Length=0x2cc, ReturnLength=null ) => 0
6774:651c @ 118014453 - LdrpGetProcedureAddress - INFO: Locating procedure "RtlQueryPerformanceCounter" by name
NtQueryInformationThread( ThreadHandle=-2, ThreadInformationClass=0x1d [ThreadWow64Context], ThreadInformation=0xb7dd20, Length=0x2cc, ReturnLength=null ) => 0
6774:651c @ 118014453 - LdrpGetProcedureAddress - INFO: Locating procedure "RtlQueryUnbiasedInterruptTime" by name
NtQueryInformationThread( ThreadHandle=-2, ThreadInformationClass=0x1d [ThreadWow64Context], ThreadInformation=0xb7dd20, Length=0x2cc, ReturnLength=null ) => 0
6774:651c @ 118014453 - LdrpGetProcedureAddress - INFO: Locating procedure "EtwEventSetInformation" by name
NtQueryInformationThread( ThreadHandle=-2, ThreadInformationClass=0x1d [ThreadWow64Context], ThreadInformation=0xb7dd20, Length=0x2cc, ReturnLength=null ) => 0
6774:651c @ 118014453 - LdrpGetProcedureAddress - INFO: Locating procedure "EtwEventWriteTransfer" by name
NtQueryInformationThread( ThreadHandle=-2, ThreadInformationClass=0x1d [ThreadWow64Context], ThreadInformation=0xb7dd20, Length=0x2cc, ReturnLength=null ) => 0
6774:651c @ 118014453 - LdrpGetProcedureAddress - INFO: Locating procedure "EtwEventRegister" by name
NtQueryInformationThread( ThreadHandle=-2, ThreadInformationClass=0x1d [ThreadWow64Context], ThreadInformation=0xb7dd20, Length=0x2cc, ReturnLength=null ) => 0
6774:651c @ 118014453 - LdrpGetProcedureAddress - INFO: Locating procedure "EtwEventUnregister" by name
NtProtectVirtualMemory( ProcessHandle=-1, BaseAddress=0xb7e2a8 [0x76f70000], Size=0xb7e298 [0x3000], NewProtect=2, OldProtect=0xb7e238 [4] ) => 0
NtQueryInformationThread( ThreadHandle=-2, ThreadInformationClass=0x1d [ThreadWow64Context], ThreadInformation=0xb7dd20, Length=0x2cc, ReturnLength=null ) => 0
6774:651c @ 118014453 - LdrpGetProcedureAddress - INFO: Locating procedure "EtwEventUnregister" by name
NtQueryInformationThread( ThreadHandle=-2, ThreadInformationClass=0x1d [ThreadWow64Context], ThreadInformation=0xb7dd20, Length=0x2cc, ReturnLength=null ) => 0
6774:651c @ 118014453 - LdrpGetProcedureAddress - INFO: Locating procedure "EtwEventRegister" by name
NtQueryInformationThread( ThreadHandle=-2, ThreadInformationClass=0x1d [ThreadWow64Context], ThreadInformation=0xb7dd20, Length=0x2cc, ReturnLength=null ) => 0
6774:651c @ 118014453 - LdrpGetProcedureAddress - INFO: Locating procedure "EtwEventActivityIdControl" by name
NtQueryInformationThread( ThreadHandle=-2, ThreadInformationClass=0x1d [ThreadWow64Context], ThreadInformation=0xb7dd20, Length=0x2cc, ReturnLength=null ) => 0
6774:651c @ 118014453 - LdrpGetProcedureAddress - INFO: Locating procedure "EtwEventWriteTransfer" by name
NtQueryInformationThread( ThreadHandle=-2, ThreadInformationClass=0x1d [ThreadWow64Context], ThreadInformation=0xb7dd20, Length=0x2cc, ReturnLength=null ) => 0
6774:651c @ 118014453 - LdrpGetProcedureAddress - INFO: Locating procedure "EtwEventSetInformation" by name
NtProtectVirtualMemory( ProcessHandle=-1, BaseAddress=0xb7e2a8 [0x76280000], Size=0xb7e298 [0x1000], NewProtect=2, OldProtect=0xb7e238 [4] ) => 0
NtSetInformationProcess( ProcessHandle=-1, ProcessInformationClass=0x23 [ProcessTlsInformation], ProcessInformation=0xb7eb50, Length=0x28 ) => 0
NtApphelpCacheControl( ServiceClass=6, ServiceData="" ) => 0
NtApphelpCacheControl( ServiceClass=6, ServiceData="" ) => 0
NtSetInformationVirtualMemory( ProcessHandle=-1, VmInformationClass=4, NumberOfEntries=1, VirtualAddresses=0xb7eb70, VmInformation=0xd7f3d4, VmInformationLength=4 ) => 0xc00000bb [50 'The request is not supported.']
NtQueryInformationThread( ThreadHandle=-2, ThreadInformationClass=0x1d [ThreadWow64Context], ThreadInformation=0xb7dd20, Length=0x2cc, ReturnLength=null ) => 0
6774:651c @ 118014453 - LdrpInitializeNode - INFO: Calling init routine 76199180 for DLL "C:\Windows\System32\KERNELBASE.dll"
NtQuerySystemInformation( SystemInformationClass=0x3e [SystemEmulationBasicInformation], SystemInformation=0xb7eb40, Length=0x40, ReturnLength=0xb7e2b8 [0x40] ) => 0
NtOpenSection( SectionHandle=0xb7e0b0 [0xa0], DesiredAccess=0x4, ObjectAttributes="\Sessions\1\Windows\SharedSection" ) => 0
NtCreateSection( SectionHandle=0xb7e0d0 [0xa4], DesiredAccess=DELETE|READ_CONTROL|WRITE_DAC|WRITE_OWNER|0x1f, ObjectAttributes=null, SectionSize=0xb7e0c0 [65536], Protect=4, Attributes=0x08000000, FileHandle=0 ) => 0
NtConnectPort( PortHandle=0x7ffde971cc48 [0xa8], PortName="\Sessions\1\Windows\ApiPort", SecurityQos=0xb7e1f0, ClientView=0xb7e0e8, ServerView=0xb7e118, MaxMsgLength=0xb7e0e0 [0x3b8], ConnectionInfo=0xb7e160, ConnectionInfoLength=0xb7e0b8 [0x30] ) => 0
NtClose( Handle=0xa4 ) => 0
NtMapViewOfSection( SectionHandle=0xa0, ProcessHandle=-1, BaseAddress=0xb7e0c8 [0x7f9c0000], ZeroBits=0, CommitSize=0, SectionOffset=null, ViewSize=0xb7e0d8 [0x00100000], InheritDisposition=2 [ViewUnmap], AllocationType=0x00500000, Protect=2 ) => 0
NtClose( Handle=0xa0 ) => 0
NtInitializeNlsFiles( BaseAddress=0xb7e2d0 [0x01000000], DefaultLocaleId=0x7627e914 [0x809], DefaultCasingTableSize=null ) => 0
NtQueryObject( ObjectHandle=4, ObjectInformationClass=1 [ObjectNameInformation], ObjectInformation=0xb7dfd0, Length=0x210, ReturnLength=null ) => 0
NtCreateFile( FileHandle=0xb7e280 [0xa0], DesiredAccess=READ_CONTROL|SYNCHRONIZE|0x19f, ObjectAttributes=4:"\Connect", IoStatusBlock=0xb7e298 [0/0x18], AllocationSize=null, FileAttributes=0, ShareAccess=7, CreateDisposition=2, CreateOptions=0x20, EaBuffer=0x125ac60, EaLength=0x54b ) => 0
NtSetInformationProcess( ProcessHandle=-1, ProcessInformationClass=0x31 [ProcessOwnerInformation], ProcessInformation=0xb7e290, Length=8 ) => 0
NtTraceControl( CtrlCode=0x8000000f, InputBuffer=0xd7ef70, InputBufferLength=0xa0, OutputBuffer=0xd7ef70, OutputBufferLength=0xa0, ReturnLength=0xd7ef68 [0xa0] ) => 0
NtTraceControl( CtrlCode=0x8000001e, InputBuffer=0xd7f038, InputBufferLength=0x18, OutputBuffer=0xd7efc0, OutputBufferLength=0x78, ReturnLength=0xd7efb8 [0] ) => 0
NtOpenProcessToken( ProcessHandle=-1, DesiredAccess=0x8, TokenHandle=0xb7e2f0 [0xac] ) => 0
NtQueryInformationToken( TokenHandle=0xac, TokenInformationClass=0xc [TokenSessionId], TokenInformation=0xd7ea34, Length=4, ReturnLength=0xd7ea28 [4] ) => 0
NtQueryInformationToken( TokenHandle=0xac, TokenInformationClass=0x1d [TokenIsAppContainer], TokenInformation=0xd7ea4c, Length=4, ReturnLength=0xd7ea28 [4] ) => 0
NtQueryInformationToken( TokenHandle=0xac, TokenInformationClass=0x2a [TokenPrivateNameSpace], TokenInformation=0xd7ea30, Length=4, ReturnLength=0xd7ea28 [4] ) => 0
NtOpenDirectoryObject( DirectoryHandle=0xb7e2f8 [0xb0], DesiredAccess=0xf, ObjectAttributes="\Sessions\1\BaseNamedObjects" ) => 0
NtQueryInformationToken( TokenHandle=0xac, TokenInformationClass=0x2c [TokenBnoIsolation], TokenInformation=null, Length=0, ReturnLength=0xb7e190 ) => 0xc0000023 [122 'The data area passed to a system call is too small.']
NtQueryInformationToken( TokenHandle=0xac, TokenInformationClass=0x2c [TokenBnoIsolation], TokenInformation=0xb7eb70, Length=0x10, ReturnLength=0xb7e190 [0x10] ) => 0
NtQueryObject( ObjectHandle=0xb0, ObjectInformationClass=1 [ObjectNameInformation], ObjectInformation=0xb7e060, Length=0x210, ReturnLength=null ) => 0
NtCreateMutant( MutantHandle=0xb7e2f8 [0xac], DesiredAccess=DELETE|READ_CONTROL|WRITE_DAC|WRITE_OWNER|SYNCHRONIZE|0x1, ObjectAttributes=0xb0:"Local\SM0:26484:168:WilStaging_02", InitialOwner=false ) => 0
NtQueryObject( ObjectHandle=0xb0, ObjectInformationClass=1 [ObjectNameInformation], ObjectInformation=0xb7e060, Length=0x210, ReturnLength=null ) => 0
NtOpenSemaphore( SemaphoreHandle=0xb7e2f8, DesiredAccess=DELETE|READ_CONTROL|WRITE_DAC|WRITE_OWNER|SYNCHRONIZE|0x3, ObjectAttributes=0xb0:"Local\SM0:26484:168:WilStaging_02_p0" ) => 0xc0000034 [2 'The system cannot find the file specified.']
NtQueryInformationThread( ThreadHandle=-2, ThreadInformationClass=0x1d [ThreadWow64Context], ThreadInformation=0xb7dd20, Length=0x2cc, ReturnLength=null ) => 0
6774:651c @ 118014453 - LdrGetDllHandleEx - ENTER: DLL name: ntdll.dll
NtQueryInformationThread( ThreadHandle=-2, ThreadInformationClass=0x1d [ThreadWow64Context], ThreadInformation=0xb7dd20, Length=0x2cc, ReturnLength=null ) => 0
6774:651c @ 118014453 - LdrpFindLoadedDllInternal - RETURN: Status: 0x00000000
NtQueryInformationThread( ThreadHandle=-2, ThreadInformationClass=0x1d [ThreadWow64Context], ThreadInformation=0xb7dd20, Length=0x2cc, ReturnLength=null ) => 0
6774:651c @ 118014453 - LdrGetDllHandleEx - RETURN: Status: 0x00000000
NtQueryInformationThread( ThreadHandle=-2, ThreadInformationClass=0x1d [ThreadWow64Context], ThreadInformation=0xb7dd20, Length=0x2cc, ReturnLength=null ) => 0
6774:651c @ 118014453 - LdrpGetProcedureAddress - INFO: Locating procedure "RtlDisownModuleHeapAllocation" by name
NtQueryObject( ObjectHandle=0xb0, ObjectInformationClass=1 [ObjectNameInformation], ObjectInformation=0xb7e040, Length=0x210, ReturnLength=null ) => 0
NtCreateSemaphore( SemaphoreHandle=0xb7e2f8 [0xb4], DesiredAccess=DELETE|READ_CONTROL|WRITE_DAC|WRITE_OWNER|SYNCHRONIZE|0x3, ObjectAttributes=0xb0:"Local\SM0:26484:168:WilStaging_02_p0", InitialCount=0x00496b4e, MaxCount=0x00496b4e ) => 0
NtOpenKeyEx( KeyHandle=0xb7e228, DesiredAccess=KEY_READ, ObjectAttributes="\Registry\Machine\System\CurrentControlSet\Control\StateSeparation\RedirectionMap\Keys", OpenOptions=0 ) => 0xc0000034 [2 'The system cannot find the file specified.']
NtTraceControl( CtrlCode=0x8000000f, InputBuffer=0xd7f1b0, InputBufferLength=0xa0, OutputBuffer=0xd7f1b0, OutputBufferLength=0xa0, ReturnLength=0xd7f1a8 [0xa0] ) => 0
NtTraceControl( CtrlCode=0x8000001e, InputBuffer=0xd7f278, InputBufferLength=0x18, OutputBuffer=0xd7f200, OutputBufferLength=0x78, ReturnLength=0xd7f1f8 [0] ) => 0
NtTraceControl( CtrlCode=0x8000000f, InputBuffer=0xd7f1b8, InputBufferLength=0xa0, OutputBuffer=0xd7f1b8, OutputBufferLength=0xa0, ReturnLength=0xd7f1b0 [0xa0] ) => 0
NtTraceControl( CtrlCode=0x8000001e, InputBuffer=0xd7f280, InputBufferLength=0x18, OutputBuffer=0xd7f208, OutputBufferLength=0x78, ReturnLength=0xd7f200 [0] ) => 0
NtSetInformationVirtualMemory( ProcessHandle=-1, VmInformationClass=4, NumberOfEntries=1, VirtualAddresses=0xb7eb70, VmInformation=0xd7f3fc, VmInformationLength=4 ) => 0xc00000bb [50 'The request is not supported.']
NtQueryInformationThread( ThreadHandle=-2, ThreadInformationClass=0x1d [ThreadWow64Context], ThreadInformation=0xb7dd20, Length=0x2cc, ReturnLength=null ) => 0
6774:651c @ 118014453 - LdrpInitializeNode - INFO: Calling init routine 76F0F8E0 for DLL "C:\Windows\System32\KERNEL32.DLL"
NtQueryObject( ObjectHandle=0x54, ObjectInformationClass=1 [ObjectNameInformation], ObjectInformation=0xb7e050, Length=0x210, ReturnLength=null ) => 0
NtQueryKey( KeyHandle=0x54, KeyInformationClass=7 [KeyHandleTagsInformation], KeyInformation=0xb7e208, Length=4, ResultLength=0xb7e1a4 [4] ) => 0
NtOpenKeyEx( KeyHandle=0xb7e228 [0xc0], DesiredAccess=0x9, ObjectAttributes=0x54:"test.exe", OpenOptions=0 ) => 0
NtQueryValueKey( KeyHandle=0xc0, ValueName="UseFilter", KeyValueInformationClass=2 [KeyValuePartialInformation], KeyValueInformation=0xd7ee10, Length=0x220, ResultLength=0xd7ee04 ) => 0xc0000034 [2 'The system cannot find the file specified.']
NtQueryValueKey( KeyHandle=0xc0, ValueName="SearchPathMode", KeyValueInformationClass=2 [KeyValuePartialInformation], KeyValueInformation=0xd7ec70, Length=0x400, ResultLength=0xd7ec58 ) => 0xc0000034 [2 'The system cannot find the file specified.']
NtQuerySystemInformation( SystemInformationClass=0x3e [SystemEmulationBasicInformation], SystemInformation=0xb7eb40, Length=0x40, ReturnLength=0xb7e2b8 [0x40] ) => 0
NtQueryInformationThread( ThreadHandle=-2, ThreadInformationClass=0x1d [ThreadWow64Context], ThreadInformation=0xb7dd20, Length=0x2cc, ReturnLength=null ) => 0
6774:651c @ 118014453 - LdrpLoadDllInternal - RETURN: Status: 0x00000000
NtQueryInformationThread( ThreadHandle=-2, ThreadInformationClass=0x1d [ThreadWow64Context], ThreadInformation=0xb7dd20, Length=0x2cc, ReturnLength=null ) => 0
6774:651c @ 118014453 - LdrLoadDll - RETURN: Status: 0x00000000
NtQueryInformationThread( ThreadHandle=-2, ThreadInformationClass=0x1d [ThreadWow64Context], ThreadInformation=0xb7dd20, Length=0x2cc, ReturnLength=null ) => 0
6774:651c @ 118014453 - LdrpGetProcedureAddress - INFO: Locating procedure "BaseThreadInitThunk" by name
NtQueryInformationThread( ThreadHandle=-2, ThreadInformationClass=0x1d [ThreadWow64Context], ThreadInformation=0xb7dd20, Length=0x2cc, ReturnLength=null ) => 0
6774:651c @ 118014453 - LdrpGetProcedureAddress - INFO: Locating procedure "TermsrvGetWindowsDirectoryW" by name
NtQueryInformationThread( ThreadHandle=-2, ThreadInformationClass=0x1d [ThreadWow64Context], ThreadInformation=0xb7dd20, Length=0x2cc, ReturnLength=null ) => 0
6774:651c @ 118014453 - LdrpGetProcedureAddress - INFO: Locating procedure "BaseQueryModuleData" by name
NtQueryInformationThread( ThreadHandle=-2, ThreadInformationClass=0x1d [ThreadWow64Context], ThreadInformation=0xb7dd20, Length=0x2cc, ReturnLength=null ) => 0
6774:651c @ 118014453 - LdrpPreprocessDllName - INFO: DLL ext-ms-win-kernel32-appcompat-l1-1-0.dll was redirected to C:\Windows\SYSTEM32\kernel32.dll by API set
NtQueryInformationThread( ThreadHandle=-2, ThreadInformationClass=0x1d [ThreadWow64Context], ThreadInformation=0xb7dd20, Length=0x2cc, ReturnLength=null ) => 0
6774:651c @ 118014453 - LdrpLoadDllInternal - ENTER: DLL name: C:\Windows\SYSTEM32\kernel32.dll
NtQueryInformationThread( ThreadHandle=-2, ThreadInformationClass=0x1d [ThreadWow64Context], ThreadInformation=0xb7dd20, Length=0x2cc, ReturnLength=null ) => 0
6774:651c @ 118014453 - LdrpLoadDllInternal - RETURN: Status: 0x00000000
NtQueryInformationThread( ThreadHandle=-2, ThreadInformationClass=0x1d [ThreadWow64Context], ThreadInformation=0xb7dd20, Length=0x2cc, ReturnLength=null ) => 0
6774:651c @ 118014453 - LdrpGetProcedureAddress - INFO: Locating procedure "BaseDumpAppcompatCacheWorker" by name
NtQueryInformationThread( ThreadHandle=-2, ThreadInformationClass=0x1d [ThreadWow64Context], ThreadInformation=0xb7dd20, Length=0x2cc, ReturnLength=null ) => 0
6774:651c @ 118014453 - LdrpGetProcedureAddress - INFO: Locating procedure "BaseCleanupAppcompatCacheSupportWorker" by name
NtQueryInformationThread( ThreadHandle=-2, ThreadInformationClass=0x1d [ThreadWow64Context], ThreadInformation=0xb7dd20, Length=0x2cc, ReturnLength=null ) => 0
6774:651c @ 118014453 - LdrpGetProcedureAddress - INFO: Locating procedure "BaseFreeAppCompatDataForProcessWorker" by name
NtQueryInformationThread( ThreadHandle=-2, ThreadInformationClass=0x1d [ThreadWow64Context], ThreadInformation=0xb7dd20, Length=0x2cc, ReturnLength=null ) => 0
6774:651c @ 118014453 - LdrpGetProcedureAddress - INFO: Locating procedure "BaseCheckAppcompatCacheExWorker" by name
NtQueryInformationThread( ThreadHandle=-2, ThreadInformationClass=0x1d [ThreadWow64Context], ThreadInformation=0xb7dd20, Length=0x2cc, ReturnLength=null ) => 0
6774:651c @ 118014453 - LdrpGetProcedureAddress - INFO: Locating procedure "BaseReadAppCompatDataForProcessWorker" by name
NtQueryInformationThread( ThreadHandle=-2, ThreadInformationClass=0x1d [ThreadWow64Context], ThreadInformation=0xb7dd20, Length=0x2cc, ReturnLength=null ) => 0
6774:651c @ 118014453 - LdrpGetProcedureAddress - INFO: Locating procedure "BaseInitAppcompatCacheSupportWorker" by name
NtQueryInformationThread( ThreadHandle=-2, ThreadInformationClass=0x1d [ThreadWow64Context], ThreadInformation=0xb7dd20, Length=0x2cc, ReturnLength=null ) => 0
6774:651c @ 118014453 - LdrpGetProcedureAddress - INFO: Locating procedure "BaseIsAppcompatInfrastructureDisabledWorker" by name
NtQueryInformationThread( ThreadHandle=-2, ThreadInformationClass=0x1d [ThreadWow64Context], ThreadInformation=0xb7dd20, Length=0x2cc, ReturnLength=null ) => 0
6774:651c @ 118014453 - LdrpGetProcedureAddress - INFO: Locating procedure "BaseFlushAppcompatCacheWorker" by name
NtQueryInformationThread( ThreadHandle=-2, ThreadInformationClass=0x1d [ThreadWow64Context], ThreadInformation=0xb7dd20, Length=0x2cc, ReturnLength=null ) => 0
6774:651c @ 118014453 - LdrpGetProcedureAddress - INFO: Locating procedure "BaseCheckAppcompatCacheWorker" by name
NtQueryInformationThread( ThreadHandle=-2, ThreadInformationClass=0x1d [ThreadWow64Context], ThreadInformation=0xb7dd20, Length=0x2cc, ReturnLength=null ) => 0
6774:651c @ 118014453 - LdrpGetProcedureAddress - INFO: Locating procedure "BaseUpdateAppcompatCacheWorker" by name
NtProtectVirtualMemory( ProcessHandle=-1, BaseAddress=0xb7e2a8 [0x76286000], Size=0xb7e298 [0x1000], NewProtect=4, OldProtect=0xb7e238 [2] ) => 0
NtProtectVirtualMemory( ProcessHandle=-1, BaseAddress=0xb7e2a8 [0x76286000], Size=0xb7e298 [0x1000], NewProtect=2, OldProtect=0xb7e238 [4] ) => 0
NtQueryInformationThread( ThreadHandle=-2, ThreadInformationClass=0x1d [ThreadWow64Context], ThreadInformation=0xb7dd20, Length=0x2cc, ReturnLength=null ) => 0
6774:651c @ 118014453 - LdrpPreprocessDllName - INFO: DLL ext-ms-win-kernel32-file-l1-1-0.dll was redirected to C:\Windows\SYSTEM32\kernel32.dll by API set
NtQueryInformationThread( ThreadHandle=-2, ThreadInformationClass=0x1d [ThreadWow64Context], ThreadInformation=0xb7dd20, Length=0x2cc, ReturnLength=null ) => 0
6774:651c @ 118014453 - LdrpLoadDllInternal - ENTER: DLL name: C:\Windows\SYSTEM32\kernel32.dll
NtQueryInformationThread( ThreadHandle=-2, ThreadInformationClass=0x1d [ThreadWow64Context], ThreadInformation=0xb7dd20, Length=0x2cc, ReturnLength=null ) => 0
6774:651c @ 118014453 - LdrpLoadDllInternal - RETURN: Status: 0x00000000
NtQueryInformationThread( ThreadHandle=-2, ThreadInformationClass=0x1d [ThreadWow64Context], ThreadInformation=0xb7dd20, Length=0x2cc, ReturnLength=null ) => 0
6774:651c @ 118014453 - LdrpGetProcedureAddress - INFO: Locating procedure "SetVolumeMountPointWStub" by name
NtQueryInformationThread( ThreadHandle=-2, ThreadInformationClass=0x1d [ThreadWow64Context], ThreadInformation=0xb7dd20, Length=0x2cc, ReturnLength=null ) => 0
6774:651c @ 118014453 - LdrpGetProcedureAddress - INFO: Locating procedure "BasepSetFileEncryptionCompression" by name
NtQueryInformationThread( ThreadHandle=-2, ThreadInformationClass=0x1d [ThreadWow64Context], ThreadInformation=0xb7dd20, Length=0x2cc, ReturnLength=null ) => 0
6774:651c @ 118014453 - LdrpGetProcedureAddress - INFO: Locating procedure "BasepCopyEncryption" by name
NtQueryInformationThread( ThreadHandle=-2, ThreadInformationClass=0x1d [ThreadWow64Context], ThreadInformation=0xb7dd20, Length=0x2cc, ReturnLength=null ) => 0
6774:651c @ 118014453 - LdrpGetProcedureAddress - INFO: Locating procedure "BasepGetComputerNameFromNtPath" by name
NtProtectVirtualMemory( ProcessHandle=-1, BaseAddress=0xb7e2a8 [0x76286000], Size=0xb7e298 [0x1000], NewProtect=4, OldProtect=0xb7e238 [2] ) => 0
NtProtectVirtualMemory( ProcessHandle=-1, BaseAddress=0xb7e2a8 [0x76286000], Size=0xb7e298 [0x1000], NewProtect=2, OldProtect=0xb7e238 [4] ) => 0
NtQueryInformationThread( ThreadHandle=-2, ThreadInformationClass=0x1d [ThreadWow64Context], ThreadInformation=0xb7dd20, Length=0x2cc, ReturnLength=null ) => 0
6774:651c @ 118014453 - LdrpPreprocessDllName - INFO: DLL ext-ms-win-kernel32-datetime-l1-1-0.dll was redirected to C:\Windows\SYSTEM32\kernel32.dll by API set
NtQueryInformationThread( ThreadHandle=-2, ThreadInformationClass=0x1d [ThreadWow64Context], ThreadInformation=0xb7dd20, Length=0x2cc, ReturnLength=null ) => 0
6774:651c @ 118014453 - LdrpLoadDllInternal - ENTER: DLL name: C:\Windows\SYSTEM32\kernel32.dll
NtQueryInformationThread( ThreadHandle=-2, ThreadInformationClass=0x1d [ThreadWow64Context], ThreadInformation=0xb7dd20, Length=0x2cc, ReturnLength=null ) => 0
6774:651c @ 118014453 - LdrpLoadDllInternal - RETURN: Status: 0x00000000
NtQueryInformationThread( ThreadHandle=-2, ThreadInformationClass=0x1d [ThreadWow64Context], ThreadInformation=0xb7dd20, Length=0x2cc, ReturnLength=null ) => 0
6774:651c @ 118014453 - LdrpGetProcedureAddress - INFO: Locating procedure "GetTimeFormatWWorker" by name
NtQueryInformationThread( ThreadHandle=-2, ThreadInformationClass=0x1d [ThreadWow64Context], ThreadInformation=0xb7dd20, Length=0x2cc, ReturnLength=null ) => 0
6774:651c @ 118014453 - LdrpGetProcedureAddress - INFO: Locating procedure "GetDateFormatAWorker" by name
NtQueryInformationThread( ThreadHandle=-2, ThreadInformationClass=0x1d [ThreadWow64Context], ThreadInformation=0xb7dd20, Length=0x2cc, ReturnLength=null ) => 0
6774:651c @ 118014453 - LdrpGetProcedureAddress - INFO: Locating procedure "GetTimeFormatAWorker" by name
NtQueryInformationThread( ThreadHandle=-2, ThreadInformationClass=0x1d [ThreadWow64Context], ThreadInformation=0xb7dd20, Length=0x2cc, ReturnLength=null ) => 0
6774:651c @ 118014453 - LdrpGetProcedureAddress - INFO: Locating procedure "GetDateFormatWWorker" by name
NtProtectVirtualMemory( ProcessHandle=-1, BaseAddress=0xb7e2a8 [0x76286000], Size=0xb7e298 [0x1000], NewProtect=4, OldProtect=0xb7e238 [2] ) => 0
NtProtectVirtualMemory( ProcessHandle=-1, BaseAddress=0xb7e2a8 [0x76286000], Size=0xb7e298 [0x1000], NewProtect=2, OldProtect=0xb7e238 [4] ) => 0
NtQueryInformationThread( ThreadHandle=-2, ThreadInformationClass=0x1d [ThreadWow64Context], ThreadInformation=0xb7dd20, Length=0x2cc, ReturnLength=null ) => 0
6774:651c @ 118014453 - LdrpPreprocessDllName - INFO: DLL ext-ms-win-kernel32-quirks-l1-1-0.dll was redirected to C:\Windows\SYSTEM32\kernel32.dll by API set
NtQueryInformationThread( ThreadHandle=-2, ThreadInformationClass=0x1d [ThreadWow64Context], ThreadInformation=0xb7dd20, Length=0x2cc, ReturnLength=null ) => 0
6774:651c @ 118014453 - LdrpLoadDllInternal - ENTER: DLL name: C:\Windows\SYSTEM32\kernel32.dll
NtQueryInformationThread( ThreadHandle=-2, ThreadInformationClass=0x1d [ThreadWow64Context], ThreadInformation=0xb7dd20, Length=0x2cc, ReturnLength=null ) => 0
6774:651c @ 118014453 - LdrpLoadDllInternal - RETURN: Status: 0x00000000
NtQueryInformationThread( ThreadHandle=-2, ThreadInformationClass=0x1d [ThreadWow64Context], ThreadInformation=0xb7dd20, Length=0x2cc, ReturnLength=null ) => 0
6774:651c @ 118014453 - LdrpGetProcedureAddress - INFO: Locating procedure "QuirkIsEnabledForPackage2Worker" by name
NtQueryInformationThread( ThreadHandle=-2, ThreadInformationClass=0x1d [ThreadWow64Context], ThreadInformation=0xb7dd20, Length=0x2cc, ReturnLength=null ) => 0
6774:651c @ 118014453 - LdrpGetProcedureAddress - INFO: Locating procedure "QuirkIsEnabledForPackageWorker" by name
NtQueryInformationThread( ThreadHandle=-2, ThreadInformationClass=0x1d [ThreadWow64Context], ThreadInformation=0xb7dd20, Length=0x2cc, ReturnLength=null ) => 0
6774:651c @ 118014453 - LdrpGetProcedureAddress - INFO: Locating procedure "QuirkGetDataWorker" by name
NtQueryInformationThread( ThreadHandle=-2, ThreadInformationClass=0x1d [ThreadWow64Context], ThreadInformation=0xb7dd20, Length=0x2cc, ReturnLength=null ) => 0
6774:651c @ 118014453 - LdrpGetProcedureAddress - INFO: Locating procedure "QuirkIsEnabledWorker" by name
NtQueryInformationThread( ThreadHandle=-2, ThreadInformationClass=0x1d [ThreadWow64Context], ThreadInformation=0xb7dd20, Length=0x2cc, ReturnLength=null ) => 0
6774:651c @ 118014453 - LdrpGetProcedureAddress - INFO: Locating procedure "QuirkIsEnabled2Worker" by name
NtQueryInformationThread( ThreadHandle=-2, ThreadInformationClass=0x1d [ThreadWow64Context], ThreadInformation=0xb7dd20, Length=0x2cc, ReturnLength=null ) => 0
6774:651c @ 118014453 - LdrpGetProcedureAddress - INFO: Locating procedure "QuirkGetData2Worker" by name
NtQueryInformationThread( ThreadHandle=-2, ThreadInformationClass=0x1d [ThreadWow64Context], ThreadInformation=0xb7dd20, Length=0x2cc, ReturnLength=null ) => 0
6774:651c @ 118014453 - LdrpGetProcedureAddress - INFO: Locating procedure "QuirkIsEnabledForProcessWorker" by name
NtQueryInformationThread( ThreadHandle=-2, ThreadInformationClass=0x1d [ThreadWow64Context], ThreadInformation=0xb7dd20, Length=0x2cc, ReturnLength=null ) => 0
6774:651c @ 118014453 - LdrpGetProcedureAddress - INFO: Locating procedure "QuirkIsEnabled3Worker" by name
NtProtectVirtualMemory( ProcessHandle=-1, BaseAddress=0xb7e2a8 [0x76286000], Size=0xb7e298 [0x1000], NewProtect=4, OldProtect=0xb7e238 [2] ) => 0
NtProtectVirtualMemory( ProcessHandle=-1, BaseAddress=0xb7e2a8 [0x76286000], Size=0xb7e298 [0x1000], NewProtect=2, OldProtect=0xb7e238 [4] ) => 0
NtQueryInformationThread( ThreadHandle=-2, ThreadInformationClass=0x1d [ThreadWow64Context], ThreadInformation=0xb7dd20, Length=0x2cc, ReturnLength=null ) => 0
6774:651c @ 118014453 - LdrpPreprocessDllName - INFO: DLL ext-ms-win-kernel32-quirks-l1-1-1.dll was redirected to C:\Windows\SYSTEM32\kernel32.dll by API set
NtQueryInformationThread( ThreadHandle=-2, ThreadInformationClass=0x1d [ThreadWow64Context], ThreadInformation=0xb7dd20, Length=0x2cc, ReturnLength=null ) => 0
6774:651c @ 118014453 - LdrpLoadDllInternal - ENTER: DLL name: C:\Windows\SYSTEM32\kernel32.dll
NtQueryInformationThread( ThreadHandle=-2, ThreadInformationClass=0x1d [ThreadWow64Context], ThreadInformation=0xb7dd20, Length=0x2cc, ReturnLength=null ) => 0
6774:651c @ 118014453 - LdrpLoadDllInternal - RETURN: Status: 0x00000000
NtQueryInformationThread( ThreadHandle=-2, ThreadInformationClass=0x1d [ThreadWow64Context], ThreadInformation=0xb7dd20, Length=0x2cc, ReturnLength=null ) => 0
6774:651c @ 118014453 - LdrpGetProcedureAddress - INFO: Locating procedure "QuirkIsEnabledForPackage3Worker" by name
NtQueryInformationThread( ThreadHandle=-2, ThreadInformationClass=0x1d [ThreadWow64Context], ThreadInformation=0xb7dd20, Length=0x2cc, ReturnLength=null ) => 0
6774:651c @ 118014453 - LdrpGetProcedureAddress - INFO: Locating procedure "QuirkIsEnabledForPackage4Worker" by name
NtProtectVirtualMemory( ProcessHandle=-1, BaseAddress=0xb7e2a8 [0x76286000], Size=0xb7e298 [0x1000], NewProtect=4, OldProtect=0xb7e238 [2] ) => 0
NtProtectVirtualMemory( ProcessHandle=-1, BaseAddress=0xb7e2a8 [0x76286000], Size=0xb7e298 [0x1000], NewProtect=2, OldProtect=0xb7e238 [4] ) => 0
NtQueryInformationThread( ThreadHandle=-2, ThreadInformationClass=0x1d [ThreadWow64Context], ThreadInformation=0xb7dd20, Length=0x2cc, ReturnLength=null ) => 0
6774:651c @ 118014453 - LdrpPreprocessDllName - INFO: DLL ext-ms-win-kernel32-sidebyside-l1-1-0.dll was redirected to C:\Windows\SYSTEM32\kernel32.dll by API set
NtQueryInformationThread( ThreadHandle=-2, ThreadInformationClass=0x1d [ThreadWow64Context], ThreadInformation=0xb7dd20, Length=0x2cc, ReturnLength=null ) => 0
6774:651c @ 118014453 - LdrpLoadDllInternal - ENTER: DLL name: C:\Windows\SYSTEM32\kernel32.dll
NtQueryInformationThread( ThreadHandle=-2, ThreadInformationClass=0x1d [ThreadWow64Context], ThreadInformation=0xb7dd20, Length=0x2cc, ReturnLength=null ) => 0
6774:651c @ 118014453 - LdrpLoadDllInternal - RETURN: Status: 0x00000000
NtQueryInformationThread( ThreadHandle=-2, ThreadInformationClass=0x1d [ThreadWow64Context], ThreadInformation=0xb7dd20, Length=0x2cc, ReturnLength=null ) => 0
6774:651c @ 118014453 - LdrpGetProcedureAddress - INFO: Locating procedure "AddRefActCtxWorker" by name
NtQueryInformationThread( ThreadHandle=-2, ThreadInformationClass=0x1d [ThreadWow64Context], ThreadInformation=0xb7dd20, Length=0x2cc, ReturnLength=null ) => 0
6774:651c @ 118014453 - LdrpGetProcedureAddress - INFO: Locating procedure "ReleaseActCtxWorker" by name
NtQueryInformationThread( ThreadHandle=-2, ThreadInformationClass=0x1d [ThreadWow64Context], ThreadInformation=0xb7dd20, Length=0x2cc, ReturnLength=null ) => 0
6774:651c @ 118014453 - LdrpGetProcedureAddress - INFO: Locating procedure "CreateActCtxWWorker" by name
NtQueryInformationThread( ThreadHandle=-2, ThreadInformationClass=0x1d [ThreadWow64Context], ThreadInformation=0xb7dd20, Length=0x2cc, ReturnLength=null ) => 0
6774:651c @ 118014453 - LdrpGetProcedureAddress - INFO: Locating procedure "FindActCtxSectionStringWWorker" by name
NtQueryInformationThread( ThreadHandle=-2, ThreadInformationClass=0x1d [ThreadWow64Context], ThreadInformation=0xb7dd20, Length=0x2cc, ReturnLength=null ) => 0
6774:651c @ 118014453 - LdrpGetProcedureAddress - INFO: Locating procedure "ActivateActCtxWorker" by name
NtQueryInformationThread( ThreadHandle=-2, ThreadInformationClass=0x1d [ThreadWow64Context], ThreadInformation=0xb7dd20, Length=0x2cc, ReturnLength=null ) => 0
6774:651c @ 118014453 - LdrpGetProcedureAddress - INFO: Locating procedure "GetCurrentActCtxWorker" by name
NtQueryInformationThread( ThreadHandle=-2, ThreadInformationClass=0x1d [ThreadWow64Context], ThreadInformation=0xb7dd20, Length=0x2cc, ReturnLength=null ) => 0
6774:651c @ 118014453 - LdrpGetProcedureAddress - INFO: Locating procedure "ZombifyActCtxWorker" by name
NtQueryInformationThread( ThreadHandle=-2, ThreadInformationClass=0x1d [ThreadWow64Context], ThreadInformation=0xb7dd20, Length=0x2cc, ReturnLength=null ) => 0
6774:651c @ 118014453 - LdrpGetProcedureAddress - INFO: Locating procedure "QueryActCtxSettingsWWorker" by name
NtQueryInformationThread( ThreadHandle=-2, ThreadInformationClass=0x1d [ThreadWow64Context], ThreadInformation=0xb7dd20, Length=0x2cc, ReturnLength=null ) => 0
6774:651c @ 118014453 - LdrpGetProcedureAddress - INFO: Locating procedure "DeactivateActCtxWorker" by name
NtQueryInformationThread( ThreadHandle=-2, ThreadInformationClass=0x1d [ThreadWow64Context], ThreadInformation=0xb7dd20, Length=0x2cc, ReturnLength=null ) => 0
6774:651c @ 118014453 - LdrpGetProcedureAddress - INFO: Locating procedure "QueryActCtxWWorker" by name
NtQueryInformationThread( ThreadHandle=-2, ThreadInformationClass=0x1d [ThreadWow64Context], ThreadInformation=0xb7dd20, Length=0x2cc, ReturnLength=null ) => 0
6774:651c @ 118014453 - LdrpGetProcedureAddress - INFO: Locating procedure "FindActCtxSectionGuidWorker" by name
NtProtectVirtualMemory( ProcessHandle=-1, BaseAddress=0xb7e2a8 [0x76286000], Size=0xb7e298 [0x1000], NewProtect=4, OldProtect=0xb7e238 [2] ) => 0
NtProtectVirtualMemory( ProcessHandle=-1, BaseAddress=0xb7e2a8 [0x76286000], Size=0xb7e298 [0x1000], NewProtect=2, OldProtect=0xb7e238 [4] ) => 0
NtQueryInformationThread( ThreadHandle=-2, ThreadInformationClass=0x1d [ThreadWow64Context], ThreadInformation=0xb7dd20, Length=0x2cc, ReturnLength=null ) => 0
6774:651c @ 118014453 - LdrpPreprocessDllName - INFO: DLL ext-ms-win-kernel32-errorhandling-l1-1-0.dll was redirected to C:\Windows\SYSTEM32\kernel32.dll by API set
NtQueryInformationThread( ThreadHandle=-2, ThreadInformationClass=0x1d [ThreadWow64Context], ThreadInformation=0xb7dd20, Length=0x2cc, ReturnLength=null ) => 0
6774:651c @ 118014453 - LdrpLoadDllInternal - ENTER: DLL name: C:\Windows\SYSTEM32\kernel32.dll
NtQueryInformationThread( ThreadHandle=-2, ThreadInformationClass=0x1d [ThreadWow64Context], ThreadInformation=0xb7dd20, Length=0x2cc, ReturnLength=null ) => 0
6774:651c @ 118014453 - LdrpLoadDllInternal - RETURN: Status: 0x00000000
NtQueryInformationThread( ThreadHandle=-2, ThreadInformationClass=0x1d [ThreadWow64Context], ThreadInformation=0xb7dd20, Length=0x2cc, ReturnLength=null ) => 0
6774:651c @ 118014453 - LdrpGetProcedureAddress - INFO: Locating procedure "BasepReportFault" by name
NtQueryInformationThread( ThreadHandle=-2, ThreadInformationClass=0x1d [ThreadWow64Context], ThreadInformation=0xb7dd20, Length=0x2cc, ReturnLength=null ) => 0
6774:651c @ 118014453 - LdrpGetProcedureAddress - INFO: Locating procedure "CheckForReadOnlyResourceFilter" by name
NtProtectVirtualMemory( ProcessHandle=-1, BaseAddress=0xb7e2a8 [0x76286000], Size=0xb7e298 [0x1000], NewProtect=4, OldProtect=0xb7e238 [2] ) => 0
NtProtectVirtualMemory( ProcessHandle=-1, BaseAddress=0xb7e2a8 [0x76286000], Size=0xb7e298 [0x1000], NewProtect=2, OldProtect=0xb7e238 [4] ) => 0
NtQueryInformationThread( ThreadHandle=-2, ThreadInformationClass=0x1d [ThreadWow64Context], ThreadInformation=0xb7dd20, Length=0x2cc, ReturnLength=null ) => 0
6774:651c @ 118014453 - LdrpPreprocessDllName - INFO: DLL ext-ms-win-kernel32-registry-l1-1-0.dll was redirected to C:\Windows\SYSTEM32\kernel32.dll by API set
NtQueryInformationThread( ThreadHandle=-2, ThreadInformationClass=0x1d [ThreadWow64Context], ThreadInformation=0xb7dd20, Length=0x2cc, ReturnLength=null ) => 0
6774:651c @ 118014453 - LdrpLoadDllInternal - ENTER: DLL name: C:\Windows\SYSTEM32\kernel32.dll
NtQueryInformationThread( ThreadHandle=-2, ThreadInformationClass=0x1d [ThreadWow64Context], ThreadInformation=0xb7dd20, Length=0x2cc, ReturnLength=null ) => 0
6774:651c @ 118014453 - LdrpLoadDllInternal - RETURN: Status: 0x00000000
NtQueryInformationThread( ThreadHandle=-2, ThreadInformationClass=0x1d [ThreadWow64Context], ThreadInformation=0xb7dd20, Length=0x2cc, ReturnLength=null ) => 0
6774:651c @ 118014453 - LdrpGetProcedureAddress - INFO: Locating procedure "TermsrvRestoreKey" by name
NtQueryInformationThread( ThreadHandle=-2, ThreadInformationClass=0x1d [ThreadWow64Context], ThreadInformation=0xb7dd20, Length=0x2cc, ReturnLength=null ) => 0
6774:651c @ 118014453 - LdrpGetProcedureAddress - INFO: Locating procedure "TermsrvDeleteValue" by name
NtQueryInformationThread( ThreadHandle=-2, ThreadInformationClass=0x1d [ThreadWow64Context], ThreadInformation=0xb7dd20, Length=0x2cc, ReturnLength=null ) => 0
6774:651c @ 118014453 - LdrpGetProcedureAddress - INFO: Locating procedure "TermsrvOpenRegEntry" by name
NtQueryInformationThread( ThreadHandle=-2, ThreadInformationClass=0x1d [ThreadWow64Context], ThreadInformation=0xb7dd20, Length=0x2cc, ReturnLength=null ) => 0
6774:651c @ 118014453 - LdrpGetProcedureAddress - INFO: Locating procedure "TermsrvCreateRegEntry" by name
NtQueryInformationThread( ThreadHandle=-2, ThreadInformationClass=0x1d [ThreadWow64Context], ThreadInformation=0xb7dd20, Length=0x2cc, ReturnLength=null ) => 0
6774:651c @ 118014453 - LdrpGetProcedureAddress - INFO: Locating procedure "TermsrvSetValueKey" by name
NtQueryInformationThread( ThreadHandle=-2, ThreadInformationClass=0x1d [ThreadWow64Context], ThreadInformation=0xb7dd20, Length=0x2cc, ReturnLength=null ) => 0
6774:651c @ 118014453 - LdrpGetProcedureAddress - INFO: Locating procedure "TermsrvDeleteKey" by name
NtQueryInformationThread( ThreadHandle=-2, ThreadInformationClass=0x1d [ThreadWow64Context], ThreadInformation=0xb7dd20, Length=0x2cc, ReturnLength=null ) => 0
6774:651c @ 118014453 - LdrpGetProcedureAddress - INFO: Locating procedure "TermsrvSetKeySecurity" by name
NtQueryInformationThread( ThreadHandle=-2, ThreadInformationClass=0x1d [ThreadWow64Context], ThreadInformation=0xb7dd20, Length=0x2cc, ReturnLength=null ) => 0
6774:651c @ 118014453 - LdrpGetProcedureAddress - INFO: Locating procedure "TermsrvOpenUserClasses" by name
NtQueryInformationThread( ThreadHandle=-2, ThreadInformationClass=0x1d [ThreadWow64Context], ThreadInformation=0xb7dd20, Length=0x2cc, ReturnLength=null ) => 0
6774:651c @ 118014453 - LdrpGetProcedureAddress - INFO: Locating procedure "BasepNotifyLoadStringResource" by name
NtQueryInformationThread( ThreadHandle=-2, ThreadInformationClass=0x1d [ThreadWow64Context], ThreadInformation=0xb7dd20, Length=0x2cc, ReturnLength=null ) => 0
6774:651c @ 118014453 - LdrpGetProcedureAddress - INFO: Locating procedure "TermsrvGetWindowsDirectoryW" by name
NtQueryInformationThread( ThreadHandle=-2, ThreadInformationClass=0x1d [ThreadWow64Context], ThreadInformation=0xb7dd20, Length=0x2cc, ReturnLength=null ) => 0
6774:651c @ 118014453 - LdrpGetProcedureAddress - INFO: Locating procedure "TermsrvGetWindowsDirectoryA" by name
NtQueryInformationThread( ThreadHandle=-2, ThreadInformationClass=0x1d [ThreadWow64Context], ThreadInformation=0xb7dd20, Length=0x2cc, ReturnLength=null ) => 0
6774:651c @ 118014453 - LdrpGetProcedureAddress - INFO: Locating procedure "TermsrvGetPreSetValue" by name
NtProtectVirtualMemory( ProcessHandle=-1, BaseAddress=0xb7e2a8 [0x76286000], Size=0xb7e298 [0x1000], NewProtect=4, OldProtect=0xb7e238 [2] ) => 0
NtProtectVirtualMemory( ProcessHandle=-1, BaseAddress=0xb7e2a8 [0x76286000], Size=0xb7e298 [0x1000], NewProtect=2, OldProtect=0xb7e238 [4] ) => 0
NtQueryInformationThread( ThreadHandle=-2, ThreadInformationClass=0x1d [ThreadWow64Context], ThreadInformation=0xb7dd20, Length=0x2cc, ReturnLength=null ) => 0
6774:651c @ 118014468 - LdrpPreprocessDllName - INFO: DLL ext-ms-win-kernelbase-processthread-l1-1-0.dll was redirected to C:\Windows\SYSTEM32\kernel32.dll by API set
NtQueryInformationThread( ThreadHandle=-2, ThreadInformationClass=0x1d [ThreadWow64Context], ThreadInformation=0xb7dd20, Length=0x2cc, ReturnLength=null ) => 0
6774:651c @ 118014468 - LdrpLoadDllInternal - ENTER: DLL name: C:\Windows\SYSTEM32\kernel32.dll
NtQueryInformationThread( ThreadHandle=-2, ThreadInformationClass=0x1d [ThreadWow64Context], ThreadInformation=0xb7dd20, Length=0x2cc, ReturnLength=null ) => 0
6774:651c @ 118014468 - LdrpLoadDllInternal - RETURN: Status: 0x00000000
NtQueryInformationThread( ThreadHandle=-2, ThreadInformationClass=0x1d [ThreadWow64Context], ThreadInformation=0xb7dd20, Length=0x2cc, ReturnLength=null ) => 0
6774:651c @ 118014468 - LdrpGetProcedureAddress - INFO: Locating procedure "BaseDestroyVDMEnvironment" by name
NtQueryInformationThread( ThreadHandle=-2, ThreadInformationClass=0x1d [ThreadWow64Context], ThreadInformation=0xb7dd20, Length=0x2cc, ReturnLength=null ) => 0
6774:651c @ 118014468 - LdrpGetProcedureAddress - INFO: Locating procedure "BasepPostSuccessAppXExtension" by name
NtQueryInformationThread( ThreadHandle=-2, ThreadInformationClass=0x1d [ThreadWow64Context], ThreadInformation=0xb7dd20, Length=0x2cc, ReturnLength=null ) => 0
6774:651c @ 118014468 - LdrpGetProcedureAddress - INFO: Locating procedure "BasepReleaseAppXContext" by name
NtQueryInformationThread( ThreadHandle=-2, ThreadInformationClass=0x1d [ThreadWow64Context], ThreadInformation=0xb7dd20, Length=0x2cc, ReturnLength=null ) => 0
6774:651c @ 118014468 - LdrpGetProcedureAddress - INFO: Locating procedure "BaseElevationPostProcessing" by name
NtQueryInformationThread( ThreadHandle=-2, ThreadInformationClass=0x1d [ThreadWow64Context], ThreadInformation=0xb7dd20, Length=0x2cc, ReturnLength=null ) => 0
6774:651c @ 118014468 - LdrpGetProcedureAddress - INFO: Locating procedure "BasepFreeAppCompatData" by name
NtQueryInformationThread( ThreadHandle=-2, ThreadInformationClass=0x1d [ThreadWow64Context], ThreadInformation=0xb7dd20, Length=0x2cc, ReturnLength=null ) => 0
6774:651c @ 118014468 - LdrpGetProcedureAddress - INFO: Locating procedure "BasepReleaseSxsCreateProcessUtilityStruct" by name
NtQueryInformationThread( ThreadHandle=-2, ThreadInformationClass=0x1d [ThreadWow64Context], ThreadInformation=0xb7dd20, Length=0x2cc, ReturnLength=null ) => 0
6774:651c @ 118014468 - LdrpGetProcedureAddress - INFO: Locating procedure "BasepAppXExtension" by name
NtQueryInformationThread( ThreadHandle=-2, ThreadInformationClass=0x1d [ThreadWow64Context], ThreadInformation=0xb7dd20, Length=0x2cc, ReturnLength=null ) => 0
6774:651c @ 118014468 - LdrpGetProcedureAddress - INFO: Locating procedure "BasepAppContainerEnvironmentExtension" by name
NtQueryInformationThread( ThreadHandle=-2, ThreadInformationClass=0x1d [ThreadWow64Context], ThreadInformation=0xb7dd20, Length=0x2cc, ReturnLength=null ) => 0
6774:651c @ 118014468 - LdrpGetProcedureAddress - INFO: Locating procedure "BasepQueryModuleChpeSettings" by name
NtQueryInformationThread( ThreadHandle=-2, ThreadInformationClass=0x1d [ThreadWow64Context], ThreadInformation=0xb7dd20, Length=0x2cc, ReturnLength=null ) => 0
6774:651c @ 118014468 - LdrpGetProcedureAddress - INFO: Locating procedure "BaseIsDosApplication" by name
NtQueryInformationThread( ThreadHandle=-2, ThreadInformationClass=0x1d [ThreadWow64Context], ThreadInformation=0xb7dd20, Length=0x2cc, ReturnLength=null ) => 0
6774:651c @ 118014468 - LdrpGetProcedureAddress - INFO: Locating procedure "BasepCheckWinSaferRestrictions" by name
NtQueryInformationThread( ThreadHandle=-2, ThreadInformationClass=0x1d [ThreadWow64Context], ThreadInformation=0xb7dd20, Length=0x2cc, ReturnLength=null ) => 0
6774:651c @ 118014468 - LdrpGetProcedureAddress - INFO: Locating procedure "NtVdm64CreateProcessInternalW" by name
NtQueryInformationThread( ThreadHandle=-2, ThreadInformationClass=0x1d [ThreadWow64Context], ThreadInformation=0xb7dd20, Length=0x2cc, ReturnLength=null ) => 0
6774:651c @ 118014468 - LdrpGetProcedureAddress - INFO: Locating procedure "RaiseInvalid16BitExeError" by name
NtQueryInformationThread( ThreadHandle=-2, ThreadInformationClass=0x1d [ThreadWow64Context], ThreadInformation=0xb7dd20, Length=0x2cc, ReturnLength=null ) => 0
6774:651c @ 118014468 - LdrpGetProcedureAddress - INFO: Locating procedure "BasepProcessInvalidImage" by name
NtQueryInformationThread( ThreadHandle=-2, ThreadInformationClass=0x1d [ThreadWow64Context], ThreadInformation=0xb7dd20, Length=0x2cc, ReturnLength=null ) => 0
6774:651c @ 118014468 - LdrpGetProcedureAddress - INFO: Locating procedure "BasepCheckWebBladeHashes" by name
NtQueryInformationThread( ThreadHandle=-2, ThreadInformationClass=0x1d [ThreadWow64Context], ThreadInformation=0xb7dd20, Length=0x2cc, ReturnLength=null ) => 0
6774:651c @ 118014468 - LdrpGetProcedureAddress - INFO: Locating procedure "BasepIsProcessAllowed" by name
NtQueryInformationThread( ThreadHandle=-2, ThreadInformationClass=0x1d [ThreadWow64Context], ThreadInformation=0xb7dd20, Length=0x2cc, ReturnLength=null ) => 0
6774:651c @ 118014468 - LdrpGetProcedureAddress - INFO: Locating procedure "BaseUpdateVDMEntry" by name
NtQueryInformationThread( ThreadHandle=-2, ThreadInformationClass=0x1d [ThreadWow64Context], ThreadInformation=0xb7dd20, Length=0x2cc, ReturnLength=null ) => 0
6774:651c @ 118014468 - LdrpGetProcedureAddress - INFO: Locating procedure "BasepQueryAppCompat" by name
NtQueryInformationThread( ThreadHandle=-2, ThreadInformationClass=0x1d [ThreadWow64Context], ThreadInformation=0xb7dd20, Length=0x2cc, ReturnLength=null ) => 0
6774:651c @ 118014468 - LdrpGetProcedureAddress - INFO: Locating procedure "BasepConstructSxsCreateProcessMessage" by name
NtQueryInformationThread( ThreadHandle=-2, ThreadInformationClass=0x1d [ThreadWow64Context], ThreadInformation=0xb7dd20, Length=0x2cc, ReturnLength=null ) => 0
6774:651c @ 118014468 - LdrpGetProcedureAddress - INFO: Locating procedure "BaseCheckElevation" by name
NtQueryInformationThread( ThreadHandle=-2, ThreadInformationClass=0x1d [ThreadWow64Context], ThreadInformation=0xb7dd20, Length=0x2cc, ReturnLength=null ) => 0
6774:651c @ 118014468 - LdrpGetProcedureAddress - INFO: Locating procedure "BaseWriteErrorElevationRequiredEvent" by name
NtQueryInformationThread( ThreadHandle=-2, ThreadInformationClass=0x1d [ThreadWow64Context], ThreadInformation=0xb7dd20, Length=0x2cc, ReturnLength=null ) => 0
6774:651c @ 118014468 - LdrpGetProcedureAddress - INFO: Locating procedure "BasepInitAppCompatData" by name
NtQueryInformationThread( ThreadHandle=-2, ThreadInformationClass=0x1d [ThreadWow64Context], ThreadInformation=0xb7dd20, Length=0x2cc, ReturnLength=null ) => 0
6774:651c @ 118014468 - LdrpGetProcedureAddress - INFO: Locating procedure "BasepGetAppCompatData" by name
NtProtectVirtualMemory( ProcessHandle=-1, BaseAddress=0xb7e2a8 [0x76286000], Size=0xb7e298 [0x1000], NewProtect=4, OldProtect=0xb7e238 [2] ) => 0
NtProtectVirtualMemory( ProcessHandle=-1, BaseAddress=0xb7e2a8 [0x76286000], Size=0xb7e298 [0x1000], NewProtect=2, OldProtect=0xb7e238 [4] ) => 0
NtQueryInformationThread( ThreadHandle=-2, ThreadInformationClass=0x1d [ThreadWow64Context], ThreadInformation=0xb7dd20, Length=0x2cc, ReturnLength=null ) => 0
6774:651c @ 118014468 - LdrpPreprocessDllName - INFO: DLL ext-ms-win-kernelbase-processthread-l1-1-1.dll was redirected to C:\Windows\SYSTEM32\kernel32.dll by API set
NtQueryInformationThread( ThreadHandle=-2, ThreadInformationClass=0x1d [ThreadWow64Context], ThreadInformation=0xb7dd20, Length=0x2cc, ReturnLength=null ) => 0
6774:651c @ 118014468 - LdrpLoadDllInternal - ENTER: DLL name: C:\Windows\SYSTEM32\kernel32.dll
NtQueryInformationThread( ThreadHandle=-2, ThreadInformationClass=0x1d [ThreadWow64Context], ThreadInformation=0xb7dd20, Length=0x2cc, ReturnLength=null ) => 0
6774:651c @ 118014468 - LdrpLoadDllInternal - RETURN: Status: 0x00000000
NtQueryInformationThread( ThreadHandle=-2, ThreadInformationClass=0x1d [ThreadWow64Context], ThreadInformation=0xb7dd20, Length=0x2cc, ReturnLength=null ) => 0
6774:651c @ 118014468 - LdrpGetProcedureAddress - INFO: Locating procedure "BasepGetPackageActivationTokenForSxS" by name
NtQueryInformationThread( ThreadHandle=-2, ThreadInformationClass=0x1d [ThreadWow64Context], ThreadInformation=0xb7dd20, Length=0x2cc, ReturnLength=null ) => 0
6774:651c @ 118014468 - LdrpGetProcedureAddress - INFO: Locating procedure "BasepFinishPackageActivationForSxS" by name
NtProtectVirtualMemory( ProcessHandle=-1, BaseAddress=0xb7e2a8 [0x76286000], Size=0xb7e298 [0x1000], NewProtect=4, OldProtect=0xb7e238 [2] ) => 0
NtProtectVirtualMemory( ProcessHandle=-1, BaseAddress=0xb7e2a8 [0x76286000], Size=0xb7e298 [0x1000], NewProtect=2, OldProtect=0xb7e238 [4] ) => 0
NtOpenKeyEx( KeyHandle=0xb7e228, DesiredAccess=0x3, ObjectAttributes="\Registry\MACHINE\System\CurrentControlSet\Control\SafeBoot\Option", OpenOptions=0 ) => 0xc0000034 [2 'The system cannot find the file specified.']
NtOpenKeyEx( KeyHandle=0xb7e228, DesiredAccess=KEY_READ, ObjectAttributes="\Registry\Machine\System\CurrentControlSet\Control\Srp\GP\DLL", OpenOptions=0 ) => 0xc0000034 [2 'The system cannot find the file specified.']
NtOpenKeyEx( KeyHandle=0xb7e228 [0xc0], DesiredAccess=0x1, ObjectAttributes="\Registry\Machine\Software\WOW6432Node\Policies\Microsoft\Windows\Safer\CodeIdentifiers", OpenOptions=0 ) => 0
NtSetInformationKey( KeyHandle=0xc0, KeySetInformationClass=5 [KeySetHandleTagsInformation], KeyInformation=0xb7e220, Length=4 ) => 0
NtQueryValueKey( KeyHandle=0xc0, ValueName="TransparentEnabled", KeyValueInformationClass=2 [KeyValuePartialInformation], KeyValueInformation=0xd7f5b0, Length=0x50, ResultLength=0xd7f540 ) => 0xc0000034 [2 'The system cannot find the file specified.']
NtQueryInformationToken( TokenHandle=-6, TokenInformationClass=1 [TokenUser], TokenInformation=0xb7eb20, Length=0x58, ReturnLength=0xb7e2f8 [0x2c] ) => 0
NtOpenKeyEx( KeyHandle=0xb7e228, DesiredAccess=0x1, ObjectAttributes="\REGISTRY\USER\S-1-5-21-1308043059-4034166923-668314741-1000\Software\Policies\Microsoft\Windows\Safer\CodeIdentifiers", OpenOptions=0 ) => 0xc0000034 [2 'The system cannot find the file specified.']
NtQueryInformationThread( ThreadHandle=-2, ThreadInformationClass=0x1d [ThreadWow64Context], ThreadInformation=0xb7dd20, Length=0x2cc, ReturnLength=null ) => 0
6774:651c @ 118014468 - LdrpFindLoadedDllInternal - RETURN: Status: 0x00000000
NtQueryInformationThread( ThreadHandle=-2, ThreadInformationClass=0x1d [ThreadWow64Context], ThreadInformation=0xb7dd20, Length=0x2cc, ReturnLength=null ) => 0
6774:651c @ 118014468 - LdrpGetProcedureAddress - INFO: Locating procedure "KernelbasePostInit" by name
NtOpenKeyEx( KeyHandle=0xb7e228 [0xc0], DesiredAccess=KEY_READ, ObjectAttributes="\Registry\Machine\System\CurrentControlSet\Control\FileSystem\", OpenOptions=0 ) => 0
NtSetInformationKey( KeyHandle=0xc0, KeySetInformationClass=5 [KeySetHandleTagsInformation], KeyInformation=0xb7e220, Length=4 ) => 0
NtQueryValueKey( KeyHandle=0xc0, ValueName="LongPathsEnabled", KeyValueInformationClass=2 [KeyValuePartialInformation], KeyValueInformation=0xd7f638, Length=0x14, ResultLength=0xd7f614 [0x10] ) => 0
NtOpenKeyEx( KeyHandle=0xb7e228 [0xc0], DesiredAccess=KEY_READ, ObjectAttributes="\Registry\Machine\System\CurrentControlSet\Control\FileSystem\", OpenOptions=0 ) => 0
NtSetInformationKey( KeyHandle=0xc0, KeySetInformationClass=5 [KeySetHandleTagsInformation], KeyInformation=0xb7e220, Length=4 ) => 0
NtQueryValueKey( KeyHandle=0xc0, ValueName="LPGO", KeyValueInformationClass=2 [KeyValuePartialInformation], KeyValueInformation=0xd7f638, Length=0x14, ResultLength=0xd7f618 ) => 0xc0000034 [2 'The system cannot find the file specified.']
NtQueryInformationProcess( ProcessHandle=-1, ProcessInformationClass=0x22 [ProcessExecuteFlags], ProcessInformation=0xd7f7d8, Length=4, ReturnLength=null ) => 0
NtSetInformationProcess( ProcessHandle=-1, ProcessInformationClass=0x22 [ProcessExecuteFlags], ProcessInformation=0xd7f7d8, Length=4 ) => 0
NtQueryInformationThread( ThreadHandle=-2, ThreadInformationClass=0x2a [ThreadDynamicCodePolicyInfo], ThreadInformation=0xd7f614, Length=4, ReturnLength=null ) => 0
NtQuerySystemInformationEx( SystemInformationClass=0x6b [SystemLogicalProcessorAndGroupInformation], QueryType=0xd7f590 [1], Alignment=4, SystemInformation=null, Length=0, ReturnLength=0xb7e2c0 ) => 0xc0000004 [24 'The program issued a command but the command length is incorrect.']
NtQuerySystemInformationEx( SystemInformationClass=0x6b [SystemLogicalProcessorAndGroupInformation], QueryType=0xd7f590 [1], Alignment=4, SystemInformation=0xb7eb50, Length=0x30, ReturnLength=0xb7e2c0 [0x30] ) => 0
NtCreateIoCompletion( IoHandle=0xb7e2f8 [0xc4], DesiredAccess=DELETE|READ_CONTROL|WRITE_DAC|WRITE_OWNER|SYNCHRONIZE|0x3, ObjectAttributes=null, NumberOfConcurrentThreads=0x19 ) => 0
NtCreateWorkerFactory( WorkerFactoryHandleReturn=0xb7e290 [0xc8], DesiredAccess=DELETE|READ_CONTROL|WRITE_DAC|WRITE_OWNER|0xff, ObjectAttributes=null, CompletionPortHandle=0xc4, WorkerProcessHandle=-1, StartRoutine=0x77345990, StartParameter=0x125a3a0, MaxThreadCount=0x200, StackReserve=0x00100000, StackCommit=0x1000 ) => 0
NtSetInformationWorkerFactory( WorkerFactoryHandle=0xc8, InformationClass=0xd [WorkerFactoryFlags], Buffer=0xd7f5ec, BufferLength=4 ) => 0
NtCreateTimer2( TimerHandle=0xb7e2f0 [0xcc], Unknown1=null, Unknown2=null, Attributes=8, DesiredAccess=SYNCHRONIZE|0x2 ) => 0
NtCreateWaitCompletionPacket( WaitCompletionPacketHandle=0xb7e2f8 [0xd0], DesiredAccess=0x1, ObjectAttributes=null ) => 0
NtAssociateWaitCompletionPacket( WaitCompletionPacketHandle=0xd0, IoCompletionHandle=0xc4, TargetObjectHandle=0xcc, KeyContext=0x125a400, ApcContext=0x125a3e0, IoStatus=0, IoStatusInformation=1, AlreadySignaled=0xd7f57b [0xd7f59800] ) => 0
NtCreateTimer2( TimerHandle=0xb7e2f0 [0xc0], Unknown1=null, Unknown2=null, Attributes=8, DesiredAccess=SYNCHRONIZE|0x2 ) => 0
NtCreateWaitCompletionPacket( WaitCompletionPacketHandle=0xb7e2f8 [0xd4], DesiredAccess=0x1, ObjectAttributes=null ) => 0
NtAssociateWaitCompletionPacket( WaitCompletionPacketHandle=0xd4, IoCompletionHandle=0xc4, TargetObjectHandle=0xc0, KeyContext=0x125a448, ApcContext=0x125a3e0, IoStatus=0, IoStatusInformation=0, AlreadySignaled=0xd7f57b [0xd7f59800] ) => 0
NtSetInformationWorkerFactory( WorkerFactoryHandle=0xc8, InformationClass=2 [WorkerFactoryIdleTimeout], Buffer=0xd7f618, BufferLength=8 ) => 0
NtSetInformationWorkerFactory( WorkerFactoryHandle=0xc8, InformationClass=5 [WorkerFactoryThreadMaximum], Buffer=0xd7f61c, BufferLength=4 ) => 0
NtQuerySecurityAttributesToken( TokenHandle=-4, Attributes="WIN://SYSAPPID", NumberOfAttributes=2, Buffer=0xb7e870, Length=0x2f0, ReturnLength=0xd7f1e4 ) => 0xc0000225 [1168 'Element not found.']
NtQuerySecurityAttributesToken( TokenHandle=-4, Attributes="WIN://SYSAPPID", NumberOfAttributes=1, Buffer=0xb7e880, Length=0x2f0, ReturnLength=0xd7f1e4 ) => 0xc0000225 [1168 'Element not found.']
NtQueryInformationThread( ThreadHandle=-2, ThreadInformationClass=0x1d [ThreadWow64Context], ThreadInformation=0xb7dd20, Length=0x2cc, ReturnLength=null ) => 0
6774:651c @ 118014468 - LdrpFindDllActivationContext - INFO: Probing for the manifest of DLL "C:\Users\MobSlicer152\source\repos\misc\test.exe" failed with status 0xc0000089
NtProtectVirtualMemory( ProcessHandle=-1, BaseAddress=0xb7e2a8 [0x00c76000], Size=0xb7e298 [0x1000], NewProtect=4, OldProtect=0xb7e238 [2] ) => 0
NtQueryInformationThread( ThreadHandle=-2, ThreadInformationClass=0x1d [ThreadWow64Context], ThreadInformation=0xb7dd20, Length=0x2cc, ReturnLength=null ) => 0
6774:651c @ 118014468 - LdrpGetProcedureAddress - INFO: Locating procedure "RtlInitializeSListHead" by name
NtQueryInformationThread( ThreadHandle=-2, ThreadInformationClass=0x1d [ThreadWow64Context], ThreadInformation=0xb7dd20, Length=0x2cc, ReturnLength=null ) => 0
6774:651c @ 118014468 - LdrpGetProcedureAddress - INFO: Locating procedure "RtlInterlockedPushEntrySList" by name
NtQueryInformationThread( ThreadHandle=-2, ThreadInformationClass=0x1d [ThreadWow64Context], ThreadInformation=0xb7dd20, Length=0x2cc, ReturnLength=null ) => 0
6774:651c @ 118014468 - LdrpGetProcedureAddress - INFO: Locating procedure "RtlInterlockedFlushSList" by name
NtQueryInformationThread( ThreadHandle=-2, ThreadInformationClass=0x1d [ThreadWow64Context], ThreadInformation=0xb7dd20, Length=0x2cc, ReturnLength=null ) => 0
6774:651c @ 118014468 - LdrpGetProcedureAddress - INFO: Locating procedure "RtlEnterCriticalSection" by name
NtQueryInformationThread( ThreadHandle=-2, ThreadInformationClass=0x1d [ThreadWow64Context], ThreadInformation=0xb7dd20, Length=0x2cc, ReturnLength=null ) => 0
6774:651c @ 118014468 - LdrpGetProcedureAddress - INFO: Locating procedure "RtlLeaveCriticalSection" by name
NtQueryInformationThread( ThreadHandle=-2, ThreadInformationClass=0x1d [ThreadWow64Context], ThreadInformation=0xb7dd20, Length=0x2cc, ReturnLength=null ) => 0
6774:651c @ 118014468 - LdrpGetProcedureAddress - INFO: Locating procedure "RtlDeleteCriticalSection" by name
NtQueryInformationThread( ThreadHandle=-2, ThreadInformationClass=0x1d [ThreadWow64Context], ThreadInformation=0xb7dd20, Length=0x2cc, ReturnLength=null ) => 0
6774:651c @ 118014468 - LdrpGetProcedureAddress - INFO: Locating procedure "RtlEncodePointer" by name
NtQueryInformationThread( ThreadHandle=-2, ThreadInformationClass=0x1d [ThreadWow64Context], ThreadInformation=0xb7dd20, Length=0x2cc, ReturnLength=null ) => 0
6774:651c @ 118014468 - LdrpGetProcedureAddress - INFO: Locating procedure "RtlAllocateHeap" by name
NtQueryInformationThread( ThreadHandle=-2, ThreadInformationClass=0x1d [ThreadWow64Context], ThreadInformation=0xb7dd20, Length=0x2cc, ReturnLength=null ) => 0
6774:651c @ 118014468 - LdrpGetProcedureAddress - INFO: Locating procedure "RtlSizeHeap" by name
NtQueryInformationThread( ThreadHandle=-2, ThreadInformationClass=0x1d [ThreadWow64Context], ThreadInformation=0xb7dd20, Length=0x2cc, ReturnLength=null ) => 0
6774:651c @ 118014468 - LdrpGetProcedureAddress - INFO: Locating procedure "RtlReAllocateHeap" by name
NtQueryInformationThread( ThreadHandle=-2, ThreadInformationClass=0x1d [ThreadWow64Context], ThreadInformation=0xb7dd20, Length=0x2cc, ReturnLength=null ) => 0
6774:651c @ 118014468 - LdrpGetProcedureAddress - INFO: Locating procedure "RtlDecodePointer" by name
NtProtectVirtualMemory( ProcessHandle=-1, BaseAddress=0xb7e2a8 [0x00c76000], Size=0xb7e298 [0x1000], NewProtect=2, OldProtect=0xb7e238 [4] ) => 0
NtApphelpCacheControl( ServiceClass=6, ServiceData="" ) => 0
NtSetInformationVirtualMemory( ProcessHandle=-1, VmInformationClass=4, NumberOfEntries=1, VirtualAddresses=0xb7eb70, VmInformation=0xd7f774, VmInformationLength=4 ) => 0xc00000bb [50 'The request is not supported.']
NtQueryInformationThread( ThreadHandle=-2, ThreadInformationClass=0x11 [ThreadHideFromDebugger], ThreadInformation=0xd7f63f, Length=1, ReturnLength=null ) => 0
WOW64 initialised
NtSetInformationWorkerFactory( WorkerFactoryHandle=0xc8, InformationClass=3 [WorkerFactoryBindingCount], Buffer=0xd7f82c, BufferLength=4 ) => 0
NtSetInformationThread( ThreadHandle=-2, ThreadInformationClass=0x1d [ThreadWow64Context], ThreadInformation=0xd7f934, Length=0x2cc ) => 0
NtTestAlert( ) => 0
NtQueryInformationThread( ThreadHandle=-2, ThreadInformationClass=0x1d [ThreadWow64Context], ThreadInformation=0xb7dd20, Length=0x2cc, ReturnLength=null ) => 0
6774:651c @ 118014468 - LdrLoadDll - ENTER: DLL name: api-ms-win-core-synch-l1-2-0
NtQueryInformationThread( ThreadHandle=-2, ThreadInformationClass=0x1d [ThreadWow64Context], ThreadInformation=0xb7dd20, Length=0x2cc, ReturnLength=null ) => 0
6774:651c @ 118014468 - LdrpPreprocessDllName - INFO: DLL api-ms-win-core-synch-l1-2-0 was redirected to C:\Windows\SYSTEM32\kernelbase.dll by API set
NtQueryInformationThread( ThreadHandle=-2, ThreadInformationClass=0x1d [ThreadWow64Context], ThreadInformation=0xb7dd20, Length=0x2cc, ReturnLength=null ) => 0
6774:651c @ 118014468 - LdrpLoadDllInternal - ENTER: DLL name: C:\Windows\SYSTEM32\kernelbase.dll
NtQueryInformationThread( ThreadHandle=-2, ThreadInformationClass=0x1d [ThreadWow64Context], ThreadInformation=0xb7dd20, Length=0x2cc, ReturnLength=null ) => 0
6774:651c @ 118014468 - LdrpLoadDllInternal - RETURN: Status: 0x00000000
NtQueryInformationThread( ThreadHandle=-2, ThreadInformationClass=0x1d [ThreadWow64Context], ThreadInformation=0xb7dd20, Length=0x2cc, ReturnLength=null ) => 0
6774:651c @ 118014468 - LdrLoadDll - RETURN: Status: 0x00000000
NtQueryInformationThread( ThreadHandle=-2, ThreadInformationClass=0x1d [ThreadWow64Context], ThreadInformation=0xb7dd20, Length=0x2cc, ReturnLength=null ) => 0
6774:651c @ 118014468 - LdrpGetProcedureAddress - INFO: Locating procedure "InitializeCriticalSectionEx" by name
NtQueryInformationThread( ThreadHandle=-2, ThreadInformationClass=0x1d [ThreadWow64Context], ThreadInformation=0xb7dd20, Length=0x2cc, ReturnLength=null ) => 0
6774:651c @ 118014468 - LdrLoadDll - ENTER: DLL name: api-ms-win-core-fibers-l1-1-1
NtQueryInformationThread( ThreadHandle=-2, ThreadInformationClass=0x1d [ThreadWow64Context], ThreadInformation=0xb7dd20, Length=0x2cc, ReturnLength=null ) => 0
6774:651c @ 118014468 - LdrpPreprocessDllName - INFO: DLL api-ms-win-core-fibers-l1-1-1 was redirected to C:\Windows\SYSTEM32\kernelbase.dll by API set
NtQueryInformationThread( ThreadHandle=-2, ThreadInformationClass=0x1d [ThreadWow64Context], ThreadInformation=0xb7dd20, Length=0x2cc, ReturnLength=null ) => 0
6774:651c @ 118014468 - LdrpLoadDllInternal - ENTER: DLL name: C:\Windows\SYSTEM32\kernelbase.dll
NtQueryInformationThread( ThreadHandle=-2, ThreadInformationClass=0x1d [ThreadWow64Context], ThreadInformation=0xb7dd20, Length=0x2cc, ReturnLength=null ) => 0
6774:651c @ 118014468 - LdrpLoadDllInternal - RETURN: Status: 0x00000000
NtQueryInformationThread( ThreadHandle=-2, ThreadInformationClass=0x1d [ThreadWow64Context], ThreadInformation=0xb7dd20, Length=0x2cc, ReturnLength=null ) => 0
6774:651c @ 118014468 - LdrLoadDll - RETURN: Status: 0x00000000
NtQueryInformationThread( ThreadHandle=-2, ThreadInformationClass=0x1d [ThreadWow64Context], ThreadInformation=0xb7dd20, Length=0x2cc, ReturnLength=null ) => 0
6774:651c @ 118014468 - LdrpGetProcedureAddress - INFO: Locating procedure "FlsAlloc" by name
NtQueryInformationThread( ThreadHandle=-2, ThreadInformationClass=0x1d [ThreadWow64Context], ThreadInformation=0xb7dd20, Length=0x2cc, ReturnLength=null ) => 0
6774:651c @ 118014468 - LdrpGetProcedureAddress - INFO: Locating procedure "FlsSetValue" by name
NtQueryInformationThread( ThreadHandle=-2, ThreadInformationClass=0x1d [ThreadWow64Context], ThreadInformation=0xb7dd20, Length=0x2cc, ReturnLength=null ) => 0
6774:651c @ 118014468 - LdrLoadDll - ENTER: DLL name: api-ms-win-core-synch-l1-2-0
NtQueryInformationThread( ThreadHandle=-2, ThreadInformationClass=0x1d [ThreadWow64Context], ThreadInformation=0xb7dd20, Length=0x2cc, ReturnLength=null ) => 0
6774:651c @ 118014468 - LdrpPreprocessDllName - INFO: DLL api-ms-win-core-synch-l1-2-0 was redirected to C:\Windows\SYSTEM32\kernelbase.dll by API set
NtQueryInformationThread( ThreadHandle=-2, ThreadInformationClass=0x1d [ThreadWow64Context], ThreadInformation=0xb7dd20, Length=0x2cc, ReturnLength=null ) => 0
6774:651c @ 118014468 - LdrpLoadDllInternal - ENTER: DLL name: C:\Windows\SYSTEM32\kernelbase.dll
NtQueryInformationThread( ThreadHandle=-2, ThreadInformationClass=0x1d [ThreadWow64Context], ThreadInformation=0xb7dd20, Length=0x2cc, ReturnLength=null ) => 0
6774:651c @ 118014468 - LdrpLoadDllInternal - RETURN: Status: 0x00000000
NtQueryInformationThread( ThreadHandle=-2, ThreadInformationClass=0x1d [ThreadWow64Context], ThreadInformation=0xb7dd20, Length=0x2cc, ReturnLength=null ) => 0
6774:651c @ 118014468 - LdrLoadDll - RETURN: Status: 0x00000000
NtQueryInformationThread( ThreadHandle=-2, ThreadInformationClass=0x1d [ThreadWow64Context], ThreadInformation=0xb7dd20, Length=0x2cc, ReturnLength=null ) => 0
6774:651c @ 118014468 - LdrpGetProcedureAddress - INFO: Locating procedure "InitializeCriticalSectionEx" by name
NtQueryInformationThread( ThreadHandle=-2, ThreadInformationClass=0x1d [ThreadWow64Context], ThreadInformation=0xb7dd20, Length=0x2cc, ReturnLength=null ) => 0
6774:651c @ 118014468 - LdrLoadDll - ENTER: DLL name: api-ms-win-core-fibers-l1-1-0
NtQueryInformationThread( ThreadHandle=-2, ThreadInformationClass=0x1d [ThreadWow64Context], ThreadInformation=0xb7dd20, Length=0x2cc, ReturnLength=null ) => 0
6774:651c @ 118014468 - LdrpPreprocessDllName - INFO: DLL api-ms-win-core-fibers-l1-1-0 was redirected to C:\Windows\SYSTEM32\kernelbase.dll by API set
NtQueryInformationThread( ThreadHandle=-2, ThreadInformationClass=0x1d [ThreadWow64Context], ThreadInformation=0xb7dd20, Length=0x2cc, ReturnLength=null ) => 0
6774:651c @ 118014468 - LdrpLoadDllInternal - ENTER: DLL name: C:\Windows\SYSTEM32\kernelbase.dll
NtQueryInformationThread( ThreadHandle=-2, ThreadInformationClass=0x1d [ThreadWow64Context], ThreadInformation=0xb7dd20, Length=0x2cc, ReturnLength=null ) => 0
6774:651c @ 118014468 - LdrpLoadDllInternal - RETURN: Status: 0x00000000
NtQueryInformationThread( ThreadHandle=-2, ThreadInformationClass=0x1d [ThreadWow64Context], ThreadInformation=0xb7dd20, Length=0x2cc, ReturnLength=null ) => 0
6774:651c @ 118014468 - LdrLoadDll - RETURN: Status: 0x00000000
NtQueryInformationThread( ThreadHandle=-2, ThreadInformationClass=0x1d [ThreadWow64Context], ThreadInformation=0xb7dd20, Length=0x2cc, ReturnLength=null ) => 0
6774:651c @ 118014468 - LdrpGetProcedureAddress - INFO: Locating procedure "FlsAlloc" by name
NtQueryInformationThread( ThreadHandle=-2, ThreadInformationClass=0x1d [ThreadWow64Context], ThreadInformation=0xb7dd20, Length=0x2cc, ReturnLength=null ) => 0
6774:651c @ 118014468 - LdrpGetProcedureAddress - INFO: Locating procedure "FlsGetValue" by name
NtQueryInformationThread( ThreadHandle=-2, ThreadInformationClass=0x1d [ThreadWow64Context], ThreadInformation=0xb7dd20, Length=0x2cc, ReturnLength=null ) => 0
6774:651c @ 118014468 - LdrpGetProcedureAddress - INFO: Locating procedure "FlsSetValue" by name
NtQueryVolumeInformationFile( FileHandle=0x58, IoStatusBlock=0xb7e2c8 [0/8], FsInformation=0xd7fac8, Length=8, FsInformationClass=4 [FsDeviceInformation] ) => 0
NtQueryVolumeInformationFile( FileHandle=0x1ac, IoStatusBlock=0xb7e2c8 [0/8], FsInformation=0xd7fac8, Length=8, FsInformationClass=4 [FsDeviceInformation] ) => 0
NtQueryVolumeInformationFile( FileHandle=0x60, IoStatusBlock=0xb7e2c8 [0/8], FsInformation=0xd7fac8, Length=8, FsInformationClass=4 [FsDeviceInformation] ) => 0
NtQueryInformationThread( ThreadHandle=-2, ThreadInformationClass=0x1d [ThreadWow64Context], ThreadInformation=0xb7dd20, Length=0x2cc, ReturnLength=null ) => 0
6774:651c @ 118014468 - LdrLoadDll - ENTER: DLL name: api-ms-win-core-localization-l1-2-1
NtQueryInformationThread( ThreadHandle=-2, ThreadInformationClass=0x1d [ThreadWow64Context], ThreadInformation=0xb7dd20, Length=0x2cc, ReturnLength=null ) => 0
6774:651c @ 118014468 - LdrpPreprocessDllName - INFO: DLL api-ms-win-core-localization-l1-2-1 was redirected to C:\Windows\SYSTEM32\kernelbase.dll by API set
NtQueryInformationThread( ThreadHandle=-2, ThreadInformationClass=0x1d [ThreadWow64Context], ThreadInformation=0xb7dd20, Length=0x2cc, ReturnLength=null ) => 0
6774:651c @ 118014468 - LdrpLoadDllInternal - ENTER: DLL name: C:\Windows\SYSTEM32\kernelbase.dll
NtQueryInformationThread( ThreadHandle=-2, ThreadInformationClass=0x1d [ThreadWow64Context], ThreadInformation=0xb7dd20, Length=0x2cc, ReturnLength=null ) => 0
6774:651c @ 118014468 - LdrpLoadDllInternal - RETURN: Status: 0x00000000
NtQueryInformationThread( ThreadHandle=-2, ThreadInformationClass=0x1d [ThreadWow64Context], ThreadInformation=0xb7dd20, Length=0x2cc, ReturnLength=null ) => 0
6774:651c @ 118014468 - LdrLoadDll - RETURN: Status: 0x00000000
NtQueryInformationThread( ThreadHandle=-2, ThreadInformationClass=0x1d [ThreadWow64Context], ThreadInformation=0xb7dd20, Length=0x2cc, ReturnLength=null ) => 0
6774:651c @ 118014468 - LdrpGetProcedureAddress - INFO: Locating procedure "LCMapStringEx" by name
NtOpenKeyEx( KeyHandle=0xb7e228 [0x5c], DesiredAccess=KEY_READ, ObjectAttributes="\Registry\Machine\System\CurrentControlSet\Control\Nls\Sorting\Versions", OpenOptions=0 ) => 0
NtSetInformationKey( KeyHandle=0x5c, KeySetInformationClass=5 [KeySetHandleTagsInformation], KeyInformation=0xb7e220, Length=4 ) => 0
NtQueryValueKey( KeyHandle=0x5c, ValueName="", KeyValueInformationClass=1 [KeyValueFullInformation], KeyValueInformation=0xd7eba0, Length=0x214, ResultLength=0xd7eb64 [0x2a] ) => 0
NtQueryValueKey( KeyHandle=0x5c, ValueName="000603xx", KeyValueInformationClass=1 [KeyValueFullInformation], KeyValueInformation=0xd7eba0, Length=0x214, ResultLength=0xd7e964 [0x42] ) => 0
NtAllocateVirtualMemory( ProcessHandle=-1, lpAddress=0xb7e2b0 [0x01260000], ZeroBits=0, pSize=0xb7e2a0 [0x5000], flAllocationType=0x1000, flProtect=4 ) => 0
NtAllocateVirtualMemory( ProcessHandle=-1, lpAddress=0xb7e2b0 [0x01265000], ZeroBits=0, pSize=0xb7e2a0 [0x5000], flAllocationType=0x1000, flProtect=4 ) => 0
NtOpenKeyEx( KeyHandle=0xb7e228 [0xd8], DesiredAccess=0x9, ObjectAttributes="\Registry\Machine\SYSTEM\CurrentControlSet\Control\Session Manager", OpenOptions=0 ) => 0
NtSetInformationKey( KeyHandle=0xd8, KeySetInformationClass=5 [KeySetHandleTagsInformation], KeyInformation=0xb7e220, Length=4 ) => 0
NtQueryValueKey( KeyHandle=0xd8, ValueName="ResourcePolicies", KeyValueInformationClass=2 [KeyValuePartialInformation], KeyValueInformation=0xd7f7a8, Length=0x18, ResultLength=0xd7f788 ) => 0xc0000034 [2 'The system cannot find the file specified.']
NtAllocateVirtualMemory( ProcessHandle=-1, lpAddress=0xb7e2b0 [0x00d80000], ZeroBits=0x7ffeffff, pSize=0xb7e2a0 [0x0006a000], flAllocationType=0x2000, flProtect=4 ) => 0
NtAllocateVirtualMemory( ProcessHandle=-1, lpAddress=0xb7e2b0 [0x00d80000], ZeroBits=0, pSize=0xb7e2a0 [0x1000], flAllocationType=0x1000, flProtect=4 ) => 0
NtQueryVirtualMemory( ProcessHandle=-1, BaseAddress=0xc03959, MemoryInformationClass=0 [MemoryBasicInformation], MemoryInformation=0xb7e1b8, Length=0x30, ReturnLength=0xb7e1e8 [0x30] ) => 0
NtQueryVirtualMemory( ProcessHandle=-1, BaseAddress=0xc03959, MemoryInformationClass=3 [MemoryRegionInformation], MemoryInformation=0xb7e220, Length=0x30, ReturnLength=0xb7e1f8 [0x30] ) => 0
NtQueryVirtualMemory( ProcessHandle=-1, BaseAddress=0xc03959, MemoryInformationClass=2 [MemoryMappedFilenameInformation], MemoryInformation=0xb7e960, Length=0x21a, ReturnLength=0xb7e2a0 [0x9c] ) => 0
NtQueryInformationThread( ThreadHandle=-2, ThreadInformationClass=0x1d [ThreadWow64Context], ThreadInformation=0xb7dd20, Length=0x2cc, ReturnLength=null ) => 0
6774:651c @ 118014468 - LdrLoadDll - ENTER: DLL name: C:\Program Files (x86)\Microsoft Xbox 360 SDK\bin\win32\1033\clui.dll
NtQueryInformationThread( ThreadHandle=-2, ThreadInformationClass=0x1d [ThreadWow64Context], ThreadInformation=0xb7dd20, Length=0x2cc, ReturnLength=null ) => 0
6774:651c @ 118014468 - LdrpLoadDllInternal - ENTER: DLL name: C:\Program Files (x86)\Microsoft Xbox 360 SDK\bin\win32\1033\clui.dll
NtQueryInformationThread( ThreadHandle=-2, ThreadInformationClass=0x2a [ThreadDynamicCodePolicyInfo], ThreadInformation=0xd7f86c, Length=4, ReturnLength=null ) => 0
NtQueryInformationThread( ThreadHandle=-2, ThreadInformationClass=0x1d [ThreadWow64Context], ThreadInformation=0xb7dd20, Length=0x2cc, ReturnLength=null ) => 0
6774:651c @ 118014468 - LdrpResolveDllName - ENTER: DLL name: C:\Program Files (x86)\Microsoft Xbox 360 SDK\bin\win32\1033\clui.dll
NtQueryAttributesFile( ObjectAttributes="\??\C:\Program Files (x86)\Microsoft Xbox 360 SDK\bin\win32\1033\clui.dll", Attributes=0xb7e2a8 [NORMAL] ) => 0
NtQueryInformationThread( ThreadHandle=-2, ThreadInformationClass=0x1d [ThreadWow64Context], ThreadInformation=0xb7dd20, Length=0x2cc, ReturnLength=null ) => 0
6774:651c @ 118014468 - LdrpResolveDllName - RETURN: Status: 0x00000000
NtOpenFile( FileHandle=0xb7e2f8 [0xd8], DesiredAccess=SYNCHRONIZE|0x21, ObjectAttributes="\??\C:\Program Files (x86)\Microsoft Xbox 360 SDK\bin\win32\1033\clui.dll", IoStatusBlock=0xb7e298 [0/1], ShareAccess=5, OpenOptions=0x60 ) => 0
NtCreateSection( SectionHandle=0xb7e2f8 [0xdc], DesiredAccess=0xd, ObjectAttributes=null, SectionSize=null, Protect=0x10, Attributes=0x01000000, FileHandle=0xd8 ) => 0
NtQueryInformationThread( ThreadHandle=-2, ThreadInformationClass=0x1d [ThreadWow64Context], ThreadInformation=0xb7dd20, Length=0x2cc, ReturnLength=null ) => 0
6774:651c @ 118014468 - LdrpMinimalMapModule - ENTER: DLL name: C:\Program Files (x86)\Microsoft Xbox 360 SDK\bin\win32\1033\clui.dll
Loaded DLL at 0000000001130000 C:\Program Files (x86)\Microsoft Xbox 360 SDK\bin\win32\1033\clui.dll
NtMapViewOfSection( SectionHandle=0xdc, ProcessHandle=-1, BaseAddress=0xb7e2b0 [0x01130000], ZeroBits=0x7ffeffff, CommitSize=0, SectionOffset=null, ViewSize=0xb7e260 [0x00061000], InheritDisposition=1 [ViewShare], AllocationType=0x00800000, Protect=0x80 ) => 0x40000003 [700 '{Image Relocated}
An image file could not be mapped at the address specified in the image file. Local fixups must be performed on this image.']
NtQuerySection( SectionHandle=0xdc, SectionInformationClass=1 [SectionImageInformation], SectionInformation=0xb7e270, Length=0x40, ReturnLength=null ) => 0
NtQueryVirtualMemory( ProcessHandle=-1, BaseAddress=0x1130000, MemoryInformationClass=6 [MemoryImageInformation], MemoryInformation=0xb7e180, Length=0x18, ReturnLength=null ) => 0
Unload of DLL at 0000000001130000
NtUnmapViewOfSection( ProcessHandle=-1, BaseAddress=0x1130000 ) => 0
NtQueryInformationThread( ThreadHandle=-2, ThreadInformationClass=0x1d [ThreadWow64Context], ThreadInformation=0xb7dd20, Length=0x2cc, ReturnLength=null ) => 0
6774:651c @ 118014468 - LdrpMinimalMapModule - RETURN: Status: 0xc000022d
NtQueryAttributesFile( ObjectAttributes="\??\C:\Program Files (x86)\Microsoft Xbox 360 SDK\bin\win32\1033\clui.dll", Attributes=0xb7e2a8 [NORMAL] ) => 0
NtOpenFile( FileHandle=0xb7e2f8 [0xd8], DesiredAccess=SYNCHRONIZE|0x21, ObjectAttributes="\??\C:\Program Files (x86)\Microsoft Xbox 360 SDK\bin\win32\1033\clui.dll", IoStatusBlock=0xb7e298 [0/1], ShareAccess=5, OpenOptions=0x60 ) => 0
NtCreateSection( SectionHandle=0xb7e2f8 [0xe0], DesiredAccess=0xd, ObjectAttributes=null, SectionSize=null, Protect=0x10, Attributes=0x01000000, FileHandle=0xd8 ) => 0
NtQueryInformationThread( ThreadHandle=-2, ThreadInformationClass=0x1d [ThreadWow64Context], ThreadInformation=0xb7dd20, Length=0x2cc, ReturnLength=null ) => 0
6774:651c @ 118014468 - LdrpMinimalMapModule - ENTER: DLL name: C:\Program Files (x86)\Microsoft Xbox 360 SDK\bin\win32\1033\clui.dll
Loaded DLL at 0000000001130000 C:\Program Files (x86)\Microsoft Xbox 360 SDK\bin\win32\1033\clui.dll
NtMapViewOfSection( SectionHandle=0xe0, ProcessHandle=-1, BaseAddress=0xb7e2b0 [0x01130000], ZeroBits=0x7ffeffff, CommitSize=0, SectionOffset=null, ViewSize=0xb7e260 [0x00061000], InheritDisposition=1 [ViewShare], AllocationType=0x00800000, Protect=0x80 ) => 0x40000003 [700 '{Image Relocated}
An image file could not be mapped at the address specified in the image file. Local fixups must be performed on this image.']
NtQuerySection( SectionHandle=0xe0, SectionInformationClass=1 [SectionImageInformation], SectionInformation=0xb7e270, Length=0x40, ReturnLength=null ) => 0
NtQueryVirtualMemory( ProcessHandle=-1, BaseAddress=0x1130000, MemoryInformationClass=6 [MemoryImageInformation], MemoryInformation=0xb7e180, Length=0x18, ReturnLength=null ) => 0
NtQueryInformationThread( ThreadHandle=-2, ThreadInformationClass=0x1d [ThreadWow64Context], ThreadInformation=0xb7dd20, Length=0x2cc, ReturnLength=null ) => 0
6774:651c @ 118014468 - LdrpMinimalMapModule - RETURN: Status: 0x40000003
NtQueryInformationThread( ThreadHandle=-2, ThreadInformationClass=0x1d [ThreadWow64Context], ThreadInformation=0xb7dd20, Length=0x2cc, ReturnLength=null ) => 0
6774:651c @ 118014468 - LdrpRelocateImage - ENTER: DLL name: C:\Program Files (x86)\Microsoft Xbox 360 SDK\bin\win32\1033\clui.dll
NtQueryInformationThread( ThreadHandle=-2, ThreadInformationClass=0x1d [ThreadWow64Context], ThreadInformation=0xb7dd20, Length=0x2cc, ReturnLength=null ) => 0
6774:651c @ 118014468 - LdrpRelocateImage - RETURN: Status: 0x00000000
NtProtectVirtualMemory( ProcessHandle=-1, BaseAddress=0xb7e2a8 [0x77439000], Size=0xb7e298 [0x3000], NewProtect=4, OldProtect=0xb7e238 [2] ) => 0
NtProtectVirtualMemory( ProcessHandle=-1, BaseAddress=0xb7e2a8 [0x77439000], Size=0xb7e298 [0x3000], NewProtect=2, OldProtect=0xb7e238 [4] ) => 0
NtQueryInformationThread( ThreadHandle=-2, ThreadInformationClass=0x1d [ThreadWow64Context], ThreadInformation=0xb7dd20, Length=0x2cc, ReturnLength=null ) => 0
6774:651c @ 118014468 - LdrpFindDllActivationContext - INFO: Probing for the manifest of DLL "C:\Program Files (x86)\Microsoft Xbox 360 SDK\bin\win32\1033\clui.dll" failed with status 0xc000008a
NtApphelpCacheControl( ServiceClass=6, ServiceData="" ) => 0
NtSetInformationVirtualMemory( ProcessHandle=-1, VmInformationClass=4, NumberOfEntries=1, VirtualAddresses=0xb7eb70, VmInformation=0xd7f80c, VmInformationLength=4 ) => 0xc00000bb [50 'The request is not supported.']
NtQueryInformationThread( ThreadHandle=-2, ThreadInformationClass=0x1d [ThreadWow64Context], ThreadInformation=0xb7dd20, Length=0x2cc, ReturnLength=null ) => 0
6774:651c @ 118014468 - LdrpInitializeNode - INFO: Calling init routine 00000000 for DLL "C:\Program Files (x86)\Microsoft Xbox 360 SDK\bin\win32\1033\clui.dll"
NtQueryInformationThread( ThreadHandle=-2, ThreadInformationClass=0x1d [ThreadWow64Context], ThreadInformation=0xb7dd20, Length=0x2cc, ReturnLength=null ) => 0
6774:651c @ 118014468 - LdrpLoadDllInternal - RETURN: Status: 0x00000000
NtQueryInformationThread( ThreadHandle=-2, ThreadInformationClass=0x1d [ThreadWow64Context], ThreadInformation=0xb7dd20, Length=0x2cc, ReturnLength=null ) => 0
6774:651c @ 118014468 - LdrLoadDll - RETURN: Status: 0x00000000
NtQueryInformationThread( ThreadHandle=-2, ThreadInformationClass=0x1d [ThreadWow64Context], ThreadInformation=0xb7dd20, Length=0x2cc, ReturnLength=null ) => 0
6774:651c @ 118014468 - LdrLoadDll - ENTER: DLL name: C:\Program Files (x86)\Microsoft Xbox 360 SDK\bin\win32\c1.dll
NtQueryInformationThread( ThreadHandle=-2, ThreadInformationClass=0x1d [ThreadWow64Context], ThreadInformation=0xb7dd20, Length=0x2cc, ReturnLength=null ) => 0
6774:651c @ 118014468 - LdrpLoadDllInternal - ENTER: DLL name: C:\Program Files (x86)\Microsoft Xbox 360 SDK\bin\win32\c1.dll
NtQueryInformationThread( ThreadHandle=-2, ThreadInformationClass=0x2a [ThreadDynamicCodePolicyInfo], ThreadInformation=0xd7f86c, Length=4, ReturnLength=null ) => 0
NtQueryInformationThread( ThreadHandle=-2, ThreadInformationClass=0x1d [ThreadWow64Context], ThreadInformation=0xb7dd20, Length=0x2cc, ReturnLength=null ) => 0
6774:651c @ 118014468 - LdrpResolveDllName - ENTER: DLL name: C:\Program Files (x86)\Microsoft Xbox 360 SDK\bin\win32\c1.dll
NtQueryAttributesFile( ObjectAttributes="\??\C:\Program Files (x86)\Microsoft Xbox 360 SDK\bin\win32\c1.dll", Attributes=0xb7e2a8 [ARCHIVE] ) => 0
NtQueryInformationThread( ThreadHandle=-2, ThreadInformationClass=0x1d [ThreadWow64Context], ThreadInformation=0xb7dd20, Length=0x2cc, ReturnLength=null ) => 0
6774:651c @ 118014468 - LdrpResolveDllName - RETURN: Status: 0x00000000
NtOpenFile( FileHandle=0xb7e2f8 [0xd8], DesiredAccess=SYNCHRONIZE|0x21, ObjectAttributes="\??\C:\Program Files (x86)\Microsoft Xbox 360 SDK\bin\win32\c1.dll", IoStatusBlock=0xb7e298 [0/1], ShareAccess=5, OpenOptions=0x60 ) => 0
NtCreateSection( SectionHandle=0xb7e2f8 [0xe0], DesiredAccess=0xd, ObjectAttributes=null, SectionSize=null, Protect=0x10, Attributes=0x01000000, FileHandle=0xd8 ) => 0
NtQueryInformationThread( ThreadHandle=-2, ThreadInformationClass=0x1d [ThreadWow64Context], ThreadInformation=0xb7dd20, Length=0x2cc, ReturnLength=null ) => 0
6774:651c @ 118014468 - LdrpMinimalMapModule - ENTER: DLL name: C:\Program Files (x86)\Microsoft Xbox 360 SDK\bin\win32\c1.dll
Loaded DLL at 00000000594B0000 C:\Program Files (x86)\Microsoft Xbox 360 SDK\bin\win32\c1.dll
NtMapViewOfSection( SectionHandle=0xe0, ProcessHandle=-1, BaseAddress=0xb7e2b0 [0x594b0000], ZeroBits=0x7ffeffff, CommitSize=0, SectionOffset=null, ViewSize=0xb7e260 [0x000e3000], InheritDisposition=1 [ViewShare], AllocationType=0x00800000, Protect=0x80 ) => 0
NtQuerySection( SectionHandle=0xe0, SectionInformationClass=1 [SectionImageInformation], SectionInformation=0xb7e270, Length=0x40, ReturnLength=null ) => 0
NtQueryVirtualMemory( ProcessHandle=-1, BaseAddress=0x594b0000, MemoryInformationClass=6 [MemoryImageInformation], MemoryInformation=0xb7e180, Length=0x18, ReturnLength=null ) => 0
NtQueryInformationThread( ThreadHandle=-2, ThreadInformationClass=0x1d [ThreadWow64Context], ThreadInformation=0xb7dd20, Length=0x2cc, ReturnLength=null ) => 0
6774:651c @ 118014484 - LdrpMinimalMapModule - RETURN: Status: 0x00000000
NtProtectVirtualMemory( ProcessHandle=-1, BaseAddress=0xb7e2a8 [0x77439000], Size=0xb7e298 [0x3000], NewProtect=4, OldProtect=0xb7e238 [2] ) => 0
NtProtectVirtualMemory( ProcessHandle=-1, BaseAddress=0xb7e2a8 [0x77439000], Size=0xb7e298 [0x3000], NewProtect=2, OldProtect=0xb7e238 [4] ) => 0
NtQueryInformationThread( ThreadHandle=-2, ThreadInformationClass=0x1d [ThreadWow64Context], ThreadInformation=0xb7dd20, Length=0x2cc, ReturnLength=null ) => 0
6774:651c @ 118014484 - LdrpFindDllActivationContext - INFO: Probing for the manifest of DLL "C:\Program Files (x86)\Microsoft Xbox 360 SDK\bin\win32\c1.dll" failed with status 0xc0000089
NtProtectVirtualMemory( ProcessHandle=-1, BaseAddress=0xb7e2a8 [0x5958b000], Size=0xb7e298 [0x1000], NewProtect=4, OldProtect=0xb7e238 [2] ) => 0
NtQueryInformationThread( ThreadHandle=-2, ThreadInformationClass=0x1d [ThreadWow64Context], ThreadInformation=0xb7dd20, Length=0x2cc, ReturnLength=null ) => 0
6774:651c @ 118014484 - LdrpGetProcedureAddress - INFO: Locating procedure "RtlInitializeSListHead" by name
NtQueryInformationThread( ThreadHandle=-2, ThreadInformationClass=0x1d [ThreadWow64Context], ThreadInformation=0xb7dd20, Length=0x2cc, ReturnLength=null ) => 0
6774:651c @ 118014484 - LdrpGetProcedureAddress - INFO: Locating procedure "RtlInterlockedPushEntrySList" by name
NtQueryInformationThread( ThreadHandle=-2, ThreadInformationClass=0x1d [ThreadWow64Context], ThreadInformation=0xb7dd20, Length=0x2cc, ReturnLength=null ) => 0
6774:651c @ 118014484 - LdrpGetProcedureAddress - INFO: Locating procedure "RtlInterlockedFlushSList" by name
NtQueryInformationThread( ThreadHandle=-2, ThreadInformationClass=0x1d [ThreadWow64Context], ThreadInformation=0xb7dd20, Length=0x2cc, ReturnLength=null ) => 0
6774:651c @ 118014484 - LdrpGetProcedureAddress - INFO: Locating procedure "RtlEnterCriticalSection" by name
NtQueryInformationThread( ThreadHandle=-2, ThreadInformationClass=0x1d [ThreadWow64Context], ThreadInformation=0xb7dd20, Length=0x2cc, ReturnLength=null ) => 0
6774:651c @ 118014484 - LdrpGetProcedureAddress - INFO: Locating procedure "RtlLeaveCriticalSection" by name
NtQueryInformationThread( ThreadHandle=-2, ThreadInformationClass=0x1d [ThreadWow64Context], ThreadInformation=0xb7dd20, Length=0x2cc, ReturnLength=null ) => 0
6774:651c @ 118014484 - LdrpGetProcedureAddress - INFO: Locating procedure "RtlDeleteCriticalSection" by name
NtQueryInformationThread( ThreadHandle=-2, ThreadInformationClass=0x1d [ThreadWow64Context], ThreadInformation=0xb7dd20, Length=0x2cc, ReturnLength=null ) => 0
6774:651c @ 118014484 - LdrpGetProcedureAddress - INFO: Locating procedure "RtlEncodePointer" by name
NtQueryInformationThread( ThreadHandle=-2, ThreadInformationClass=0x1d [ThreadWow64Context], ThreadInformation=0xb7dd20, Length=0x2cc, ReturnLength=null ) => 0
6774:651c @ 118014484 - LdrpGetProcedureAddress - INFO: Locating procedure "RtlAllocateHeap" by name
NtQueryInformationThread( ThreadHandle=-2, ThreadInformationClass=0x1d [ThreadWow64Context], ThreadInformation=0xb7dd20, Length=0x2cc, ReturnLength=null ) => 0
6774:651c @ 118014484 - LdrpGetProcedureAddress - INFO: Locating procedure "RtlDecodePointer" by name
NtQueryInformationThread( ThreadHandle=-2, ThreadInformationClass=0x1d [ThreadWow64Context], ThreadInformation=0xb7dd20, Length=0x2cc, ReturnLength=null ) => 0
6774:651c @ 118014484 - LdrpGetProcedureAddress - INFO: Locating procedure "RtlReAllocateHeap" by name
NtQueryInformationThread( ThreadHandle=-2, ThreadInformationClass=0x1d [ThreadWow64Context], ThreadInformation=0xb7dd20, Length=0x2cc, ReturnLength=null ) => 0
6774:651c @ 118014484 - LdrpGetProcedureAddress - INFO: Locating procedure "RtlSizeHeap" by name
NtProtectVirtualMemory( ProcessHandle=-1, BaseAddress=0xb7e2a8 [0x5958b000], Size=0xb7e298 [0x1000], NewProtect=2, OldProtect=0xb7e238 [4] ) => 0
NtApphelpCacheControl( ServiceClass=6, ServiceData="" ) => 0
NtSetInformationVirtualMemory( ProcessHandle=-1, VmInformationClass=4, NumberOfEntries=1, VirtualAddresses=0xb7eb70, VmInformation=0xd7f80c, VmInformationLength=4 ) => 0xc00000bb [50 'The request is not supported.']
NtQueryInformationThread( ThreadHandle=-2, ThreadInformationClass=0x1d [ThreadWow64Context], ThreadInformation=0xb7dd20, Length=0x2cc, ReturnLength=null ) => 0
6774:651c @ 118014484 - LdrpInitializeNode - INFO: Calling init routine 594B3C3D for DLL "C:\Program Files (x86)\Microsoft Xbox 360 SDK\bin\win32\c1.dll"
NtQueryInformationThread( ThreadHandle=-2, ThreadInformationClass=0x1d [ThreadWow64Context], ThreadInformation=0xb7dd20, Length=0x2cc, ReturnLength=null ) => 0
6774:651c @ 118014484 - LdrLoadDll - ENTER: DLL name: api-ms-win-core-synch-l1-2-0
NtQueryInformationThread( ThreadHandle=-2, ThreadInformationClass=0x1d [ThreadWow64Context], ThreadInformation=0xb7dd20, Length=0x2cc, ReturnLength=null ) => 0
6774:651c @ 118014484 - LdrpPreprocessDllName - INFO: DLL api-ms-win-core-synch-l1-2-0 was redirected to C:\Windows\SYSTEM32\kernelbase.dll by API set
NtQueryInformationThread( ThreadHandle=-2, ThreadInformationClass=0x1d [ThreadWow64Context], ThreadInformation=0xb7dd20, Length=0x2cc, ReturnLength=null ) => 0
6774:651c @ 118014484 - LdrpLoadDllInternal - ENTER: DLL name: C:\Windows\SYSTEM32\kernelbase.dll
NtQueryInformationThread( ThreadHandle=-2, ThreadInformationClass=0x1d [ThreadWow64Context], ThreadInformation=0xb7dd20, Length=0x2cc, ReturnLength=null ) => 0
6774:651c @ 118014484 - LdrpLoadDllInternal - RETURN: Status: 0x00000000
NtQueryInformationThread( ThreadHandle=-2, ThreadInformationClass=0x1d [ThreadWow64Context], ThreadInformation=0xb7dd20, Length=0x2cc, ReturnLength=null ) => 0
6774:651c @ 118014484 - LdrLoadDll - RETURN: Status: 0x00000000
NtQueryInformationThread( ThreadHandle=-2, ThreadInformationClass=0x1d [ThreadWow64Context], ThreadInformation=0xb7dd20, Length=0x2cc, ReturnLength=null ) => 0
6774:651c @ 118014484 - LdrpGetProcedureAddress - INFO: Locating procedure "InitializeCriticalSectionEx" by name
NtQueryInformationThread( ThreadHandle=-2, ThreadInformationClass=0x1d [ThreadWow64Context], ThreadInformation=0xb7dd20, Length=0x2cc, ReturnLength=null ) => 0
6774:651c @ 118014484 - LdrLoadDll - ENTER: DLL name: api-ms-win-core-fibers-l1-1-1
NtQueryInformationThread( ThreadHandle=-2, ThreadInformationClass=0x1d [ThreadWow64Context], ThreadInformation=0xb7dd20, Length=0x2cc, ReturnLength=null ) => 0
6774:651c @ 118014484 - LdrpPreprocessDllName - INFO: DLL api-ms-win-core-fibers-l1-1-1 was redirected to C:\Windows\SYSTEM32\kernelbase.dll by API set
NtQueryInformationThread( ThreadHandle=-2, ThreadInformationClass=0x1d [ThreadWow64Context], ThreadInformation=0xb7dd20, Length=0x2cc, ReturnLength=null ) => 0
6774:651c @ 118014484 - LdrpLoadDllInternal - ENTER: DLL name: C:\Windows\SYSTEM32\kernelbase.dll
NtQueryInformationThread( ThreadHandle=-2, ThreadInformationClass=0x1d [ThreadWow64Context], ThreadInformation=0xb7dd20, Length=0x2cc, ReturnLength=null ) => 0
6774:651c @ 118014484 - LdrpLoadDllInternal - RETURN: Status: 0x00000000
NtQueryInformationThread( ThreadHandle=-2, ThreadInformationClass=0x1d [ThreadWow64Context], ThreadInformation=0xb7dd20, Length=0x2cc, ReturnLength=null ) => 0
6774:651c @ 118014484 - LdrLoadDll - RETURN: Status: 0x00000000
NtQueryInformationThread( ThreadHandle=-2, ThreadInformationClass=0x1d [ThreadWow64Context], ThreadInformation=0xb7dd20, Length=0x2cc, ReturnLength=null ) => 0
6774:651c @ 118014484 - LdrpGetProcedureAddress - INFO: Locating procedure "FlsAlloc" by name
NtQueryInformationThread( ThreadHandle=-2, ThreadInformationClass=0x1d [ThreadWow64Context], ThreadInformation=0xb7dd20, Length=0x2cc, ReturnLength=null ) => 0
6774:651c @ 118014484 - LdrpGetProcedureAddress - INFO: Locating procedure "FlsSetValue" by name
NtQueryInformationThread( ThreadHandle=-2, ThreadInformationClass=0x1d [ThreadWow64Context], ThreadInformation=0xb7dd20, Length=0x2cc, ReturnLength=null ) => 0
6774:651c @ 118014484 - LdrLoadDll - ENTER: DLL name: api-ms-win-core-synch-l1-2-0
NtQueryInformationThread( ThreadHandle=-2, ThreadInformationClass=0x1d [ThreadWow64Context], ThreadInformation=0xb7dd20, Length=0x2cc, ReturnLength=null ) => 0
6774:651c @ 118014484 - LdrpPreprocessDllName - INFO: DLL api-ms-win-core-synch-l1-2-0 was redirected to C:\Windows\SYSTEM32\kernelbase.dll by API set
NtQueryInformationThread( ThreadHandle=-2, ThreadInformationClass=0x1d [ThreadWow64Context], ThreadInformation=0xb7dd20, Length=0x2cc, ReturnLength=null ) => 0
6774:651c @ 118014484 - LdrpLoadDllInternal - ENTER: DLL name: C:\Windows\SYSTEM32\kernelbase.dll
NtQueryInformationThread( ThreadHandle=-2, ThreadInformationClass=0x1d [ThreadWow64Context], ThreadInformation=0xb7dd20, Length=0x2cc, ReturnLength=null ) => 0
6774:651c @ 118014484 - LdrpLoadDllInternal - RETURN: Status: 0x00000000
NtQueryInformationThread( ThreadHandle=-2, ThreadInformationClass=0x1d [ThreadWow64Context], ThreadInformation=0xb7dd20, Length=0x2cc, ReturnLength=null ) => 0
6774:651c @ 118014484 - LdrLoadDll - RETURN: Status: 0x00000000
NtQueryInformationThread( ThreadHandle=-2, ThreadInformationClass=0x1d [ThreadWow64Context], ThreadInformation=0xb7dd20, Length=0x2cc, ReturnLength=null ) => 0
6774:651c @ 118014484 - LdrpGetProcedureAddress - INFO: Locating procedure "InitializeCriticalSectionEx" by name
NtQueryInformationThread( ThreadHandle=-2, ThreadInformationClass=0x1d [ThreadWow64Context], ThreadInformation=0xb7dd20, Length=0x2cc, ReturnLength=null ) => 0
6774:651c @ 118014484 - LdrLoadDll - ENTER: DLL name: api-ms-win-core-fibers-l1-1-0
NtQueryInformationThread( ThreadHandle=-2, ThreadInformationClass=0x1d [ThreadWow64Context], ThreadInformation=0xb7dd20, Length=0x2cc, ReturnLength=null ) => 0
6774:651c @ 118014484 - LdrpPreprocessDllName - INFO: DLL api-ms-win-core-fibers-l1-1-0 was redirected to C:\Windows\SYSTEM32\kernelbase.dll by API set
NtQueryInformationThread( ThreadHandle=-2, ThreadInformationClass=0x1d [ThreadWow64Context], ThreadInformation=0xb7dd20, Length=0x2cc, ReturnLength=null ) => 0
6774:651c @ 118014484 - LdrpLoadDllInternal - ENTER: DLL name: C:\Windows\SYSTEM32\kernelbase.dll
NtQueryInformationThread( ThreadHandle=-2, ThreadInformationClass=0x1d [ThreadWow64Context], ThreadInformation=0xb7dd20, Length=0x2cc, ReturnLength=null ) => 0
6774:651c @ 118014484 - LdrpLoadDllInternal - RETURN: Status: 0x00000000
NtQueryInformationThread( ThreadHandle=-2, ThreadInformationClass=0x1d [ThreadWow64Context], ThreadInformation=0xb7dd20, Length=0x2cc, ReturnLength=null ) => 0
6774:651c @ 118014484 - LdrLoadDll - RETURN: Status: 0x00000000
NtQueryInformationThread( ThreadHandle=-2, ThreadInformationClass=0x1d [ThreadWow64Context], ThreadInformation=0xb7dd20, Length=0x2cc, ReturnLength=null ) => 0
6774:651c @ 118014484 - LdrpGetProcedureAddress - INFO: Locating procedure "FlsAlloc" by name
NtQueryInformationThread( ThreadHandle=-2, ThreadInformationClass=0x1d [ThreadWow64Context], ThreadInformation=0xb7dd20, Length=0x2cc, ReturnLength=null ) => 0
6774:651c @ 118014484 - LdrpGetProcedureAddress - INFO: Locating procedure "FlsGetValue" by name
NtQueryInformationThread( ThreadHandle=-2, ThreadInformationClass=0x1d [ThreadWow64Context], ThreadInformation=0xb7dd20, Length=0x2cc, ReturnLength=null ) => 0
6774:651c @ 118014484 - LdrpGetProcedureAddress - INFO: Locating procedure "FlsSetValue" by name
NtQueryVolumeInformationFile( FileHandle=0x58, IoStatusBlock=0xb7e2c8 [0/8], FsInformation=0xd7f5f0, Length=8, FsInformationClass=4 [FsDeviceInformation] ) => 0
NtQueryVolumeInformationFile( FileHandle=0x1ac, IoStatusBlock=0xb7e2c8 [0/8], FsInformation=0xd7f5f0, Length=8, FsInformationClass=4 [FsDeviceInformation] ) => 0
NtQueryVolumeInformationFile( FileHandle=0x60, IoStatusBlock=0xb7e2c8 [0/8], FsInformation=0xd7f5f0, Length=8, FsInformationClass=4 [FsDeviceInformation] ) => 0
NtQueryInformationThread( ThreadHandle=-2, ThreadInformationClass=0x1d [ThreadWow64Context], ThreadInformation=0xb7dd20, Length=0x2cc, ReturnLength=null ) => 0
6774:651c @ 118014484 - LdrLoadDll - ENTER: DLL name: api-ms-win-core-localization-l1-2-1
NtQueryInformationThread( ThreadHandle=-2, ThreadInformationClass=0x1d [ThreadWow64Context], ThreadInformation=0xb7dd20, Length=0x2cc, ReturnLength=null ) => 0
6774:651c @ 118014484 - LdrpPreprocessDllName - INFO: DLL api-ms-win-core-localization-l1-2-1 was redirected to C:\Windows\SYSTEM32\kernelbase.dll by API set
NtQueryInformationThread( ThreadHandle=-2, ThreadInformationClass=0x1d [ThreadWow64Context], ThreadInformation=0xb7dd20, Length=0x2cc, ReturnLength=null ) => 0
6774:651c @ 118014484 - LdrpLoadDllInternal - ENTER: DLL name: C:\Windows\SYSTEM32\kernelbase.dll
NtQueryInformationThread( ThreadHandle=-2, ThreadInformationClass=0x1d [ThreadWow64Context], ThreadInformation=0xb7dd20, Length=0x2cc, ReturnLength=null ) => 0
6774:651c @ 118014484 - LdrpLoadDllInternal - RETURN: Status: 0x00000000
NtQueryInformationThread( ThreadHandle=-2, ThreadInformationClass=0x1d [ThreadWow64Context], ThreadInformation=0xb7dd20, Length=0x2cc, ReturnLength=null ) => 0
6774:651c @ 118014484 - LdrLoadDll - RETURN: Status: 0x00000000
NtQueryInformationThread( ThreadHandle=-2, ThreadInformationClass=0x1d [ThreadWow64Context], ThreadInformation=0xb7dd20, Length=0x2cc, ReturnLength=null ) => 0
6774:651c @ 118014484 - LdrpGetProcedureAddress - INFO: Locating procedure "LCMapStringEx" by name
NtQueryInformationThread( ThreadHandle=-2, ThreadInformationClass=0x1d [ThreadWow64Context], ThreadInformation=0xb7dd20, Length=0x2cc, ReturnLength=null ) => 0
6774:651c @ 118014484 - LdrLoadDll - ENTER: DLL name: kernel32
NtQueryInformationThread( ThreadHandle=-2, ThreadInformationClass=0x1d [ThreadWow64Context], ThreadInformation=0xb7dd20, Length=0x2cc, ReturnLength=null ) => 0
6774:651c @ 118014484 - LdrpLoadDllInternal - ENTER: DLL name: kernel32.DLL
NtQueryInformationThread( ThreadHandle=-2, ThreadInformationClass=0x1d [ThreadWow64Context], ThreadInformation=0xb7dd20, Length=0x2cc, ReturnLength=null ) => 0
6774:651c @ 118014484 - LdrpLoadDllInternal - RETURN: Status: 0x00000000
NtQueryInformationThread( ThreadHandle=-2, ThreadInformationClass=0x1d [ThreadWow64Context], ThreadInformation=0xb7dd20, Length=0x2cc, ReturnLength=null ) => 0
6774:651c @ 118014484 - LdrLoadDll - RETURN: Status: 0x00000000
NtQueryInformationThread( ThreadHandle=-2, ThreadInformationClass=0x1d [ThreadWow64Context], ThreadInformation=0xb7dd20, Length=0x2cc, ReturnLength=null ) => 0
6774:651c @ 118014484 - LdrpGetProcedureAddress - INFO: Locating procedure "AreFileApisANSI" by name
NtAllocateVirtualMemory( ProcessHandle=-1, lpAddress=0xb7e2b0 [0x0126a000], ZeroBits=0, pSize=0xb7e2a0 [0x5000], flAllocationType=0x1000, flProtect=4 ) => 0
NtQueryInformationThread( ThreadHandle=-2, ThreadInformationClass=0x1d [ThreadWow64Context], ThreadInformation=0xb7dd20, Length=0x2cc, ReturnLength=null ) => 0
6774:651c @ 118014484 - LdrpLoadDllInternal - RETURN: Status: 0x00000000
NtQueryInformationThread( ThreadHandle=-2, ThreadInformationClass=0x1d [ThreadWow64Context], ThreadInformation=0xb7dd20, Length=0x2cc, ReturnLength=null ) => 0
6774:651c @ 118014484 - LdrLoadDll - RETURN: Status: 0x00000000
NtQueryInformationThread( ThreadHandle=-2, ThreadInformationClass=0x1d [ThreadWow64Context], ThreadInformation=0xb7dd20, Length=0x2cc, ReturnLength=null ) => 0
6774:651c @ 118014484 - LdrLoadDll - ENTER: DLL name: C:\Program Files (x86)\Microsoft Xbox 360 SDK\bin\win32\c1xx.dll
NtQueryInformationThread( ThreadHandle=-2, ThreadInformationClass=0x1d [ThreadWow64Context], ThreadInformation=0xb7dd20, Length=0x2cc, ReturnLength=null ) => 0
6774:651c @ 118014484 - LdrpLoadDllInternal - ENTER: DLL name: C:\Program Files (x86)\Microsoft Xbox 360 SDK\bin\win32\c1xx.dll
NtQueryInformationThread( ThreadHandle=-2, ThreadInformationClass=0x2a [ThreadDynamicCodePolicyInfo], ThreadInformation=0xd7f86c, Length=4, ReturnLength=null ) => 0
NtQueryInformationThread( ThreadHandle=-2, ThreadInformationClass=0x1d [ThreadWow64Context], ThreadInformation=0xb7dd20, Length=0x2cc, ReturnLength=null ) => 0
6774:651c @ 118014484 - LdrpResolveDllName - ENTER: DLL name: C:\Program Files (x86)\Microsoft Xbox 360 SDK\bin\win32\c1xx.dll
NtQueryAttributesFile( ObjectAttributes="\??\C:\Program Files (x86)\Microsoft Xbox 360 SDK\bin\win32\c1xx.dll", Attributes=0xb7e2a8 [NORMAL] ) => 0
NtQueryInformationThread( ThreadHandle=-2, ThreadInformationClass=0x1d [ThreadWow64Context], ThreadInformation=0xb7dd20, Length=0x2cc, ReturnLength=null ) => 0
6774:651c @ 118014484 - LdrpResolveDllName - RETURN: Status: 0x00000000
NtOpenFile( FileHandle=0xb7e2f8 [0xd8], DesiredAccess=SYNCHRONIZE|0x21, ObjectAttributes="\??\C:\Program Files (x86)\Microsoft Xbox 360 SDK\bin\win32\c1xx.dll", IoStatusBlock=0xb7e298 [0/1], ShareAccess=5, OpenOptions=0x60 ) => 0
NtCreateSection( SectionHandle=0xb7e2f8 [0xe0], DesiredAccess=0xd, ObjectAttributes=null, SectionSize=null, Protect=0x10, Attributes=0x01000000, FileHandle=0xd8 ) => 0
NtQueryInformationThread( ThreadHandle=-2, ThreadInformationClass=0x1d [ThreadWow64Context], ThreadInformation=0xb7dd20, Length=0x2cc, ReturnLength=null ) => 0
6774:651c @ 118014484 - LdrpMinimalMapModule - ENTER: DLL name: C:\Program Files (x86)\Microsoft Xbox 360 SDK\bin\win32\c1xx.dll
Loaded DLL at 0000000010500000 C:\Program Files (x86)\Microsoft Xbox 360 SDK\bin\win32\c1xx.dll
NtMapViewOfSection( SectionHandle=0xe0, ProcessHandle=-1, BaseAddress=0xb7e2b0 [0x10500000], ZeroBits=0x7ffeffff, CommitSize=0, SectionOffset=null, ViewSize=0xb7e260 [0x001d8000], InheritDisposition=1 [ViewShare], AllocationType=0x00800000, Protect=0x80 ) => 0
NtQuerySection( SectionHandle=0xe0, SectionInformationClass=1 [SectionImageInformation], SectionInformation=0xb7e270, Length=0x40, ReturnLength=null ) => 0
NtQueryVirtualMemory( ProcessHandle=-1, BaseAddress=0x10500000, MemoryInformationClass=6 [MemoryImageInformation], MemoryInformation=0xb7e180, Length=0x18, ReturnLength=null ) => 0
NtQueryInformationThread( ThreadHandle=-2, ThreadInformationClass=0x1d [ThreadWow64Context], ThreadInformation=0xb7dd20, Length=0x2cc, ReturnLength=null ) => 0
6774:651c @ 118014484 - LdrpMinimalMapModule - RETURN: Status: 0x00000000
NtProtectVirtualMemory( ProcessHandle=-1, BaseAddress=0xb7e2a8 [0x77439000], Size=0xb7e298 [0x3000], NewProtect=4, OldProtect=0xb7e238 [2] ) => 0
NtProtectVirtualMemory( ProcessHandle=-1, BaseAddress=0xb7e2a8 [0x77439000], Size=0xb7e298 [0x3000], NewProtect=2, OldProtect=0xb7e238 [4] ) => 0
NtQueryInformationThread( ThreadHandle=-2, ThreadInformationClass=0x1d [ThreadWow64Context], ThreadInformation=0xb7dd20, Length=0x2cc, ReturnLength=null ) => 0
6774:651c @ 118014484 - LdrpFindDllActivationContext - INFO: Probing for the manifest of DLL "C:\Program Files (x86)\Microsoft Xbox 360 SDK\bin\win32\c1xx.dll" failed with status 0xc000008a
NtProtectVirtualMemory( ProcessHandle=-1, BaseAddress=0xb7e2a8 [0x10501000], Size=0xb7e298 [0x1000], NewProtect=4, OldProtect=0xb7e238 [0x20] ) => 0
NtQueryInformationThread( ThreadHandle=-2, ThreadInformationClass=0x1d [ThreadWow64Context], ThreadInformation=0xb7dd20, Length=0x2cc, ReturnLength=null ) => 0
6774:651c @ 118014484 - LdrpFindKnownDll - ENTER: DLL name: MSVCR100.dll
NtQueryObject( ObjectHandle=0x90, ObjectInformationClass=1 [ObjectNameInformation], ObjectInformation=0xb7e060, Length=0x210, ReturnLength=null ) => 0
NtOpenSection( SectionHandle=0xb7e2f8, DesiredAccess=0xd, ObjectAttributes=0x90:"MSVCR100.dll" ) => 0xc0000034 [2 'The system cannot find the file specified.']
NtQueryInformationThread( ThreadHandle=-2, ThreadInformationClass=0x1d [ThreadWow64Context], ThreadInformation=0xb7dd20, Length=0x2cc, ReturnLength=null ) => 0
6774:651c @ 118014484 - LdrpFindKnownDll - RETURN: Status: 0xc0000135
Created thread: 24660 at 0000000077345990
NtQueryInformationThread( ThreadHandle=-2, ThreadInformationClass=0x1d [ThreadWow64Context], ThreadInformation=0xb7dd20, Length=0x2cc, ReturnLength=null ) => 0
6774:651c @ 118014484 - LdrpFindKnownDll - ENTER: DLL name: ATL100.DLL
NtQueryObject( ObjectHandle=0x90, ObjectInformationClass=1 [ObjectNameInformation], ObjectInformation=0xb7e060, Length=0x210, ReturnLength=null ) => 0
NtQueryInformationThread( ThreadHandle=-2, ThreadInformationClass=0x1d [ThreadWow64Context], ThreadInformation=0x144f8f4, Length=0x2cc, ReturnLength=null ) => 0
NtOpenSection( SectionHandle=0xb7e2f8, DesiredAccess=0xd, ObjectAttributes=0x90:"ATL100.DLL" ) => 0xc0000034 [2 'The system cannot find the file specified.']
NtSetInformationThread( ThreadHandle=-2, ThreadInformationClass=0x1d [ThreadWow64Context], ThreadInformation=0x144f8f4, Length=0x2cc ) => 0
NtQueryInformationThread( ThreadHandle=-2, ThreadInformationClass=0x1d [ThreadWow64Context], ThreadInformation=0xb7dd20, Length=0x2cc, ReturnLength=null ) => 0
NtTestAlert( ) => 0
6774:651c @ 118014484 - LdrpFindKnownDll - RETURN: Status: 0xc0000135
NtQueryInformationThread( ThreadHandle=-2, ThreadInformationClass=0x1d [ThreadWow64Context], ThreadInformation=0xb7dd20, Length=0x2cc, ReturnLength=null ) => 0
NtWaitForWorkViaWorkerFactory( WorkerFactoryHandle=0xc8, MiniPacket=0xbdeae0 ) => 0
Created thread: 9208 at 0000000077345990
6774:651c @ 118014484 - LdrpFindKnownDll - ENTER: DLL name: ole32.dll
NtQueryInformationThread( ThreadHandle=-2, ThreadInformationClass=0x1d [ThreadWow64Context], ThreadInformation=0x154f888, Length=0x2cc, ReturnLength=null ) => 0
NtQueryObject( ObjectHandle=0x90, ObjectInformationClass=1 [ObjectNameInformation], ObjectInformation=0xb7e060, Length=0x210, ReturnLength=null ) => 0
NtOpenSection( SectionHandle=0xb7e2f8 [0xe4], DesiredAccess=0xd, ObjectAttributes=0x90:"ole32.dll" ) => 0
NtSetInformationThread( ThreadHandle=-2, ThreadInformationClass=0x1d [ThreadWow64Context], ThreadInformation=0x154f888, Length=0x2cc ) => 0
NtQueryInformationThread( ThreadHandle=-2, ThreadInformationClass=0x1d [ThreadWow64Context], ThreadInformation=0xbdde80, Length=0x2cc, ReturnLength=null ) => 0
NtTestAlert( ) => 0
6774:6054 @ 118014484 - LdrpSearchPath - ENTER: DLL name: MSVCR100.dll
NtQueryInformationThread( ThreadHandle=-2, ThreadInformationClass=0x1d [ThreadWow64Context], ThreadInformation=0xb7dd20, Length=0x2cc, ReturnLength=null ) => 0
6774:651c @ 118014484 - LdrpFindKnownDll - RETURN: Status: 0x00000000
NtWaitForWorkViaWorkerFactory( WorkerFactoryHandle=0xc8, MiniPacket=0x110efe0 ) => 0
NtQueryInformationThread( ThreadHandle=-2, ThreadInformationClass=0x1d [ThreadWow64Context], ThreadInformation=0x110e380, Length=0x2cc, ReturnLength=null ) => 0
NtQueryInformationThread( ThreadHandle=-2, ThreadInformationClass=0x1d [ThreadWow64Context], ThreadInformation=0xbdde80, Length=0x2cc, ReturnLength=null ) => 0
6774:6054 @ 118014484 - LdrpComputeLazyDllPath - INFO: DLL search path computed: C:\Program Files (x86)\Microsoft Xbox 360 SDK\bin\win32
6774:23f8 @ 118014484 - LdrpSearchPath - ENTER: DLL name: ATL100.DLL
NtQueryInformationThread( ThreadHandle=-2, ThreadInformationClass=0x1d [ThreadWow64Context], ThreadInformation=0xb7dd20, Length=0x2cc, ReturnLength=null ) => 0
NtQueryInformationThread( ThreadHandle=-2, ThreadInformationClass=0x1d [ThreadWow64Context], ThreadInformation=0xbdde80, Length=0x2cc, ReturnLength=null ) => 0
6774:651c @ 118014484 - LdrpMinimalMapModule - ENTER: DLL name: C:\Windows\System32\ole32.dll
NtQueryInformationThread( ThreadHandle=-2, ThreadInformationClass=0x1d [ThreadWow64Context], ThreadInformation=0x110e380, Length=0x2cc, ReturnLength=null ) => 0
6774:6054 @ 118014484 - LdrpResolveDllName - ENTER: DLL name: C:\Program Files (x86)\Microsoft Xbox 360 SDK\bin\win32\MSVCR100.dll
6774:23f8 @ 118014484 - LdrpResolveDllName - ENTER: DLL name: C:\Program Files (x86)\Microsoft Xbox 360 SDK\bin\win32\ATL100.DLL
NtQueryAttributesFile( ObjectAttributes="\??\C:\Program Files (x86)\Microsoft Xbox 360 SDK\bin\win32\MSVCR100.dll", Attributes=0xbde408 [NORMAL] ) => 0
NtQueryAttributesFile( ObjectAttributes="\??\C:\Program Files (x86)\Microsoft Xbox 360 SDK\bin\win32\ATL100.DLL", Attributes=0x110e908 [NORMAL] ) => 0
NtQueryInformationThread( ThreadHandle=-2, ThreadInformationClass=0x1d [ThreadWow64Context], ThreadInformation=0xbdde80, Length=0x2cc, ReturnLength=null ) => 0
6774:6054 @ 118014484 - LdrpResolveDllName - RETURN: Status: 0x00000000
NtQueryInformationThread( ThreadHandle=-2, ThreadInformationClass=0x1d [ThreadWow64Context], ThreadInformation=0x110e380, Length=0x2cc, ReturnLength=null ) => 0
NtQueryInformationThread( ThreadHandle=-2, ThreadInformationClass=0x1d [ThreadWow64Context], ThreadInformation=0xbdde80, Length=0x2cc, ReturnLength=null ) => 0
6774:23f8 @ 118014484 - LdrpResolveDllName - RETURN: Status: 0x00000000
6774:6054 @ 118014484 - LdrpSearchPath - RETURN: Status: 0x00000000
NtQueryInformationThread( ThreadHandle=-2, ThreadInformationClass=0x1d [ThreadWow64Context], ThreadInformation=0x110e380, Length=0x2cc, ReturnLength=null ) => 0
6774:23f8 @ 118014484 - LdrpSearchPath - RETURN: Status: 0x00000000
NtOpenFile( FileHandle=0xbde458 [0xe8], DesiredAccess=SYNCHRONIZE|0x21, ObjectAttributes="\??\C:\Program Files (x86)\Microsoft Xbox 360 SDK\bin\win32\MSVCR100.dll", IoStatusBlock=0xbde3f8 [0/1], ShareAccess=5, OpenOptions=0x60 ) => 0
NtOpenFile( FileHandle=0x110e958 [0xdc], DesiredAccess=SYNCHRONIZE|0x21, ObjectAttributes="\??\C:\Program Files (x86)\Microsoft Xbox 360 SDK\bin\win32\ATL100.DLL", IoStatusBlock=0x110e8f8 [0/1], ShareAccess=5, OpenOptions=0x60 ) => 0
Loaded DLL at 00000000767D0000 C:\Windows\SysWOW64\ole32.dll
NtMapViewOfSection( SectionHandle=0xe4, ProcessHandle=-1, BaseAddress=0xb7e2b0 [0x767d0000], ZeroBits=0x7ffeffff, CommitSize=0, SectionOffset=null, ViewSize=0xb7e260 [0x000e3000], InheritDisposition=1 [ViewShare], AllocationType=0x00800000, Protect=0x80 ) => 0
NtCreateSection( SectionHandle=0x110e958 [0xec], DesiredAccess=0xd, ObjectAttributes=null, SectionSize=null, Protect=0x10, Attributes=0x01000000, FileHandle=0xdc ) => 0
NtQuerySection( SectionHandle=0xe4, SectionInformationClass=1 [SectionImageInformation], SectionInformation=0xb7e270, Length=0x40, ReturnLength=null ) => 0
NtCreateSection( SectionHandle=0xbde458 [0xf0], DesiredAccess=0xd, ObjectAttributes=null, SectionSize=null, Protect=0x10, Attributes=0x01000000, FileHandle=0xe8 ) => 0
NtQueryInformationThread( ThreadHandle=-2, ThreadInformationClass=0x1d [ThreadWow64Context], ThreadInformation=0x110e380, Length=0x2cc, ReturnLength=null ) => 0
NtQueryVirtualMemory( ProcessHandle=-1, BaseAddress=0x767d0000, MemoryInformationClass=6 [MemoryImageInformation], MemoryInformation=0xb7e180, Length=0x18, ReturnLength=null ) => 0
6774:23f8 @ 118014484 - LdrpMinimalMapModule - ENTER: DLL name: C:\Program Files (x86)\Microsoft Xbox 360 SDK\bin\win32\ATL100.DLL
NtQueryInformationThread( ThreadHandle=-2, ThreadInformationClass=0x1d [ThreadWow64Context], ThreadInformation=0xbdde80, Length=0x2cc, ReturnLength=null ) => 0
6774:6054 @ 118014484 - LdrpMinimalMapModule - ENTER: DLL name: C:\Program Files (x86)\Microsoft Xbox 360 SDK\bin\win32\MSVCR100.dll
NtQueryInformationThread( ThreadHandle=-2, ThreadInformationClass=0x1d [ThreadWow64Context], ThreadInformation=0xb7dd20, Length=0x2cc, ReturnLength=null ) => 0
Loaded DLL at 00000000593C0000 C:\Program Files (x86)\Microsoft Xbox 360 SDK\bin\win32\ATL100.DLL
NtMapViewOfSection( SectionHandle=0xec, ProcessHandle=-1, BaseAddress=0x110e910 [0x593c0000], ZeroBits=0x7ffeffff, CommitSize=0, SectionOffset=null, ViewSize=0x110e8c0 [0x00026000], InheritDisposition=1 [ViewShare], AllocationType=0x00800000, Protect=0x80 ) => 0
NtQuerySection( SectionHandle=0xec, SectionInformationClass=1 [SectionImageInformation], SectionInformation=0x110e8d0, Length=0x40, ReturnLength=null ) => 0
6774:651c @ 118014484 - LdrpMinimalMapModule - RETURN: Status: 0x00000000
NtQueryVirtualMemory( ProcessHandle=-1, BaseAddress=0x593c0000, MemoryInformationClass=6 [MemoryImageInformation], MemoryInformation=0x110e7e0, Length=0x18, ReturnLength=null ) => 0
NtQueryInformationThread( ThreadHandle=-2, ThreadInformationClass=0x1d [ThreadWow64Context], ThreadInformation=0x110e380, Length=0x2cc, ReturnLength=null ) => 0
Loaded DLL at 00000000593F0000 C:\Program Files (x86)\Microsoft Xbox 360 SDK\bin\win32\MSVCR100.dll
NtMapViewOfSection( SectionHandle=0xf0, ProcessHandle=-1, BaseAddress=0xbde410 [0x593f0000], ZeroBits=0x7ffeffff, CommitSize=0, SectionOffset=null, ViewSize=0xbde3c0 [0x000bf000], InheritDisposition=1 [ViewShare], AllocationType=0x00800000, Protect=0x80 ) => 0
6774:23f8 @ 118014484 - LdrpMinimalMapModule - RETURN: Status: 0x00000000
NtQuerySection( SectionHandle=0xf0, SectionInformationClass=1 [SectionImageInformation], SectionInformation=0xbde3d0, Length=0x40, ReturnLength=null ) => 0
NtProtectVirtualMemory( ProcessHandle=-1, BaseAddress=0xb7e2a8 [0x76892000], Size=0xb7e298 [0x1000], NewProtect=2, OldProtect=0xb7e238 [4] ) => 0
NtProtectVirtualMemory( ProcessHandle=-1, BaseAddress=0x110e908 [0x77439000], Size=0x110e8f8 [0x3000], NewProtect=4, OldProtect=0x110e898 [2] ) => 0
NtQueryVirtualMemory( ProcessHandle=-1, BaseAddress=0x593f0000, MemoryInformationClass=6 [MemoryImageInformation], MemoryInformation=0xbde2e0, Length=0x18, ReturnLength=null ) => 0
NtProtectVirtualMemory( ProcessHandle=-1, BaseAddress=0x110e908 [0x77439000], Size=0x110e8f8 [0x3000], NewProtect=2, OldProtect=0x110e898 [4] ) => 0
NtQueryInformationThread( ThreadHandle=-2, ThreadInformationClass=0x1d [ThreadWow64Context], ThreadInformation=0xbdde80, Length=0x2cc, ReturnLength=null ) => 0
NtProtectVirtualMemory( ProcessHandle=-1, BaseAddress=0xb7e2a8 [0x77439000], Size=0xb7e298 [0x3000], NewProtect=4, OldProtect=0xb7e238 [2] ) => 0
NtQueryInformationThread( ThreadHandle=-2, ThreadInformationClass=0x1d [ThreadWow64Context], ThreadInformation=0x110e380, Length=0x2cc, ReturnLength=null ) => 0
6774:6054 @ 118014484 - LdrpMinimalMapModule - RETURN: Status: 0x00000000
6774:23f8 @ 118014484 - LdrpFindDllActivationContext - INFO: Probing for the manifest of DLL "C:\Program Files (x86)\Microsoft Xbox 360 SDK\bin\win32\ATL100.DLL" failed with status 0xc000008a
NtProtectVirtualMemory( ProcessHandle=-1, BaseAddress=0xb7e2a8 [0x77439000], Size=0xb7e298 [0x3000], NewProtect=2, OldProtect=0xb7e238 [4] ) => 0
NtProtectVirtualMemory( ProcessHandle=-1, BaseAddress=0x110e908 [0x593c1000], Size=0x110e8f8 [0x1000], NewProtect=4, OldProtect=0x110e898 [0x20] ) => 0
NtProtectVirtualMemory( ProcessHandle=-1, BaseAddress=0xbde408 [0x77439000], Size=0xbde3f8 [0x3000], NewProtect=4, OldProtect=0xbde398 [2] ) => 0
Created thread: 27816 at 0000000077345990
NtProtectVirtualMemory( ProcessHandle=-1, BaseAddress=0xbde408 [0x77439000], Size=0xbde3f8 [0x3000], NewProtect=2, OldProtect=0xbde398 [4] ) => 0
NtQueryInformationThread( ThreadHandle=-2, ThreadInformationClass=0x1d [ThreadWow64Context], ThreadInformation=0x164fb18, Length=0x2cc, ReturnLength=null ) => 0
NtQueryInformationThread( ThreadHandle=-2, ThreadInformationClass=0x1d [ThreadWow64Context], ThreadInformation=0xb7dd20, Length=0x2cc, ReturnLength=null ) => 0
6774:651c @ 118014484 - LdrpFindDllActivationContext - INFO: Probing for the manifest of DLL "C:\Windows\System32\ole32.dll" failed with status 0xc000008a
NtSetInformationThread( ThreadHandle=-2, ThreadInformationClass=0x1d [ThreadWow64Context], ThreadInformation=0x164fb18, Length=0x2cc ) => 0
NtTestAlert( ) => 0
NtQueryInformationThread( ThreadHandle=-2, ThreadInformationClass=0x1d [ThreadWow64Context], ThreadInformation=0x110e380, Length=0x2cc, ReturnLength=null ) => 0
NtProtectVirtualMemory( ProcessHandle=-1, BaseAddress=0xb7e2a8 [0x7688d000], Size=0xb7e298 [0x1000], NewProtect=4, OldProtect=0xb7e238 [2] ) => 0
NtWaitForWorkViaWorkerFactory( WorkerFactoryHandle=0xc8, MiniPacket=0x11de9a0 ) => 0
6774:23f8 @ 118014484 - LdrpGetProcedureAddress - INFO: Locating procedure "RtlEnterCriticalSection" by name
NtQueryInformationThread( ThreadHandle=-2, ThreadInformationClass=0x1d [ThreadWow64Context], ThreadInformation=0x110e380, Length=0x2cc, ReturnLength=null ) => 0
6774:23f8 @ 118014484 - LdrpGetProcedureAddress - INFO: Locating procedure "RtlLeaveCriticalSection" by name
NtQueryInformationThread( ThreadHandle=-2, ThreadInformationClass=0x1d [ThreadWow64Context], ThreadInformation=0xbdde80, Length=0x2cc, ReturnLength=null ) => 0
6774:6054 @ 118014484 - LdrpFindDllActivationContext - INFO: Probing for the manifest of DLL "C:\Program Files (x86)\Microsoft Xbox 360 SDK\bin\win32\MSVCR100.dll" failed with status 0xc000008a
NtQueryInformationThread( ThreadHandle=-2, ThreadInformationClass=0x1d [ThreadWow64Context], ThreadInformation=0xb7dd20, Length=0x2cc, ReturnLength=null ) => 0
NtQueryInformationThread( ThreadHandle=-2, ThreadInformationClass=0x1d [ThreadWow64Context], ThreadInformation=0x110e380, Length=0x2cc, ReturnLength=null ) => 0
NtProtectVirtualMemory( ProcessHandle=-1, BaseAddress=0xbde408 [0x593f1000], Size=0xbde3f8 [0x1000], NewProtect=4, OldProtect=0xbde398 [0x20] ) => 0
6774:23f8 @ 118014484 - LdrpGetProcedureAddress - INFO: Locating procedure "RtlDeleteCriticalSection" by name
6774:651c @ 118014484 - LdrpPreprocessDllName - INFO: DLL api-ms-win-crt-string-l1-1-0.dll was redirected to C:\Windows\SYSTEM32\ucrtbase.dll by API set
NtQueryInformationThread( ThreadHandle=-2, ThreadInformationClass=0x1d [ThreadWow64Context], ThreadInformation=0x110e380, Length=0x2cc, ReturnLength=null ) => 0
6774:23f8 @ 118014484 - LdrpGetProcedureAddress - INFO: Locating procedure "RtlDecodePointer" by name
NtWaitForWorkViaWorkerFactory( WorkerFactoryHandle=0xc8, MiniPacket=0x11de9a0 ) => 0
NtQueryInformationThread( ThreadHandle=-2, ThreadInformationClass=0x1d [ThreadWow64Context], ThreadInformation=0x110e380, Length=0x2cc, ReturnLength=null ) => 0
NtQueryInformationThread( ThreadHandle=-2, ThreadInformationClass=0x1d [ThreadWow64Context], ThreadInformation=0x11ddd40, Length=0x2cc, ReturnLength=null ) => 0
6774:23f8 @ 118014484 - LdrpGetProcedureAddress - INFO: Locating procedure "RtlEncodePointer" by name
6774:6ca8 @ 118014484 - LdrpGetProcedureAddress - INFO: Locating procedure "RtlEncodePointer" by name
NtQueryInformationThread( ThreadHandle=-2, ThreadInformationClass=0x1d [ThreadWow64Context], ThreadInformation=0x110e380, Length=0x2cc, ReturnLength=null ) => 0
NtQueryInformationThread( ThreadHandle=-2, ThreadInformationClass=0x1d [ThreadWow64Context], ThreadInformation=0x11ddd40, Length=0x2cc, ReturnLength=null ) => 0
6774:23f8 @ 118014484 - LdrpGetProcedureAddress - INFO: Locating procedure "RtlAllocateHeap" by name
6774:6ca8 @ 118014484 - LdrpGetProcedureAddress - INFO: Locating procedure "RtlDecodePointer" by name
NtQueryInformationThread( ThreadHandle=-2, ThreadInformationClass=0x1d [ThreadWow64Context], ThreadInformation=0x110e380, Length=0x2cc, ReturnLength=null ) => 0
NtQueryInformationThread( ThreadHandle=-2, ThreadInformationClass=0x1d [ThreadWow64Context], ThreadInformation=0xb7dd20, Length=0x2cc, ReturnLength=null ) => 0
6774:651c @ 118014484 - LdrpFindKnownDll - ENTER: DLL name: ucrtbase.dll
NtQueryInformationThread( ThreadHandle=-2, ThreadInformationClass=0x1d [ThreadWow64Context], ThreadInformation=0x11ddd40, Length=0x2cc, ReturnLength=null ) => 0
6774:23f8 @ 118014484 - LdrpGetProcedureAddress - INFO: Locating procedure "RtlReAllocateHeap" by name
6774:6ca8 @ 118014484 - LdrpGetProcedureAddress - INFO: Locating procedure "RtlDeleteCriticalSection" by name
NtQueryObject( ObjectHandle=0x90, ObjectInformationClass=1 [ObjectNameInformation], ObjectInformation=0xb7e060, Length=0x210, ReturnLength=null ) => 0
NtQueryInformationThread( ThreadHandle=-2, ThreadInformationClass=0x1d [ThreadWow64Context], ThreadInformation=0x11ddd40, Length=0x2cc, ReturnLength=null ) => 0
6774:6ca8 @ 118014500 - LdrpGetProcedureAddress - INFO: Locating procedure "RtlLeaveCriticalSection" by name
NtQueryInformationThread( ThreadHandle=-2, ThreadInformationClass=0x1d [ThreadWow64Context], ThreadInformation=0x11ddd40, Length=0x2cc, ReturnLength=null ) => 0
NtQueryInformationThread( ThreadHandle=-2, ThreadInformationClass=0x1d [ThreadWow64Context], ThreadInformation=0x110e380, Length=0x2cc, ReturnLength=null ) => 0
6774:23f8 @ 118014500 - LdrpGetProcedureAddress - INFO: Locating procedure "RtlSizeHeap" by name
6774:6ca8 @ 118014500 - LdrpGetProcedureAddress - INFO: Locating procedure "RtlEnterCriticalSection" by name
NtOpenSection( SectionHandle=0xb7e2f8 [0xdc], DesiredAccess=0xd, ObjectAttributes=0x90:"ucrtbase.dll" ) => 0
NtQueryInformationThread( ThreadHandle=-2, ThreadInformationClass=0x1d [ThreadWow64Context], ThreadInformation=0x11ddd40, Length=0x2cc, ReturnLength=null ) => 0
6774:6ca8 @ 118014500 - LdrpGetProcedureAddress - INFO: Locating procedure "RtlExitUserThread" by name
NtQueryInformationThread( ThreadHandle=-2, ThreadInformationClass=0x1d [ThreadWow64Context], ThreadInformation=0x110e380, Length=0x2cc, ReturnLength=null ) => 0
NtQueryInformationThread( ThreadHandle=-2, ThreadInformationClass=0x1d [ThreadWow64Context], ThreadInformation=0xb7dd20, Length=0x2cc, ReturnLength=null ) => 0
NtQueryInformationThread( ThreadHandle=-2, ThreadInformationClass=0x1d [ThreadWow64Context], ThreadInformation=0x11ddd40, Length=0x2cc, ReturnLength=null ) => 0
6774:23f8 @ 118014500 - LdrpGetProcedureAddress - INFO: Locating procedure "RtlInterlockedPushEntrySList" by name
6774:6ca8 @ 118014500 - LdrpGetProcedureAddress - INFO: Locating procedure "RtlInterlockedPopEntrySList" by name
NtQueryInformationThread( ThreadHandle=-2, ThreadInformationClass=0x1d [ThreadWow64Context], ThreadInformation=0x110e380, Length=0x2cc, ReturnLength=null ) => 0
NtQueryInformationThread( ThreadHandle=-2, ThreadInformationClass=0x1d [ThreadWow64Context], ThreadInformation=0x11ddd40, Length=0x2cc, ReturnLength=null ) => 0
6774:23f8 @ 118014500 - LdrpGetProcedureAddress - INFO: Locating procedure "RtlInterlockedPopEntrySList" by name
6774:6ca8 @ 118014500 - LdrpGetProcedureAddress - INFO: Locating procedure "RtlInterlockedFlushSList" by name
NtProtectVirtualMemory( ProcessHandle=-1, BaseAddress=0x110e908 [0x593c1000], Size=0x110e8f8 [0x1000], NewProtect=0x20, OldProtect=0x110e898 [4] ) => 0
NtQueryInformationThread( ThreadHandle=-2, ThreadInformationClass=0x1d [ThreadWow64Context], ThreadInformation=0x11ddd40, Length=0x2cc, ReturnLength=null ) => 0
6774:6ca8 @ 118014500 - LdrpGetProcedureAddress - INFO: Locating procedure "RtlQueryDepthSList" by name
6774:651c @ 118014500 - LdrpFindKnownDll - RETURN: Status: 0x00000000
NtQueryInformationThread( ThreadHandle=-2, ThreadInformationClass=0x1d [ThreadWow64Context], ThreadInformation=0x11ddd40, Length=0x2cc, ReturnLength=null ) => 0
6774:6ca8 @ 118014500 - LdrpGetProcedureAddress - INFO: Locating procedure "RtlInterlockedPushEntrySList" by name
NtQueryInformationThread( ThreadHandle=-2, ThreadInformationClass=0x1d [ThreadWow64Context], ThreadInformation=0xb7dd20, Length=0x2cc, ReturnLength=null ) => 0
NtQueryInformationThread( ThreadHandle=-2, ThreadInformationClass=0x1d [ThreadWow64Context], ThreadInformation=0x11ddd40, Length=0x2cc, ReturnLength=null ) => 0
6774:6ca8 @ 118014500 - LdrpGetProcedureAddress - INFO: Locating procedure "RtlTryEnterCriticalSection" by name
6774:651c @ 118014500 - LdrpMinimalMapModule - ENTER: DLL name: C:\Windows\System32\ucrtbase.dll
NtQueryInformationThread( ThreadHandle=-2, ThreadInformationClass=0x1d [ThreadWow64Context], ThreadInformation=0x11ddd40, Length=0x2cc, ReturnLength=null ) => 0
6774:6ca8 @ 118014500 - LdrpGetProcedureAddress - INFO: Locating procedure "RtlInitializeSListHead" by name
NtQueryInformationThread( ThreadHandle=-2, ThreadInformationClass=0x1d [ThreadWow64Context], ThreadInformation=0x11ddd40, Length=0x2cc, ReturnLength=null ) => 0
6774:6ca8 @ 118014500 - LdrpGetProcedureAddress - INFO: Locating procedure "RtlAllocateHeap" by name
NtQueryInformationThread( ThreadHandle=-2, ThreadInformationClass=0x1d [ThreadWow64Context], ThreadInformation=0x11ddd40, Length=0x2cc, ReturnLength=null ) => 0
6774:6ca8 @ 118014500 - LdrpGetProcedureAddress - INFO: Locating procedure "RtlReAllocateHeap" by name
NtQueryInformationThread( ThreadHandle=-2, ThreadInformationClass=0x1d [ThreadWow64Context], ThreadInformation=0x11ddd40, Length=0x2cc, ReturnLength=null ) => 0
6774:6ca8 @ 118014500 - LdrpGetProcedureAddress - INFO: Locating procedure "RtlSizeHeap" by name
NtProtectVirtualMemory( ProcessHandle=-1, BaseAddress=0x11de2c8 [0x593f1000], Size=0x11de2b8 [0x1000], NewProtect=0x20, OldProtect=0x11de258 [4] ) => 0
Loaded DLL at 00000000769E0000 C:\Windows\SysWOW64\ucrtbase.dll
NtMapViewOfSection( SectionHandle=0xdc, ProcessHandle=-1, BaseAddress=0xb7e2b0 [0x769e0000], ZeroBits=0x7ffeffff, CommitSize=0, SectionOffset=null, ViewSize=0xb7e260 [0x00120000], InheritDisposition=1 [ViewShare], AllocationType=0x00800000, Protect=0x80 ) => 0
NtQuerySection( SectionHandle=0xdc, SectionInformationClass=1 [SectionImageInformation], SectionInformation=0xb7e270, Length=0x40, ReturnLength=null ) => 0
NtQueryVirtualMemory( ProcessHandle=-1, BaseAddress=0x769e0000, MemoryInformationClass=6 [MemoryImageInformation], MemoryInformation=0xb7e180, Length=0x18, ReturnLength=null ) => 0
NtQueryInformationThread( ThreadHandle=-2, ThreadInformationClass=0x1d [ThreadWow64Context], ThreadInformation=0xb7dd20, Length=0x2cc, ReturnLength=null ) => 0
6774:651c @ 118014500 - LdrpMinimalMapModule - RETURN: Status: 0x00000000
NtProtectVirtualMemory( ProcessHandle=-1, BaseAddress=0xb7e2a8 [0x77439000], Size=0xb7e298 [0x3000], NewProtect=4, OldProtect=0xb7e238 [2] ) => 0
NtProtectVirtualMemory( ProcessHandle=-1, BaseAddress=0xb7e2a8 [0x77439000], Size=0xb7e298 [0x3000], NewProtect=2, OldProtect=0xb7e238 [4] ) => 0
NtQueryInformationThread( ThreadHandle=-2, ThreadInformationClass=0x1d [ThreadWow64Context], ThreadInformation=0xb7dd20, Length=0x2cc, ReturnLength=null ) => 0
6774:651c @ 118014500 - LdrpFindDllActivationContext - INFO: Probing for the manifest of DLL "C:\Windows\System32\ucrtbase.dll" failed with status 0xc000008a
NtProtectVirtualMemory( ProcessHandle=-1, BaseAddress=0xb7e2a8 [0x76af2000], Size=0xb7e298 [0x1000], NewProtect=4, OldProtect=0xb7e238 [2] ) => 0
NtQueryInformationThread( ThreadHandle=-2, ThreadInformationClass=0x1d [ThreadWow64Context], ThreadInformation=0xb7dd20, Length=0x2cc, ReturnLength=null ) => 0
6774:651c @ 118014500 - LdrpPreprocessDllName - INFO: DLL api-ms-win-core-errorhandling-l1-1-0.dll was redirected to C:\Windows\SYSTEM32\kernelbase.dll by API set
NtQueryInformationThread( ThreadHandle=-2, ThreadInformationClass=0x1d [ThreadWow64Context], ThreadInformation=0xb7dd20, Length=0x2cc, ReturnLength=null ) => 0
6774:651c @ 118014500 - LdrpPreprocessDllName - INFO: DLL api-ms-win-core-heap-l1-1-0.dll was redirected to C:\Windows\SYSTEM32\kernelbase.dll by API set
NtQueryInformationThread( ThreadHandle=-2, ThreadInformationClass=0x1d [ThreadWow64Context], ThreadInformation=0xb7dd20, Length=0x2cc, ReturnLength=null ) => 0
6774:651c @ 118014500 - LdrpPreprocessDllName - INFO: DLL api-ms-win-core-processthreads-l1-1-0.dll was redirected to C:\Windows\SYSTEM32\kernel32.dll by API set
NtQueryInformationThread( ThreadHandle=-2, ThreadInformationClass=0x1d [ThreadWow64Context], ThreadInformation=0xb7dd20, Length=0x2cc, ReturnLength=null ) => 0
6774:651c @ 118014500 - LdrpPreprocessDllName - INFO: DLL api-ms-win-core-libraryloader-l1-1-0.dll was redirected to C:\Windows\SYSTEM32\kernelbase.dll by API set
NtQueryInformationThread( ThreadHandle=-2, ThreadInformationClass=0x1d [ThreadWow64Context], ThreadInformation=0xb7dd20, Length=0x2cc, ReturnLength=null ) => 0
6774:651c @ 118014500 - LdrpPreprocessDllName - INFO: DLL api-ms-win-core-synch-l1-1-0.dll was redirected to C:\Windows\SYSTEM32\kernelbase.dll by API set
NtQueryInformationThread( ThreadHandle=-2, ThreadInformationClass=0x1d [ThreadWow64Context], ThreadInformation=0xb7dd20, Length=0x2cc, ReturnLength=null ) => 0
6774:651c @ 118014500 - LdrpPreprocessDllName - INFO: DLL api-ms-win-core-debug-l1-1-0.dll was redirected to C:\Windows\SYSTEM32\kernelbase.dll by API set
NtQueryInformationThread( ThreadHandle=-2, ThreadInformationClass=0x1d [ThreadWow64Context], ThreadInformation=0xb7dd20, Length=0x2cc, ReturnLength=null ) => 0
6774:651c @ 118014500 - LdrpPreprocessDllName - INFO: DLL api-ms-win-core-processenvironment-l1-1-0.dll was redirected to C:\Windows\SYSTEM32\kernelbase.dll by API set
NtQueryInformationThread( ThreadHandle=-2, ThreadInformationClass=0x1d [ThreadWow64Context], ThreadInformation=0xb7dd20, Length=0x2cc, ReturnLength=null ) => 0
6774:651c @ 118014500 - LdrpPreprocessDllName - INFO: DLL api-ms-win-core-file-l1-1-0.dll was redirected to C:\Windows\SYSTEM32\kernelbase.dll by API set
NtQueryInformationThread( ThreadHandle=-2, ThreadInformationClass=0x1d [ThreadWow64Context], ThreadInformation=0xb7dd20, Length=0x2cc, ReturnLength=null ) => 0
6774:651c @ 118014500 - LdrpPreprocessDllName - INFO: DLL api-ms-win-core-string-l1-1-0.dll was redirected to C:\Windows\SYSTEM32\kernelbase.dll by API set
NtQueryInformationThread( ThreadHandle=-2, ThreadInformationClass=0x1d [ThreadWow64Context], ThreadInformation=0xb7dd20, Length=0x2cc, ReturnLength=null ) => 0
6774:651c @ 118014500 - LdrpPreprocessDllName - INFO: DLL api-ms-win-core-localization-l1-2-0.dll was redirected to C:\Windows\SYSTEM32\kernelbase.dll by API set
NtQueryInformationThread( ThreadHandle=-2, ThreadInformationClass=0x1d [ThreadWow64Context], ThreadInformation=0xb7dd20, Length=0x2cc, ReturnLength=null ) => 0
6774:651c @ 118014500 - LdrpPreprocessDllName - INFO: DLL api-ms-win-core-datetime-l1-1-0.dll was redirected to C:\Windows\SYSTEM32\kernelbase.dll by API set
NtQueryInformationThread( ThreadHandle=-2, ThreadInformationClass=0x1d [ThreadWow64Context], ThreadInformation=0xb7dd20, Length=0x2cc, ReturnLength=null ) => 0
6774:651c @ 118014500 - LdrpPreprocessDllName - INFO: DLL api-ms-win-core-sysinfo-l1-1-0.dll was redirected to C:\Windows\SYSTEM32\kernelbase.dll by API set
NtQueryInformationThread( ThreadHandle=-2, ThreadInformationClass=0x1d [ThreadWow64Context], ThreadInformation=0xb7dd20, Length=0x2cc, ReturnLength=null ) => 0
6774:651c @ 118014500 - LdrpPreprocessDllName - INFO: DLL api-ms-win-core-processthreads-l1-1-1.dll was redirected to C:\Windows\SYSTEM32\kernel32.dll by API set
NtQueryInformationThread( ThreadHandle=-2, ThreadInformationClass=0x1d [ThreadWow64Context], ThreadInformation=0xb7dd20, Length=0x2cc, ReturnLength=null ) => 0
6774:651c @ 118014500 - LdrpPreprocessDllName - INFO: DLL api-ms-win-core-console-l1-1-0.dll was redirected to C:\Windows\SYSTEM32\kernelbase.dll by API set
NtQueryInformationThread( ThreadHandle=-2, ThreadInformationClass=0x1d [ThreadWow64Context], ThreadInformation=0xb7dd20, Length=0x2cc, ReturnLength=null ) => 0
6774:651c @ 118014500 - LdrpPreprocessDllName - INFO: DLL api-ms-win-core-handle-l1-1-0.dll was redirected to C:\Windows\SYSTEM32\kernelbase.dll by API set
NtQueryInformationThread( ThreadHandle=-2, ThreadInformationClass=0x1d [ThreadWow64Context], ThreadInformation=0xb7dd20, Length=0x2cc, ReturnLength=null ) => 0
6774:651c @ 118014500 - LdrpPreprocessDllName - INFO: DLL api-ms-win-core-file-l1-2-0.dll was redirected to C:\Windows\SYSTEM32\kernelbase.dll by API set
NtQueryInformationThread( ThreadHandle=-2, ThreadInformationClass=0x1d [ThreadWow64Context], ThreadInformation=0xb7dd20, Length=0x2cc, ReturnLength=null ) => 0
6774:651c @ 118014500 - LdrpPreprocessDllName - INFO: DLL api-ms-win-core-namedpipe-l1-1-0.dll was redirected to C:\Windows\SYSTEM32\kernelbase.dll by API set
NtQueryInformationThread( ThreadHandle=-2, ThreadInformationClass=0x1d [ThreadWow64Context], ThreadInformation=0xb7dd20, Length=0x2cc, ReturnLength=null ) => 0
6774:651c @ 118014500 - LdrpPreprocessDllName - INFO: DLL api-ms-win-core-timezone-l1-1-0.dll was redirected to C:\Windows\SYSTEM32\kernelbase.dll by API set
NtQueryInformationThread( ThreadHandle=-2, ThreadInformationClass=0x1d [ThreadWow64Context], ThreadInformation=0xb7dd20, Length=0x2cc, ReturnLength=null ) => 0
6774:651c @ 118014500 - LdrpPreprocessDllName - INFO: DLL api-ms-win-core-file-l2-1-0.dll was redirected to C:\Windows\SYSTEM32\kernelbase.dll by API set
NtQueryInformationThread( ThreadHandle=-2, ThreadInformationClass=0x1d [ThreadWow64Context], ThreadInformation=0xb7dd20, Length=0x2cc, ReturnLength=null ) => 0
6774:651c @ 118014500 - LdrpPreprocessDllName - INFO: DLL api-ms-win-core-synch-l1-2-0.dll was redirected to C:\Windows\SYSTEM32\kernelbase.dll by API set
NtQueryInformationThread( ThreadHandle=-2, ThreadInformationClass=0x1d [ThreadWow64Context], ThreadInformation=0xb7dd20, Length=0x2cc, ReturnLength=null ) => 0
6774:651c @ 118014500 - LdrpPreprocessDllName - INFO: DLL api-ms-win-core-profile-l1-1-0.dll was redirected to C:\Windows\SYSTEM32\kernelbase.dll by API set
NtQueryInformationThread( ThreadHandle=-2, ThreadInformationClass=0x1d [ThreadWow64Context], ThreadInformation=0xb7dd20, Length=0x2cc, ReturnLength=null ) => 0
6774:651c @ 118014500 - LdrpPreprocessDllName - INFO: DLL api-ms-win-core-memory-l1-1-0.dll was redirected to C:\Windows\SYSTEM32\kernelbase.dll by API set
NtQueryInformationThread( ThreadHandle=-2, ThreadInformationClass=0x1d [ThreadWow64Context], ThreadInformation=0xb7dd20, Length=0x2cc, ReturnLength=null ) => 0
6774:651c @ 118014500 - LdrpPreprocessDllName - INFO: DLL api-ms-win-core-util-l1-1-0.dll was redirected to C:\Windows\SYSTEM32\kernel32.dll by API set
NtQueryInformationThread( ThreadHandle=-2, ThreadInformationClass=0x1d [ThreadWow64Context], ThreadInformation=0xb7dd20, Length=0x2cc, ReturnLength=null ) => 0
6774:651c @ 118014500 - LdrpPreprocessDllName - INFO: DLL api-ms-win-core-rtlsupport-l1-1-0.dll was redirected to C:\Windows\SYSTEM32\ntdll.dll by API set
NtQueryInformationThread( ThreadHandle=-2, ThreadInformationClass=0x1d [ThreadWow64Context], ThreadInformation=0xb7dd20, Length=0x2cc, ReturnLength=null ) => 0
6774:651c @ 118014500 - LdrpPreprocessDllName - INFO: DLL api-ms-win-core-interlocked-l1-1-0.dll was redirected to C:\Windows\SYSTEM32\kernelbase.dll by API set
NtWaitForWorkViaWorkerFactory( WorkerFactoryHandle=0xc8, MiniPacket=0xbdeae0 ) => 0
NtQueryInformationThread( ThreadHandle=-2, ThreadInformationClass=0x1d [ThreadWow64Context], ThreadInformation=0xb7dd20, Length=0x2cc, ReturnLength=null ) => 0
6774:651c @ 118014500 - LdrpPreprocessDllName - INFO: DLL api-ms-win-crt-runtime-l1-1-0.dll was redirected to C:\Windows\SYSTEM32\ucrtbase.dll by API set
NtQueryInformationThread( ThreadHandle=-2, ThreadInformationClass=0x1d [ThreadWow64Context], ThreadInformation=0xbdde80, Length=0x2cc, ReturnLength=null ) => 0
6774:6054 @ 118014500 - LdrpGetProcedureAddress - INFO: Locating procedure "RtlSetLastWin32Error" by name
NtQueryInformationThread( ThreadHandle=-2, ThreadInformationClass=0x1d [ThreadWow64Context], ThreadInformation=0xb7dd20, Length=0x2cc, ReturnLength=null ) => 0
6774:651c @ 118014500 - LdrpPreprocessDllName - INFO: DLL api-ms-win-crt-private-l1-1-0.dll was redirected to C:\Windows\SYSTEM32\ucrtbase.dll by API set
NtQueryInformationThread( ThreadHandle=-2, ThreadInformationClass=0x1d [ThreadWow64Context], ThreadInformation=0xbdde80, Length=0x2cc, ReturnLength=null ) => 0
6774:6054 @ 118014500 - LdrpGetProcedureAddress - INFO: Locating procedure "RtlReAllocateHeap" by name
NtQueryInformationThread( ThreadHandle=-2, ThreadInformationClass=0x1d [ThreadWow64Context], ThreadInformation=0xb7dd20, Length=0x2cc, ReturnLength=null ) => 0
6774:651c @ 118014500 - LdrpPreprocessDllName - INFO: DLL api-ms-win-core-libraryloader-l1-2-0.dll was redirected to C:\Windows\SYSTEM32\kernelbase.dll by API set
NtQueryInformationThread( ThreadHandle=-2, ThreadInformationClass=0x1d [ThreadWow64Context], ThreadInformation=0xbdde80, Length=0x2cc, ReturnLength=null ) => 0
6774:6054 @ 118014500 - LdrpGetProcedureAddress - INFO: Locating procedure "RtlSizeHeap" by name
NtQueryInformationThread( ThreadHandle=-2, ThreadInformationClass=0x1d [ThreadWow64Context], ThreadInformation=0xb7dd20, Length=0x2cc, ReturnLength=null ) => 0
6774:651c @ 118014500 - LdrpPreprocessDllName - INFO: DLL api-ms-win-core-synch-l1-1-0.dll was redirected to C:\Windows\SYSTEM32\kernelbase.dll by API set
NtQueryInformationThread( ThreadHandle=-2, ThreadInformationClass=0x1d [ThreadWow64Context], ThreadInformation=0xbdde80, Length=0x2cc, ReturnLength=null ) => 0
6774:6054 @ 118014500 - LdrpGetProcedureAddress - INFO: Locating procedure "RtlAllocateHeap" by name
NtQueryInformationThread( ThreadHandle=-2, ThreadInformationClass=0x1d [ThreadWow64Context], ThreadInformation=0xb7dd20, Length=0x2cc, ReturnLength=null ) => 0
6774:651c @ 118014500 - LdrpPreprocessDllName - INFO: DLL api-ms-win-core-heap-l1-1-0.dll was redirected to C:\Windows\SYSTEM32\kernelbase.dll by API set
NtQueryInformationThread( ThreadHandle=-2, ThreadInformationClass=0x1d [ThreadWow64Context], ThreadInformation=0xbdde80, Length=0x2cc, ReturnLength=null ) => 0
NtQueryInformationThread( ThreadHandle=-2, ThreadInformationClass=0x1d [ThreadWow64Context], ThreadInformation=0xb7dd20, Length=0x2cc, ReturnLength=null ) => 0
6774:651c @ 118014500 - LdrpPreprocessDllName - INFO: DLL api-ms-win-core-errorhandling-l1-1-0.dll was redirected to C:\Windows\SYSTEM32\kernelbase.dll by API set
6774:6054 @ 118014500 - LdrpGetProcedureAddress - INFO: Locating procedure "RtlFreeHeap" by name
NtQueryInformationThread( ThreadHandle=-2, ThreadInformationClass=0x1d [ThreadWow64Context], ThreadInformation=0xb7dd20, Length=0x2cc, ReturnLength=null ) => 0
6774:651c @ 118014500 - LdrpPreprocessDllName - INFO: DLL api-ms-win-core-processthreads-l1-1-0.dll was redirected to C:\Windows\SYSTEM32\kernel32.dll by API set
NtQueryInformationThread( ThreadHandle=-2, ThreadInformationClass=0x1d [ThreadWow64Context], ThreadInformation=0xbdde80, Length=0x2cc, ReturnLength=null ) => 0
6774:6054 @ 118014500 - LdrpGetProcedureAddress - INFO: Locating procedure "RtlExitUserThread" by name
NtQueryInformationThread( ThreadHandle=-2, ThreadInformationClass=0x1d [ThreadWow64Context], ThreadInformation=0xb7dd20, Length=0x2cc, ReturnLength=null ) => 0
6774:651c @ 118014500 - LdrpPreprocessDllName - INFO: DLL api-ms-win-core-wow64-l1-1-1.dll was redirected to C:\Windows\SYSTEM32\kernelbase.dll by API set
NtQueryInformationThread( ThreadHandle=-2, ThreadInformationClass=0x1d [ThreadWow64Context], ThreadInformation=0xb7dd20, Length=0x2cc, ReturnLength=null ) => 0
NtQueryInformationThread( ThreadHandle=-2, ThreadInformationClass=0x1d [ThreadWow64Context], ThreadInformation=0xbdde80, Length=0x2cc, ReturnLength=null ) => 0
6774:651c @ 118014500 - LdrpPreprocessDllName - INFO: DLL api-ms-win-core-localization-l1-2-0.dll was redirected to C:\Windows\SYSTEM32\kernelbase.dll by API set
6774:6054 @ 118014500 - LdrpGetProcedureAddress - INFO: Locating procedure "RtlEnterCriticalSection" by name
NtQueryInformationThread( ThreadHandle=-2, ThreadInformationClass=0x1d [ThreadWow64Context], ThreadInformation=0xbdde80, Length=0x2cc, ReturnLength=null ) => 0
6774:6054 @ 118014500 - LdrpGetProcedureAddress - INFO: Locating procedure "RtlDeleteCriticalSection" by name
NtQueryInformationThread( ThreadHandle=-2, ThreadInformationClass=0x1d [ThreadWow64Context], ThreadInformation=0xb7dd20, Length=0x2cc, ReturnLength=null ) => 0
6774:651c @ 118014500 - LdrpPreprocessDllName - INFO: DLL api-ms-win-core-debug-l1-1-0.dll was redirected to C:\Windows\SYSTEM32\kernelbase.dll by API set
NtQueryInformationThread( ThreadHandle=-2, ThreadInformationClass=0x1d [ThreadWow64Context], ThreadInformation=0xbdde80, Length=0x2cc, ReturnLength=null ) => 0
6774:6054 @ 118014500 - LdrpGetProcedureAddress - INFO: Locating procedure "RtlLeaveCriticalSection" by name
NtQueryInformationThread( ThreadHandle=-2, ThreadInformationClass=0x1d [ThreadWow64Context], ThreadInformation=0xb7dd20, Length=0x2cc, ReturnLength=null ) => 0
6774:651c @ 118014500 - LdrpPreprocessDllName - INFO: DLL api-ms-win-core-handle-l1-1-0.dll was redirected to C:\Windows\SYSTEM32\kernelbase.dll by API set
NtQueryInformationThread( ThreadHandle=-2, ThreadInformationClass=0x1d [ThreadWow64Context], ThreadInformation=0xb7dd20, Length=0x2cc, ReturnLength=null ) => 0
6774:651c @ 118014500 - LdrpPreprocessDllName - INFO: DLL api-ms-win-core-registry-l1-1-0.dll was redirected to C:\Windows\SYSTEM32\kernelbase.dll by API set
NtQueryInformationThread( ThreadHandle=-2, ThreadInformationClass=0x1d [ThreadWow64Context], ThreadInformation=0xb7dd20, Length=0x2cc, ReturnLength=null ) => 0
6774:651c @ 118014500 - LdrpPreprocessDllName - INFO: DLL api-ms-win-core-synch-l1-2-0.dll was redirected to C:\Windows\SYSTEM32\kernelbase.dll by API set
NtQueryInformationThread( ThreadHandle=-2, ThreadInformationClass=0x1d [ThreadWow64Context], ThreadInformation=0xbdde80, Length=0x2cc, ReturnLength=null ) => 0
NtQueryInformationThread( ThreadHandle=-2, ThreadInformationClass=0x1d [ThreadWow64Context], ThreadInformation=0xb7dd20, Length=0x2cc, ReturnLength=null ) => 0
6774:6054 @ 118014500 - LdrpGetProcedureAddress - INFO: Locating procedure "RtlQueryPerformanceCounter" by name
NtQueryInformationThread( ThreadHandle=-2, ThreadInformationClass=0x1d [ThreadWow64Context], ThreadInformation=0xbdde80, Length=0x2cc, ReturnLength=null ) => 0
6774:651c @ 118014500 - LdrpPreprocessDllName - INFO: DLL api-ms-win-core-file-l1-1-0.dll was redirected to C:\Windows\SYSTEM32\kernelbase.dll by API set
6774:6054 @ 118014500 - LdrpGetProcedureAddress - INFO: Locating procedure "RtlQueryPerformanceFrequency" by name
NtQueryInformationThread( ThreadHandle=-2, ThreadInformationClass=0x1d [ThreadWow64Context], ThreadInformation=0xbdde80, Length=0x2cc, ReturnLength=null ) => 0
NtQueryInformationThread( ThreadHandle=-2, ThreadInformationClass=0x1d [ThreadWow64Context], ThreadInformation=0xb7dd20, Length=0x2cc, ReturnLength=null ) => 0
6774:6054 @ 118014500 - LdrpGetProcedureAddress - INFO: Locating procedure "RtlEncodePointer" by name
6774:651c @ 118014500 - LdrpPreprocessDllName - INFO: DLL api-ms-win-core-string-l2-1-0.dll was redirected to C:\Windows\SYSTEM32\kernelbase.dll by API set
NtQueryInformationThread( ThreadHandle=-2, ThreadInformationClass=0x1d [ThreadWow64Context], ThreadInformation=0xb7dd20, Length=0x2cc, ReturnLength=null ) => 0
NtQueryInformationThread( ThreadHandle=-2, ThreadInformationClass=0x1d [ThreadWow64Context], ThreadInformation=0xbdde80, Length=0x2cc, ReturnLength=null ) => 0
6774:6054 @ 118014500 - LdrpGetProcedureAddress - INFO: Locating procedure "RtlDecodePointer" by name
6774:651c @ 118014500 - LdrpPreprocessDllName - INFO: DLL api-ms-win-core-string-l1-1-0.dll was redirected to C:\Windows\SYSTEM32\kernelbase.dll by API set
NtQueryInformationThread( ThreadHandle=-2, ThreadInformationClass=0x1d [ThreadWow64Context], ThreadInformation=0xbdde80, Length=0x2cc, ReturnLength=null ) => 0
6774:6054 @ 118014500 - LdrpGetProcedureAddress - INFO: Locating procedure "RtlInterlockedPushEntrySList" by name
NtQueryInformationThread( ThreadHandle=-2, ThreadInformationClass=0x1d [ThreadWow64Context], ThreadInformation=0xbdde80, Length=0x2cc, ReturnLength=null ) => 0
6774:6054 @ 118014500 - LdrpGetProcedureAddress - INFO: Locating procedure "RtlInterlockedFlushSList" by name
NtQueryInformationThread( ThreadHandle=-2, ThreadInformationClass=0x1d [ThreadWow64Context], ThreadInformation=0xb7dd20, Length=0x2cc, ReturnLength=null ) => 0
NtProtectVirtualMemory( ProcessHandle=-1, BaseAddress=0xbde408 [0x76af2000], Size=0xbde3f8 [0x1000], NewProtect=2, OldProtect=0xbde398 [4] ) => 0
6774:651c @ 118014500 - LdrpPreprocessDllName - INFO: DLL api-ms-win-core-sysinfo-l1-1-0.dll was redirected to C:\Windows\SYSTEM32\kernelbase.dll by API set
NtQueryInformationThread( ThreadHandle=-2, ThreadInformationClass=0x1d [ThreadWow64Context], ThreadInformation=0xb7dd20, Length=0x2cc, ReturnLength=null ) => 0
6774:651c @ 118014500 - LdrpPreprocessDllName - INFO: DLL api-ms-win-core-timezone-l1-1-0.dll was redirected to C:\Windows\SYSTEM32\kernelbase.dll by API set
NtQueryInformationThread( ThreadHandle=-2, ThreadInformationClass=0x1d [ThreadWow64Context], ThreadInformation=0xb7dd20, Length=0x2cc, ReturnLength=null ) => 0
6774:651c @ 118014500 - LdrpFindKnownDll - ENTER: DLL name: RPCRT4.dll
NtQueryObject( ObjectHandle=0x90, ObjectInformationClass=1 [ObjectNameInformation], ObjectInformation=0xb7e060, Length=0x210, ReturnLength=null ) => 0
NtOpenSection( SectionHandle=0xb7e2f8 [0xe8], DesiredAccess=0xd, ObjectAttributes=0x90:"RPCRT4.dll" ) => 0
NtQueryInformationThread( ThreadHandle=-2, ThreadInformationClass=0x1d [ThreadWow64Context], ThreadInformation=0xb7dd20, Length=0x2cc, ReturnLength=null ) => 0
6774:651c @ 118014500 - LdrpFindKnownDll - RETURN: Status: 0x00000000
NtQueryInformationThread( ThreadHandle=-2, ThreadInformationClass=0x1d [ThreadWow64Context], ThreadInformation=0xb7dd20, Length=0x2cc, ReturnLength=null ) => 0
6774:651c @ 118014500 - LdrpMinimalMapModule - ENTER: DLL name: C:\Windows\System32\RPCRT4.dll
Loaded DLL at 0000000076C70000 C:\Windows\SysWOW64\RPCRT4.dll
NtMapViewOfSection( SectionHandle=0xe8, ProcessHandle=-1, BaseAddress=0xb7e2b0 [0x76c70000], ZeroBits=0x7ffeffff, CommitSize=0, SectionOffset=null, ViewSize=0xb7e260 [0x000bc000], InheritDisposition=1 [ViewShare], AllocationType=0x00800000, Protect=0x80 ) => 0
NtQuerySection( SectionHandle=0xe8, SectionInformationClass=1 [SectionImageInformation], SectionInformation=0xb7e270, Length=0x40, ReturnLength=null ) => 0
NtQueryVirtualMemory( ProcessHandle=-1, BaseAddress=0x76c70000, MemoryInformationClass=6 [MemoryImageInformation], MemoryInformation=0xb7e180, Length=0x18, ReturnLength=null ) => 0
NtQueryInformationThread( ThreadHandle=-2, ThreadInformationClass=0x1d [ThreadWow64Context], ThreadInformation=0xb7dd20, Length=0x2cc, ReturnLength=null ) => 0
6774:651c @ 118014500 - LdrpMinimalMapModule - RETURN: Status: 0x00000000
NtProtectVirtualMemory( ProcessHandle=-1, BaseAddress=0xb7e2a8 [0x76d1f000], Size=0xb7e298 [0x1000], NewProtect=2, OldProtect=0xb7e238 [4] ) => 0
NtProtectVirtualMemory( ProcessHandle=-1, BaseAddress=0xb7e2a8 [0x77439000], Size=0xb7e298 [0x3000], NewProtect=4, OldProtect=0xb7e238 [2] ) => 0
NtProtectVirtualMemory( ProcessHandle=-1, BaseAddress=0xb7e2a8 [0x77439000], Size=0xb7e298 [0x3000], NewProtect=2, OldProtect=0xb7e238 [4] ) => 0
NtQueryInformationThread( ThreadHandle=-2, ThreadInformationClass=0x1d [ThreadWow64Context], ThreadInformation=0xb7dd20, Length=0x2cc, ReturnLength=null ) => 0
6774:651c @ 118014500 - LdrpFindDllActivationContext - INFO: Probing for the manifest of DLL "C:\Windows\System32\RPCRT4.dll" failed with status 0xc000008a
NtProtectVirtualMemory( ProcessHandle=-1, BaseAddress=0xb7e2a8 [0x76d1c000], Size=0xb7e298 [0x1000], NewProtect=4, OldProtect=0xb7e238 [2] ) => 0
NtQueryInformationThread( ThreadHandle=-2, ThreadInformationClass=0x1d [ThreadWow64Context], ThreadInformation=0xb7dd20, Length=0x2cc, ReturnLength=null ) => 0
6774:651c @ 118014500 - LdrpPreprocessDllName - INFO: DLL api-ms-win-core-debug-l1-1-0.dll was redirected to C:\Windows\SYSTEM32\kernelbase.dll by API set
NtQueryInformationThread( ThreadHandle=-2, ThreadInformationClass=0x1d [ThreadWow64Context], ThreadInformation=0xb7dd20, Length=0x2cc, ReturnLength=null ) => 0
6774:651c @ 118014500 - LdrpPreprocessDllName - INFO: DLL api-ms-win-core-errorhandling-l1-1-0.dll was redirected to C:\Windows\SYSTEM32\kernelbase.dll by API set
NtQueryInformationThread( ThreadHandle=-2, ThreadInformationClass=0x1d [ThreadWow64Context], ThreadInformation=0xb7dd20, Length=0x2cc, ReturnLength=null ) => 0
6774:651c @ 118014500 - LdrpPreprocessDllName - INFO: DLL api-ms-win-core-errorhandling-l1-1-2.dll was redirected to C:\Windows\SYSTEM32\kernelbase.dll by API set
NtQueryInformationThread( ThreadHandle=-2, ThreadInformationClass=0x1d [ThreadWow64Context], ThreadInformation=0xb7dd20, Length=0x2cc, ReturnLength=null ) => 0
6774:651c @ 118014500 - LdrpPreprocessDllName - INFO: DLL api-ms-win-core-handle-l1-1-0.dll was redirected to C:\Windows\SYSTEM32\kernelbase.dll by API set
NtQueryInformationThread( ThreadHandle=-2, ThreadInformationClass=0x1d [ThreadWow64Context], ThreadInformation=0xb7dd20, Length=0x2cc, ReturnLength=null ) => 0
6774:651c @ 118014500 - LdrpPreprocessDllName - INFO: DLL api-ms-win-core-heap-l1-1-0.dll was redirected to C:\Windows\SYSTEM32\kernelbase.dll by API set
NtQueryInformationThread( ThreadHandle=-2, ThreadInformationClass=0x1d [ThreadWow64Context], ThreadInformation=0xb7dd20, Length=0x2cc, ReturnLength=null ) => 0
6774:651c @ 118014500 - LdrpPreprocessDllName - INFO: DLL api-ms-win-core-interlocked-l1-1-0.dll was redirected to C:\Windows\SYSTEM32\kernelbase.dll by API set
NtQueryInformationThread( ThreadHandle=-2, ThreadInformationClass=0x1d [ThreadWow64Context], ThreadInformation=0xb7dd20, Length=0x2cc, ReturnLength=null ) => 0
6774:651c @ 118014500 - LdrpPreprocessDllName - INFO: DLL api-ms-win-core-io-l1-1-0.dll was redirected to C:\Windows\SYSTEM32\kernel32.dll by API set
NtQueryInformationThread( ThreadHandle=-2, ThreadInformationClass=0x1d [ThreadWow64Context], ThreadInformation=0xb7dd20, Length=0x2cc, ReturnLength=null ) => 0
6774:651c @ 118014515 - LdrpPreprocessDllName - INFO: DLL api-ms-win-core-libraryloader-l1-2-0.dll was redirected to C:\Windows\SYSTEM32\kernelbase.dll by API set
NtQueryInformationThread( ThreadHandle=-2, ThreadInformationClass=0x1d [ThreadWow64Context], ThreadInformation=0xb7dd20, Length=0x2cc, ReturnLength=null ) => 0
6774:651c @ 118014515 - LdrpPreprocessDllName - INFO: DLL api-ms-win-core-localization-l1-2-0.dll was redirected to C:\Windows\SYSTEM32\kernelbase.dll by API set
NtQueryInformationThread( ThreadHandle=-2, ThreadInformationClass=0x1d [ThreadWow64Context], ThreadInformation=0xb7dd20, Length=0x2cc, ReturnLength=null ) => 0
6774:651c @ 118014515 - LdrpPreprocessDllName - INFO: DLL api-ms-win-core-registry-l1-1-0.dll was redirected to C:\Windows\SYSTEM32\kernelbase.dll by API set
NtQueryInformationThread( ThreadHandle=-2, ThreadInformationClass=0x1d [ThreadWow64Context], ThreadInformation=0xb7dd20, Length=0x2cc, ReturnLength=null ) => 0
6774:651c @ 118014515 - LdrpPreprocessDllName - INFO: DLL api-ms-win-core-memory-l1-1-0.dll was redirected to C:\Windows\SYSTEM32\kernelbase.dll by API set
NtQueryInformationThread( ThreadHandle=-2, ThreadInformationClass=0x1d [ThreadWow64Context], ThreadInformation=0xb7dd20, Length=0x2cc, ReturnLength=null ) => 0
6774:651c @ 118014515 - LdrpPreprocessDllName - INFO: DLL api-ms-win-core-string-obsolete-l1-1-0.dll was redirected to C:\Windows\SYSTEM32\kernel32.dll by API set
NtQueryInformationThread( ThreadHandle=-2, ThreadInformationClass=0x1d [ThreadWow64Context], ThreadInformation=0xb7dd20, Length=0x2cc, ReturnLength=null ) => 0
6774:651c @ 118014515 - LdrpPreprocessDllName - INFO: DLL api-ms-win-core-heap-obsolete-l1-1-0.dll was redirected to C:\Windows\SYSTEM32\kernel32.dll by API set
NtQueryInformationThread( ThreadHandle=-2, ThreadInformationClass=0x1d [ThreadWow64Context], ThreadInformation=0xb7dd20, Length=0x2cc, ReturnLength=null ) => 0
6774:651c @ 118014515 - LdrpPreprocessDllName - INFO: DLL api-ms-win-core-namedpipe-l1-1-0.dll was redirected to C:\Windows\SYSTEM32\kernelbase.dll by API set
NtQueryInformationThread( ThreadHandle=-2, ThreadInformationClass=0x1d [ThreadWow64Context], ThreadInformation=0xb7dd20, Length=0x2cc, ReturnLength=null ) => 0
6774:651c @ 118014515 - LdrpPreprocessDllName - INFO: DLL api-ms-win-core-processenvironment-l1-1-0.dll was redirected to C:\Windows\SYSTEM32\kernelbase.dll by API set
NtQueryInformationThread( ThreadHandle=-2, ThreadInformationClass=0x1d [ThreadWow64Context], ThreadInformation=0xb7dd20, Length=0x2cc, ReturnLength=null ) => 0
6774:651c @ 118014515 - LdrpPreprocessDllName - INFO: DLL api-ms-win-core-processthreads-l1-1-0.dll was redirected to C:\Windows\SYSTEM32\kernel32.dll by API set
NtQueryInformationThread( ThreadHandle=-2, ThreadInformationClass=0x1d [ThreadWow64Context], ThreadInformation=0xb7dd20, Length=0x2cc, ReturnLength=null ) => 0
6774:651c @ 118014515 - LdrpPreprocessDllName - INFO: DLL api-ms-win-core-profile-l1-1-0.dll was redirected to C:\Windows\SYSTEM32\kernelbase.dll by API set
NtQueryInformationThread( ThreadHandle=-2, ThreadInformationClass=0x1d [ThreadWow64Context], ThreadInformation=0xb7dd20, Length=0x2cc, ReturnLength=null ) => 0
6774:651c @ 118014515 - LdrpPreprocessDllName - INFO: DLL api-ms-win-core-string-l1-1-0.dll was redirected to C:\Windows\SYSTEM32\kernelbase.dll by API set
NtQueryInformationThread( ThreadHandle=-2, ThreadInformationClass=0x1d [ThreadWow64Context], ThreadInformation=0xb7dd20, Length=0x2cc, ReturnLength=null ) => 0
6774:651c @ 118014515 - LdrpPreprocessDllName - INFO: DLL api-ms-win-core-synch-l1-1-0.dll was redirected to C:\Windows\SYSTEM32\kernelbase.dll by API set
NtQueryInformationThread( ThreadHandle=-2, ThreadInformationClass=0x1d [ThreadWow64Context], ThreadInformation=0xb7dd20, Length=0x2cc, ReturnLength=null ) => 0
6774:651c @ 118014515 - LdrpPreprocessDllName - INFO: DLL api-ms-win-core-synch-l1-2-0.dll was redirected to C:\Windows\SYSTEM32\kernelbase.dll by API set
NtQueryInformationThread( ThreadHandle=-2, ThreadInformationClass=0x1d [ThreadWow64Context], ThreadInformation=0xb7dd20, Length=0x2cc, ReturnLength=null ) => 0
6774:651c @ 118014515 - LdrpPreprocessDllName - INFO: DLL api-ms-win-core-sysinfo-l1-1-0.dll was redirected to C:\Windows\SYSTEM32\kernelbase.dll by API set
NtQueryInformationThread( ThreadHandle=-2, ThreadInformationClass=0x1d [ThreadWow64Context], ThreadInformation=0xb7dd20, Length=0x2cc, ReturnLength=null ) => 0
6774:651c @ 118014515 - LdrpPreprocessDllName - INFO: DLL api-ms-win-core-timezone-l1-1-0.dll was redirected to C:\Windows\SYSTEM32\kernelbase.dll by API set
NtQueryInformationThread( ThreadHandle=-2, ThreadInformationClass=0x1d [ThreadWow64Context], ThreadInformation=0xb7dd20, Length=0x2cc, ReturnLength=null ) => 0
6774:651c @ 118014515 - LdrpPreprocessDllName - INFO: DLL api-ms-win-core-threadpool-l1-2-0.dll was redirected to C:\Windows\SYSTEM32\kernelbase.dll by API set
NtQueryInformationThread( ThreadHandle=-2, ThreadInformationClass=0x1d [ThreadWow64Context], ThreadInformation=0xb7dd20, Length=0x2cc, ReturnLength=null ) => 0
6774:651c @ 118014515 - LdrpPreprocessDllName - INFO: DLL api-ms-win-core-threadpool-legacy-l1-1-0.dll was redirected to C:\Windows\SYSTEM32\kernelbase.dll by API set
NtQueryInformationThread( ThreadHandle=-2, ThreadInformationClass=0x1d [ThreadWow64Context], ThreadInformation=0xb7dd20, Length=0x2cc, ReturnLength=null ) => 0
6774:651c @ 118014515 - LdrpPreprocessDllName - INFO: DLL api-ms-win-security-base-l1-1-0.dll was redirected to C:\Windows\SYSTEM32\kernelbase.dll by API set
NtQueryInformationThread( ThreadHandle=-2, ThreadInformationClass=0x1d [ThreadWow64Context], ThreadInformation=0xb7dd20, Length=0x2cc, ReturnLength=null ) => 0
6774:651c @ 118014515 - LdrpPreprocessDllName - INFO: DLL api-ms-win-core-apiquery-l1-1-0.dll was redirected to C:\Windows\SYSTEM32\ntdll.dll by API set
NtQueryInformationThread( ThreadHandle=-2, ThreadInformationClass=0x1d [ThreadWow64Context], ThreadInformation=0xb7dd20, Length=0x2cc, ReturnLength=null ) => 0
6774:651c @ 118014515 - LdrpPreprocessDllName - INFO: DLL api-ms-win-core-delayload-l1-1-0.dll was redirected to C:\Windows\SYSTEM32\kernelbase.dll by API set
NtWaitForWorkViaWorkerFactory( WorkerFactoryHandle=0xc8, MiniPacket=0xbdeae0 ) => 0
NtQueryInformationThread( ThreadHandle=-2, ThreadInformationClass=0x1d [ThreadWow64Context], ThreadInformation=0xb7dd20, Length=0x2cc, ReturnLength=null ) => 0
6774:651c @ 118014515 - LdrpPreprocessDllName - INFO: DLL api-ms-win-core-interlocked-l1-1-0.dll was redirected to C:\Windows\SYSTEM32\kernelbase.dll by API set
NtQueryInformationThread( ThreadHandle=-2, ThreadInformationClass=0x1d [ThreadWow64Context], ThreadInformation=0xb7dd20, Length=0x2cc, ReturnLength=null ) => 0
6774:651c @ 118014515 - LdrpPreprocessDllName - INFO: DLL api-ms-win-core-libraryloader-l1-2-1.dll was redirected to C:\Windows\SYSTEM32\kernelbase.dll by API set
NtQueryInformationThread( ThreadHandle=-2, ThreadInformationClass=0x1d [ThreadWow64Context], ThreadInformation=0xbdde80, Length=0x2cc, ReturnLength=null ) => 0
6774:6054 @ 118014515 - LdrpGetProcedureAddress - INFO: Locating procedure "RtlSetLastWin32Error" by name
NtQueryInformationThread( ThreadHandle=-2, ThreadInformationClass=0x1d [ThreadWow64Context], ThreadInformation=0xb7dd20, Length=0x2cc, ReturnLength=null ) => 0
NtQueryInformationThread( ThreadHandle=-2, ThreadInformationClass=0x1d [ThreadWow64Context], ThreadInformation=0xbdde80, Length=0x2cc, ReturnLength=null ) => 0
6774:651c @ 118014515 - LdrpPreprocessDllName - INFO: DLL api-ms-win-core-memory-l1-1-0.dll was redirected to C:\Windows\SYSTEM32\kernelbase.dll by API set
6774:6054 @ 118014515 - LdrpGetProcedureAddress - INFO: Locating procedure "RtlReAllocateHeap" by name
NtQueryInformationThread( ThreadHandle=-2, ThreadInformationClass=0x1d [ThreadWow64Context], ThreadInformation=0xbdde80, Length=0x2cc, ReturnLength=null ) => 0
6774:6054 @ 118014515 - LdrpGetProcedureAddress - INFO: Locating procedure "RtlAllocateHeap" by name
NtQueryInformationThread( ThreadHandle=-2, ThreadInformationClass=0x1d [ThreadWow64Context], ThreadInformation=0xbdde80, Length=0x2cc, ReturnLength=null ) => 0
NtQueryInformationThread( ThreadHandle=-2, ThreadInformationClass=0x1d [ThreadWow64Context], ThreadInformation=0xb7dd20, Length=0x2cc, ReturnLength=null ) => 0
6774:6054 @ 118014515 - LdrpGetProcedureAddress - INFO: Locating procedure "RtlFreeHeap" by name
6774:651c @ 118014515 - LdrpPreprocessDllName - INFO: DLL api-ms-win-core-processenvironment-l1-1-0.dll was redirected to C:\Windows\SYSTEM32\kernelbase.dll by API set
NtQueryInformationThread( ThreadHandle=-2, ThreadInformationClass=0x1d [ThreadWow64Context], ThreadInformation=0xb7dd20, Length=0x2cc, ReturnLength=null ) => 0
6774:651c @ 118014515 - LdrpPreprocessDllName - INFO: DLL api-ms-win-core-heap-l2-1-0.dll was redirected to C:\Windows\SYSTEM32\kernelbase.dll by API set
NtQueryInformationThread( ThreadHandle=-2, ThreadInformationClass=0x1d [ThreadWow64Context], ThreadInformation=0xbdde80, Length=0x2cc, ReturnLength=null ) => 0
6774:6054 @ 118014515 - LdrpGetProcedureAddress - INFO: Locating procedure "RtlQueryDepthSList" by name
NtQueryInformationThread( ThreadHandle=-2, ThreadInformationClass=0x1d [ThreadWow64Context], ThreadInformation=0xbdde80, Length=0x2cc, ReturnLength=null ) => 0
6774:6054 @ 118014515 - LdrpGetProcedureAddress - INFO: Locating procedure "RtlInterlockedPushEntrySList" by name
NtQueryInformationThread( ThreadHandle=-2, ThreadInformationClass=0x1d [ThreadWow64Context], ThreadInformation=0xbdde80, Length=0x2cc, ReturnLength=null ) => 0
NtQueryInformationThread( ThreadHandle=-2, ThreadInformationClass=0x1d [ThreadWow64Context], ThreadInformation=0xb7dd20, Length=0x2cc, ReturnLength=null ) => 0
6774:6054 @ 118014515 - LdrpGetProcedureAddress - INFO: Locating procedure "RtlInterlockedPopEntrySList" by name
NtQueryInformationThread( ThreadHandle=-2, ThreadInformationClass=0x1d [ThreadWow64Context], ThreadInformation=0xbdde80, Length=0x2cc, ReturnLength=null ) => 0
6774:651c @ 118014515 - LdrpPreprocessDllName - INFO: DLL api-ms-win-eventing-provider-l1-1-0.dll was redirected to C:\Windows\SYSTEM32\kernelbase.dll by API set
6774:6054 @ 118014515 - LdrpGetProcedureAddress - INFO: Locating procedure "RtlInterlockedFlushSList" by name
NtQueryInformationThread( ThreadHandle=-2, ThreadInformationClass=0x1d [ThreadWow64Context], ThreadInformation=0xb7dd20, Length=0x2cc, ReturnLength=null ) => 0
NtQueryInformationThread( ThreadHandle=-2, ThreadInformationClass=0x1d [ThreadWow64Context], ThreadInformation=0xbdde80, Length=0x2cc, ReturnLength=null ) => 0
6774:6054 @ 118014515 - LdrpGetProcedureAddress - INFO: Locating procedure "RtlInitializeSListHead" by name
6774:651c @ 118014515 - LdrpPreprocessDllName - INFO: DLL api-ms-win-core-threadpool-l1-2-0.dll was redirected to C:\Windows\SYSTEM32\kernelbase.dll by API set
NtQueryInformationThread( ThreadHandle=-2, ThreadInformationClass=0x1d [ThreadWow64Context], ThreadInformation=0xb7dd20, Length=0x2cc, ReturnLength=null ) => 0
6774:651c @ 118014515 - LdrpPreprocessDllName - INFO: DLL api-ms-win-core-processthreads-l1-1-1.dll was redirected to C:\Windows\SYSTEM32\kernel32.dll by API set
NtQueryInformationThread( ThreadHandle=-2, ThreadInformationClass=0x1d [ThreadWow64Context], ThreadInformation=0xb7dd20, Length=0x2cc, ReturnLength=null ) => 0
6774:651c @ 118014515 - LdrpPreprocessDllName - INFO: DLL api-ms-win-core-debug-l1-1-1.dll was redirected to C:\Windows\SYSTEM32\kernelbase.dll by API set
NtQueryInformationThread( ThreadHandle=-2, ThreadInformationClass=0x1d [ThreadWow64Context], ThreadInformation=0xb7dd20, Length=0x2cc, ReturnLength=null ) => 0
6774:651c @ 118014515 - LdrpPreprocessDllName - INFO: DLL api-ms-win-security-base-l1-1-0.dll was redirected to C:\Windows\SYSTEM32\kernelbase.dll by API set
NtQueryInformationThread( ThreadHandle=-2, ThreadInformationClass=0x1d [ThreadWow64Context], ThreadInformation=0xb7dd20, Length=0x2cc, ReturnLength=null ) => 0
6774:651c @ 118014515 - LdrpPreprocessDllName - INFO: DLL api-ms-win-core-psapi-l1-1-0.dll was redirected to C:\Windows\SYSTEM32\kernelbase.dll by API set
NtQueryInformationThread( ThreadHandle=-2, ThreadInformationClass=0x1d [ThreadWow64Context], ThreadInformation=0xbdde80, Length=0x2cc, ReturnLength=null ) => 0
NtQueryInformationThread( ThreadHandle=-2, ThreadInformationClass=0x1d [ThreadWow64Context], ThreadInformation=0xb7dd20, Length=0x2cc, ReturnLength=null ) => 0
6774:6054 @ 118014515 - LdrpPreprocessDllName - INFO: DLL api-ms-win-core-processthreads-l1-1-0 was redirected to C:\Windows\SYSTEM32\kernelbase.dll by API set
NtQueryInformationThread( ThreadHandle=-2, ThreadInformationClass=0x1d [ThreadWow64Context], ThreadInformation=0xbdde80, Length=0x2cc, ReturnLength=null ) => 0
6774:651c @ 118014515 - LdrpPreprocessDllName - INFO: DLL api-ms-win-core-file-l1-2-0.dll was redirected to C:\Windows\SYSTEM32\kernelbase.dll by API set
6774:6054 @ 118014515 - LdrpGetProcedureAddress - INFO: Locating procedure "OpenThreadToken" by name
NtQueryInformationThread( ThreadHandle=-2, ThreadInformationClass=0x1d [ThreadWow64Context], ThreadInformation=0xb7dd20, Length=0x2cc, ReturnLength=null ) => 0
6774:651c @ 118014515 - LdrpPreprocessDllName - INFO: DLL api-ms-win-core-wow64-l1-1-0.dll was redirected to C:\Windows\SYSTEM32\kernelbase.dll by API set
NtQueryInformationThread( ThreadHandle=-2, ThreadInformationClass=0x1d [ThreadWow64Context], ThreadInformation=0xbdde80, Length=0x2cc, ReturnLength=null ) => 0
NtQueryInformationThread( ThreadHandle=-2, ThreadInformationClass=0x1d [ThreadWow64Context], ThreadInformation=0xb7dd20, Length=0x2cc, ReturnLength=null ) => 0
6774:651c @ 118014515 - LdrpPreprocessDllName - INFO: DLL api-ms-win-core-delayload-l1-1-1.dll was redirected to C:\Windows\SYSTEM32\kernelbase.dll by API set
6774:6054 @ 118014515 - LdrpPreprocessDllName - INFO: DLL api-ms-win-core-processthreads-l1-1-0 was redirected to C:\Windows\SYSTEM32\kernelbase.dll by API set
NtQueryInformationThread( ThreadHandle=-2, ThreadInformationClass=0x1d [ThreadWow64Context], ThreadInformation=0xbdde80, Length=0x2cc, ReturnLength=null ) => 0
6774:6054 @ 118014515 - LdrpGetProcedureAddress - INFO: Locating procedure "OpenProcessToken" by name
NtQueryInformationThread( ThreadHandle=-2, ThreadInformationClass=0x1d [ThreadWow64Context], ThreadInformation=0xb7dd20, Length=0x2cc, ReturnLength=null ) => 0
6774:651c @ 118014515 - LdrpPreprocessDllName - INFO: DLL api-ms-win-core-delayload-l1-1-0.dll was redirected to C:\Windows\SYSTEM32\kernelbase.dll by API set
NtQueryInformationThread( ThreadHandle=-2, ThreadInformationClass=0x1d [ThreadWow64Context], ThreadInformation=0xbdde80, Length=0x2cc, ReturnLength=null ) => 0
NtQueryInformationThread( ThreadHandle=-2, ThreadInformationClass=0x1d [ThreadWow64Context], ThreadInformation=0xb7dd20, Length=0x2cc, ReturnLength=null ) => 0
6774:6054 @ 118014515 - LdrpPreprocessDllName - INFO: DLL api-ms-win-core-processthreads-l1-1-0 was redirected to C:\Windows\SYSTEM32\kernelbase.dll by API set
6774:651c @ 118014515 - LdrpPreprocessDllName - INFO: DLL api-ms-win-core-profile-l1-1-0.dll was redirected to C:\Windows\SYSTEM32\kernelbase.dll by API set
NtQueryInformationThread( ThreadHandle=-2, ThreadInformationClass=0x1d [ThreadWow64Context], ThreadInformation=0xbdde80, Length=0x2cc, ReturnLength=null ) => 0
6774:6054 @ 118014515 - LdrpGetProcedureAddress - INFO: Locating procedure "SetThreadToken" by name
NtQueryInformationThread( ThreadHandle=-2, ThreadInformationClass=0x1d [ThreadWow64Context], ThreadInformation=0xb7dd20, Length=0x2cc, ReturnLength=null ) => 0
6774:651c @ 118014515 - LdrpPreprocessDllName - INFO: DLL api-ms-win-core-kernel32-legacy-l1-1-0.dll was redirected to C:\Windows\SYSTEM32\kernel32.dll by API set
NtQueryInformationThread( ThreadHandle=-2, ThreadInformationClass=0x1d [ThreadWow64Context], ThreadInformation=0xbdde80, Length=0x2cc, ReturnLength=null ) => 0
NtQueryInformationThread( ThreadHandle=-2, ThreadInformationClass=0x1d [ThreadWow64Context], ThreadInformation=0xb7dd20, Length=0x2cc, ReturnLength=null ) => 0
6774:6054 @ 118014515 - LdrpGetProcedureAddress - INFO: Locating procedure "RtlQueryPerformanceCounter" by name
6774:651c @ 118014515 - LdrpPreprocessDllName - INFO: DLL api-ms-win-core-kernel32-private-l1-1-0.dll was redirected to C:\Windows\SYSTEM32\kernel32.dll by API set
NtQueryInformationThread( ThreadHandle=-2, ThreadInformationClass=0x1d [ThreadWow64Context], ThreadInformation=0xbdde80, Length=0x2cc, ReturnLength=null ) => 0
NtQueryInformationThread( ThreadHandle=-2, ThreadInformationClass=0x1d [ThreadWow64Context], ThreadInformation=0xb7dd20, Length=0x2cc, ReturnLength=null ) => 0
6774:6054 @ 118014515 - LdrpGetProcedureAddress - INFO: Locating procedure "RtlAcquireSRWLockExclusive" by name
6774:651c @ 118014515 - LdrpPreprocessDllName - INFO: DLL api-ms-win-core-heap-obsolete-l1-1-0.dll was redirected to C:\Windows\SYSTEM32\kernel32.dll by API set
NtQueryInformationThread( ThreadHandle=-2, ThreadInformationClass=0x1d [ThreadWow64Context], ThreadInformation=0xb7dd20, Length=0x2cc, ReturnLength=null ) => 0
NtQueryInformationThread( ThreadHandle=-2, ThreadInformationClass=0x1d [ThreadWow64Context], ThreadInformation=0xbdde80, Length=0x2cc, ReturnLength=null ) => 0
6774:651c @ 118014515 - LdrpPreprocessDllName - INFO: DLL api-ms-win-core-stringansi-l1-1-0.dll was redirected to C:\Windows\SYSTEM32\kernelbase.dll by API set
6774:6054 @ 118014515 - LdrpGetProcedureAddress - INFO: Locating procedure "RtlReleaseSRWLockExclusive" by name
NtQueryInformationThread( ThreadHandle=-2, ThreadInformationClass=0x1d [ThreadWow64Context], ThreadInformation=0xbdde80, Length=0x2cc, ReturnLength=null ) => 0
6774:6054 @ 118014515 - LdrpGetProcedureAddress - INFO: Locating procedure "RtlAcquireSRWLockShared" by name
NtQueryInformationThread( ThreadHandle=-2, ThreadInformationClass=0x1d [ThreadWow64Context], ThreadInformation=0xbdde80, Length=0x2cc, ReturnLength=null ) => 0
6774:6054 @ 118014515 - LdrpGetProcedureAddress - INFO: Locating procedure "RtlReleaseSRWLockShared" by name
NtQueryInformationThread( ThreadHandle=-2, ThreadInformationClass=0x1d [ThreadWow64Context], ThreadInformation=0xb7dd20, Length=0x2cc, ReturnLength=null ) => 0
NtQueryInformationThread( ThreadHandle=-2, ThreadInformationClass=0x1d [ThreadWow64Context], ThreadInformation=0xbdde80, Length=0x2cc, ReturnLength=null ) => 0
6774:6054 @ 118014515 - LdrpGetProcedureAddress - INFO: Locating procedure "RtlEnterCriticalSection" by name
6774:651c @ 118014515 - LdrpPreprocessDllName - INFO: DLL api-ms-win-core-atoms-l1-1-0.dll was redirected to C:\Windows\SYSTEM32\kernel32.dll by API set
NtQueryInformationThread( ThreadHandle=-2, ThreadInformationClass=0x1d [ThreadWow64Context], ThreadInformation=0xbdde80, Length=0x2cc, ReturnLength=null ) => 0
NtQueryInformationThread( ThreadHandle=-2, ThreadInformationClass=0x1d [ThreadWow64Context], ThreadInformation=0xb7dd20, Length=0x2cc, ReturnLength=null ) => 0
6774:651c @ 118014515 - LdrpPreprocessDllName - INFO: DLL api-ms-win-core-threadpool-legacy-l1-1-0.dll was redirected to C:\Windows\SYSTEM32\kernelbase.dll by API set
6774:6054 @ 118014515 - LdrpGetProcedureAddress - INFO: Locating procedure "RtlDeleteCriticalSection" by name
NtQueryInformationThread( ThreadHandle=-2, ThreadInformationClass=0x1d [ThreadWow64Context], ThreadInformation=0xbdde80, Length=0x2cc, ReturnLength=null ) => 0
NtQueryInformationThread( ThreadHandle=-2, ThreadInformationClass=0x1d [ThreadWow64Context], ThreadInformation=0xb7dd20, Length=0x2cc, ReturnLength=null ) => 0
6774:6054 @ 118014515 - LdrpGetProcedureAddress - INFO: Locating procedure "RtlInitializeCriticalSection" by name
6774:651c @ 118014515 - LdrpPreprocessDllName - INFO: DLL api-ms-win-core-shlwapi-legacy-l1-1-0.dll was redirected to C:\Windows\SYSTEM32\kernelbase.dll by API set
NtQueryInformationThread( ThreadHandle=-2, ThreadInformationClass=0x1d [ThreadWow64Context], ThreadInformation=0xbdde80, Length=0x2cc, ReturnLength=null ) => 0
6774:6054 @ 118014515 - LdrpGetProcedureAddress - INFO: Locating procedure "RtlLeaveCriticalSection" by name
NtQueryInformationThread( ThreadHandle=-2, ThreadInformationClass=0x1d [ThreadWow64Context], ThreadInformation=0xbdde80, Length=0x2cc, ReturnLength=null ) => 0
NtQueryInformationThread( ThreadHandle=-2, ThreadInformationClass=0x1d [ThreadWow64Context], ThreadInformation=0xb7dd20, Length=0x2cc, ReturnLength=null ) => 0
6774:6054 @ 118014515 - LdrpGetProcedureAddress - INFO: Locating procedure "RtlSetCriticalSectionSpinCount" by name
NtQueryInformationThread( ThreadHandle=-2, ThreadInformationClass=0x1d [ThreadWow64Context], ThreadInformation=0xbdde80, Length=0x2cc, ReturnLength=null ) => 0
6774:6054 @ 118014515 - LdrpGetProcedureAddress - INFO: Locating procedure "RtlInitializeSRWLock" by name
6774:651c @ 118014515 - LdrpPreprocessDllName - INFO: DLL api-ms-win-core-sidebyside-l1-1-0.dll was redirected to C:\Windows\SYSTEM32\kernelbase.dll by API set
NtQueryInformationThread( ThreadHandle=-2, ThreadInformationClass=0x1d [ThreadWow64Context], ThreadInformation=0xb7dd20, Length=0x2cc, ReturnLength=null ) => 0
NtQueryInformationThread( ThreadHandle=-2, ThreadInformationClass=0x1d [ThreadWow64Context], ThreadInformation=0xbdde80, Length=0x2cc, ReturnLength=null ) => 0
6774:651c @ 118014515 - LdrpPreprocessDllName - INFO: DLL api-ms-win-core-marshal-l1-1-0.dll was redirected to C:\Windows\SYSTEM32\combase.dll by API set
6774:6054 @ 118014515 - LdrpGetProcedureAddress - INFO: Locating procedure "RtlWakeAddressAll" by name
NtQueryInformationThread( ThreadHandle=-2, ThreadInformationClass=0x1d [ThreadWow64Context], ThreadInformation=0xbdde80, Length=0x2cc, ReturnLength=null ) => 0
6774:6054 @ 118014515 - LdrpGetProcedureAddress - INFO: Locating procedure "TpSetTimer" by name
NtQueryInformationThread( ThreadHandle=-2, ThreadInformationClass=0x1d [ThreadWow64Context], ThreadInformation=0xbdde80, Length=0x2cc, ReturnLength=null ) => 0
NtQueryInformationThread( ThreadHandle=-2, ThreadInformationClass=0x1d [ThreadWow64Context], ThreadInformation=0xb7dd20, Length=0x2cc, ReturnLength=null ) => 0
6774:651c @ 118014515 - LdrpFindKnownDll - ENTER: DLL name: combase.dll
NtQueryObject( ObjectHandle=0x90, ObjectInformationClass=1 [ObjectNameInformation], ObjectInformation=0xb7e060, Length=0x210, ReturnLength=null ) => 0
6774:6054 @ 118014515 - LdrpGetProcedureAddress - INFO: Locating procedure "TpWaitForTimer" by name
NtQueryInformationThread( ThreadHandle=-2, ThreadInformationClass=0x1d [ThreadWow64Context], ThreadInformation=0xbdde80, Length=0x2cc, ReturnLength=null ) => 0
NtOpenSection( SectionHandle=0xb7e2f8 [0xe8], DesiredAccess=0xd, ObjectAttributes=0x90:"combase.dll" ) => 0
6774:6054 @ 118014515 - LdrpGetProcedureAddress - INFO: Locating procedure "TpReleaseTimer" by name
NtQueryInformationThread( ThreadHandle=-2, ThreadInformationClass=0x1d [ThreadWow64Context], ThreadInformation=0xb7dd20, Length=0x2cc, ReturnLength=null ) => 0
6774:651c @ 118014515 - LdrpFindKnownDll - RETURN: Status: 0x00000000
NtQueryInformationThread( ThreadHandle=-2, ThreadInformationClass=0x1d [ThreadWow64Context], ThreadInformation=0xb7dd20, Length=0x2cc, ReturnLength=null ) => 0
NtQueryInformationThread( ThreadHandle=-2, ThreadInformationClass=0x1d [ThreadWow64Context], ThreadInformation=0xbdde80, Length=0x2cc, ReturnLength=null ) => 0
6774:651c @ 118014515 - LdrpMinimalMapModule - ENTER: DLL name: C:\Windows\System32\combase.dll
6774:6054 @ 118014515 - LdrpGetProcedureAddress - INFO: Locating procedure "TpReleaseWork" by name
NtQueryInformationThread( ThreadHandle=-2, ThreadInformationClass=0x1d [ThreadWow64Context], ThreadInformation=0xbdde80, Length=0x2cc, ReturnLength=null ) => 0
6774:6054 @ 118014515 - LdrpGetProcedureAddress - INFO: Locating procedure "TpPostWork" by name
NtQueryInformationThread( ThreadHandle=-2, ThreadInformationClass=0x1d [ThreadWow64Context], ThreadInformation=0xbdde80, Length=0x2cc, ReturnLength=null ) => 0
6774:6054 @ 118014515 - LdrpGetProcedureAddress - INFO: Locating procedure "TpWaitForWork" by name
NtQueryInformationThread( ThreadHandle=-2, ThreadInformationClass=0x1d [ThreadWow64Context], ThreadInformation=0xbdde80, Length=0x2cc, ReturnLength=null ) => 0
6774:6054 @ 118014515 - LdrpGetProcedureAddress - INFO: Locating procedure "TpIsTimerSet" by name
NtQueryInformationThread( ThreadHandle=-2, ThreadInformationClass=0x1d [ThreadWow64Context], ThreadInformation=0xbdde80, Length=0x2cc, ReturnLength=null ) => 0
6774:6054 @ 118014515 - LdrpGetProcedureAddress - INFO: Locating procedure "TpReleaseIoCompletion" by name
NtQueryInformationThread( ThreadHandle=-2, ThreadInformationClass=0x1d [ThreadWow64Context], ThreadInformation=0xbdde80, Length=0x2cc, ReturnLength=null ) => 0
6774:6054 @ 118014515 - LdrpGetProcedureAddress - INFO: Locating procedure "TpStartAsyncIoOperation" by name
NtQueryInformationThread( ThreadHandle=-2, ThreadInformationClass=0x1d [ThreadWow64Context], ThreadInformation=0xbdde80, Length=0x2cc, ReturnLength=null ) => 0
6774:6054 @ 118014515 - LdrpGetProcedureAddress - INFO: Locating procedure "TpCancelAsyncIoOperation" by name
NtQueryInformationThread( ThreadHandle=-2, ThreadInformationClass=0x1d [ThreadWow64Context], ThreadInformation=0xbdde80, Length=0x2cc, ReturnLength=null ) => 0
6774:6054 @ 118014515 - LdrpGetProcedureAddress - INFO: Locating procedure "TpWaitForIoCompletion" by name
NtQueryInformationThread( ThreadHandle=-2, ThreadInformationClass=0x1d [ThreadWow64Context], ThreadInformation=0xbdde80, Length=0x2cc, ReturnLength=null ) => 0
6774:6054 @ 118014515 - LdrpGetProcedureAddress - INFO: Locating procedure "TpReleasePool" by name
NtProtectVirtualMemory( ProcessHandle=-1, BaseAddress=0xbde408 [0x76d1c000], Size=0xbde3f8 [0x1000], NewProtect=2, OldProtect=0xbde398 [4] ) => 0
Loaded DLL at 0000000075190000 C:\Windows\SysWOW64\combase.dll
NtMapViewOfSection( SectionHandle=0xe8, ProcessHandle=-1, BaseAddress=0xb7e2b0 [0x75190000], ZeroBits=0x7ffeffff, CommitSize=0, SectionOffset=null, ViewSize=0xb7e260 [0x00280000], InheritDisposition=1 [ViewShare], AllocationType=0x00800000, Protect=0x80 ) => 0
NtQuerySection( SectionHandle=0xe8, SectionInformationClass=1 [SectionImageInformation], SectionInformation=0xb7e270, Length=0x40, ReturnLength=null ) => 0
NtQueryVirtualMemory( ProcessHandle=-1, BaseAddress=0x75190000, MemoryInformationClass=6 [MemoryImageInformation], MemoryInformation=0xb7e180, Length=0x18, ReturnLength=null ) => 0
NtQueryInformationThread( ThreadHandle=-2, ThreadInformationClass=0x1d [ThreadWow64Context], ThreadInformation=0xb7dd20, Length=0x2cc, ReturnLength=null ) => 0
6774:651c @ 118014515 - LdrpMinimalMapModule - RETURN: Status: 0x00000000
NtProtectVirtualMemory( ProcessHandle=-1, BaseAddress=0xb7e2a8 [0x753d7000], Size=0xb7e298 [0x1000], NewProtect=2, OldProtect=0xb7e238 [4] ) => 0
NtProtectVirtualMemory( ProcessHandle=-1, BaseAddress=0xb7e2a8 [0x77439000], Size=0xb7e298 [0x3000], NewProtect=4, OldProtect=0xb7e238 [2] ) => 0
NtProtectVirtualMemory( ProcessHandle=-1, BaseAddress=0xb7e2a8 [0x77439000], Size=0xb7e298 [0x3000], NewProtect=2, OldProtect=0xb7e238 [4] ) => 0
NtQueryInformationThread( ThreadHandle=-2, ThreadInformationClass=0x1d [ThreadWow64Context], ThreadInformation=0xb7dd20, Length=0x2cc, ReturnLength=null ) => 0
6774:651c @ 118014515 - LdrpFindDllActivationContext - INFO: Probing for the manifest of DLL "C:\Windows\System32\combase.dll" failed with status 0xc000008a
NtProtectVirtualMemory( ProcessHandle=-1, BaseAddress=0xb7e2a8 [0x753d2000], Size=0xb7e298 [0x1000], NewProtect=4, OldProtect=0xb7e238 [2] ) => 0
NtQueryInformationThread( ThreadHandle=-2, ThreadInformationClass=0x1d [ThreadWow64Context], ThreadInformation=0xb7dd20, Length=0x2cc, ReturnLength=null ) => 0
6774:651c @ 118014515 - LdrpPreprocessDllName - INFO: DLL api-ms-win-crt-string-l1-1-0.dll was redirected to C:\Windows\SYSTEM32\ucrtbase.dll by API set
NtQueryInformationThread( ThreadHandle=-2, ThreadInformationClass=0x1d [ThreadWow64Context], ThreadInformation=0xb7dd20, Length=0x2cc, ReturnLength=null ) => 0
6774:651c @ 118014515 - LdrpPreprocessDllName - INFO: DLL api-ms-win-crt-runtime-l1-1-0.dll was redirected to C:\Windows\SYSTEM32\ucrtbase.dll by API set
NtQueryInformationThread( ThreadHandle=-2, ThreadInformationClass=0x1d [ThreadWow64Context], ThreadInformation=0xb7dd20, Length=0x2cc, ReturnLength=null ) => 0
6774:651c @ 118014515 - LdrpPreprocessDllName - INFO: DLL api-ms-win-crt-private-l1-1-0.dll was redirected to C:\Windows\SYSTEM32\ucrtbase.dll by API set
NtQueryInformationThread( ThreadHandle=-2, ThreadInformationClass=0x1d [ThreadWow64Context], ThreadInformation=0xb7dd20, Length=0x2cc, ReturnLength=null ) => 0
6774:651c @ 118014515 - LdrpPreprocessDllName - INFO: DLL api-ms-win-core-debug-l1-1-0.dll was redirected to C:\Windows\SYSTEM32\kernelbase.dll by API set
NtQueryInformationThread( ThreadHandle=-2, ThreadInformationClass=0x1d [ThreadWow64Context], ThreadInformation=0xb7dd20, Length=0x2cc, ReturnLength=null ) => 0
6774:651c @ 118014515 - LdrpPreprocessDllName - INFO: DLL api-ms-win-core-errorhandling-l1-1-0.dll was redirected to C:\Windows\SYSTEM32\kernelbase.dll by API set
NtQueryInformationThread( ThreadHandle=-2, ThreadInformationClass=0x1d [ThreadWow64Context], ThreadInformation=0xb7dd20, Length=0x2cc, ReturnLength=null ) => 0
6774:651c @ 118014515 - LdrpPreprocessDllName - INFO: DLL api-ms-win-core-errorhandling-l1-1-2.dll was redirected to C:\Windows\SYSTEM32\kernelbase.dll by API set
NtQueryInformationThread( ThreadHandle=-2, ThreadInformationClass=0x1d [ThreadWow64Context], ThreadInformation=0xb7dd20, Length=0x2cc, ReturnLength=null ) => 0
6774:651c @ 118014515 - LdrpPreprocessDllName - INFO: DLL api-ms-win-core-fibers-l1-1-0.dll was redirected to C:\Windows\SYSTEM32\kernelbase.dll by API set
NtQueryInformationThread( ThreadHandle=-2, ThreadInformationClass=0x1d [ThreadWow64Context], ThreadInformation=0xb7dd20, Length=0x2cc, ReturnLength=null ) => 0
6774:651c @ 118014515 - LdrpPreprocessDllName - INFO: DLL api-ms-win-core-fibers-l1-1-1.dll was redirected to C:\Windows\SYSTEM32\kernelbase.dll by API set
NtQueryInformationThread( ThreadHandle=-2, ThreadInformationClass=0x1d [ThreadWow64Context], ThreadInformation=0xb7dd20, Length=0x2cc, ReturnLength=null ) => 0
6774:651c @ 118014515 - LdrpPreprocessDllName - INFO: DLL api-ms-win-core-file-l1-1-0.dll was redirected to C:\Windows\SYSTEM32\kernelbase.dll by API set
NtQueryInformationThread( ThreadHandle=-2, ThreadInformationClass=0x1d [ThreadWow64Context], ThreadInformation=0xb7dd20, Length=0x2cc, ReturnLength=null ) => 0
6774:651c @ 118014515 - LdrpPreprocessDllName - INFO: DLL api-ms-win-core-handle-l1-1-0.dll was redirected to C:\Windows\SYSTEM32\kernelbase.dll by API set
NtQueryInformationThread( ThreadHandle=-2, ThreadInformationClass=0x1d [ThreadWow64Context], ThreadInformation=0xb7dd20, Length=0x2cc, ReturnLength=null ) => 0
6774:651c @ 118014515 - LdrpPreprocessDllName - INFO: DLL api-ms-win-core-heap-l1-1-0.dll was redirected to C:\Windows\SYSTEM32\kernelbase.dll by API set
NtQueryInformationThread( ThreadHandle=-2, ThreadInformationClass=0x1d [ThreadWow64Context], ThreadInformation=0xb7dd20, Length=0x2cc, ReturnLength=null ) => 0
6774:651c @ 118014515 - LdrpPreprocessDllName - INFO: DLL api-ms-win-core-heap-l2-1-0.dll was redirected to C:\Windows\SYSTEM32\kernelbase.dll by API set
NtQueryInformationThread( ThreadHandle=-2, ThreadInformationClass=0x1d [ThreadWow64Context], ThreadInformation=0xb7dd20, Length=0x2cc, ReturnLength=null ) => 0
6774:651c @ 118014515 - LdrpPreprocessDllName - INFO: DLL api-ms-win-core-interlocked-l1-1-0.dll was redirected to C:\Windows\SYSTEM32\kernelbase.dll by API set
NtQueryInformationThread( ThreadHandle=-2, ThreadInformationClass=0x1d [ThreadWow64Context], ThreadInformation=0xb7dd20, Length=0x2cc, ReturnLength=null ) => 0
6774:651c @ 118014515 - LdrpPreprocessDllName - INFO: DLL api-ms-win-core-libraryloader-l1-2-0.dll was redirected to C:\Windows\SYSTEM32\kernelbase.dll by API set
NtQueryInformationThread( ThreadHandle=-2, ThreadInformationClass=0x1d [ThreadWow64Context], ThreadInformation=0xb7dd20, Length=0x2cc, ReturnLength=null ) => 0
6774:651c @ 118014515 - LdrpPreprocessDllName - INFO: DLL api-ms-win-core-localization-l1-2-0.dll was redirected to C:\Windows\SYSTEM32\kernelbase.dll by API set
NtQueryInformationThread( ThreadHandle=-2, ThreadInformationClass=0x1d [ThreadWow64Context], ThreadInformation=0xb7dd20, Length=0x2cc, ReturnLength=null ) => 0
6774:651c @ 118014515 - LdrpPreprocessDllName - INFO: DLL api-ms-win-core-memory-l1-1-0.dll was redirected to C:\Windows\SYSTEM32\kernelbase.dll by API set
NtQueryInformationThread( ThreadHandle=-2, ThreadInformationClass=0x1d [ThreadWow64Context], ThreadInformation=0xb7dd20, Length=0x2cc, ReturnLength=null ) => 0
6774:651c @ 118014515 - LdrpPreprocessDllName - INFO: DLL api-ms-win-core-processenvironment-l1-1-0.dll was redirected to C:\Windows\SYSTEM32\kernelbase.dll by API set
NtQueryInformationThread( ThreadHandle=-2, ThreadInformationClass=0x1d [ThreadWow64Context], ThreadInformation=0xb7dd20, Length=0x2cc, ReturnLength=null ) => 0
6774:651c @ 118014515 - LdrpPreprocessDllName - INFO: DLL api-ms-win-core-processthreads-l1-1-0.dll was redirected to C:\Windows\SYSTEM32\kernel32.dll by API set
NtQueryInformationThread( ThreadHandle=-2, ThreadInformationClass=0x1d [ThreadWow64Context], ThreadInformation=0xb7dd20, Length=0x2cc, ReturnLength=null ) => 0
6774:651c @ 118014515 - LdrpPreprocessDllName - INFO: DLL api-ms-win-core-processthreads-l1-1-1.dll was redirected to C:\Windows\SYSTEM32\kernel32.dll by API set
NtQueryInformationThread( ThreadHandle=-2, ThreadInformationClass=0x1d [ThreadWow64Context], ThreadInformation=0xb7dd20, Length=0x2cc, ReturnLength=null ) => 0
6774:651c @ 118014515 - LdrpPreprocessDllName - INFO: DLL api-ms-win-core-profile-l1-1-0.dll was redirected to C:\Windows\SYSTEM32\kernelbase.dll by API set
NtQueryInformationThread( ThreadHandle=-2, ThreadInformationClass=0x1d [ThreadWow64Context], ThreadInformation=0xb7dd20, Length=0x2cc, ReturnLength=null ) => 0
6774:651c @ 118014515 - LdrpPreprocessDllName - INFO: DLL api-ms-win-core-realtime-l1-1-0.dll was redirected to C:\Windows\SYSTEM32\kernelbase.dll by API set
NtQueryInformationThread( ThreadHandle=-2, ThreadInformationClass=0x1d [ThreadWow64Context], ThreadInformation=0xb7dd20, Length=0x2cc, ReturnLength=null ) => 0
6774:651c @ 118014515 - LdrpPreprocessDllName - INFO: DLL api-ms-win-core-registry-l1-1-0.dll was redirected to C:\Windows\SYSTEM32\kernelbase.dll by API set
NtQueryInformationThread( ThreadHandle=-2, ThreadInformationClass=0x1d [ThreadWow64Context], ThreadInformation=0xb7dd20, Length=0x2cc, ReturnLength=null ) => 0
6774:651c @ 118014515 - LdrpPreprocessDllName - INFO: DLL api-ms-win-core-string-l1-1-0.dll was redirected to C:\Windows\SYSTEM32\kernelbase.dll by API set
NtQueryInformationThread( ThreadHandle=-2, ThreadInformationClass=0x1d [ThreadWow64Context], ThreadInformation=0xb7dd20, Length=0x2cc, ReturnLength=null ) => 0
6774:651c @ 118014515 - LdrpPreprocessDllName - INFO: DLL api-ms-win-core-synch-l1-1-0.dll was redirected to C:\Windows\SYSTEM32\kernelbase.dll by API set
NtQueryInformationThread( ThreadHandle=-2, ThreadInformationClass=0x1d [ThreadWow64Context], ThreadInformation=0xb7dd20, Length=0x2cc, ReturnLength=null ) => 0
6774:651c @ 118014515 - LdrpPreprocessDllName - INFO: DLL api-ms-win-core-synch-l1-2-0.dll was redirected to C:\Windows\SYSTEM32\kernelbase.dll by API set
NtQueryInformationThread( ThreadHandle=-2, ThreadInformationClass=0x1d [ThreadWow64Context], ThreadInformation=0xb7dd20, Length=0x2cc, ReturnLength=null ) => 0
6774:651c @ 118014515 - LdrpPreprocessDllName - INFO: DLL api-ms-win-core-synch-l1-2-1.dll was redirected to C:\Windows\SYSTEM32\kernelbase.dll by API set
NtQueryInformationThread( ThreadHandle=-2, ThreadInformationClass=0x1d [ThreadWow64Context], ThreadInformation=0xb7dd20, Length=0x2cc, ReturnLength=null ) => 0
6774:651c @ 118014531 - LdrpPreprocessDllName - INFO: DLL api-ms-win-core-sysinfo-l1-1-0.dll was redirected to C:\Windows\SYSTEM32\kernelbase.dll by API set
NtQueryInformationThread( ThreadHandle=-2, ThreadInformationClass=0x1d [ThreadWow64Context], ThreadInformation=0xb7dd20, Length=0x2cc, ReturnLength=null ) => 0
6774:651c @ 118014531 - LdrpPreprocessDllName - INFO: DLL api-ms-win-core-sysinfo-l1-2-0.dll was redirected to C:\Windows\SYSTEM32\kernelbase.dll by API set
NtQueryInformationThread( ThreadHandle=-2, ThreadInformationClass=0x1d [ThreadWow64Context], ThreadInformation=0xb7dd20, Length=0x2cc, ReturnLength=null ) => 0
6774:651c @ 118014531 - LdrpPreprocessDllName - INFO: DLL api-ms-win-core-threadpool-l1-2-0.dll was redirected to C:\Windows\SYSTEM32\kernelbase.dll by API set
NtQueryInformationThread( ThreadHandle=-2, ThreadInformationClass=0x1d [ThreadWow64Context], ThreadInformation=0xb7dd20, Length=0x2cc, ReturnLength=null ) => 0
6774:651c @ 118014531 - LdrpPreprocessDllName - INFO: DLL api-ms-win-core-timezone-l1-1-0.dll was redirected to C:\Windows\SYSTEM32\kernelbase.dll by API set
NtQueryInformationThread( ThreadHandle=-2, ThreadInformationClass=0x1d [ThreadWow64Context], ThreadInformation=0xb7dd20, Length=0x2cc, ReturnLength=null ) => 0
6774:651c @ 118014531 - LdrpPreprocessDllName - INFO: DLL api-ms-win-core-util-l1-1-0.dll was redirected to C:\Windows\SYSTEM32\kernel32.dll by API set
NtQueryInformationThread( ThreadHandle=-2, ThreadInformationClass=0x1d [ThreadWow64Context], ThreadInformation=0xb7dd20, Length=0x2cc, ReturnLength=null ) => 0
6774:651c @ 118014531 - LdrpPreprocessDllName - INFO: DLL api-ms-win-core-wow64-l1-1-1.dll was redirected to C:\Windows\SYSTEM32\kernelbase.dll by API set
NtQueryInformationThread( ThreadHandle=-2, ThreadInformationClass=0x1d [ThreadWow64Context], ThreadInformation=0xb7dd20, Length=0x2cc, ReturnLength=null ) => 0
6774:651c @ 118014531 - LdrpPreprocessDllName - INFO: DLL api-ms-win-security-base-l1-1-0.dll was redirected to C:\Windows\SYSTEM32\kernelbase.dll by API set
NtQueryInformationThread( ThreadHandle=-2, ThreadInformationClass=0x1d [ThreadWow64Context], ThreadInformation=0xb7dd20, Length=0x2cc, ReturnLength=null ) => 0
6774:651c @ 118014531 - LdrpPreprocessDllName - INFO: DLL api-ms-win-security-base-l1-2-0.dll was redirected to C:\Windows\SYSTEM32\kernelbase.dll by API set
NtQueryInformationThread( ThreadHandle=-2, ThreadInformationClass=0x1d [ThreadWow64Context], ThreadInformation=0xb7dd20, Length=0x2cc, ReturnLength=null ) => 0
6774:651c @ 118014531 - LdrpPreprocessDllName - INFO: DLL api-ms-win-eventing-provider-l1-1-0.dll was redirected to C:\Windows\SYSTEM32\kernelbase.dll by API set
NtQueryInformationThread( ThreadHandle=-2, ThreadInformationClass=0x1d [ThreadWow64Context], ThreadInformation=0xb7dd20, Length=0x2cc, ReturnLength=null ) => 0
6774:651c @ 118014531 - LdrpPreprocessDllName - INFO: DLL api-ms-win-core-heap-obsolete-l1-1-0.dll was redirected to C:\Windows\SYSTEM32\kernel32.dll by API set
NtQueryInformationThread( ThreadHandle=-2, ThreadInformationClass=0x1d [ThreadWow64Context], ThreadInformation=0xb7dd20, Length=0x2cc, ReturnLength=null ) => 0
6774:651c @ 118014531 - LdrpPreprocessDllName - INFO: DLL api-ms-win-core-privateprofile-l1-1-0.dll was redirected to C:\Windows\SYSTEM32\kernel32.dll by API set
NtQueryInformationThread( ThreadHandle=-2, ThreadInformationClass=0x1d [ThreadWow64Context], ThreadInformation=0xb7dd20, Length=0x2cc, ReturnLength=null ) => 0
6774:651c @ 118014531 - LdrpPreprocessDllName - INFO: DLL api-ms-win-core-sidebyside-l1-1-0.dll was redirected to C:\Windows\SYSTEM32\kernelbase.dll by API set
NtQueryInformationThread( ThreadHandle=-2, ThreadInformationClass=0x1d [ThreadWow64Context], ThreadInformation=0xb7dd20, Length=0x2cc, ReturnLength=null ) => 0
6774:651c @ 118014531 - LdrpPreprocessDllName - INFO: DLL api-ms-win-core-windowserrorreporting-l1-1-0.dll was redirected to C:\Windows\SYSTEM32\kernelbase.dll by API set
NtQueryInformationThread( ThreadHandle=-2, ThreadInformationClass=0x1d [ThreadWow64Context], ThreadInformation=0xb7dd20, Length=0x2cc, ReturnLength=null ) => 0
6774:651c @ 118014531 - LdrpPreprocessDllName - INFO: DLL api-ms-win-core-quirks-l1-1-0.dll was redirected to C:\Windows\SYSTEM32\kernelbase.dll by API set
NtQueryInformationThread( ThreadHandle=-2, ThreadInformationClass=0x1d [ThreadWow64Context], ThreadInformation=0xb7dd20, Length=0x2cc, ReturnLength=null ) => 0
6774:651c @ 118014531 - LdrpPreprocessDllName - INFO: DLL api-ms-win-core-path-l1-1-0.dll was redirected to C:\Windows\SYSTEM32\kernelbase.dll by API set
NtQueryInformationThread( ThreadHandle=-2, ThreadInformationClass=0x1d [ThreadWow64Context], ThreadInformation=0xb7dd20, Length=0x2cc, ReturnLength=null ) => 0
6774:651c @ 118014531 - LdrpPreprocessDllName - INFO: DLL api-ms-win-core-processsnapshot-l1-1-0.dll was redirected to C:\Windows\SYSTEM32\kernelbase.dll by API set
NtQueryInformationThread( ThreadHandle=-2, ThreadInformationClass=0x1d [ThreadWow64Context], ThreadInformation=0xb7dd20, Length=0x2cc, ReturnLength=null ) => 0
6774:651c @ 118014531 - LdrpPreprocessDllName - INFO: DLL api-ms-win-core-string-l2-1-0.dll was redirected to C:\Windows\SYSTEM32\kernelbase.dll by API set
NtQueryInformationThread( ThreadHandle=-2, ThreadInformationClass=0x1d [ThreadWow64Context], ThreadInformation=0xb7dd20, Length=0x2cc, ReturnLength=null ) => 0
6774:651c @ 118014531 - LdrpPreprocessDllName - INFO: DLL api-ms-win-core-apiquery-l1-1-0.dll was redirected to C:\Windows\SYSTEM32\ntdll.dll by API set
NtQueryInformationThread( ThreadHandle=-2, ThreadInformationClass=0x1d [ThreadWow64Context], ThreadInformation=0xb7dd20, Length=0x2cc, ReturnLength=null ) => 0
6774:651c @ 118014531 - LdrpPreprocessDllName - INFO: DLL api-ms-win-core-wow64-l1-1-0.dll was redirected to C:\Windows\SYSTEM32\kernelbase.dll by API set
NtQueryInformationThread( ThreadHandle=-2, ThreadInformationClass=0x1d [ThreadWow64Context], ThreadInformation=0xb7dd20, Length=0x2cc, ReturnLength=null ) => 0
6774:651c @ 118014531 - LdrpPreprocessDllName - INFO: DLL api-ms-win-core-file-l2-1-0.dll was redirected to C:\Windows\SYSTEM32\kernelbase.dll by API set
NtQueryInformationThread( ThreadHandle=-2, ThreadInformationClass=0x1d [ThreadWow64Context], ThreadInformation=0xb7dd20, Length=0x2cc, ReturnLength=null ) => 0
6774:651c @ 118014531 - LdrpPreprocessDllName - INFO: DLL api-ms-win-core-shlwapi-legacy-l1-1-0.dll was redirected to C:\Windows\SYSTEM32\kernelbase.dll by API set
NtQueryInformationThread( ThreadHandle=-2, ThreadInformationClass=0x1d [ThreadWow64Context], ThreadInformation=0xb7dd20, Length=0x2cc, ReturnLength=null ) => 0
6774:651c @ 118014531 - LdrpPreprocessDllName - INFO: DLL api-ms-win-core-string-obsolete-l1-1-0.dll was redirected to C:\Windows\SYSTEM32\kernel32.dll by API set
NtQueryInformationThread( ThreadHandle=-2, ThreadInformationClass=0x1d [ThreadWow64Context], ThreadInformation=0xb7dd20, Length=0x2cc, ReturnLength=null ) => 0
6774:651c @ 118014531 - LdrpPreprocessDllName - INFO: DLL api-ms-win-core-delayload-l1-1-1.dll was redirected to C:\Windows\SYSTEM32\kernelbase.dll by API set
NtQueryInformationThread( ThreadHandle=-2, ThreadInformationClass=0x1d [ThreadWow64Context], ThreadInformation=0xb7dd20, Length=0x2cc, ReturnLength=null ) => 0
6774:651c @ 118014531 - LdrpPreprocessDllName - INFO: DLL api-ms-win-core-delayload-l1-1-0.dll was redirected to C:\Windows\SYSTEM32\kernelbase.dll by API set
NtWaitForWorkViaWorkerFactory( WorkerFactoryHandle=0xc8, MiniPacket=0xbdeae0 ) => 0
NtQueryInformationThread( ThreadHandle=-2, ThreadInformationClass=0x1d [ThreadWow64Context], ThreadInformation=0xb7dd20, Length=0x2cc, ReturnLength=null ) => 0
6774:651c @ 118014531 - LdrpPreprocessDllName - INFO: DLL api-ms-win-core-synch-l1-2-1.dll was redirected to C:\Windows\SYSTEM32\kernelbase.dll by API set
NtQueryInformationThread( ThreadHandle=-2, ThreadInformationClass=0x1d [ThreadWow64Context], ThreadInformation=0xb7dd20, Length=0x2cc, ReturnLength=null ) => 0
6774:651c @ 118014531 - LdrpFindKnownDll - ENTER: DLL name: GDI32.dll
NtQueryObject( ObjectHandle=0x90, ObjectInformationClass=1 [ObjectNameInformation], ObjectInformation=0xb7e060, Length=0x210, ReturnLength=null ) => 0
NtOpenSection( SectionHandle=0xb7e2f8 [0xdc], DesiredAccess=0xd, ObjectAttributes=0x90:"GDI32.dll" ) => 0
NtQueryInformationThread( ThreadHandle=-2, ThreadInformationClass=0x1d [ThreadWow64Context], ThreadInformation=0xb7dd20, Length=0x2cc, ReturnLength=null ) => 0
6774:651c @ 118014531 - LdrpFindKnownDll - RETURN: Status: 0x00000000
NtQueryInformationThread( ThreadHandle=-2, ThreadInformationClass=0x1d [ThreadWow64Context], ThreadInformation=0xb7dd20, Length=0x2cc, ReturnLength=null ) => 0
6774:651c @ 118014531 - LdrpMinimalMapModule - ENTER: DLL name: C:\Windows\System32\GDI32.dll
NtQueryInformationThread( ThreadHandle=-2, ThreadInformationClass=0x1d [ThreadWow64Context], ThreadInformation=0xbdde80, Length=0x2cc, ReturnLength=null ) => 0
6774:6054 @ 118014531 - LdrpGetProcedureAddress - INFO: Locating procedure "RtlSetLastWin32Error" by name
NtQueryInformationThread( ThreadHandle=-2, ThreadInformationClass=0x1d [ThreadWow64Context], ThreadInformation=0xbdde80, Length=0x2cc, ReturnLength=null ) => 0
6774:6054 @ 118014531 - LdrpGetProcedureAddress - INFO: Locating procedure "RtlReAllocateHeap" by name
NtQueryInformationThread( ThreadHandle=-2, ThreadInformationClass=0x1d [ThreadWow64Context], ThreadInformation=0xbdde80, Length=0x2cc, ReturnLength=null ) => 0
Loaded DLL at 0000000076FE0000 C:\Windows\SysWOW64\GDI32.dll
NtMapViewOfSection( SectionHandle=0xdc, ProcessHandle=-1, BaseAddress=0xb7e2b0 [0x76fe0000], ZeroBits=0x7ffeffff, CommitSize=0, SectionOffset=null, ViewSize=0xb7e260 [0x00023000], InheritDisposition=1 [ViewShare], AllocationType=0x00800000, Protect=0x80 ) => 0
6774:6054 @ 118014531 - LdrpGetProcedureAddress - INFO: Locating procedure "RtlSizeHeap" by name
NtQueryInformationThread( ThreadHandle=-2, ThreadInformationClass=0x1d [ThreadWow64Context], ThreadInformation=0xbdde80, Length=0x2cc, ReturnLength=null ) => 0
NtQuerySection( SectionHandle=0xdc, SectionInformationClass=1 [SectionImageInformation], SectionInformation=0xb7e270, Length=0x40, ReturnLength=null ) => 0
6774:6054 @ 118014531 - LdrpGetProcedureAddress - INFO: Locating procedure "RtlFreeHeap" by name
NtQueryInformationThread( ThreadHandle=-2, ThreadInformationClass=0x1d [ThreadWow64Context], ThreadInformation=0xbdde80, Length=0x2cc, ReturnLength=null ) => 0
NtQueryVirtualMemory( ProcessHandle=-1, BaseAddress=0x76fe0000, MemoryInformationClass=6 [MemoryImageInformation], MemoryInformation=0xb7e180, Length=0x18, ReturnLength=null ) => 0
6774:6054 @ 118014531 - LdrpGetProcedureAddress - INFO: Locating procedure "RtlAllocateHeap" by name
NtQueryInformationThread( ThreadHandle=-2, ThreadInformationClass=0x1d [ThreadWow64Context], ThreadInformation=0xbdde80, Length=0x2cc, ReturnLength=null ) => 0
6774:6054 @ 118014531 - LdrpGetProcedureAddress - INFO: Locating procedure "RtlInterlockedPushEntrySList" by name
NtQueryInformationThread( ThreadHandle=-2, ThreadInformationClass=0x1d [ThreadWow64Context], ThreadInformation=0xbdde80, Length=0x2cc, ReturnLength=null ) => 0
NtQueryInformationThread( ThreadHandle=-2, ThreadInformationClass=0x1d [ThreadWow64Context], ThreadInformation=0xb7dd20, Length=0x2cc, ReturnLength=null ) => 0
6774:6054 @ 118014531 - LdrpGetProcedureAddress - INFO: Locating procedure "RtlInterlockedPopEntrySList" by name
6774:651c @ 118014531 - LdrpMinimalMapModule - RETURN: Status: 0x00000000
NtQueryInformationThread( ThreadHandle=-2, ThreadInformationClass=0x1d [ThreadWow64Context], ThreadInformation=0xbdde80, Length=0x2cc, ReturnLength=null ) => 0
6774:6054 @ 118014531 - LdrpGetProcedureAddress - INFO: Locating procedure "RtlQueryDepthSList" by name
NtQueryInformationThread( ThreadHandle=-2, ThreadInformationClass=0x1d [ThreadWow64Context], ThreadInformation=0xbdde80, Length=0x2cc, ReturnLength=null ) => 0
6774:6054 @ 118014531 - LdrpGetProcedureAddress - INFO: Locating procedure "RtlInitializeSListHead" by name
NtProtectVirtualMemory( ProcessHandle=-1, BaseAddress=0xb7e2a8 [0x76fff000], Size=0xb7e298 [0x1000], NewProtect=2, OldProtect=0xb7e238 [4] ) => 0
NtProtectVirtualMemory( ProcessHandle=-1, BaseAddress=0xb7e2a8 [0x77439000], Size=0xb7e298 [0x3000], NewProtect=4, OldProtect=0xb7e238 [2] ) => 0
NtProtectVirtualMemory( ProcessHandle=-1, BaseAddress=0xb7e2a8 [0x77439000], Size=0xb7e298 [0x3000], NewProtect=2, OldProtect=0xb7e238 [4] ) => 0
NtQueryInformationThread( ThreadHandle=-2, ThreadInformationClass=0x1d [ThreadWow64Context], ThreadInformation=0xbdde80, Length=0x2cc, ReturnLength=null ) => 0
6774:6054 @ 118014531 - LdrpPreprocessDllName - INFO: DLL api-ms-win-core-processthreads-l1-1-0 was redirected to C:\Windows\SYSTEM32\kernelbase.dll by API set
NtQueryInformationThread( ThreadHandle=-2, ThreadInformationClass=0x1d [ThreadWow64Context], ThreadInformation=0xbdde80, Length=0x2cc, ReturnLength=null ) => 0
NtQueryInformationThread( ThreadHandle=-2, ThreadInformationClass=0x1d [ThreadWow64Context], ThreadInformation=0xb7dd20, Length=0x2cc, ReturnLength=null ) => 0
6774:6054 @ 118014531 - LdrpGetProcedureAddress - INFO: Locating procedure "OpenProcessToken" by name
6774:651c @ 118014531 - LdrpFindDllActivationContext - INFO: Probing for the manifest of DLL "C:\Windows\System32\GDI32.dll" failed with status 0xc000008a
NtProtectVirtualMemory( ProcessHandle=-1, BaseAddress=0xb7e2a8 [0x76ffd000], Size=0xb7e298 [0x1000], NewProtect=4, OldProtect=0xb7e238 [2] ) => 0
NtQueryInformationThread( ThreadHandle=-2, ThreadInformationClass=0x1d [ThreadWow64Context], ThreadInformation=0xbdde80, Length=0x2cc, ReturnLength=null ) => 0
NtQueryInformationThread( ThreadHandle=-2, ThreadInformationClass=0x1d [ThreadWow64Context], ThreadInformation=0xb7dd20, Length=0x2cc, ReturnLength=null ) => 0
6774:6054 @ 118014531 - LdrpPreprocessDllName - INFO: DLL api-ms-win-core-processthreads-l1-1-0 was redirected to C:\Windows\SYSTEM32\kernelbase.dll by API set
NtQueryInformationThread( ThreadHandle=-2, ThreadInformationClass=0x1d [ThreadWow64Context], ThreadInformation=0xbdde80, Length=0x2cc, ReturnLength=null ) => 0
6774:651c @ 118014531 - LdrpPreprocessDllName - INFO: DLL api-ms-win-core-heap-l2-1-0.dll was redirected to C:\Windows\SYSTEM32\kernelbase.dll by API set
6774:6054 @ 118014531 - LdrpGetProcedureAddress - INFO: Locating procedure "SetThreadToken" by name
NtQueryInformationThread( ThreadHandle=-2, ThreadInformationClass=0x1d [ThreadWow64Context], ThreadInformation=0xb7dd20, Length=0x2cc, ReturnLength=null ) => 0
NtQueryInformationThread( ThreadHandle=-2, ThreadInformationClass=0x1d [ThreadWow64Context], ThreadInformation=0xbdde80, Length=0x2cc, ReturnLength=null ) => 0
6774:6054 @ 118014531 - LdrpPreprocessDllName - INFO: DLL api-ms-win-core-processthreads-l1-1-0 was redirected to C:\Windows\SYSTEM32\kernelbase.dll by API set
NtQueryInformationThread( ThreadHandle=-2, ThreadInformationClass=0x1d [ThreadWow64Context], ThreadInformation=0xbdde80, Length=0x2cc, ReturnLength=null ) => 0
6774:651c @ 118014531 - LdrpPreprocessDllName - INFO: DLL api-ms-win-core-libraryloader-l1-2-0.dll was redirected to C:\Windows\SYSTEM32\kernelbase.dll by API set
6774:6054 @ 118014531 - LdrpGetProcedureAddress - INFO: Locating procedure "OpenThreadToken" by name
NtQueryInformationThread( ThreadHandle=-2, ThreadInformationClass=0x1d [ThreadWow64Context], ThreadInformation=0xb7dd20, Length=0x2cc, ReturnLength=null ) => 0
NtQueryInformationThread( ThreadHandle=-2, ThreadInformationClass=0x1d [ThreadWow64Context], ThreadInformation=0xbdde80, Length=0x2cc, ReturnLength=null ) => 0
6774:651c @ 118014531 - LdrpPreprocessDllName - INFO: DLL api-ms-win-core-processthreads-l1-1-1.dll was redirected to C:\Windows\SYSTEM32\kernel32.dll by API set
6774:6054 @ 118014531 - LdrpPreprocessDllName - INFO: DLL api-ms-win-core-processthreads-l1-1-1 was redirected to C:\Windows\SYSTEM32\kernelbase.dll by API set
NtQueryInformationThread( ThreadHandle=-2, ThreadInformationClass=0x1d [ThreadWow64Context], ThreadInformation=0xbdde80, Length=0x2cc, ReturnLength=null ) => 0
NtQueryInformationThread( ThreadHandle=-2, ThreadInformationClass=0x1d [ThreadWow64Context], ThreadInformation=0xb7dd20, Length=0x2cc, ReturnLength=null ) => 0
6774:6054 @ 118014531 - LdrpGetProcedureAddress - INFO: Locating procedure "GetProcessMitigationPolicy" by name
6774:651c @ 118014531 - LdrpPreprocessDllName - INFO: DLL api-ms-win-core-processthreads-l1-1-0.dll was redirected to C:\Windows\SYSTEM32\kernel32.dll by API set
NtQueryInformationThread( ThreadHandle=-2, ThreadInformationClass=0x1d [ThreadWow64Context], ThreadInformation=0xbdde80, Length=0x2cc, ReturnLength=null ) => 0
NtQueryInformationThread( ThreadHandle=-2, ThreadInformationClass=0x1d [ThreadWow64Context], ThreadInformation=0xb7dd20, Length=0x2cc, ReturnLength=null ) => 0
6774:6054 @ 118014531 - LdrpGetProcedureAddress - INFO: Locating procedure "RtlQueryPerformanceCounter" by name
6774:651c @ 118014531 - LdrpPreprocessDllName - INFO: DLL api-ms-win-core-synch-l1-2-0.dll was redirected to C:\Windows\SYSTEM32\kernelbase.dll by API set
NtQueryInformationThread( ThreadHandle=-2, ThreadInformationClass=0x1d [ThreadWow64Context], ThreadInformation=0xb7dd20, Length=0x2cc, ReturnLength=null ) => 0
6774:651c @ 118014531 - LdrpPreprocessDllName - INFO: DLL api-ms-win-core-profile-l1-1-0.dll was redirected to C:\Windows\SYSTEM32\kernelbase.dll by API set
NtQueryInformationThread( ThreadHandle=-2, ThreadInformationClass=0x1d [ThreadWow64Context], ThreadInformation=0xbdde80, Length=0x2cc, ReturnLength=null ) => 0
6774:6054 @ 118014531 - LdrpGetProcedureAddress - INFO: Locating procedure "RtlQueryPerformanceFrequency" by name
NtQueryInformationThread( ThreadHandle=-2, ThreadInformationClass=0x1d [ThreadWow64Context], ThreadInformation=0xbdde80, Length=0x2cc, ReturnLength=null ) => 0
6774:6054 @ 118014531 - LdrpGetProcedureAddress - INFO: Locating procedure "RtlQueryUnbiasedInterruptTime" by name
NtQueryInformationThread( ThreadHandle=-2, ThreadInformationClass=0x1d [ThreadWow64Context], ThreadInformation=0xb7dd20, Length=0x2cc, ReturnLength=null ) => 0
6774:651c @ 118014531 - LdrpPreprocessDllName - INFO: DLL api-ms-win-core-sysinfo-l1-1-0.dll was redirected to C:\Windows\SYSTEM32\kernelbase.dll by API set
NtQueryInformationThread( ThreadHandle=-2, ThreadInformationClass=0x1d [ThreadWow64Context], ThreadInformation=0xbdde80, Length=0x2cc, ReturnLength=null ) => 0
6774:6054 @ 118014531 - LdrpGetProcedureAddress - INFO: Locating procedure "RtlEnterCriticalSection" by name
NtQueryInformationThread( ThreadHandle=-2, ThreadInformationClass=0x1d [ThreadWow64Context], ThreadInformation=0xbdde80, Length=0x2cc, ReturnLength=null ) => 0
6774:6054 @ 118014531 - LdrpGetProcedureAddress - INFO: Locating procedure "RtlLeaveCriticalSection" by name
NtQueryInformationThread( ThreadHandle=-2, ThreadInformationClass=0x1d [ThreadWow64Context], ThreadInformation=0xb7dd20, Length=0x2cc, ReturnLength=null ) => 0
NtQueryInformationThread( ThreadHandle=-2, ThreadInformationClass=0x1d [ThreadWow64Context], ThreadInformation=0xbdde80, Length=0x2cc, ReturnLength=null ) => 0
6774:6054 @ 118014531 - LdrpGetProcedureAddress - INFO: Locating procedure "RtlReleaseSRWLockExclusive" by name
NtQueryInformationThread( ThreadHandle=-2, ThreadInformationClass=0x1d [ThreadWow64Context], ThreadInformation=0xbdde80, Length=0x2cc, ReturnLength=null ) => 0
6774:651c @ 118014531 - LdrpPreprocessDllName - INFO: DLL api-ms-win-core-errorhandling-l1-1-0.dll was redirected to C:\Windows\SYSTEM32\kernelbase.dll by API set
6774:6054 @ 118014531 - LdrpGetProcedureAddress - INFO: Locating procedure "RtlAcquireSRWLockExclusive" by name
NtQueryInformationThread( ThreadHandle=-2, ThreadInformationClass=0x1d [ThreadWow64Context], ThreadInformation=0xbdde80, Length=0x2cc, ReturnLength=null ) => 0
6774:6054 @ 118014531 - LdrpGetProcedureAddress - INFO: Locating procedure "RtlReleaseSRWLockShared" by name
NtQueryInformationThread( ThreadHandle=-2, ThreadInformationClass=0x1d [ThreadWow64Context], ThreadInformation=0xbdde80, Length=0x2cc, ReturnLength=null ) => 0
6774:6054 @ 118014531 - LdrpGetProcedureAddress - INFO: Locating procedure "RtlAcquireSRWLockShared" by name
NtQueryInformationThread( ThreadHandle=-2, ThreadInformationClass=0x1d [ThreadWow64Context], ThreadInformation=0xbdde80, Length=0x2cc, ReturnLength=null ) => 0
6774:6054 @ 118014531 - LdrpGetProcedureAddress - INFO: Locating procedure "RtlDeleteCriticalSection" by name
NtQueryInformationThread( ThreadHandle=-2, ThreadInformationClass=0x1d [ThreadWow64Context], ThreadInformation=0xbdde80, Length=0x2cc, ReturnLength=null ) => 0
NtQueryInformationThread( ThreadHandle=-2, ThreadInformationClass=0x1d [ThreadWow64Context], ThreadInformation=0xb7dd20, Length=0x2cc, ReturnLength=null ) => 0
6774:651c @ 118014531 - LdrpFindKnownDll - ENTER: DLL name: win32u.dll
NtQueryObject( ObjectHandle=0x90, ObjectInformationClass=1 [ObjectNameInformation], ObjectInformation=0xb7e060, Length=0x210, ReturnLength=null ) => 0
NtOpenSection( SectionHandle=0xb7e2f8 [0xec], DesiredAccess=0xd, ObjectAttributes=0x90:"win32u.dll" ) => 0
6774:6054 @ 118014531 - LdrpGetProcedureAddress - INFO: Locating procedure "RtlInitializeSRWLock" by name
NtQueryInformationThread( ThreadHandle=-2, ThreadInformationClass=0x1d [ThreadWow64Context], ThreadInformation=0xbdde80, Length=0x2cc, ReturnLength=null ) => 0
6774:6054 @ 118014531 - LdrpGetProcedureAddress - INFO: Locating procedure "RtlTryAcquireSRWLockExclusive" by name
NtQueryInformationThread( ThreadHandle=-2, ThreadInformationClass=0x1d [ThreadWow64Context], ThreadInformation=0xb7dd20, Length=0x2cc, ReturnLength=null ) => 0
6774:651c @ 118014531 - LdrpFindKnownDll - RETURN: Status: 0x00000000
NtQueryInformationThread( ThreadHandle=-2, ThreadInformationClass=0x1d [ThreadWow64Context], ThreadInformation=0xbdde80, Length=0x2cc, ReturnLength=null ) => 0
NtQueryInformationThread( ThreadHandle=-2, ThreadInformationClass=0x1d [ThreadWow64Context], ThreadInformation=0xb7dd20, Length=0x2cc, ReturnLength=null ) => 0
6774:6054 @ 118014531 - LdrpGetProcedureAddress - INFO: Locating procedure "RtlWakeAddressAll" by name
6774:651c @ 118014531 - LdrpMinimalMapModule - ENTER: DLL name: C:\Windows\System32\win32u.dll
NtQueryInformationThread( ThreadHandle=-2, ThreadInformationClass=0x1d [ThreadWow64Context], ThreadInformation=0xbdde80, Length=0x2cc, ReturnLength=null ) => 0
6774:6054 @ 118014531 - LdrpGetProcedureAddress - INFO: Locating procedure "RtlWakeAddressSingle" by name
NtQueryInformationThread( ThreadHandle=-2, ThreadInformationClass=0x1d [ThreadWow64Context], ThreadInformation=0xbdde80, Length=0x2cc, ReturnLength=null ) => 0
6774:6054 @ 118014531 - LdrpGetProcedureAddress - INFO: Locating procedure "TpReleaseWork" by name
NtQueryInformationThread( ThreadHandle=-2, ThreadInformationClass=0x1d [ThreadWow64Context], ThreadInformation=0xbdde80, Length=0x2cc, ReturnLength=null ) => 0
6774:6054 @ 118014531 - LdrpGetProcedureAddress - INFO: Locating procedure "TpCallbackSetEventOnCompletion" by name
NtQueryInformationThread( ThreadHandle=-2, ThreadInformationClass=0x1d [ThreadWow64Context], ThreadInformation=0xbdde80, Length=0x2cc, ReturnLength=null ) => 0
6774:6054 @ 118014531 - LdrpGetProcedureAddress - INFO: Locating procedure "TpWaitForWork" by name
NtQueryInformationThread( ThreadHandle=-2, ThreadInformationClass=0x1d [ThreadWow64Context], ThreadInformation=0xbdde80, Length=0x2cc, ReturnLength=null ) => 0
Loaded DLL at 0000000076C50000 C:\Windows\SysWOW64\win32u.dll
NtMapViewOfSection( SectionHandle=0xec, ProcessHandle=-1, BaseAddress=0xb7e2b0 [0x76c50000], ZeroBits=0x7ffeffff, CommitSize=0, SectionOffset=null, ViewSize=0xb7e260 [0x00018000], InheritDisposition=1 [ViewShare], AllocationType=0x00800000, Protect=0x80 ) => 0
NtQuerySection( SectionHandle=0xec, SectionInformationClass=1 [SectionImageInformation], SectionInformation=0xb7e270, Length=0x40, ReturnLength=null ) => 0
NtQueryVirtualMemory( ProcessHandle=-1, BaseAddress=0x76c50000, MemoryInformationClass=6 [MemoryImageInformation], MemoryInformation=0xb7e180, Length=0x18, ReturnLength=null ) => 0
6774:6054 @ 118014531 - LdrpGetProcedureAddress - INFO: Locating procedure "TpPostWork" by name
NtQueryInformationThread( ThreadHandle=-2, ThreadInformationClass=0x1d [ThreadWow64Context], ThreadInformation=0xbdde80, Length=0x2cc, ReturnLength=null ) => 0
NtProtectVirtualMemory( ProcessHandle=-1, BaseAddress=0xb7e168 [0x76c57000], Size=0xb7e160 [0x1000], NewProtect=4, OldProtect=0xb7e158 [2] ) => 0
6774:6054 @ 118014531 - LdrpGetProcedureAddress - INFO: Locating procedure "TpSetTimer" by name
NtQueryInformationThread( ThreadHandle=-2, ThreadInformationClass=0x1d [ThreadWow64Context], ThreadInformation=0xbdde80, Length=0x2cc, ReturnLength=null ) => 0
NtProtectVirtualMemory( ProcessHandle=-1, BaseAddress=0xb7e168 [0x76c57000], Size=0xb7e160 [0x1000], NewProtect=2, OldProtect=0xb7e158 [4] ) => 0
6774:6054 @ 118014531 - LdrpGetProcedureAddress - INFO: Locating procedure "TpReleaseTimer" by name
NtQueryInformationThread( ThreadHandle=-2, ThreadInformationClass=0x1d [ThreadWow64Context], ThreadInformation=0xbdde80, Length=0x2cc, ReturnLength=null ) => 0
6774:6054 @ 118014531 - LdrpGetProcedureAddress - INFO: Locating procedure "TpReleaseWait" by name
NtQueryInformationThread( ThreadHandle=-2, ThreadInformationClass=0x1d [ThreadWow64Context], ThreadInformation=0xbdde80, Length=0x2cc, ReturnLength=null ) => 0
6774:6054 @ 118014531 - LdrpGetProcedureAddress - INFO: Locating procedure "TpSetWait" by name
NtQueryInformationThread( ThreadHandle=-2, ThreadInformationClass=0x1d [ThreadWow64Context], ThreadInformation=0xbdde80, Length=0x2cc, ReturnLength=null ) => 0
NtQueryInformationThread( ThreadHandle=-2, ThreadInformationClass=0x1d [ThreadWow64Context], ThreadInformation=0xb7dd20, Length=0x2cc, ReturnLength=null ) => 0
6774:6054 @ 118014531 - LdrpGetProcedureAddress - INFO: Locating procedure "TpWaitForTimer" by name
6774:651c @ 118014531 - LdrpMinimalMapModule - RETURN: Status: 0x00000000
NtQueryInformationThread( ThreadHandle=-2, ThreadInformationClass=0x1d [ThreadWow64Context], ThreadInformation=0xbdde80, Length=0x2cc, ReturnLength=null ) => 0
6774:6054 @ 118014531 - LdrpGetProcedureAddress - INFO: Locating procedure "TpWaitForWait" by name
NtQueryInformationThread( ThreadHandle=-2, ThreadInformationClass=0x1d [ThreadWow64Context], ThreadInformation=0xbdde80, Length=0x2cc, ReturnLength=null ) => 0
6774:6054 @ 118014531 - LdrpGetProcedureAddress - INFO: Locating procedure "RtlEncodePointer" by name
NtQueryInformationThread( ThreadHandle=-2, ThreadInformationClass=0x1d [ThreadWow64Context], ThreadInformation=0xbdde80, Length=0x2cc, ReturnLength=null ) => 0
6774:6054 @ 118014531 - LdrpGetProcedureAddress - INFO: Locating procedure "RtlDecodePointer" by name
NtProtectVirtualMemory( ProcessHandle=-1, BaseAddress=0xb7e2a8 [0x77439000], Size=0xb7e298 [0x3000], NewProtect=4, OldProtect=0xb7e238 [2] ) => 0
NtQueryInformationThread( ThreadHandle=-2, ThreadInformationClass=0x1d [ThreadWow64Context], ThreadInformation=0xbdde80, Length=0x2cc, ReturnLength=null ) => 0
NtProtectVirtualMemory( ProcessHandle=-1, BaseAddress=0xb7e2a8 [0x77439000], Size=0xb7e298 [0x3000], NewProtect=2, OldProtect=0xb7e238 [4] ) => 0
6774:6054 @ 118014531 - LdrpGetProcedureAddress - INFO: Locating procedure "EtwEventActivityIdControl" by name
NtQueryInformationThread( ThreadHandle=-2, ThreadInformationClass=0x1d [ThreadWow64Context], ThreadInformation=0xbdde80, Length=0x2cc, ReturnLength=null ) => 0
6774:6054 @ 118014531 - LdrpGetProcedureAddress - INFO: Locating procedure "EtwEventWriteEx" by name
NtQueryInformationThread( ThreadHandle=-2, ThreadInformationClass=0x1d [ThreadWow64Context], ThreadInformation=0xbdde80, Length=0x2cc, ReturnLength=null ) => 0
NtQueryInformationThread( ThreadHandle=-2, ThreadInformationClass=0x1d [ThreadWow64Context], ThreadInformation=0xb7dd20, Length=0x2cc, ReturnLength=null ) => 0
6774:6054 @ 118014531 - LdrpGetProcedureAddress - INFO: Locating procedure "EtwEventWriteTransfer" by name
NtQueryInformationThread( ThreadHandle=-2, ThreadInformationClass=0x1d [ThreadWow64Context], ThreadInformation=0xbdde80, Length=0x2cc, ReturnLength=null ) => 0
6774:651c @ 118014531 - LdrpFindDllActivationContext - INFO: Probing for the manifest of DLL "C:\Windows\System32\win32u.dll" failed with status 0xc000008a
NtProtectVirtualMemory( ProcessHandle=-1, BaseAddress=0xb7e2a8 [0x76c57000], Size=0xb7e298 [0x1000], NewProtect=4, OldProtect=0xb7e238 [2] ) => 0
6774:6054 @ 118014531 - LdrpGetProcedureAddress - INFO: Locating procedure "EtwEventRegister" by name
NtWaitForWorkViaWorkerFactory( WorkerFactoryHandle=0xc8, MiniPacket=0x11de9a0 ) => 0
NtQueryInformationThread( ThreadHandle=-2, ThreadInformationClass=0x1d [ThreadWow64Context], ThreadInformation=0xbdde80, Length=0x2cc, ReturnLength=null ) => 0
6774:6054 @ 118014531 - LdrpGetProcedureAddress - INFO: Locating procedure "EtwEventSetInformation" by name
NtProtectVirtualMemory( ProcessHandle=-1, BaseAddress=0x11de2c8 [0x76c57000], Size=0x11de2b8 [0x1000], NewProtect=2, OldProtect=0x11de258 [4] ) => 0
NtQueryInformationThread( ThreadHandle=-2, ThreadInformationClass=0x1d [ThreadWow64Context], ThreadInformation=0xbdde80, Length=0x2cc, ReturnLength=null ) => 0
6774:6054 @ 118014531 - LdrpGetProcedureAddress - INFO: Locating procedure "EtwEventUnregister" by name
NtQueryInformationThread( ThreadHandle=-2, ThreadInformationClass=0x1d [ThreadWow64Context], ThreadInformation=0xb7dd20, Length=0x2cc, ReturnLength=null ) => 0
NtQueryInformationThread( ThreadHandle=-2, ThreadInformationClass=0x1d [ThreadWow64Context], ThreadInformation=0xbdde80, Length=0x2cc, ReturnLength=null ) => 0
6774:651c @ 118014531 - LdrpPreprocessDllName - INFO: DLL api-ms-win-gdi-internal-uap-l1-1-0.dll was redirected to C:\Windows\SYSTEM32\gdi32full.dll by API set
6774:6054 @ 118014531 - LdrpGetProcedureAddress - INFO: Locating procedure "EtwEventProviderEnabled" by name
NtProtectVirtualMemory( ProcessHandle=-1, BaseAddress=0xbde408 [0x753d2000], Size=0xbde3f8 [0x1000], NewProtect=2, OldProtect=0xbde398 [4] ) => 0
NtAllocateVirtualMemory( ProcessHandle=-1, lpAddress=0xb7e2b0 [0x0126f000], ZeroBits=0, pSize=0xb7e2a0 [0x2000], flAllocationType=0x1000, flProtect=4 ) => 0
NtQueryInformationThread( ThreadHandle=-2, ThreadInformationClass=0x1d [ThreadWow64Context], ThreadInformation=0xb7dd20, Length=0x2cc, ReturnLength=null ) => 0
6774:651c @ 118014546 - LdrpFindKnownDll - ENTER: DLL name: gdi32full.dll
NtQueryObject( ObjectHandle=0x90, ObjectInformationClass=1 [ObjectNameInformation], ObjectInformation=0xb7e060, Length=0x210, ReturnLength=null ) => 0
NtSetInformationProcess( ProcessHandle=-1, ProcessInformationClass=0x23 [ProcessTlsInformation], ProcessInformation=0xbdecb0, Length=0x28 ) => 0
NtOpenSection( SectionHandle=0xb7e2f8 [0xec], DesiredAccess=0xd, ObjectAttributes=0x90:"gdi32full.dll" ) => 0
NtQueryInformationThread( ThreadHandle=-2, ThreadInformationClass=0x1d [ThreadWow64Context], ThreadInformation=0xb7dd20, Length=0x2cc, ReturnLength=null ) => 0
6774:651c @ 118014546 - LdrpFindKnownDll - RETURN: Status: 0x00000000
NtQueryInformationThread( ThreadHandle=-2, ThreadInformationClass=0x1d [ThreadWow64Context], ThreadInformation=0xb7dd20, Length=0x2cc, ReturnLength=null ) => 0
6774:651c @ 118014546 - LdrpMinimalMapModule - ENTER: DLL name: C:\Windows\System32\gdi32full.dll
Loaded DLL at 0000000076430000 C:\Windows\SysWOW64\gdi32full.dll
NtMapViewOfSection( SectionHandle=0xec, ProcessHandle=-1, BaseAddress=0xb7e2b0 [0x76430000], ZeroBits=0x7ffeffff, CommitSize=0, SectionOffset=null, ViewSize=0xb7e260 [0x000e6000], InheritDisposition=1 [ViewShare], AllocationType=0x00800000, Protect=0x80 ) => 0
NtQuerySection( SectionHandle=0xec, SectionInformationClass=1 [SectionImageInformation], SectionInformation=0xb7e270, Length=0x40, ReturnLength=null ) => 0
NtQueryVirtualMemory( ProcessHandle=-1, BaseAddress=0x76430000, MemoryInformationClass=6 [MemoryImageInformation], MemoryInformation=0xb7e180, Length=0x18, ReturnLength=null ) => 0
NtQueryInformationThread( ThreadHandle=-2, ThreadInformationClass=0x1d [ThreadWow64Context], ThreadInformation=0xb7dd20, Length=0x2cc, ReturnLength=null ) => 0
6774:651c @ 118014546 - LdrpMinimalMapModule - RETURN: Status: 0x00000000
NtProtectVirtualMemory( ProcessHandle=-1, BaseAddress=0xb7e2a8 [0x764fc000], Size=0xb7e298 [0x1000], NewProtect=2, OldProtect=0xb7e238 [4] ) => 0
NtProtectVirtualMemory( ProcessHandle=-1, BaseAddress=0xb7e2a8 [0x77439000], Size=0xb7e298 [0x3000], NewProtect=4, OldProtect=0xb7e238 [2] ) => 0
NtProtectVirtualMemory( ProcessHandle=-1, BaseAddress=0xb7e2a8 [0x77439000], Size=0xb7e298 [0x3000], NewProtect=2, OldProtect=0xb7e238 [4] ) => 0
NtQueryInformationThread( ThreadHandle=-2, ThreadInformationClass=0x1d [ThreadWow64Context], ThreadInformation=0xb7dd20, Length=0x2cc, ReturnLength=null ) => 0
6774:651c @ 118014546 - LdrpFindDllActivationContext - INFO: Probing for the manifest of DLL "C:\Windows\System32\gdi32full.dll" failed with status 0xc000008a
NtProtectVirtualMemory( ProcessHandle=-1, BaseAddress=0xb7e2a8 [0x764f6000], Size=0xb7e298 [0x1000], NewProtect=4, OldProtect=0xb7e238 [2] ) => 0
NtQueryInformationThread( ThreadHandle=-2, ThreadInformationClass=0x1d [ThreadWow64Context], ThreadInformation=0xb7dd20, Length=0x2cc, ReturnLength=null ) => 0
6774:651c @ 118014546 - LdrpFindKnownDll - ENTER: DLL name: msvcp_win.dll
NtQueryObject( ObjectHandle=0x90, ObjectInformationClass=1 [ObjectNameInformation], ObjectInformation=0xb7e060, Length=0x210, ReturnLength=null ) => 0
NtOpenSection( SectionHandle=0xb7e2f8 [0xe8], DesiredAccess=0xd, ObjectAttributes=0x90:"msvcp_win.dll" ) => 0
NtQueryInformationThread( ThreadHandle=-2, ThreadInformationClass=0x1d [ThreadWow64Context], ThreadInformation=0xb7dd20, Length=0x2cc, ReturnLength=null ) => 0
6774:651c @ 118014546 - LdrpFindKnownDll - RETURN: Status: 0x00000000
NtQueryInformationThread( ThreadHandle=-2, ThreadInformationClass=0x1d [ThreadWow64Context], ThreadInformation=0xb7dd20, Length=0x2cc, ReturnLength=null ) => 0
6774:651c @ 118014546 - LdrpMinimalMapModule - ENTER: DLL name: C:\Windows\System32\msvcp_win.dll
Loaded DLL at 0000000076750000 C:\Windows\SysWOW64\msvcp_win.dll
NtMapViewOfSection( SectionHandle=0xe8, ProcessHandle=-1, BaseAddress=0xb7e2b0 [0x76750000], ZeroBits=0x7ffeffff, CommitSize=0, SectionOffset=null, ViewSize=0xb7e260 [0x0007b000], InheritDisposition=1 [ViewShare], AllocationType=0x00800000, Protect=0x80 ) => 0
NtQuerySection( SectionHandle=0xe8, SectionInformationClass=1 [SectionImageInformation], SectionInformation=0xb7e270, Length=0x40, ReturnLength=null ) => 0
NtQueryVirtualMemory( ProcessHandle=-1, BaseAddress=0x76750000, MemoryInformationClass=6 [MemoryImageInformation], MemoryInformation=0xb7e180, Length=0x18, ReturnLength=null ) => 0
NtQueryInformationThread( ThreadHandle=-2, ThreadInformationClass=0x1d [ThreadWow64Context], ThreadInformation=0xb7dd20, Length=0x2cc, ReturnLength=null ) => 0
6774:651c @ 118014546 - LdrpMinimalMapModule - RETURN: Status: 0x00000000
NtProtectVirtualMemory( ProcessHandle=-1, BaseAddress=0xb7e2a8 [0x767c4000], Size=0xb7e298 [0x1000], NewProtect=2, OldProtect=0xb7e238 [4] ) => 0
NtProtectVirtualMemory( ProcessHandle=-1, BaseAddress=0xb7e2a8 [0x77439000], Size=0xb7e298 [0x3000], NewProtect=4, OldProtect=0xb7e238 [2] ) => 0
NtProtectVirtualMemory( ProcessHandle=-1, BaseAddress=0xb7e2a8 [0x77439000], Size=0xb7e298 [0x3000], NewProtect=2, OldProtect=0xb7e238 [4] ) => 0
NtQueryInformationThread( ThreadHandle=-2, ThreadInformationClass=0x1d [ThreadWow64Context], ThreadInformation=0xb7dd20, Length=0x2cc, ReturnLength=null ) => 0
6774:651c @ 118014546 - LdrpFindDllActivationContext - INFO: Probing for the manifest of DLL "C:\Windows\System32\msvcp_win.dll" failed with status 0xc000008a
NtProtectVirtualMemory( ProcessHandle=-1, BaseAddress=0xb7e2a8 [0x767c2000], Size=0xb7e298 [0x1000], NewProtect=4, OldProtect=0xb7e238 [2] ) => 0
NtQueryInformationThread( ThreadHandle=-2, ThreadInformationClass=0x1d [ThreadWow64Context], ThreadInformation=0xb7dd20, Length=0x2cc, ReturnLength=null ) => 0
6774:651c @ 118014546 - LdrpPreprocessDllName - INFO: DLL api-ms-win-crt-string-l1-1-0.dll was redirected to C:\Windows\SYSTEM32\ucrtbase.dll by API set
NtQueryInformationThread( ThreadHandle=-2, ThreadInformationClass=0x1d [ThreadWow64Context], ThreadInformation=0xb7dd20, Length=0x2cc, ReturnLength=null ) => 0
6774:651c @ 118014546 - LdrpPreprocessDllName - INFO: DLL api-ms-win-crt-locale-l1-1-0.dll was redirected to C:\Windows\SYSTEM32\ucrtbase.dll by API set
NtQueryInformationThread( ThreadHandle=-2, ThreadInformationClass=0x1d [ThreadWow64Context], ThreadInformation=0xb7dd20, Length=0x2cc, ReturnLength=null ) => 0
6774:651c @ 118014546 - LdrpPreprocessDllName - INFO: DLL api-ms-win-crt-runtime-l1-1-0.dll was redirected to C:\Windows\SYSTEM32\ucrtbase.dll by API set
NtQueryInformationThread( ThreadHandle=-2, ThreadInformationClass=0x1d [ThreadWow64Context], ThreadInformation=0xb7dd20, Length=0x2cc, ReturnLength=null ) => 0
6774:651c @ 118014546 - LdrpPreprocessDllName - INFO: DLL api-ms-win-crt-private-l1-1-0.dll was redirected to C:\Windows\SYSTEM32\ucrtbase.dll by API set
NtQueryInformationThread( ThreadHandle=-2, ThreadInformationClass=0x1d [ThreadWow64Context], ThreadInformation=0xb7dd20, Length=0x2cc, ReturnLength=null ) => 0
6774:651c @ 118014546 - LdrpPreprocessDllName - INFO: DLL api-ms-win-core-string-l1-1-0.dll was redirected to C:\Windows\SYSTEM32\kernelbase.dll by API set
NtQueryInformationThread( ThreadHandle=-2, ThreadInformationClass=0x1d [ThreadWow64Context], ThreadInformation=0xb7dd20, Length=0x2cc, ReturnLength=null ) => 0
6774:651c @ 118014546 - LdrpPreprocessDllName - INFO: DLL api-ms-win-core-synch-l1-1-0.dll was redirected to C:\Windows\SYSTEM32\kernelbase.dll by API set
NtQueryInformationThread( ThreadHandle=-2, ThreadInformationClass=0x1d [ThreadWow64Context], ThreadInformation=0xb7dd20, Length=0x2cc, ReturnLength=null ) => 0
6774:651c @ 118014546 - LdrpPreprocessDllName - INFO: DLL api-ms-win-core-processthreads-l1-1-0.dll was redirected to C:\Windows\SYSTEM32\kernel32.dll by API set
NtQueryInformationThread( ThreadHandle=-2, ThreadInformationClass=0x1d [ThreadWow64Context], ThreadInformation=0xb7dd20, Length=0x2cc, ReturnLength=null ) => 0
6774:651c @ 118014546 - LdrpPreprocessDllName - INFO: DLL api-ms-win-core-synch-l1-2-0.dll was redirected to C:\Windows\SYSTEM32\kernelbase.dll by API set
NtQueryInformationThread( ThreadHandle=-2, ThreadInformationClass=0x1d [ThreadWow64Context], ThreadInformation=0xb7dd20, Length=0x2cc, ReturnLength=null ) => 0
6774:651c @ 118014546 - LdrpPreprocessDllName - INFO: DLL api-ms-win-core-handle-l1-1-0.dll was redirected to C:\Windows\SYSTEM32\kernelbase.dll by API set
NtQueryInformationThread( ThreadHandle=-2, ThreadInformationClass=0x1d [ThreadWow64Context], ThreadInformation=0xb7dd20, Length=0x2cc, ReturnLength=null ) => 0
6774:651c @ 118014546 - LdrpPreprocessDllName - INFO: DLL api-ms-win-core-sysinfo-l1-2-0.dll was redirected to C:\Windows\SYSTEM32\kernelbase.dll by API set
NtQueryInformationThread( ThreadHandle=-2, ThreadInformationClass=0x1d [ThreadWow64Context], ThreadInformation=0xb7dd20, Length=0x2cc, ReturnLength=null ) => 0
6774:651c @ 118014546 - LdrpPreprocessDllName - INFO: DLL api-ms-win-core-profile-l1-1-0.dll was redirected to C:\Windows\SYSTEM32\kernelbase.dll by API set
NtQueryInformationThread( ThreadHandle=-2, ThreadInformationClass=0x1d [ThreadWow64Context], ThreadInformation=0xb7dd20, Length=0x2cc, ReturnLength=null ) => 0
6774:651c @ 118014546 - LdrpPreprocessDllName - INFO: DLL api-ms-win-core-file-l1-1-0.dll was redirected to C:\Windows\SYSTEM32\kernelbase.dll by API set
NtQueryInformationThread( ThreadHandle=-2, ThreadInformationClass=0x1d [ThreadWow64Context], ThreadInformation=0xb7dd20, Length=0x2cc, ReturnLength=null ) => 0
6774:651c @ 118014546 - LdrpPreprocessDllName - INFO: DLL api-ms-win-core-file-l1-2-0.dll was redirected to C:\Windows\SYSTEM32\kernelbase.dll by API set
NtQueryInformationThread( ThreadHandle=-2, ThreadInformationClass=0x1d [ThreadWow64Context], ThreadInformation=0xb7dd20, Length=0x2cc, ReturnLength=null ) => 0
6774:651c @ 118014546 - LdrpPreprocessDllName - INFO: DLL api-ms-win-core-file-l2-1-0.dll was redirected to C:\Windows\SYSTEM32\kernelbase.dll by API set
NtQueryInformationThread( ThreadHandle=-2, ThreadInformationClass=0x1d [ThreadWow64Context], ThreadInformation=0xb7dd20, Length=0x2cc, ReturnLength=null ) => 0
6774:651c @ 118014546 - LdrpPreprocessDllName - INFO: DLL api-ms-win-core-errorhandling-l1-1-0.dll was redirected to C:\Windows\SYSTEM32\kernelbase.dll by API set
NtQueryInformationThread( ThreadHandle=-2, ThreadInformationClass=0x1d [ThreadWow64Context], ThreadInformation=0xb7dd20, Length=0x2cc, ReturnLength=null ) => 0
6774:651c @ 118014546 - LdrpPreprocessDllName - INFO: DLL api-ms-win-core-util-l1-1-0.dll was redirected to C:\Windows\SYSTEM32\kernel32.dll by API set
NtQueryInformationThread( ThreadHandle=-2, ThreadInformationClass=0x1d [ThreadWow64Context], ThreadInformation=0xb7dd20, Length=0x2cc, ReturnLength=null ) => 0
6774:651c @ 118014546 - LdrpPreprocessDllName - INFO: DLL api-ms-win-core-localization-l1-2-0.dll was redirected to C:\Windows\SYSTEM32\kernelbase.dll by API set
NtQueryInformationThread( ThreadHandle=-2, ThreadInformationClass=0x1d [ThreadWow64Context], ThreadInformation=0xb7dd20, Length=0x2cc, ReturnLength=null ) => 0
6774:651c @ 118014546 - LdrpPreprocessDllName - INFO: DLL api-ms-win-core-rtlsupport-l1-1-0.dll was redirected to C:\Windows\SYSTEM32\ntdll.dll by API set
NtQueryInformationThread( ThreadHandle=-2, ThreadInformationClass=0x1d [ThreadWow64Context], ThreadInformation=0xb7dd20, Length=0x2cc, ReturnLength=null ) => 0
6774:651c @ 118014546 - LdrpPreprocessDllName - INFO: DLL api-ms-win-core-processthreads-l1-1-1.dll was redirected to C:\Windows\SYSTEM32\kernel32.dll by API set
NtQueryInformationThread( ThreadHandle=-2, ThreadInformationClass=0x1d [ThreadWow64Context], ThreadInformation=0xb7dd20, Length=0x2cc, ReturnLength=null ) => 0
6774:651c @ 118014546 - LdrpPreprocessDllName - INFO: DLL api-ms-win-core-threadpool-l1-2-0.dll was redirected to C:\Windows\SYSTEM32\kernelbase.dll by API set
NtQueryInformationThread( ThreadHandle=-2, ThreadInformationClass=0x1d [ThreadWow64Context], ThreadInformation=0xb7dd20, Length=0x2cc, ReturnLength=null ) => 0
6774:651c @ 118014546 - LdrpPreprocessDllName - INFO: DLL api-ms-win-core-libraryloader-l1-1-0.dll was redirected to C:\Windows\SYSTEM32\kernelbase.dll by API set
NtQueryInformationThread( ThreadHandle=-2, ThreadInformationClass=0x1d [ThreadWow64Context], ThreadInformation=0xb7dd20, Length=0x2cc, ReturnLength=null ) => 0
6774:651c @ 118014546 - LdrpPreprocessDllName - INFO: DLL api-ms-win-core-debug-l1-1-0.dll was redirected to C:\Windows\SYSTEM32\kernelbase.dll by API set
NtQueryInformationThread( ThreadHandle=-2, ThreadInformationClass=0x1d [ThreadWow64Context], ThreadInformation=0xb7dd20, Length=0x2cc, ReturnLength=null ) => 0
6774:651c @ 118014546 - LdrpPreprocessDllName - INFO: DLL api-ms-win-core-sysinfo-l1-1-0.dll was redirected to C:\Windows\SYSTEM32\kernelbase.dll by API set
NtQueryInformationThread( ThreadHandle=-2, ThreadInformationClass=0x1d [ThreadWow64Context], ThreadInformation=0xb7dd20, Length=0x2cc, ReturnLength=null ) => 0
6774:651c @ 118014546 - LdrpPreprocessDllName - INFO: DLL api-ms-win-core-interlocked-l1-1-0.dll was redirected to C:\Windows\SYSTEM32\kernelbase.dll by API set
NtQueryInformationThread( ThreadHandle=-2, ThreadInformationClass=0x1d [ThreadWow64Context], ThreadInformation=0xb7dd20, Length=0x2cc, ReturnLength=null ) => 0
6774:651c @ 118014546 - LdrpPreprocessDllName - INFO: DLL api-ms-win-core-delayload-l1-1-0.dll was redirected to C:\Windows\SYSTEM32\kernelbase.dll by API set
NtQueryInformationThread( ThreadHandle=-2, ThreadInformationClass=0x1d [ThreadWow64Context], ThreadInformation=0xb7dd20, Length=0x2cc, ReturnLength=null ) => 0
6774:651c @ 118014546 - LdrpPreprocessDllName - INFO: DLL api-ms-win-core-delayload-l1-1-1.dll was redirected to C:\Windows\SYSTEM32\kernelbase.dll by API set
NtWaitForWorkViaWorkerFactory( WorkerFactoryHandle=0xc8, MiniPacket=0x110efe0 ) => 0
NtQueryInformationThread( ThreadHandle=-2, ThreadInformationClass=0x1d [ThreadWow64Context], ThreadInformation=0xb7dd20, Length=0x2cc, ReturnLength=null ) => 0
6774:651c @ 118014546 - LdrpPreprocessDllName - INFO: DLL api-ms-win-crt-string-l1-1-0.dll was redirected to C:\Windows\SYSTEM32\ucrtbase.dll by API set
NtQueryInformationThread( ThreadHandle=-2, ThreadInformationClass=0x1d [ThreadWow64Context], ThreadInformation=0xb7dd20, Length=0x2cc, ReturnLength=null ) => 0
6774:651c @ 118014546 - LdrpPreprocessDllName - INFO: DLL api-ms-win-crt-runtime-l1-1-0.dll was redirected to C:\Windows\SYSTEM32\ucrtbase.dll by API set
NtQueryInformationThread( ThreadHandle=-2, ThreadInformationClass=0x1d [ThreadWow64Context], ThreadInformation=0xb7dd20, Length=0x2cc, ReturnLength=null ) => 0
NtQueryInformationThread( ThreadHandle=-2, ThreadInformationClass=0x1d [ThreadWow64Context], ThreadInformation=0x110e380, Length=0x2cc, ReturnLength=null ) => 0
6774:651c @ 118014546 - LdrpPreprocessDllName - INFO: DLL api-ms-win-crt-private-l1-1-0.dll was redirected to C:\Windows\SYSTEM32\ucrtbase.dll by API set
6774:23f8 @ 118014546 - LdrpGetProcedureAddress - INFO: Locating procedure "RtlEnterCriticalSection" by name
NtQueryInformationThread( ThreadHandle=-2, ThreadInformationClass=0x1d [ThreadWow64Context], ThreadInformation=0x110e380, Length=0x2cc, ReturnLength=null ) => 0
6774:23f8 @ 118014546 - LdrpGetProcedureAddress - INFO: Locating procedure "RtlReleaseSRWLockExclusive" by name
NtQueryInformationThread( ThreadHandle=-2, ThreadInformationClass=0x1d [ThreadWow64Context], ThreadInformation=0x110e380, Length=0x2cc, ReturnLength=null ) => 0
NtQueryInformationThread( ThreadHandle=-2, ThreadInformationClass=0x1d [ThreadWow64Context], ThreadInformation=0xb7dd20, Length=0x2cc, ReturnLength=null ) => 0
6774:23f8 @ 118014546 - LdrpGetProcedureAddress - INFO: Locating procedure "RtlAcquireSRWLockExclusive" by name
NtQueryInformationThread( ThreadHandle=-2, ThreadInformationClass=0x1d [ThreadWow64Context], ThreadInformation=0x110e380, Length=0x2cc, ReturnLength=null ) => 0
6774:651c @ 118014546 - LdrpPreprocessDllName - INFO: DLL api-ms-win-core-string-l1-1-0.dll was redirected to C:\Windows\SYSTEM32\kernelbase.dll by API set
6774:23f8 @ 118014546 - LdrpGetProcedureAddress - INFO: Locating procedure "RtlLeaveCriticalSection" by name
NtQueryInformationThread( ThreadHandle=-2, ThreadInformationClass=0x1d [ThreadWow64Context], ThreadInformation=0x110e380, Length=0x2cc, ReturnLength=null ) => 0
6774:23f8 @ 118014546 - LdrpGetProcedureAddress - INFO: Locating procedure "RtlTryAcquireSRWLockExclusive" by name
NtQueryInformationThread( ThreadHandle=-2, ThreadInformationClass=0x1d [ThreadWow64Context], ThreadInformation=0x110e380, Length=0x2cc, ReturnLength=null ) => 0
6774:23f8 @ 118014546 - LdrpGetProcedureAddress - INFO: Locating procedure "RtlInitializeSRWLock" by name
NtQueryInformationThread( ThreadHandle=-2, ThreadInformationClass=0x1d [ThreadWow64Context], ThreadInformation=0xb7dd20, Length=0x2cc, ReturnLength=null ) => 0
NtQueryInformationThread( ThreadHandle=-2, ThreadInformationClass=0x1d [ThreadWow64Context], ThreadInformation=0x110e380, Length=0x2cc, ReturnLength=null ) => 0
6774:651c @ 118014546 - LdrpPreprocessDllName - INFO: DLL api-ms-win-core-localization-l1-2-0.dll was redirected to C:\Windows\SYSTEM32\kernelbase.dll by API set
6774:23f8 @ 118014546 - LdrpGetProcedureAddress - INFO: Locating procedure "RtlDeleteCriticalSection" by name
NtQueryInformationThread( ThreadHandle=-2, ThreadInformationClass=0x1d [ThreadWow64Context], ThreadInformation=0xb7dd20, Length=0x2cc, ReturnLength=null ) => 0
NtQueryInformationThread( ThreadHandle=-2, ThreadInformationClass=0x1d [ThreadWow64Context], ThreadInformation=0x110e380, Length=0x2cc, ReturnLength=null ) => 0
6774:23f8 @ 118014546 - LdrpGetProcedureAddress - INFO: Locating procedure "RtlWakeConditionVariable" by name
6774:651c @ 118014546 - LdrpPreprocessDllName - INFO: DLL api-ms-win-core-heap-l2-1-0.dll was redirected to C:\Windows\SYSTEM32\kernelbase.dll by API set
NtQueryInformationThread( ThreadHandle=-2, ThreadInformationClass=0x1d [ThreadWow64Context], ThreadInformation=0x110e380, Length=0x2cc, ReturnLength=null ) => 0
6774:23f8 @ 118014546 - LdrpGetProcedureAddress - INFO: Locating procedure "RtlInitializeConditionVariable" by name
NtQueryInformationThread( ThreadHandle=-2, ThreadInformationClass=0x1d [ThreadWow64Context], ThreadInformation=0x110e380, Length=0x2cc, ReturnLength=null ) => 0
6774:23f8 @ 118014546 - LdrpGetProcedureAddress - INFO: Locating procedure "RtlWakeAllConditionVariable" by name
NtQueryInformationThread( ThreadHandle=-2, ThreadInformationClass=0x1d [ThreadWow64Context], ThreadInformation=0x110e380, Length=0x2cc, ReturnLength=null ) => 0
6774:23f8 @ 118014546 - LdrpGetProcedureAddress - INFO: Locating procedure "RtlQueryPerformanceFrequency" by name
NtQueryInformationThread( ThreadHandle=-2, ThreadInformationClass=0x1d [ThreadWow64Context], ThreadInformation=0x110e380, Length=0x2cc, ReturnLength=null ) => 0
NtQueryInformationThread( ThreadHandle=-2, ThreadInformationClass=0x1d [ThreadWow64Context], ThreadInformation=0xb7dd20, Length=0x2cc, ReturnLength=null ) => 0
6774:23f8 @ 118014546 - LdrpGetProcedureAddress - INFO: Locating procedure "RtlQueryPerformanceCounter" by name
6774:651c @ 118014546 - LdrpPreprocessDllName - INFO: DLL api-ms-win-core-rtlsupport-l1-2-0.dll was redirected to C:\Windows\SYSTEM32\ntdll.dll by API set
NtQueryInformationThread( ThreadHandle=-2, ThreadInformationClass=0x1d [ThreadWow64Context], ThreadInformation=0x110e380, Length=0x2cc, ReturnLength=null ) => 0
6774:23f8 @ 118014546 - LdrpGetProcedureAddress - INFO: Locating procedure "RtlEncodePointer" by name
NtQueryInformationThread( ThreadHandle=-2, ThreadInformationClass=0x1d [ThreadWow64Context], ThreadInformation=0xb7dd20, Length=0x2cc, ReturnLength=null ) => 0
6774:651c @ 118014546 - LdrpPreprocessDllName - INFO: DLL api-ms-win-core-libraryloader-l1-2-0.dll was redirected to C:\Windows\SYSTEM32\kernelbase.dll by API set
NtQueryInformationThread( ThreadHandle=-2, ThreadInformationClass=0x1d [ThreadWow64Context], ThreadInformation=0x110e380, Length=0x2cc, ReturnLength=null ) => 0
6774:23f8 @ 118014546 - LdrpGetProcedureAddress - INFO: Locating procedure "RtlDecodePointer" by name
NtQueryInformationThread( ThreadHandle=-2, ThreadInformationClass=0x1d [ThreadWow64Context], ThreadInformation=0xb7dd20, Length=0x2cc, ReturnLength=null ) => 0
6774:651c @ 118014546 - LdrpPreprocessDllName - INFO: DLL api-ms-win-core-sysinfo-l1-1-0.dll was redirected to C:\Windows\SYSTEM32\kernelbase.dll by API set
NtQueryInformationThread( ThreadHandle=-2, ThreadInformationClass=0x1d [ThreadWow64Context], ThreadInformation=0x110e380, Length=0x2cc, ReturnLength=null ) => 0
6774:23f8 @ 118014546 - LdrpGetProcedureAddress - INFO: Locating procedure "TpReleaseWork" by name
NtQueryInformationThread( ThreadHandle=-2, ThreadInformationClass=0x1d [ThreadWow64Context], ThreadInformation=0xb7dd20, Length=0x2cc, ReturnLength=null ) => 0
6774:651c @ 118014546 - LdrpPreprocessDllName - INFO: DLL api-ms-win-core-memory-l1-1-1.dll was redirected to C:\Windows\SYSTEM32\kernelbase.dll by API set
NtQueryInformationThread( ThreadHandle=-2, ThreadInformationClass=0x1d [ThreadWow64Context], ThreadInformation=0x110e380, Length=0x2cc, ReturnLength=null ) => 0
6774:23f8 @ 118014546 - LdrpGetProcedureAddress - INFO: Locating procedure "TpCallbackUnloadDllOnCompletion" by name
NtQueryInformationThread( ThreadHandle=-2, ThreadInformationClass=0x1d [ThreadWow64Context], ThreadInformation=0xb7dd20, Length=0x2cc, ReturnLength=null ) => 0
6774:651c @ 118014546 - LdrpPreprocessDllName - INFO: DLL api-ms-win-core-errorhandling-l1-1-0.dll was redirected to C:\Windows\SYSTEM32\kernelbase.dll by API set
NtQueryInformationThread( ThreadHandle=-2, ThreadInformationClass=0x1d [ThreadWow64Context], ThreadInformation=0x110e380, Length=0x2cc, ReturnLength=null ) => 0
6774:23f8 @ 118014546 - LdrpGetProcedureAddress - INFO: Locating procedure "TpPostWork" by name
NtQueryInformationThread( ThreadHandle=-2, ThreadInformationClass=0x1d [ThreadWow64Context], ThreadInformation=0x110e380, Length=0x2cc, ReturnLength=null ) => 0
6774:23f8 @ 118014546 - LdrpGetProcedureAddress - INFO: Locating procedure "RtlInitializeSListHead" by name
NtProtectVirtualMemory( ProcessHandle=-1, BaseAddress=0x110e908 [0x767c2000], Size=0x110e8f8 [0x1000], NewProtect=2, OldProtect=0x110e898 [4] ) => 0
NtQueryInformationThread( ThreadHandle=-2, ThreadInformationClass=0x1d [ThreadWow64Context], ThreadInformation=0xb7dd20, Length=0x2cc, ReturnLength=null ) => 0
6774:651c @ 118014546 - LdrpPreprocessDllName - INFO: DLL api-ms-win-eventing-provider-l1-1-0.dll was redirected to C:\Windows\SYSTEM32\kernelbase.dll by API set
NtQueryInformationThread( ThreadHandle=-2, ThreadInformationClass=0x1d [ThreadWow64Context], ThreadInformation=0xb7dd20, Length=0x2cc, ReturnLength=null ) => 0
6774:651c @ 118014546 - LdrpPreprocessDllName - INFO: DLL api-ms-win-core-processenvironment-l1-1-0.dll was redirected to C:\Windows\SYSTEM32\kernelbase.dll by API set
NtQueryInformationThread( ThreadHandle=-2, ThreadInformationClass=0x1d [ThreadWow64Context], ThreadInformation=0xb7dd20, Length=0x2cc, ReturnLength=null ) => 0
6774:651c @ 118014546 - LdrpPreprocessDllName - INFO: DLL api-ms-win-core-file-l1-1-0.dll was redirected to C:\Windows\SYSTEM32\kernelbase.dll by API set
NtQueryInformationThread( ThreadHandle=-2, ThreadInformationClass=0x1d [ThreadWow64Context], ThreadInformation=0xb7dd20, Length=0x2cc, ReturnLength=null ) => 0
6774:651c @ 118014546 - LdrpPreprocessDllName - INFO: DLL api-ms-win-core-handle-l1-1-0.dll was redirected to C:\Windows\SYSTEM32\kernelbase.dll by API set
NtQueryInformationThread( ThreadHandle=-2, ThreadInformationClass=0x1d [ThreadWow64Context], ThreadInformation=0xb7dd20, Length=0x2cc, ReturnLength=null ) => 0
6774:651c @ 118014546 - LdrpPreprocessDllName - INFO: DLL api-ms-win-core-registry-l1-1-0.dll was redirected to C:\Windows\SYSTEM32\kernelbase.dll by API set
NtQueryInformationThread( ThreadHandle=-2, ThreadInformationClass=0x1d [ThreadWow64Context], ThreadInformation=0xb7dd20, Length=0x2cc, ReturnLength=null ) => 0
6774:651c @ 118014546 - LdrpPreprocessDllName - INFO: DLL api-ms-win-core-file-l1-2-0.dll was redirected to C:\Windows\SYSTEM32\kernelbase.dll by API set
NtQueryInformationThread( ThreadHandle=-2, ThreadInformationClass=0x1d [ThreadWow64Context], ThreadInformation=0xb7dd20, Length=0x2cc, ReturnLength=null ) => 0
6774:651c @ 118014546 - LdrpPreprocessDllName - INFO: DLL api-ms-win-core-file-l2-1-0.dll was redirected to C:\Windows\SYSTEM32\kernelbase.dll by API set
NtQueryInformationThread( ThreadHandle=-2, ThreadInformationClass=0x1d [ThreadWow64Context], ThreadInformation=0xb7dd20, Length=0x2cc, ReturnLength=null ) => 0
6774:651c @ 118014546 - LdrpPreprocessDllName - INFO: DLL api-ms-win-core-memory-l1-1-0.dll was redirected to C:\Windows\SYSTEM32\kernelbase.dll by API set
NtQueryInformationThread( ThreadHandle=-2, ThreadInformationClass=0x1d [ThreadWow64Context], ThreadInformation=0xb7dd20, Length=0x2cc, ReturnLength=null ) => 0
6774:651c @ 118014546 - LdrpPreprocessDllName - INFO: DLL api-ms-win-core-synch-l1-1-0.dll was redirected to C:\Windows\SYSTEM32\kernelbase.dll by API set
NtQueryInformationThread( ThreadHandle=-2, ThreadInformationClass=0x1d [ThreadWow64Context], ThreadInformation=0xb7dd20, Length=0x2cc, ReturnLength=null ) => 0
6774:651c @ 118014546 - LdrpPreprocessDllName - INFO: DLL api-ms-win-core-heap-l1-1-0.dll was redirected to C:\Windows\SYSTEM32\kernelbase.dll by API set
NtQueryInformationThread( ThreadHandle=-2, ThreadInformationClass=0x1d [ThreadWow64Context], ThreadInformation=0xb7dd20, Length=0x2cc, ReturnLength=null ) => 0
6774:651c @ 118014546 - LdrpPreprocessDllName - INFO: DLL api-ms-win-core-threadpool-l1-2-0.dll was redirected to C:\Windows\SYSTEM32\kernelbase.dll by API set
NtQueryInformationThread( ThreadHandle=-2, ThreadInformationClass=0x1d [ThreadWow64Context], ThreadInformation=0xb7dd20, Length=0x2cc, ReturnLength=null ) => 0
6774:651c @ 118014546 - LdrpPreprocessDllName - INFO: DLL api-ms-win-core-processthreads-l1-1-0.dll was redirected to C:\Windows\SYSTEM32\kernel32.dll by API set
NtQueryInformationThread( ThreadHandle=-2, ThreadInformationClass=0x1d [ThreadWow64Context], ThreadInformation=0xb7dd20, Length=0x2cc, ReturnLength=null ) => 0
6774:651c @ 118014546 - LdrpPreprocessDllName - INFO: DLL api-ms-win-core-debug-l1-1-0.dll was redirected to C:\Windows\SYSTEM32\kernelbase.dll by API set
NtQueryInformationThread( ThreadHandle=-2, ThreadInformationClass=0x1d [ThreadWow64Context], ThreadInformation=0xb7dd20, Length=0x2cc, ReturnLength=null ) => 0
6774:651c @ 118014546 - LdrpPreprocessDllName - INFO: DLL api-ms-win-core-string-l2-1-0.dll was redirected to C:\Windows\SYSTEM32\kernelbase.dll by API set
NtQueryInformationThread( ThreadHandle=-2, ThreadInformationClass=0x1d [ThreadWow64Context], ThreadInformation=0xb7dd20, Length=0x2cc, ReturnLength=null ) => 0
6774:651c @ 118014546 - LdrpPreprocessDllName - INFO: DLL api-ms-win-security-base-l1-1-0.dll was redirected to C:\Windows\SYSTEM32\kernelbase.dll by API set
NtQueryInformationThread( ThreadHandle=-2, ThreadInformationClass=0x1d [ThreadWow64Context], ThreadInformation=0xb7dd20, Length=0x2cc, ReturnLength=null ) => 0
6774:651c @ 118014546 - LdrpPreprocessDllName - INFO: DLL api-ms-win-core-synch-l1-2-0.dll was redirected to C:\Windows\SYSTEM32\kernelbase.dll by API set
NtQueryInformationThread( ThreadHandle=-2, ThreadInformationClass=0x1d [ThreadWow64Context], ThreadInformation=0xb7dd20, Length=0x2cc, ReturnLength=null ) => 0
6774:651c @ 118014546 - LdrpPreprocessDllName - INFO: DLL api-ms-win-core-version-l1-1-1.dll was redirected to C:\Windows\SYSTEM32\kernelbase.dll by API set
NtQueryInformationThread( ThreadHandle=-2, ThreadInformationClass=0x1d [ThreadWow64Context], ThreadInformation=0xb7dd20, Length=0x2cc, ReturnLength=null ) => 0
6774:651c @ 118014546 - LdrpPreprocessDllName - INFO: DLL api-ms-win-core-version-l1-1-0.dll was redirected to C:\Windows\SYSTEM32\kernelbase.dll by API set
NtQueryInformationThread( ThreadHandle=-2, ThreadInformationClass=0x1d [ThreadWow64Context], ThreadInformation=0xb7dd20, Length=0x2cc, ReturnLength=null ) => 0
6774:651c @ 118014546 - LdrpPreprocessDllName - INFO: DLL api-ms-win-core-wow64-l1-1-1.dll was redirected to C:\Windows\SYSTEM32\kernelbase.dll by API set
NtQueryInformationThread( ThreadHandle=-2, ThreadInformationClass=0x1d [ThreadWow64Context], ThreadInformation=0xb7dd20, Length=0x2cc, ReturnLength=null ) => 0
6774:651c @ 118014546 - LdrpPreprocessDllName - INFO: DLL api-ms-win-core-psapi-l1-1-0.dll was redirected to C:\Windows\SYSTEM32\kernelbase.dll by API set
NtQueryInformationThread( ThreadHandle=-2, ThreadInformationClass=0x1d [ThreadWow64Context], ThreadInformation=0xb7dd20, Length=0x2cc, ReturnLength=null ) => 0
6774:651c @ 118014546 - LdrpPreprocessDllName - INFO: DLL api-ms-win-core-processthreads-l1-1-1.dll was redirected to C:\Windows\SYSTEM32\kernel32.dll by API set
NtQueryInformationThread( ThreadHandle=-2, ThreadInformationClass=0x1d [ThreadWow64Context], ThreadInformation=0xb7dd20, Length=0x2cc, ReturnLength=null ) => 0
6774:651c @ 118014546 - LdrpPreprocessDllName - INFO: DLL api-ms-win-core-profile-l1-1-0.dll was redirected to C:\Windows\SYSTEM32\kernelbase.dll by API set
NtQueryInformationThread( ThreadHandle=-2, ThreadInformationClass=0x1d [ThreadWow64Context], ThreadInformation=0xb7dd20, Length=0x2cc, ReturnLength=null ) => 0
6774:651c @ 118014546 - LdrpPreprocessDllName - INFO: DLL api-ms-win-core-interlocked-l1-1-0.dll was redirected to C:\Windows\SYSTEM32\kernelbase.dll by API set
NtQueryInformationThread( ThreadHandle=-2, ThreadInformationClass=0x1d [ThreadWow64Context], ThreadInformation=0xb7dd20, Length=0x2cc, ReturnLength=null ) => 0
6774:651c @ 118014546 - LdrpPreprocessDllName - INFO: DLL api-ms-win-core-kernel32-legacy-l1-1-0.dll was redirected to C:\Windows\SYSTEM32\kernel32.dll by API set
NtQueryInformationThread( ThreadHandle=-2, ThreadInformationClass=0x1d [ThreadWow64Context], ThreadInformation=0xb7dd20, Length=0x2cc, ReturnLength=null ) => 0
6774:651c @ 118014546 - LdrpPreprocessDllName - INFO: DLL api-ms-win-core-heap-obsolete-l1-1-0.dll was redirected to C:\Windows\SYSTEM32\kernel32.dll by API set
NtQueryInformationThread( ThreadHandle=-2, ThreadInformationClass=0x1d [ThreadWow64Context], ThreadInformation=0xb7dd20, Length=0x2cc, ReturnLength=null ) => 0
6774:651c @ 118014546 - LdrpPreprocessDllName - INFO: DLL api-ms-win-core-string-obsolete-l1-1-0.dll was redirected to C:\Windows\SYSTEM32\kernel32.dll by API set
NtQueryInformationThread( ThreadHandle=-2, ThreadInformationClass=0x1d [ThreadWow64Context], ThreadInformation=0xb7dd20, Length=0x2cc, ReturnLength=null ) => 0
6774:651c @ 118014546 - LdrpPreprocessDllName - INFO: DLL api-ms-win-core-stringansi-l1-1-0.dll was redirected to C:\Windows\SYSTEM32\kernelbase.dll by API set
NtQueryInformationThread( ThreadHandle=-2, ThreadInformationClass=0x1d [ThreadWow64Context], ThreadInformation=0xb7dd20, Length=0x2cc, ReturnLength=null ) => 0
6774:651c @ 118014546 - LdrpPreprocessDllName - INFO: DLL api-ms-win-core-windowserrorreporting-l1-1-0.dll was redirected to C:\Windows\SYSTEM32\kernelbase.dll by API set
NtQueryInformationThread( ThreadHandle=-2, ThreadInformationClass=0x1d [ThreadWow64Context], ThreadInformation=0xb7dd20, Length=0x2cc, ReturnLength=null ) => 0
6774:651c @ 118014546 - LdrpFindKnownDll - ENTER: DLL name: USER32.dll
NtQueryObject( ObjectHandle=0x90, ObjectInformationClass=1 [ObjectNameInformation], ObjectInformation=0xb7e060, Length=0x210, ReturnLength=null ) => 0
NtOpenSection( SectionHandle=0xb7e2f8 [0xe8], DesiredAccess=0xd, ObjectAttributes=0x90:"USER32.dll" ) => 0
NtQueryInformationThread( ThreadHandle=-2, ThreadInformationClass=0x1d [ThreadWow64Context], ThreadInformation=0xb7dd20, Length=0x2cc, ReturnLength=null ) => 0
6774:651c @ 118014546 - LdrpFindKnownDll - RETURN: Status: 0x00000000
NtQueryInformationThread( ThreadHandle=-2, ThreadInformationClass=0x1d [ThreadWow64Context], ThreadInformation=0xb7dd20, Length=0x2cc, ReturnLength=null ) => 0
6774:651c @ 118014546 - LdrpMinimalMapModule - ENTER: DLL name: C:\Windows\System32\USER32.dll
Loaded DLL at 00000000765A0000 C:\Windows\SysWOW64\USER32.dll
NtMapViewOfSection( SectionHandle=0xe8, ProcessHandle=-1, BaseAddress=0xb7e2b0 [0x765a0000], ZeroBits=0x7ffeffff, CommitSize=0, SectionOffset=null, ViewSize=0xb7e260 [0x0019d000], InheritDisposition=1 [ViewShare], AllocationType=0x00800000, Protect=0x80 ) => 0
NtQuerySection( SectionHandle=0xe8, SectionInformationClass=1 [SectionImageInformation], SectionInformation=0xb7e270, Length=0x40, ReturnLength=null ) => 0
NtQueryVirtualMemory( ProcessHandle=-1, BaseAddress=0x765a0000, MemoryInformationClass=6 [MemoryImageInformation], MemoryInformation=0xb7e180, Length=0x18, ReturnLength=null ) => 0
NtProtectVirtualMemory( ProcessHandle=-1, BaseAddress=0xb7e168 [0x7664b000], Size=0xb7e160 [0x1000], NewProtect=4, OldProtect=0xb7e158 [2] ) => 0
NtProtectVirtualMemory( ProcessHandle=-1, BaseAddress=0xb7e168 [0x7664b000], Size=0xb7e160 [0x1000], NewProtect=2, OldProtect=0xb7e158 [4] ) => 0
NtQueryInformationThread( ThreadHandle=-2, ThreadInformationClass=0x1d [ThreadWow64Context], ThreadInformation=0xb7dd20, Length=0x2cc, ReturnLength=null ) => 0
6774:651c @ 118014562 - LdrpMinimalMapModule - RETURN: Status: 0x00000000
NtProtectVirtualMemory( ProcessHandle=-1, BaseAddress=0xb7e2a8 [0x76653000], Size=0xb7e298 [0x1000], NewProtect=2, OldProtect=0xb7e238 [4] ) => 0
NtProtectVirtualMemory( ProcessHandle=-1, BaseAddress=0xb7e2a8 [0x77439000], Size=0xb7e298 [0x3000], NewProtect=4, OldProtect=0xb7e238 [2] ) => 0
NtProtectVirtualMemory( ProcessHandle=-1, BaseAddress=0xb7e2a8 [0x77439000], Size=0xb7e298 [0x3000], NewProtect=2, OldProtect=0xb7e238 [4] ) => 0
NtQueryInformationThread( ThreadHandle=-2, ThreadInformationClass=0x1d [ThreadWow64Context], ThreadInformation=0xb7dd20, Length=0x2cc, ReturnLength=null ) => 0
6774:651c @ 118014562 - LdrpFindDllActivationContext - INFO: Probing for the manifest of DLL "C:\Windows\System32\USER32.dll" failed with status 0xc000008a
NtProtectVirtualMemory( ProcessHandle=-1, BaseAddress=0xb7e2a8 [0x7664a000], Size=0xb7e298 [0x2000], NewProtect=4, OldProtect=0xb7e238 [2] ) => 0
NtQueryInformationThread( ThreadHandle=-2, ThreadInformationClass=0x1d [ThreadWow64Context], ThreadInformation=0xb7dd20, Length=0x2cc, ReturnLength=null ) => 0
6774:651c @ 118014562 - LdrpPreprocessDllName - INFO: DLL api-ms-win-core-localization-l1-2-0.dll was redirected to C:\Windows\SYSTEM32\kernelbase.dll by API set
NtQueryInformationThread( ThreadHandle=-2, ThreadInformationClass=0x1d [ThreadWow64Context], ThreadInformation=0xb7dd20, Length=0x2cc, ReturnLength=null ) => 0
6774:651c @ 118014562 - LdrpPreprocessDllName - INFO: DLL api-ms-win-core-registry-l1-1-0.dll was redirected to C:\Windows\SYSTEM32\kernelbase.dll by API set
NtQueryInformationThread( ThreadHandle=-2, ThreadInformationClass=0x1d [ThreadWow64Context], ThreadInformation=0xb7dd20, Length=0x2cc, ReturnLength=null ) => 0
6774:651c @ 118014562 - LdrpPreprocessDllName - INFO: DLL api-ms-win-core-heap-l2-1-0.dll was redirected to C:\Windows\SYSTEM32\kernelbase.dll by API set
NtQueryInformationThread( ThreadHandle=-2, ThreadInformationClass=0x1d [ThreadWow64Context], ThreadInformation=0xb7dd20, Length=0x2cc, ReturnLength=null ) => 0
6774:651c @ 118014562 - LdrpPreprocessDllName - INFO: DLL api-ms-win-core-libraryloader-l1-2-0.dll was redirected to C:\Windows\SYSTEM32\kernelbase.dll by API set
NtQueryInformationThread( ThreadHandle=-2, ThreadInformationClass=0x1d [ThreadWow64Context], ThreadInformation=0xb7dd20, Length=0x2cc, ReturnLength=null ) => 0
6774:651c @ 118014562 - LdrpPreprocessDllName - INFO: DLL api-ms-win-core-heap-l1-1-0.dll was redirected to C:\Windows\SYSTEM32\kernelbase.dll by API set
NtQueryInformationThread( ThreadHandle=-2, ThreadInformationClass=0x1d [ThreadWow64Context], ThreadInformation=0xb7dd20, Length=0x2cc, ReturnLength=null ) => 0
6774:651c @ 118014562 - LdrpPreprocessDllName - INFO: DLL api-ms-win-core-synch-l1-1-0.dll was redirected to C:\Windows\SYSTEM32\kernelbase.dll by API set
NtQueryInformationThread( ThreadHandle=-2, ThreadInformationClass=0x1d [ThreadWow64Context], ThreadInformation=0xb7dd20, Length=0x2cc, ReturnLength=null ) => 0
6774:651c @ 118014562 - LdrpPreprocessDllName - INFO: DLL api-ms-win-eventing-provider-l1-1-0.dll was redirected to C:\Windows\SYSTEM32\kernelbase.dll by API set
NtQueryInformationThread( ThreadHandle=-2, ThreadInformationClass=0x1d [ThreadWow64Context], ThreadInformation=0xb7dd20, Length=0x2cc, ReturnLength=null ) => 0
6774:651c @ 118014562 - LdrpPreprocessDllName - INFO: DLL api-ms-win-core-processthreads-l1-1-0.dll was redirected to C:\Windows\SYSTEM32\kernel32.dll by API set
NtQueryInformationThread( ThreadHandle=-2, ThreadInformationClass=0x1d [ThreadWow64Context], ThreadInformation=0xb7dd20, Length=0x2cc, ReturnLength=null ) => 0
6774:651c @ 118014562 - LdrpPreprocessDllName - INFO: DLL api-ms-win-core-string-l1-1-0.dll was redirected to C:\Windows\SYSTEM32\kernelbase.dll by API set
NtQueryInformationThread( ThreadHandle=-2, ThreadInformationClass=0x1d [ThreadWow64Context], ThreadInformation=0xb7dd20, Length=0x2cc, ReturnLength=null ) => 0
6774:651c @ 118014562 - LdrpPreprocessDllName - INFO: DLL api-ms-win-core-sysinfo-l1-1-0.dll was redirected to C:\Windows\SYSTEM32\kernelbase.dll by API set
NtQueryInformationThread( ThreadHandle=-2, ThreadInformationClass=0x1d [ThreadWow64Context], ThreadInformation=0xb7dd20, Length=0x2cc, ReturnLength=null ) => 0
6774:651c @ 118014562 - LdrpPreprocessDllName - INFO: DLL api-ms-win-security-base-l1-1-0.dll was redirected to C:\Windows\SYSTEM32\kernelbase.dll by API set
NtQueryInformationThread( ThreadHandle=-2, ThreadInformationClass=0x1d [ThreadWow64Context], ThreadInformation=0xb7dd20, Length=0x2cc, ReturnLength=null ) => 0
6774:651c @ 118014562 - LdrpPreprocessDllName - INFO: DLL api-ms-win-core-handle-l1-1-0.dll was redirected to C:\Windows\SYSTEM32\kernelbase.dll by API set
NtQueryInformationThread( ThreadHandle=-2, ThreadInformationClass=0x1d [ThreadWow64Context], ThreadInformation=0xb7dd20, Length=0x2cc, ReturnLength=null ) => 0
6774:651c @ 118014562 - LdrpPreprocessDllName - INFO: DLL api-ms-win-core-errorhandling-l1-1-0.dll was redirected to C:\Windows\SYSTEM32\kernelbase.dll by API set
NtQueryInformationThread( ThreadHandle=-2, ThreadInformationClass=0x1d [ThreadWow64Context], ThreadInformation=0xb7dd20, Length=0x2cc, ReturnLength=null ) => 0
6774:651c @ 118014562 - LdrpPreprocessDllName - INFO: DLL api-ms-win-core-string-l2-1-0.dll was redirected to C:\Windows\SYSTEM32\kernelbase.dll by API set
NtQueryInformationThread( ThreadHandle=-2, ThreadInformationClass=0x1d [ThreadWow64Context], ThreadInformation=0xb7dd20, Length=0x2cc, ReturnLength=null ) => 0
6774:651c @ 118014562 - LdrpPreprocessDllName - INFO: DLL api-ms-win-core-synch-l1-2-0.dll was redirected to C:\Windows\SYSTEM32\kernelbase.dll by API set
NtQueryInformationThread( ThreadHandle=-2, ThreadInformationClass=0x1d [ThreadWow64Context], ThreadInformation=0xb7dd20, Length=0x2cc, ReturnLength=null ) => 0
6774:651c @ 118014562 - LdrpPreprocessDllName - INFO: DLL api-ms-win-core-processenvironment-l1-1-0.dll was redirected to C:\Windows\SYSTEM32\kernelbase.dll by API set
NtQueryInformationThread( ThreadHandle=-2, ThreadInformationClass=0x1d [ThreadWow64Context], ThreadInformation=0xb7dd20, Length=0x2cc, ReturnLength=null ) => 0
6774:651c @ 118014562 - LdrpPreprocessDllName - INFO: DLL api-ms-win-core-file-l1-1-0.dll was redirected to C:\Windows\SYSTEM32\kernelbase.dll by API set
NtQueryInformationThread( ThreadHandle=-2, ThreadInformationClass=0x1d [ThreadWow64Context], ThreadInformation=0xb7dd20, Length=0x2cc, ReturnLength=null ) => 0
6774:651c @ 118014562 - LdrpPreprocessDllName - INFO: DLL api-ms-win-core-debug-l1-1-0.dll was redirected to C:\Windows\SYSTEM32\kernelbase.dll by API set
NtQueryInformationThread( ThreadHandle=-2, ThreadInformationClass=0x1d [ThreadWow64Context], ThreadInformation=0xb7dd20, Length=0x2cc, ReturnLength=null ) => 0
6774:651c @ 118014562 - LdrpPreprocessDllName - INFO: DLL api-ms-win-core-threadpool-l1-2-0.dll was redirected to C:\Windows\SYSTEM32\kernelbase.dll by API set
NtQueryInformationThread( ThreadHandle=-2, ThreadInformationClass=0x1d [ThreadWow64Context], ThreadInformation=0xb7dd20, Length=0x2cc, ReturnLength=null ) => 0
6774:651c @ 118014562 - LdrpPreprocessDllName - INFO: DLL api-ms-win-core-processthreads-l1-1-1.dll was redirected to C:\Windows\SYSTEM32\kernel32.dll by API set
NtQueryInformationThread( ThreadHandle=-2, ThreadInformationClass=0x1d [ThreadWow64Context], ThreadInformation=0xb7dd20, Length=0x2cc, ReturnLength=null ) => 0
6774:651c @ 118014562 - LdrpPreprocessDllName - INFO: DLL api-ms-win-core-memory-l1-1-0.dll was redirected to C:\Windows\SYSTEM32\kernelbase.dll by API set
NtQueryInformationThread( ThreadHandle=-2, ThreadInformationClass=0x1d [ThreadWow64Context], ThreadInformation=0xb7dd20, Length=0x2cc, ReturnLength=null ) => 0
6774:651c @ 118014562 - LdrpPreprocessDllName - INFO: DLL api-ms-win-core-profile-l1-1-0.dll was redirected to C:\Windows\SYSTEM32\kernelbase.dll by API set
NtQueryInformationThread( ThreadHandle=-2, ThreadInformationClass=0x1d [ThreadWow64Context], ThreadInformation=0xb7dd20, Length=0x2cc, ReturnLength=null ) => 0
6774:651c @ 118014562 - LdrpPreprocessDllName - INFO: DLL api-ms-win-core-memory-l1-1-3.dll was redirected to C:\Windows\SYSTEM32\kernelbase.dll by API set
NtQueryInformationThread( ThreadHandle=-2, ThreadInformationClass=0x1d [ThreadWow64Context], ThreadInformation=0xb7dd20, Length=0x2cc, ReturnLength=null ) => 0
6774:651c @ 118014562 - LdrpPreprocessDllName - INFO: DLL api-ms-win-core-privateprofile-l1-1-0.dll was redirected to C:\Windows\SYSTEM32\kernel32.dll by API set
NtQueryInformationThread( ThreadHandle=-2, ThreadInformationClass=0x1d [ThreadWow64Context], ThreadInformation=0xb7dd20, Length=0x2cc, ReturnLength=null ) => 0
6774:651c @ 118014562 - LdrpPreprocessDllName - INFO: DLL api-ms-win-core-atoms-l1-1-0.dll was redirected to C:\Windows\SYSTEM32\kernel32.dll by API set
NtQueryInformationThread( ThreadHandle=-2, ThreadInformationClass=0x1d [ThreadWow64Context], ThreadInformation=0xb7dd20, Length=0x2cc, ReturnLength=null ) => 0
6774:651c @ 118014562 - LdrpPreprocessDllName - INFO: DLL api-ms-win-core-heap-obsolete-l1-1-0.dll was redirected to C:\Windows\SYSTEM32\kernel32.dll by API set
NtQueryInformationThread( ThreadHandle=-2, ThreadInformationClass=0x1d [ThreadWow64Context], ThreadInformation=0xb7dd20, Length=0x2cc, ReturnLength=null ) => 0
6774:651c @ 118014562 - LdrpPreprocessDllName - INFO: DLL api-ms-win-core-string-obsolete-l1-1-0.dll was redirected to C:\Windows\SYSTEM32\kernel32.dll by API set
NtQueryInformationThread( ThreadHandle=-2, ThreadInformationClass=0x1d [ThreadWow64Context], ThreadInformation=0xb7dd20, Length=0x2cc, ReturnLength=null ) => 0
6774:651c @ 118014562 - LdrpPreprocessDllName - INFO: DLL api-ms-win-core-localization-obsolete-l1-2-0.dll was redirected to C:\Windows\SYSTEM32\kernelbase.dll by API set
NtQueryInformationThread( ThreadHandle=-2, ThreadInformationClass=0x1d [ThreadWow64Context], ThreadInformation=0xb7dd20, Length=0x2cc, ReturnLength=null ) => 0
6774:651c @ 118014562 - LdrpPreprocessDllName - INFO: DLL api-ms-win-core-stringansi-l1-1-0.dll was redirected to C:\Windows\SYSTEM32\kernelbase.dll by API set
NtQueryInformationThread( ThreadHandle=-2, ThreadInformationClass=0x1d [ThreadWow64Context], ThreadInformation=0xb7dd20, Length=0x2cc, ReturnLength=null ) => 0
6774:651c @ 118014562 - LdrpPreprocessDllName - INFO: DLL api-ms-win-core-sidebyside-l1-1-0.dll was redirected to C:\Windows\SYSTEM32\kernelbase.dll by API set
NtQueryInformationThread( ThreadHandle=-2, ThreadInformationClass=0x1d [ThreadWow64Context], ThreadInformation=0xb7dd20, Length=0x2cc, ReturnLength=null ) => 0
6774:651c @ 118014562 - LdrpPreprocessDllName - INFO: DLL api-ms-win-core-kernel32-private-l1-1-0.dll was redirected to C:\Windows\SYSTEM32\kernel32.dll by API set
NtQueryInformationThread( ThreadHandle=-2, ThreadInformationClass=0x1d [ThreadWow64Context], ThreadInformation=0xb7dd20, Length=0x2cc, ReturnLength=null ) => 0
6774:651c @ 118014562 - LdrpPreprocessDllName - INFO: DLL api-ms-win-core-kernel32-legacy-l1-1-0.dll was redirected to C:\Windows\SYSTEM32\kernel32.dll by API set
NtQueryInformationThread( ThreadHandle=-2, ThreadInformationClass=0x1d [ThreadWow64Context], ThreadInformation=0xb7dd20, Length=0x2cc, ReturnLength=null ) => 0
6774:651c @ 118014562 - LdrpPreprocessDllName - INFO: DLL api-ms-win-core-kernel32-legacy-l1-1-1.dll was redirected to C:\Windows\SYSTEM32\kernel32.dll by API set
NtQueryInformationThread( ThreadHandle=-2, ThreadInformationClass=0x1d [ThreadWow64Context], ThreadInformation=0xb7dd20, Length=0x2cc, ReturnLength=null ) => 0
6774:651c @ 118014562 - LdrpPreprocessDllName - INFO: DLL api-ms-win-core-appinit-l1-1-0.dll was redirected to C:\Windows\SYSTEM32\kernel32.dll by API set
NtQueryInformationThread( ThreadHandle=-2, ThreadInformationClass=0x1d [ThreadWow64Context], ThreadInformation=0xb7dd20, Length=0x2cc, ReturnLength=null ) => 0
6774:651c @ 118014562 - LdrpPreprocessDllName - INFO: DLL api-ms-win-core-apiquery-l2-1-0.dll was redirected to C:\Windows\SYSTEM32\kernelbase.dll by API set
NtQueryInformationThread( ThreadHandle=-2, ThreadInformationClass=0x1d [ThreadWow64Context], ThreadInformation=0xb7dd20, Length=0x2cc, ReturnLength=null ) => 0
6774:651c @ 118014562 - LdrpPreprocessDllName - INFO: DLL api-ms-win-core-delayload-l1-1-1.dll was redirected to C:\Windows\SYSTEM32\kernelbase.dll by API set
NtQueryInformationThread( ThreadHandle=-2, ThreadInformationClass=0x1d [ThreadWow64Context], ThreadInformation=0xb7dd20, Length=0x2cc, ReturnLength=null ) => 0
6774:651c @ 118014562 - LdrpPreprocessDllName - INFO: DLL api-ms-win-core-delayload-l1-1-0.dll was redirected to C:\Windows\SYSTEM32\kernelbase.dll by API set
NtQueryInformationThread( ThreadHandle=-2, ThreadInformationClass=0x1d [ThreadWow64Context], ThreadInformation=0xb7dd20, Length=0x2cc, ReturnLength=null ) => 0
6774:651c @ 118014562 - LdrpPreprocessDllName - INFO: DLL api-ms-win-core-apiquery-l1-1-0.dll was redirected to C:\Windows\SYSTEM32\ntdll.dll by API set
NtWaitForWorkViaWorkerFactory( WorkerFactoryHandle=0xc8, MiniPacket=0x110efe0 ) => 0
NtQueryInformationThread( ThreadHandle=-2, ThreadInformationClass=0x1d [ThreadWow64Context], ThreadInformation=0xb7dd20, Length=0x2cc, ReturnLength=null ) => 0
6774:651c @ 118014562 - LdrpPreprocessDllName - INFO: DLL api-ms-win-core-delayload-l1-1-1.dll was redirected to C:\Windows\SYSTEM32\kernelbase.dll by API set
NtQueryInformationThread( ThreadHandle=-2, ThreadInformationClass=0x1d [ThreadWow64Context], ThreadInformation=0xb7dd20, Length=0x2cc, ReturnLength=null ) => 0
6774:651c @ 118014562 - LdrpPreprocessDllName - INFO: DLL api-ms-win-core-delayload-l1-1-0.dll was redirected to C:\Windows\SYSTEM32\kernelbase.dll by API set
NtQueryInformationThread( ThreadHandle=-2, ThreadInformationClass=0x1d [ThreadWow64Context], ThreadInformation=0xb7dd20, Length=0x2cc, ReturnLength=null ) => 0
6774:651c @ 118014562 - LdrpPreprocessDllName - INFO: DLL api-ms-win-core-privateprofile-l1-1-0.dll was redirected to C:\Windows\SYSTEM32\kernel32.dll by API set
NtQueryInformationThread( ThreadHandle=-2, ThreadInformationClass=0x1d [ThreadWow64Context], ThreadInformation=0xb7dd20, Length=0x2cc, ReturnLength=null ) => 0
6774:651c @ 118014562 - LdrpPreprocessDllName - INFO: DLL api-ms-win-core-localization-private-l1-1-0.dll was redirected to C:\Windows\SYSTEM32\kernelbase.dll by API set
NtWaitForWorkViaWorkerFactory( WorkerFactoryHandle=0xc8, MiniPacket=0xbdeae0 ) => 0
NtQueryInformationThread( ThreadHandle=-2, ThreadInformationClass=0x1d [ThreadWow64Context], ThreadInformation=0xb7dd20, Length=0x2cc, ReturnLength=null ) => 0
6774:651c @ 118014562 - LdrpPreprocessDllName - INFO: DLL api-ms-win-eventing-provider-l1-1-0.dll was redirected to C:\Windows\SYSTEM32\kernelbase.dll by API set
NtQueryInformationThread( ThreadHandle=-2, ThreadInformationClass=0x1d [ThreadWow64Context], ThreadInformation=0xb7dd20, Length=0x2cc, ReturnLength=null ) => 0
6774:651c @ 118014562 - LdrpPreprocessDllName - INFO: DLL api-ms-win-core-synch-l1-1-0.dll was redirected to C:\Windows\SYSTEM32\kernelbase.dll by API set
NtQueryInformationThread( ThreadHandle=-2, ThreadInformationClass=0x1d [ThreadWow64Context], ThreadInformation=0xb7dd20, Length=0x2cc, ReturnLength=null ) => 0
6774:651c @ 118014562 - LdrpPreprocessDllName - INFO: DLL api-ms-win-core-delayload-l1-1-1.dll was redirected to C:\Windows\SYSTEM32\kernelbase.dll by API set
NtQueryInformationThread( ThreadHandle=-2, ThreadInformationClass=0x1d [ThreadWow64Context], ThreadInformation=0x110e380, Length=0x2cc, ReturnLength=null ) => 0
6774:23f8 @ 118014562 - LdrpGetProcedureAddress - INFO: Locating procedure "RtlFreeHeap" by name
NtQueryInformationThread( ThreadHandle=-2, ThreadInformationClass=0x1d [ThreadWow64Context], ThreadInformation=0xbdde80, Length=0x2cc, ReturnLength=null ) => 0
NtQueryInformationThread( ThreadHandle=-2, ThreadInformationClass=0x1d [ThreadWow64Context], ThreadInformation=0xb7dd20, Length=0x2cc, ReturnLength=null ) => 0
6774:651c @ 118014562 - LdrpPreprocessDllName - INFO: DLL api-ms-win-core-delayload-l1-1-0.dll was redirected to C:\Windows\SYSTEM32\kernelbase.dll by API set
6774:6054 @ 118014562 - LdrpGetProcedureAddress - INFO: Locating procedure "RtlSetLastWin32Error" by name
NtQueryInformationThread( ThreadHandle=-2, ThreadInformationClass=0x1d [ThreadWow64Context], ThreadInformation=0x110e380, Length=0x2cc, ReturnLength=null ) => 0
6774:23f8 @ 118014562 - LdrpGetProcedureAddress - INFO: Locating procedure "RtlAllocateHeap" by name
NtQueryInformationThread( ThreadHandle=-2, ThreadInformationClass=0x1d [ThreadWow64Context], ThreadInformation=0xbdde80, Length=0x2cc, ReturnLength=null ) => 0
6774:6054 @ 118014562 - LdrpGetProcedureAddress - INFO: Locating procedure "EtwEventRegister" by name
NtQueryInformationThread( ThreadHandle=-2, ThreadInformationClass=0x1d [ThreadWow64Context], ThreadInformation=0x110e380, Length=0x2cc, ReturnLength=null ) => 0
NtQueryInformationThread( ThreadHandle=-2, ThreadInformationClass=0x1d [ThreadWow64Context], ThreadInformation=0xbdde80, Length=0x2cc, ReturnLength=null ) => 0
6774:23f8 @ 118014562 - LdrpGetProcedureAddress - INFO: Locating procedure "RtlDeleteCriticalSection" by name
6774:6054 @ 118014562 - LdrpGetProcedureAddress - INFO: Locating procedure "EtwEventSetInformation" by name
NtQueryInformationThread( ThreadHandle=-2, ThreadInformationClass=0x1d [ThreadWow64Context], ThreadInformation=0xbdde80, Length=0x2cc, ReturnLength=null ) => 0
NtQueryInformationThread( ThreadHandle=-2, ThreadInformationClass=0x1d [ThreadWow64Context], ThreadInformation=0x110e380, Length=0x2cc, ReturnLength=null ) => 0
6774:6054 @ 118014562 - LdrpGetProcedureAddress - INFO: Locating procedure "EtwEventWriteTransfer" by name
NtQueryInformationThread( ThreadHandle=-2, ThreadInformationClass=0x1d [ThreadWow64Context], ThreadInformation=0xb7dd20, Length=0x2cc, ReturnLength=null ) => 0
6774:23f8 @ 118014562 - LdrpGetProcedureAddress - INFO: Locating procedure "RtlReleaseSRWLockShared" by name
NtQueryInformationThread( ThreadHandle=-2, ThreadInformationClass=0x1d [ThreadWow64Context], ThreadInformation=0x110e380, Length=0x2cc, ReturnLength=null ) => 0
NtQueryInformationThread( ThreadHandle=-2, ThreadInformationClass=0x1d [ThreadWow64Context], ThreadInformation=0xbdde80, Length=0x2cc, ReturnLength=null ) => 0
6774:23f8 @ 118014562 - LdrpGetProcedureAddress - INFO: Locating procedure "RtlInitializeSRWLock" by name
6774:651c @ 118014562 - LdrpPreprocessDllName - INFO: DLL api-ms-win-core-apiquery-l1-1-0.dll was redirected to C:\Windows\SYSTEM32\ntdll.dll by API set
6774:6054 @ 118014562 - LdrpGetProcedureAddress - INFO: Locating procedure "EtwEventUnregister" by name
NtQueryInformationThread( ThreadHandle=-2, ThreadInformationClass=0x1d [ThreadWow64Context], ThreadInformation=0x110e380, Length=0x2cc, ReturnLength=null ) => 0
NtWaitForWorkViaWorkerFactory( WorkerFactoryHandle=0xc8, MiniPacket=0x11de9a0 ) => 0
6774:23f8 @ 118014562 - LdrpGetProcedureAddress - INFO: Locating procedure "RtlEnterCriticalSection" by name
NtQueryInformationThread( ThreadHandle=-2, ThreadInformationClass=0x1d [ThreadWow64Context], ThreadInformation=0xbdde80, Length=0x2cc, ReturnLength=null ) => 0
6774:6054 @ 118014562 - LdrpGetProcedureAddress - INFO: Locating procedure "EtwEventProviderEnabled" by name
NtQueryInformationThread( ThreadHandle=-2, ThreadInformationClass=0x1d [ThreadWow64Context], ThreadInformation=0x110e380, Length=0x2cc, ReturnLength=null ) => 0
6774:23f8 @ 118014562 - LdrpGetProcedureAddress - INFO: Locating procedure "RtlLeaveCriticalSection" by name
NtQueryInformationThread( ThreadHandle=-2, ThreadInformationClass=0x1d [ThreadWow64Context], ThreadInformation=0xbdde80, Length=0x2cc, ReturnLength=null ) => 0
NtQueryInformationThread( ThreadHandle=-2, ThreadInformationClass=0x1d [ThreadWow64Context], ThreadInformation=0x11ddd40, Length=0x2cc, ReturnLength=null ) => 0
6774:6ca8 @ 118014562 - LdrpPreprocessDllName - INFO: DLL api-ms-win-core-processthreads-l1-1-1 was redirected to C:\Windows\SYSTEM32\kernelbase.dll by API set
NtQueryInformationThread( ThreadHandle=-2, ThreadInformationClass=0x1d [ThreadWow64Context], ThreadInformation=0x110e380, Length=0x2cc, ReturnLength=null ) => 0
6774:23f8 @ 118014562 - LdrpGetProcedureAddress - INFO: Locating procedure "RtlAcquireSRWLockExclusive" by name
6774:6054 @ 118014562 - LdrpGetProcedureAddress - INFO: Locating procedure "RtlInitializeCriticalSection" by name
NtQueryInformationThread( ThreadHandle=-2, ThreadInformationClass=0x1d [ThreadWow64Context], ThreadInformation=0x11ddd40, Length=0x2cc, ReturnLength=null ) => 0
NtQueryInformationThread( ThreadHandle=-2, ThreadInformationClass=0x1d [ThreadWow64Context], ThreadInformation=0x110e380, Length=0x2cc, ReturnLength=null ) => 0
6774:6ca8 @ 118014562 - LdrpGetProcedureAddress - INFO: Locating procedure "GetProcessMitigationPolicy" by name
NtQueryInformationThread( ThreadHandle=-2, ThreadInformationClass=0x1d [ThreadWow64Context], ThreadInformation=0x11ddd40, Length=0x2cc, ReturnLength=null ) => 0
6774:23f8 @ 118014562 - LdrpGetProcedureAddress - INFO: Locating procedure "RtlReleaseSRWLockExclusive" by name
6774:6ca8 @ 118014562 - LdrpGetProcedureAddress - INFO: Locating procedure "RtlQueryPerformanceCounter" by name
NtQueryInformationThread( ThreadHandle=-2, ThreadInformationClass=0x1d [ThreadWow64Context], ThreadInformation=0x110e380, Length=0x2cc, ReturnLength=null ) => 0
NtQueryInformationThread( ThreadHandle=-2, ThreadInformationClass=0x1d [ThreadWow64Context], ThreadInformation=0xbdde80, Length=0x2cc, ReturnLength=null ) => 0
6774:6054 @ 118014562 - LdrpGetProcedureAddress - INFO: Locating procedure "RtlInitializeSRWLock" by name
6774:23f8 @ 118014562 - LdrpGetProcedureAddress - INFO: Locating procedure "RtlAcquireSRWLockShared" by name
NtQueryInformationThread( ThreadHandle=-2, ThreadInformationClass=0x1d [ThreadWow64Context], ThreadInformation=0xb7dd20, Length=0x2cc, ReturnLength=null ) => 0
NtQueryInformationThread( ThreadHandle=-2, ThreadInformationClass=0x1d [ThreadWow64Context], ThreadInformation=0x11ddd40, Length=0x2cc, ReturnLength=null ) => 0
6774:6ca8 @ 118014562 - LdrpGetProcedureAddress - INFO: Locating procedure "EtwEventRegister" by name
6774:651c @ 118014562 - LdrpPreprocessDllName - INFO: DLL api-ms-win-core-psm-key-l1-1-0.dll was redirected to C:\Windows\SYSTEM32\kernelbase.dll by API set
NtQueryInformationThread( ThreadHandle=-2, ThreadInformationClass=0x1d [ThreadWow64Context], ThreadInformation=0x11ddd40, Length=0x2cc, ReturnLength=null ) => 0
NtQueryInformationThread( ThreadHandle=-2, ThreadInformationClass=0x1d [ThreadWow64Context], ThreadInformation=0x110e380, Length=0x2cc, ReturnLength=null ) => 0
6774:23f8 @ 118014562 - LdrpGetProcedureAddress - INFO: Locating procedure "EtwEventProviderEnabled" by name
6774:6ca8 @ 118014562 - LdrpGetProcedureAddress - INFO: Locating procedure "EtwEventSetInformation" by name
NtQueryInformationThread( ThreadHandle=-2, ThreadInformationClass=0x1d [ThreadWow64Context], ThreadInformation=0xbdde80, Length=0x2cc, ReturnLength=null ) => 0
NtQueryInformationThread( ThreadHandle=-2, ThreadInformationClass=0x1d [ThreadWow64Context], ThreadInformation=0x110e380, Length=0x2cc, ReturnLength=null ) => 0
NtQueryInformationThread( ThreadHandle=-2, ThreadInformationClass=0x1d [ThreadWow64Context], ThreadInformation=0x11ddd40, Length=0x2cc, ReturnLength=null ) => 0
6774:23f8 @ 118014562 - LdrpGetProcedureAddress - INFO: Locating procedure "EtwEventUnregister" by name
6774:6054 @ 118014562 - LdrpGetProcedureAddress - INFO: Locating procedure "RtlDeleteCriticalSection" by name
6774:6ca8 @ 118014562 - LdrpGetProcedureAddress - INFO: Locating procedure "EtwEventUnregister" by name
NtQueryInformationThread( ThreadHandle=-2, ThreadInformationClass=0x1d [ThreadWow64Context], ThreadInformation=0xbdde80, Length=0x2cc, ReturnLength=null ) => 0
NtQueryInformationThread( ThreadHandle=-2, ThreadInformationClass=0x1d [ThreadWow64Context], ThreadInformation=0x110e380, Length=0x2cc, ReturnLength=null ) => 0
NtQueryInformationThread( ThreadHandle=-2, ThreadInformationClass=0x1d [ThreadWow64Context], ThreadInformation=0x11ddd40, Length=0x2cc, ReturnLength=null ) => 0
6774:6ca8 @ 118014562 - LdrpGetProcedureAddress - INFO: Locating procedure "EtwEventWriteTransfer" by name
6774:23f8 @ 118014562 - LdrpGetProcedureAddress - INFO: Locating procedure "EtwEventWriteTransfer" by name
NtQueryInformationThread( ThreadHandle=-2, ThreadInformationClass=0x1d [ThreadWow64Context], ThreadInformation=0x11ddd40, Length=0x2cc, ReturnLength=null ) => 0
6774:6054 @ 118014562 - LdrpGetProcedureAddress - INFO: Locating procedure "RtlAcquireSRWLockShared" by name
6774:6ca8 @ 118014562 - LdrpGetProcedureAddress - INFO: Locating procedure "EtwEventProviderEnabled" by name
NtQueryInformationThread( ThreadHandle=-2, ThreadInformationClass=0x1d [ThreadWow64Context], ThreadInformation=0x110e380, Length=0x2cc, ReturnLength=null ) => 0
6774:23f8 @ 118014562 - LdrpGetProcedureAddress - INFO: Locating procedure "EtwEventActivityIdControl" by name
NtQueryInformationThread( ThreadHandle=-2, ThreadInformationClass=0x1d [ThreadWow64Context], ThreadInformation=0x11ddd40, Length=0x2cc, ReturnLength=null ) => 0
NtQueryInformationThread( ThreadHandle=-2, ThreadInformationClass=0x1d [ThreadWow64Context], ThreadInformation=0x110e380, Length=0x2cc, ReturnLength=null ) => 0
6774:6ca8 @ 118014562 - LdrpGetProcedureAddress - INFO: Locating procedure "RtlAcquireSRWLockExclusive" by name
NtQueryInformationThread( ThreadHandle=-2, ThreadInformationClass=0x1d [ThreadWow64Context], ThreadInformation=0x11ddd40, Length=0x2cc, ReturnLength=null ) => 0
6774:23f8 @ 118014562 - LdrpGetProcedureAddress - INFO: Locating procedure "EtwEventRegister" by name
6774:6ca8 @ 118014562 - LdrpGetProcedureAddress - INFO: Locating procedure "RtlReleaseSRWLockExclusive" by name
NtQueryInformationThread( ThreadHandle=-2, ThreadInformationClass=0x1d [ThreadWow64Context], ThreadInformation=0x110e380, Length=0x2cc, ReturnLength=null ) => 0
NtQueryInformationThread( ThreadHandle=-2, ThreadInformationClass=0x1d [ThreadWow64Context], ThreadInformation=0xbdde80, Length=0x2cc, ReturnLength=null ) => 0
NtProtectVirtualMemory( ProcessHandle=-1, BaseAddress=0x11de2c8 [0x76ffd000], Size=0x11de2b8 [0x1000], NewProtect=2, OldProtect=0x11de258 [4] ) => 0
6774:23f8 @ 118014562 - LdrpGetProcedureAddress - INFO: Locating procedure "EtwEventSetInformation" by name
6774:6054 @ 118014562 - LdrpGetProcedureAddress - INFO: Locating procedure "RtlReleaseSRWLockShared" by name
NtQueryInformationThread( ThreadHandle=-2, ThreadInformationClass=0x1d [ThreadWow64Context], ThreadInformation=0x110e380, Length=0x2cc, ReturnLength=null ) => 0
NtQueryInformationThread( ThreadHandle=-2, ThreadInformationClass=0x1d [ThreadWow64Context], ThreadInformation=0xbdde80, Length=0x2cc, ReturnLength=null ) => 0
6774:23f8 @ 118014562 - LdrpGetProcedureAddress - INFO: Locating procedure "EtwEventWrite" by name
NtQueryInformationThread( ThreadHandle=-2, ThreadInformationClass=0x1d [ThreadWow64Context], ThreadInformation=0xb7dd20, Length=0x2cc, ReturnLength=null ) => 0
6774:6054 @ 118014562 - LdrpGetProcedureAddress - INFO: Locating procedure "RtlAcquireSRWLockExclusive" by name
NtQueryInformationThread( ThreadHandle=-2, ThreadInformationClass=0x1d [ThreadWow64Context], ThreadInformation=0xbdde80, Length=0x2cc, ReturnLength=null ) => 0
6774:651c @ 118014562 - LdrpPreprocessDllName - INFO: DLL api-ms-win-core-quirks-l1-1-0.dll was redirected to C:\Windows\SYSTEM32\kernelbase.dll by API set
6774:6054 @ 118014562 - LdrpGetProcedureAddress - INFO: Locating procedure "RtlReleaseSRWLockExclusive" by name
NtQueryInformationThread( ThreadHandle=-2, ThreadInformationClass=0x1d [ThreadWow64Context], ThreadInformation=0x110e380, Length=0x2cc, ReturnLength=null ) => 0
NtQueryInformationThread( ThreadHandle=-2, ThreadInformationClass=0x1d [ThreadWow64Context], ThreadInformation=0xbdde80, Length=0x2cc, ReturnLength=null ) => 0
6774:23f8 @ 118014562 - LdrpPreprocessDllName - INFO: DLL api-ms-win-core-processthreads-l1-1-0 was redirected to C:\Windows\SYSTEM32\kernelbase.dll by API set
NtQueryInformationThread( ThreadHandle=-2, ThreadInformationClass=0x1d [ThreadWow64Context], ThreadInformation=0xb7dd20, Length=0x2cc, ReturnLength=null ) => 0
NtQueryInformationThread( ThreadHandle=-2, ThreadInformationClass=0x1d [ThreadWow64Context], ThreadInformation=0x110e380, Length=0x2cc, ReturnLength=null ) => 0
6774:6054 @ 118014562 - LdrpGetProcedureAddress - INFO: Locating procedure "RtlLeaveCriticalSection" by name
NtQueryInformationThread( ThreadHandle=-2, ThreadInformationClass=0x1d [ThreadWow64Context], ThreadInformation=0xbdde80, Length=0x2cc, ReturnLength=null ) => 0
6774:23f8 @ 118014562 - LdrpGetProcedureAddress - INFO: Locating procedure "OpenProcessToken" by name
6774:651c @ 118014562 - LdrpPreprocessDllName - INFO: DLL api-ms-win-core-apiquery-l1-1-0.dll was redirected to C:\Windows\SYSTEM32\ntdll.dll by API set
6774:6054 @ 118014562 - LdrpGetProcedureAddress - INFO: Locating procedure "RtlEnterCriticalSection" by name
NtWaitForWorkViaWorkerFactory( WorkerFactoryHandle=0xc8, MiniPacket=0x11de9a0 ) => 0
NtQueryInformationThread( ThreadHandle=-2, ThreadInformationClass=0x1d [ThreadWow64Context], ThreadInformation=0x110e380, Length=0x2cc, ReturnLength=null ) => 0
6774:23f8 @ 118014562 - LdrpPreprocessDllName - INFO: DLL api-ms-win-core-processthreads-l1-1-0 was redirected to C:\Windows\SYSTEM32\kernelbase.dll by API set
NtQueryInformationThread( ThreadHandle=-2, ThreadInformationClass=0x1d [ThreadWow64Context], ThreadInformation=0xbdde80, Length=0x2cc, ReturnLength=null ) => 0
NtQueryInformationThread( ThreadHandle=-2, ThreadInformationClass=0x1d [ThreadWow64Context], ThreadInformation=0x11ddd40, Length=0x2cc, ReturnLength=null ) => 0
6774:6054 @ 118014562 - LdrpGetProcedureAddress - INFO: Locating procedure "RtlSizeHeap" by name
NtQueryInformationThread( ThreadHandle=-2, ThreadInformationClass=0x1d [ThreadWow64Context], ThreadInformation=0x110e380, Length=0x2cc, ReturnLength=null ) => 0
NtQueryInformationThread( ThreadHandle=-2, ThreadInformationClass=0x1d [ThreadWow64Context], ThreadInformation=0xb7dd20, Length=0x2cc, ReturnLength=null ) => 0
6774:6ca8 @ 118014562 - LdrpGetProcedureAddress - INFO: Locating procedure "RtlInitializeSRWLock" by name
6774:23f8 @ 118014562 - LdrpGetProcedureAddress - INFO: Locating procedure "OpenThreadToken" by name
NtQueryInformationThread( ThreadHandle=-2, ThreadInformationClass=0x1d [ThreadWow64Context], ThreadInformation=0x11ddd40, Length=0x2cc, ReturnLength=null ) => 0
NtQueryInformationThread( ThreadHandle=-2, ThreadInformationClass=0x1d [ThreadWow64Context], ThreadInformation=0x110e380, Length=0x2cc, ReturnLength=null ) => 0
6774:6ca8 @ 118014562 - LdrpGetProcedureAddress - INFO: Locating procedure "RtlReleaseSRWLockShared" by name
6774:651c @ 118014562 - LdrpFindKnownDll - ENTER: DLL name: OLEAUT32.dll
6774:23f8 @ 118014562 - LdrpGetProcedureAddress - INFO: Locating procedure "RtlExitUserThread" by name
NtQueryInformationThread( ThreadHandle=-2, ThreadInformationClass=0x1d [ThreadWow64Context], ThreadInformation=0xbdde80, Length=0x2cc, ReturnLength=null ) => 0
NtQueryInformationThread( ThreadHandle=-2, ThreadInformationClass=0x1d [ThreadWow64Context], ThreadInformation=0x11ddd40, Length=0x2cc, ReturnLength=null ) => 0
6774:6054 @ 118014562 - LdrpGetProcedureAddress - INFO: Locating procedure "RtlAllocateHeap" by name
6774:6ca8 @ 118014562 - LdrpGetProcedureAddress - INFO: Locating procedure "RtlReleaseSRWLockExclusive" by name
NtQueryInformationThread( ThreadHandle=-2, ThreadInformationClass=0x1d [ThreadWow64Context], ThreadInformation=0x110e380, Length=0x2cc, ReturnLength=null ) => 0
6774:23f8 @ 118014562 - LdrpGetProcedureAddress - INFO: Locating procedure "RtlSetLastWin32Error" by name
NtQueryInformationThread( ThreadHandle=-2, ThreadInformationClass=0x1d [ThreadWow64Context], ThreadInformation=0x11ddd40, Length=0x2cc, ReturnLength=null ) => 0
NtQueryInformationThread( ThreadHandle=-2, ThreadInformationClass=0x1d [ThreadWow64Context], ThreadInformation=0xbdde80, Length=0x2cc, ReturnLength=null ) => 0
6774:6054 @ 118014562 - LdrpGetProcedureAddress - INFO: Locating procedure "RtlFreeHeap" by name
6774:6ca8 @ 118014578 - LdrpGetProcedureAddress - INFO: Locating procedure "RtlLeaveCriticalSection" by name
NtQueryInformationThread( ThreadHandle=-2, ThreadInformationClass=0x1d [ThreadWow64Context], ThreadInformation=0x110e380, Length=0x2cc, ReturnLength=null ) => 0
NtQueryInformationThread( ThreadHandle=-2, ThreadInformationClass=0x1d [ThreadWow64Context], ThreadInformation=0xbdde80, Length=0x2cc, ReturnLength=null ) => 0
NtQueryInformationThread( ThreadHandle=-2, ThreadInformationClass=0x1d [ThreadWow64Context], ThreadInformation=0x11ddd40, Length=0x2cc, ReturnLength=null ) => 0
6774:23f8 @ 118014578 - LdrpGetProcedureAddress - INFO: Locating procedure "TpWaitForTimer" by name
6774:6ca8 @ 118014578 - LdrpGetProcedureAddress - INFO: Locating procedure "RtlDeleteCriticalSection" by name
NtQueryInformationThread( ThreadHandle=-2, ThreadInformationClass=0x1d [ThreadWow64Context], ThreadInformation=0x110e380, Length=0x2cc, ReturnLength=null ) => 0
NtQueryInformationThread( ThreadHandle=-2, ThreadInformationClass=0x1d [ThreadWow64Context], ThreadInformation=0x11ddd40, Length=0x2cc, ReturnLength=null ) => 0
6774:23f8 @ 118014578 - LdrpGetProcedureAddress - INFO: Locating procedure "TpReleaseTimer" by name
6774:6ca8 @ 118014578 - LdrpGetProcedureAddress - INFO: Locating procedure "RtlEnterCriticalSection" by name
NtQueryInformationThread( ThreadHandle=-2, ThreadInformationClass=0x1d [ThreadWow64Context], ThreadInformation=0x110e380, Length=0x2cc, ReturnLength=null ) => 0
6774:6054 @ 118014578 - LdrpGetProcedureAddress - INFO: Locating procedure "TpWaitForTimer" by name
NtQueryInformationThread( ThreadHandle=-2, ThreadInformationClass=0x1d [ThreadWow64Context], ThreadInformation=0x11ddd40, Length=0x2cc, ReturnLength=null ) => 0
6774:23f8 @ 118014578 - LdrpGetProcedureAddress - INFO: Locating procedure "TpSetTimer" by name
6774:6ca8 @ 118014578 - LdrpGetProcedureAddress - INFO: Locating procedure "RtlAcquireSRWLockExclusive" by name
NtQueryInformationThread( ThreadHandle=-2, ThreadInformationClass=0x1d [ThreadWow64Context], ThreadInformation=0x11ddd40, Length=0x2cc, ReturnLength=null ) => 0
6774:6ca8 @ 118014578 - LdrpGetProcedureAddress - INFO: Locating procedure "RtlAcquireSRWLockShared" by name
NtQueryInformationThread( ThreadHandle=-2, ThreadInformationClass=0x1d [ThreadWow64Context], ThreadInformation=0x110e380, Length=0x2cc, ReturnLength=null ) => 0
NtQueryObject( ObjectHandle=0x90, ObjectInformationClass=1 [ObjectNameInformation], ObjectInformation=0xb7e060, Length=0x210, ReturnLength=null ) => 0
NtQueryInformationThread( ThreadHandle=-2, ThreadInformationClass=0x1d [ThreadWow64Context], ThreadInformation=0x11ddd40, Length=0x2cc, ReturnLength=null ) => 0
6774:6ca8 @ 118014578 - LdrpGetProcedureAddress - INFO: Locating procedure "RtlFreeHeap" by name
6774:23f8 @ 118014578 - LdrpPreprocessDllName - INFO: DLL api-ms-win-core-processthreads-l1-1-1 was redirected to C:\Windows\SYSTEM32\kernelbase.dll by API set
NtQueryInformationThread( ThreadHandle=-2, ThreadInformationClass=0x1d [ThreadWow64Context], ThreadInformation=0x110e380, Length=0x2cc, ReturnLength=null ) => 0
NtQueryInformationThread( ThreadHandle=-2, ThreadInformationClass=0x1d [ThreadWow64Context], ThreadInformation=0xbdde80, Length=0x2cc, ReturnLength=null ) => 0
6774:23f8 @ 118014578 - LdrpGetProcedureAddress - INFO: Locating procedure "GetProcessMitigationPolicy" by name
NtQueryInformationThread( ThreadHandle=-2, ThreadInformationClass=0x1d [ThreadWow64Context], ThreadInformation=0x11ddd40, Length=0x2cc, ReturnLength=null ) => 0
6774:6ca8 @ 118014578 - LdrpGetProcedureAddress - INFO: Locating procedure "RtlAllocateHeap" by name
6774:6054 @ 118014578 - LdrpGetProcedureAddress - INFO: Locating procedure "TpReleaseTimer" by name
NtQueryInformationThread( ThreadHandle=-2, ThreadInformationClass=0x1d [ThreadWow64Context], ThreadInformation=0x11ddd40, Length=0x2cc, ReturnLength=null ) => 0
6774:6ca8 @ 118014578 - LdrpGetProcedureAddress - INFO: Locating procedure "RtlSetLastWin32Error" by name
NtQueryInformationThread( ThreadHandle=-2, ThreadInformationClass=0x1d [ThreadWow64Context], ThreadInformation=0x110e380, Length=0x2cc, ReturnLength=null ) => 0
6774:23f8 @ 118014578 - LdrpGetProcedureAddress - INFO: Locating procedure "RtlQueryPerformanceFrequency" by name
NtQueryInformationThread( ThreadHandle=-2, ThreadInformationClass=0x1d [ThreadWow64Context], ThreadInformation=0x11ddd40, Length=0x2cc, ReturnLength=null ) => 0
NtQueryInformationThread( ThreadHandle=-2, ThreadInformationClass=0x1d [ThreadWow64Context], ThreadInformation=0x110e380, Length=0x2cc, ReturnLength=null ) => 0
6774:6ca8 @ 118014578 - LdrpPreprocessDllName - INFO: DLL api-ms-win-core-processthreads-l1-1-0 was redirected to C:\Windows\SYSTEM32\kernelbase.dll by API set
6774:23f8 @ 118014578 - LdrpGetProcedureAddress - INFO: Locating procedure "RtlQueryPerformanceCounter" by name
NtQueryInformationThread( ThreadHandle=-2, ThreadInformationClass=0x1d [ThreadWow64Context], ThreadInformation=0x11ddd40, Length=0x2cc, ReturnLength=null ) => 0
NtQueryInformationThread( ThreadHandle=-2, ThreadInformationClass=0x1d [ThreadWow64Context], ThreadInformation=0xbdde80, Length=0x2cc, ReturnLength=null ) => 0
6774:6ca8 @ 118014578 - LdrpGetProcedureAddress - INFO: Locating procedure "OpenThreadToken" by name
6774:6054 @ 118014578 - LdrpGetProcedureAddress - INFO: Locating procedure "TpSetTimer" by name
NtQueryInformationThread( ThreadHandle=-2, ThreadInformationClass=0x1d [ThreadWow64Context], ThreadInformation=0x11ddd40, Length=0x2cc, ReturnLength=null ) => 0
6774:6ca8 @ 118014578 - LdrpPreprocessDllName - INFO: DLL api-ms-win-core-processthreads-l1-1-0 was redirected to C:\Windows\SYSTEM32\kernelbase.dll by API set
NtProtectVirtualMemory( ProcessHandle=-1, BaseAddress=0x110e908 [0x7664a000], Size=0x110e8f8 [0x2000], NewProtect=2, OldProtect=0x110e898 [4] ) => 0
NtQueryInformationThread( ThreadHandle=-2, ThreadInformationClass=0x1d [ThreadWow64Context], ThreadInformation=0x11ddd40, Length=0x2cc, ReturnLength=null ) => 0
6774:6ca8 @ 118014578 - LdrpGetProcedureAddress - INFO: Locating procedure "SetThreadToken" by name
NtOpenSection( SectionHandle=0xb7e2f8 [0xe4], DesiredAccess=0xd, ObjectAttributes=0x90:"OLEAUT32.dll" ) => 0
NtQueryInformationThread( ThreadHandle=-2, ThreadInformationClass=0x1d [ThreadWow64Context], ThreadInformation=0x11ddd40, Length=0x2cc, ReturnLength=null ) => 0
6774:6ca8 @ 118014578 - LdrpPreprocessDllName - INFO: DLL api-ms-win-core-processthreads-l1-1-0 was redirected to C:\Windows\SYSTEM32\kernelbase.dll by API set
NtQueryInformationThread( ThreadHandle=-2, ThreadInformationClass=0x1d [ThreadWow64Context], ThreadInformation=0xbdde80, Length=0x2cc, ReturnLength=null ) => 0
NtQueryInformationThread( ThreadHandle=-2, ThreadInformationClass=0x1d [ThreadWow64Context], ThreadInformation=0x11ddd40, Length=0x2cc, ReturnLength=null ) => 0
6774:6054 @ 118014578 - LdrpGetProcedureAddress - INFO: Locating procedure "RtlQueryPerformanceCounter" by name
6774:6ca8 @ 118014578 - LdrpGetProcedureAddress - INFO: Locating procedure "OpenProcessToken" by name
NtQueryInformationThread( ThreadHandle=-2, ThreadInformationClass=0x1d [ThreadWow64Context], ThreadInformation=0xb7dd20, Length=0x2cc, ReturnLength=null ) => 0
NtQueryInformationThread( ThreadHandle=-2, ThreadInformationClass=0x1d [ThreadWow64Context], ThreadInformation=0xbdde80, Length=0x2cc, ReturnLength=null ) => 0
NtQueryInformationThread( ThreadHandle=-2, ThreadInformationClass=0x1d [ThreadWow64Context], ThreadInformation=0x11ddd40, Length=0x2cc, ReturnLength=null ) => 0
6774:6ca8 @ 118014578 - LdrpGetProcedureAddress - INFO: Locating procedure "RtlInterlockedPushEntrySList" by name
6774:6054 @ 118014578 - LdrpGetProcedureAddress - INFO: Locating procedure "RtlInitializeSListHead" by name
NtQueryInformationThread( ThreadHandle=-2, ThreadInformationClass=0x1d [ThreadWow64Context], ThreadInformation=0x11ddd40, Length=0x2cc, ReturnLength=null ) => 0
6774:6ca8 @ 118014578 - LdrpGetProcedureAddress - INFO: Locating procedure "RtlInterlockedPopEntrySList" by name
6774:651c @ 118014578 - LdrpFindKnownDll - RETURN: Status: 0x00000000
NtQueryInformationThread( ThreadHandle=-2, ThreadInformationClass=0x1d [ThreadWow64Context], ThreadInformation=0x11ddd40, Length=0x2cc, ReturnLength=null ) => 0
NtQueryInformationThread( ThreadHandle=-2, ThreadInformationClass=0x1d [ThreadWow64Context], ThreadInformation=0xb7dd20, Length=0x2cc, ReturnLength=null ) => 0
6774:6ca8 @ 118014578 - LdrpGetProcedureAddress - INFO: Locating procedure "RtlInitializeSListHead" by name
6774:651c @ 118014578 - LdrpMinimalMapModule - ENTER: DLL name: C:\Windows\System32\OLEAUT32.dll
NtQueryInformationThread( ThreadHandle=-2, ThreadInformationClass=0x1d [ThreadWow64Context], ThreadInformation=0x11ddd40, Length=0x2cc, ReturnLength=null ) => 0
6774:6ca8 @ 118014578 - LdrpGetProcedureAddress - INFO: Locating procedure "EtwEventActivityIdControl" by name
NtQueryInformationThread( ThreadHandle=-2, ThreadInformationClass=0x1d [ThreadWow64Context], ThreadInformation=0x11ddd40, Length=0x2cc, ReturnLength=null ) => 0
6774:6ca8 @ 118014578 - LdrpGetProcedureAddress - INFO: Locating procedure "EtwEventUnregister" by name
NtQueryInformationThread( ThreadHandle=-2, ThreadInformationClass=0x1d [ThreadWow64Context], ThreadInformation=0x11ddd40, Length=0x2cc, ReturnLength=null ) => 0
6774:6ca8 @ 118014578 - LdrpGetProcedureAddress - INFO: Locating procedure "EtwEventRegister" by name
NtProtectVirtualMemory( ProcessHandle=-1, BaseAddress=0xbde408 [0x764f6000], Size=0xbde3f8 [0x1000], NewProtect=2, OldProtect=0xbde398 [4] ) => 0
NtQueryInformationThread( ThreadHandle=-2, ThreadInformationClass=0x1d [ThreadWow64Context], ThreadInformation=0x11ddd40, Length=0x2cc, ReturnLength=null ) => 0
6774:6ca8 @ 118014578 - LdrpGetProcedureAddress - INFO: Locating procedure "EtwEventWriteTransfer" by name
NtQueryInformationThread( ThreadHandle=-2, ThreadInformationClass=0x1d [ThreadWow64Context], ThreadInformation=0x11ddd40, Length=0x2cc, ReturnLength=null ) => 0
6774:6ca8 @ 118014578 - LdrpGetProcedureAddress - INFO: Locating procedure "EtwEventProviderEnabled" by name
NtQueryInformationThread( ThreadHandle=-2, ThreadInformationClass=0x1d [ThreadWow64Context], ThreadInformation=0x11ddd40, Length=0x2cc, ReturnLength=null ) => 0
6774:6ca8 @ 118014578 - LdrpGetProcedureAddress - INFO: Locating procedure "EtwEventSetInformation" by name
NtQueryInformationThread( ThreadHandle=-2, ThreadInformationClass=0x1d [ThreadWow64Context], ThreadInformation=0x11ddd40, Length=0x2cc, ReturnLength=null ) => 0
6774:6ca8 @ 118014578 - LdrpGetProcedureAddress - INFO: Locating procedure "TpSetWait" by name
Loaded DLL at 0000000075AE0000 C:\Windows\SysWOW64\OLEAUT32.dll
NtMapViewOfSection( SectionHandle=0xe4, ProcessHandle=-1, BaseAddress=0xb7e2b0 [0x75ae0000], ZeroBits=0x7ffeffff, CommitSize=0, SectionOffset=null, ViewSize=0xb7e260 [0x00096000], InheritDisposition=1 [ViewShare], AllocationType=0x00800000, Protect=0x80 ) => 0
NtQuerySection( SectionHandle=0xe4, SectionInformationClass=1 [SectionImageInformation], SectionInformation=0xb7e270, Length=0x40, ReturnLength=null ) => 0
NtQueryInformationThread( ThreadHandle=-2, ThreadInformationClass=0x1d [ThreadWow64Context], ThreadInformation=0x11ddd40, Length=0x2cc, ReturnLength=null ) => 0
6774:6ca8 @ 118014578 - LdrpGetProcedureAddress - INFO: Locating procedure "TpReleaseTimer" by name
NtQueryVirtualMemory( ProcessHandle=-1, BaseAddress=0x75ae0000, MemoryInformationClass=6 [MemoryImageInformation], MemoryInformation=0xb7e180, Length=0x18, ReturnLength=null ) => 0
NtQueryInformationThread( ThreadHandle=-2, ThreadInformationClass=0x1d [ThreadWow64Context], ThreadInformation=0xb7dd20, Length=0x2cc, ReturnLength=null ) => 0
NtQueryInformationThread( ThreadHandle=-2, ThreadInformationClass=0x1d [ThreadWow64Context], ThreadInformation=0x11ddd40, Length=0x2cc, ReturnLength=null ) => 0
6774:6ca8 @ 118014578 - LdrpGetProcedureAddress - INFO: Locating procedure "TpWaitForTimer" by name
6774:651c @ 118014578 - LdrpMinimalMapModule - RETURN: Status: 0x00000000
NtQueryInformationThread( ThreadHandle=-2, ThreadInformationClass=0x1d [ThreadWow64Context], ThreadInformation=0x11ddd40, Length=0x2cc, ReturnLength=null ) => 0
6774:6ca8 @ 118014578 - LdrpGetProcedureAddress - INFO: Locating procedure "TpSetTimer" by name
NtProtectVirtualMemory( ProcessHandle=-1, BaseAddress=0xb7e2a8 [0x75b6d000], Size=0xb7e298 [0x1000], NewProtect=2, OldProtect=0xb7e238 [4] ) => 0
NtQueryInformationThread( ThreadHandle=-2, ThreadInformationClass=0x1d [ThreadWow64Context], ThreadInformation=0x11ddd40, Length=0x2cc, ReturnLength=null ) => 0
6774:6ca8 @ 118014578 - LdrpGetProcedureAddress - INFO: Locating procedure "TpReleaseWait" by name
NtQueryInformationThread( ThreadHandle=-2, ThreadInformationClass=0x1d [ThreadWow64Context], ThreadInformation=0x11ddd40, Length=0x2cc, ReturnLength=null ) => 0
NtProtectVirtualMemory( ProcessHandle=-1, BaseAddress=0xb7e2a8 [0x77439000], Size=0xb7e298 [0x3000], NewProtect=4, OldProtect=0xb7e238 [2] ) => 0
6774:6ca8 @ 118014578 - LdrpGetProcedureAddress - INFO: Locating procedure "TpWaitForWork" by name
NtQueryInformationThread( ThreadHandle=-2, ThreadInformationClass=0x1d [ThreadWow64Context], ThreadInformation=0x11ddd40, Length=0x2cc, ReturnLength=null ) => 0
6774:6ca8 @ 118014578 - LdrpGetProcedureAddress - INFO: Locating procedure "TpPostWork" by name
NtProtectVirtualMemory( ProcessHandle=-1, BaseAddress=0xb7e2a8 [0x77439000], Size=0xb7e298 [0x3000], NewProtect=2, OldProtect=0xb7e238 [4] ) => 0
NtQueryInformationThread( ThreadHandle=-2, ThreadInformationClass=0x1d [ThreadWow64Context], ThreadInformation=0x11ddd40, Length=0x2cc, ReturnLength=null ) => 0
6774:6ca8 @ 118014578 - LdrpGetProcedureAddress - INFO: Locating procedure "TpReleaseWork" by name
NtQueryInformationThread( ThreadHandle=-2, ThreadInformationClass=0x1d [ThreadWow64Context], ThreadInformation=0xb7dd20, Length=0x2cc, ReturnLength=null ) => 0
6774:651c @ 118014578 - LdrpFindDllActivationContext - INFO: Probing for the manifest of DLL "C:\Windows\System32\OLEAUT32.dll" failed with status 0xc000008a
NtQueryInformationThread( ThreadHandle=-2, ThreadInformationClass=0x1d [ThreadWow64Context], ThreadInformation=0x11ddd40, Length=0x2cc, ReturnLength=null ) => 0
NtProtectVirtualMemory( ProcessHandle=-1, BaseAddress=0xb7e2a8 [0x75b6a000], Size=0xb7e298 [0x1000], NewProtect=4, OldProtect=0xb7e238 [2] ) => 0
6774:6ca8 @ 118014578 - LdrpGetProcedureAddress - INFO: Locating procedure "RtlQueryPerformanceCounter" by name
NtQueryInformationThread( ThreadHandle=-2, ThreadInformationClass=0x1d [ThreadWow64Context], ThreadInformation=0x11ddd40, Length=0x2cc, ReturnLength=null ) => 0
6774:6ca8 @ 118014578 - LdrpGetProcedureAddress - INFO: Locating procedure "RtlTryAcquireSRWLockExclusive" by name
NtQueryInformationThread( ThreadHandle=-2, ThreadInformationClass=0x1d [ThreadWow64Context], ThreadInformation=0xb7dd20, Length=0x2cc, ReturnLength=null ) => 0
NtQueryInformationThread( ThreadHandle=-2, ThreadInformationClass=0x1d [ThreadWow64Context], ThreadInformation=0x11ddd40, Length=0x2cc, ReturnLength=null ) => 0
6774:6ca8 @ 118014578 - LdrpGetProcedureAddress - INFO: Locating procedure "NtdllDefWindowProc_W" by name
6774:651c @ 118014578 - LdrpPreprocessDllName - INFO: DLL api-ms-win-crt-string-l1-1-0.dll was redirected to C:\Windows\SYSTEM32\ucrtbase.dll by API set
NtProtectVirtualMemory( ProcessHandle=-1, BaseAddress=0x11de2c8 [0x7688d000], Size=0x11de2b8 [0x1000], NewProtect=2, OldProtect=0x11de258 [4] ) => 0
NtSetInformationProcess( ProcessHandle=-1, ProcessInformationClass=0x23 [ProcessTlsInformation], ProcessInformation=0x11deb70, Length=0x28 ) => 0
NtQueryInformationThread( ThreadHandle=-2, ThreadInformationClass=0x1d [ThreadWow64Context], ThreadInformation=0xb7dd20, Length=0x2cc, ReturnLength=null ) => 0
6774:651c @ 118014578 - LdrpPreprocessDllName - INFO: DLL api-ms-win-crt-runtime-l1-1-0.dll was redirected to C:\Windows\SYSTEM32\ucrtbase.dll by API set
NtQueryInformationThread( ThreadHandle=-2, ThreadInformationClass=0x1d [ThreadWow64Context], ThreadInformation=0xb7dd20, Length=0x2cc, ReturnLength=null ) => 0
6774:651c @ 118014578 - LdrpPreprocessDllName - INFO: DLL api-ms-win-crt-private-l1-1-0.dll was redirected to C:\Windows\SYSTEM32\ucrtbase.dll by API set
NtQueryInformationThread( ThreadHandle=-2, ThreadInformationClass=0x1d [ThreadWow64Context], ThreadInformation=0xb7dd20, Length=0x2cc, ReturnLength=null ) => 0
6774:651c @ 118014578 - LdrpPreprocessDllName - INFO: DLL api-ms-win-core-registry-l1-1-0.dll was redirected to C:\Windows\SYSTEM32\kernelbase.dll by API set
NtQueryInformationThread( ThreadHandle=-2, ThreadInformationClass=0x1d [ThreadWow64Context], ThreadInformation=0xb7dd20, Length=0x2cc, ReturnLength=null ) => 0
6774:651c @ 118014578 - LdrpPreprocessDllName - INFO: DLL api-ms-win-core-localization-l1-2-0.dll was redirected to C:\Windows\SYSTEM32\kernelbase.dll by API set
NtQueryInformationThread( ThreadHandle=-2, ThreadInformationClass=0x1d [ThreadWow64Context], ThreadInformation=0xb7dd20, Length=0x2cc, ReturnLength=null ) => 0
6774:651c @ 118014578 - LdrpPreprocessDllName - INFO: DLL api-ms-win-core-synch-l1-1-0.dll was redirected to C:\Windows\SYSTEM32\kernelbase.dll by API set
NtQueryInformationThread( ThreadHandle=-2, ThreadInformationClass=0x1d [ThreadWow64Context], ThreadInformation=0xb7dd20, Length=0x2cc, ReturnLength=null ) => 0
6774:651c @ 118014578 - LdrpPreprocessDllName - INFO: DLL api-ms-win-core-string-l1-1-0.dll was redirected to C:\Windows\SYSTEM32\kernelbase.dll by API set
NtQueryInformationThread( ThreadHandle=-2, ThreadInformationClass=0x1d [ThreadWow64Context], ThreadInformation=0xb7dd20, Length=0x2cc, ReturnLength=null ) => 0
6774:651c @ 118014578 - LdrpPreprocessDllName - INFO: DLL api-ms-win-core-processthreads-l1-1-0.dll was redirected to C:\Windows\SYSTEM32\kernel32.dll by API set
NtQueryInformationThread( ThreadHandle=-2, ThreadInformationClass=0x1d [ThreadWow64Context], ThreadInformation=0xb7dd20, Length=0x2cc, ReturnLength=null ) => 0
6774:651c @ 118014578 - LdrpPreprocessDllName - INFO: DLL api-ms-win-core-heap-l1-1-0.dll was redirected to C:\Windows\SYSTEM32\kernelbase.dll by API set
NtQueryInformationThread( ThreadHandle=-2, ThreadInformationClass=0x1d [ThreadWow64Context], ThreadInformation=0xb7dd20, Length=0x2cc, ReturnLength=null ) => 0
6774:651c @ 118014578 - LdrpPreprocessDllName - INFO: DLL api-ms-win-core-libraryloader-l1-2-0.dll was redirected to C:\Windows\SYSTEM32\kernelbase.dll by API set
NtQueryInformationThread( ThreadHandle=-2, ThreadInformationClass=0x1d [ThreadWow64Context], ThreadInformation=0xb7dd20, Length=0x2cc, ReturnLength=null ) => 0
6774:651c @ 118014578 - LdrpPreprocessDllName - INFO: DLL api-ms-win-core-debug-l1-1-0.dll was redirected to C:\Windows\SYSTEM32\kernelbase.dll by API set
NtQueryInformationThread( ThreadHandle=-2, ThreadInformationClass=0x1d [ThreadWow64Context], ThreadInformation=0xb7dd20, Length=0x2cc, ReturnLength=null ) => 0
6774:651c @ 118014578 - LdrpPreprocessDllName - INFO: DLL api-ms-win-core-errorhandling-l1-1-0.dll was redirected to C:\Windows\SYSTEM32\kernelbase.dll by API set
NtQueryInformationThread( ThreadHandle=-2, ThreadInformationClass=0x1d [ThreadWow64Context], ThreadInformation=0xb7dd20, Length=0x2cc, ReturnLength=null ) => 0
6774:651c @ 118014578 - LdrpPreprocessDllName - INFO: DLL api-ms-win-core-processenvironment-l1-1-0.dll was redirected to C:\Windows\SYSTEM32\kernelbase.dll by API set
NtQueryInformationThread( ThreadHandle=-2, ThreadInformationClass=0x1d [ThreadWow64Context], ThreadInformation=0xb7dd20, Length=0x2cc, ReturnLength=null ) => 0
6774:651c @ 118014578 - LdrpPreprocessDllName - INFO: DLL api-ms-win-core-file-l1-1-0.dll was redirected to C:\Windows\SYSTEM32\kernelbase.dll by API set
NtQueryInformationThread( ThreadHandle=-2, ThreadInformationClass=0x1d [ThreadWow64Context], ThreadInformation=0xb7dd20, Length=0x2cc, ReturnLength=null ) => 0
6774:651c @ 118014578 - LdrpPreprocessDllName - INFO: DLL api-ms-win-core-wow64-l1-1-0.dll was redirected to C:\Windows\SYSTEM32\kernelbase.dll by API set
NtQueryInformationThread( ThreadHandle=-2, ThreadInformationClass=0x1d [ThreadWow64Context], ThreadInformation=0xb7dd20, Length=0x2cc, ReturnLength=null ) => 0
6774:651c @ 118014578 - LdrpPreprocessDllName - INFO: DLL api-ms-win-core-memory-l1-1-0.dll was redirected to C:\Windows\SYSTEM32\kernelbase.dll by API set
NtQueryInformationThread( ThreadHandle=-2, ThreadInformationClass=0x1d [ThreadWow64Context], ThreadInformation=0xb7dd20, Length=0x2cc, ReturnLength=null ) => 0
6774:651c @ 118014578 - LdrpPreprocessDllName - INFO: DLL api-ms-win-core-sysinfo-l1-1-0.dll was redirected to C:\Windows\SYSTEM32\kernelbase.dll by API set
NtQueryInformationThread( ThreadHandle=-2, ThreadInformationClass=0x1d [ThreadWow64Context], ThreadInformation=0xb7dd20, Length=0x2cc, ReturnLength=null ) => 0
6774:651c @ 118014578 - LdrpPreprocessDllName - INFO: DLL api-ms-win-core-handle-l1-1-0.dll was redirected to C:\Windows\SYSTEM32\kernelbase.dll by API set
NtQueryInformationThread( ThreadHandle=-2, ThreadInformationClass=0x1d [ThreadWow64Context], ThreadInformation=0xb7dd20, Length=0x2cc, ReturnLength=null ) => 0
6774:651c @ 118014578 - LdrpPreprocessDllName - INFO: DLL api-ms-win-core-localization-l2-1-0.dll was redirected to C:\Windows\SYSTEM32\kernelbase.dll by API set
NtQueryInformationThread( ThreadHandle=-2, ThreadInformationClass=0x1d [ThreadWow64Context], ThreadInformation=0xb7dd20, Length=0x2cc, ReturnLength=null ) => 0
6774:651c @ 118014578 - LdrpPreprocessDllName - INFO: DLL api-ms-win-security-base-l1-1-0.dll was redirected to C:\Windows\SYSTEM32\kernelbase.dll by API set
NtQueryInformationThread( ThreadHandle=-2, ThreadInformationClass=0x1d [ThreadWow64Context], ThreadInformation=0xb7dd20, Length=0x2cc, ReturnLength=null ) => 0
6774:651c @ 118014578 - LdrpPreprocessDllName - INFO: DLL api-ms-win-core-datetime-l1-1-0.dll was redirected to C:\Windows\SYSTEM32\kernelbase.dll by API set
NtQueryInformationThread( ThreadHandle=-2, ThreadInformationClass=0x1d [ThreadWow64Context], ThreadInformation=0xb7dd20, Length=0x2cc, ReturnLength=null ) => 0
6774:651c @ 118014578 - LdrpPreprocessDllName - INFO: DLL api-ms-win-core-wow64-l1-1-1.dll was redirected to C:\Windows\SYSTEM32\kernelbase.dll by API set
NtQueryInformationThread( ThreadHandle=-2, ThreadInformationClass=0x1d [ThreadWow64Context], ThreadInformation=0xb7dd20, Length=0x2cc, ReturnLength=null ) => 0
6774:651c @ 118014578 - LdrpPreprocessDllName - INFO: DLL api-ms-win-core-synch-l1-2-0.dll was redirected to C:\Windows\SYSTEM32\kernelbase.dll by API set
NtQueryInformationThread( ThreadHandle=-2, ThreadInformationClass=0x1d [ThreadWow64Context], ThreadInformation=0xb7dd20, Length=0x2cc, ReturnLength=null ) => 0
6774:651c @ 118014578 - LdrpPreprocessDllName - INFO: DLL api-ms-win-core-processthreads-l1-1-1.dll was redirected to C:\Windows\SYSTEM32\kernel32.dll by API set
NtQueryInformationThread( ThreadHandle=-2, ThreadInformationClass=0x1d [ThreadWow64Context], ThreadInformation=0xb7dd20, Length=0x2cc, ReturnLength=null ) => 0
6774:651c @ 118014578 - LdrpPreprocessDllName - INFO: DLL api-ms-win-core-profile-l1-1-0.dll was redirected to C:\Windows\SYSTEM32\kernelbase.dll by API set
NtQueryInformationThread( ThreadHandle=-2, ThreadInformationClass=0x1d [ThreadWow64Context], ThreadInformation=0xb7dd20, Length=0x2cc, ReturnLength=null ) => 0
6774:651c @ 118014578 - LdrpPreprocessDllName - INFO: DLL api-ms-win-core-interlocked-l1-1-0.dll was redirected to C:\Windows\SYSTEM32\kernelbase.dll by API set
NtQueryInformationThread( ThreadHandle=-2, ThreadInformationClass=0x1d [ThreadWow64Context], ThreadInformation=0xb7dd20, Length=0x2cc, ReturnLength=null ) => 0
6774:651c @ 118014578 - LdrpPreprocessDllName - INFO: DLL api-ms-win-core-kernel32-private-l1-1-0.dll was redirected to C:\Windows\SYSTEM32\kernel32.dll by API set
NtQueryInformationThread( ThreadHandle=-2, ThreadInformationClass=0x1d [ThreadWow64Context], ThreadInformation=0xb7dd20, Length=0x2cc, ReturnLength=null ) => 0
6774:651c @ 118014578 - LdrpPreprocessDllName - INFO: DLL api-ms-win-core-localization-private-l1-1-0.dll was redirected to C:\Windows\SYSTEM32\kernelbase.dll by API set
NtQueryInformationThread( ThreadHandle=-2, ThreadInformationClass=0x1d [ThreadWow64Context], ThreadInformation=0xb7dd20, Length=0x2cc, ReturnLength=null ) => 0
6774:651c @ 118014578 - LdrpPreprocessDllName - INFO: DLL api-ms-win-core-processenvironment-l1-2-0.dll was redirected to C:\Windows\SYSTEM32\kernelbase.dll by API set
NtQueryInformationThread( ThreadHandle=-2, ThreadInformationClass=0x1d [ThreadWow64Context], ThreadInformation=0xb7dd20, Length=0x2cc, ReturnLength=null ) => 0
6774:651c @ 118014578 - LdrpPreprocessDllName - INFO: DLL api-ms-win-core-delayload-l1-1-1.dll was redirected to C:\Windows\SYSTEM32\kernelbase.dll by API set
NtQueryInformationThread( ThreadHandle=-2, ThreadInformationClass=0x1d [ThreadWow64Context], ThreadInformation=0xb7dd20, Length=0x2cc, ReturnLength=null ) => 0
6774:651c @ 118014593 - LdrpPreprocessDllName - INFO: DLL api-ms-win-core-delayload-l1-1-0.dll was redirected to C:\Windows\SYSTEM32\kernelbase.dll by API set
NtQueryInformationThread( ThreadHandle=-2, ThreadInformationClass=0x1d [ThreadWow64Context], ThreadInformation=0xb7dd20, Length=0x2cc, ReturnLength=null ) => 0
6774:651c @ 118014593 - LdrpPreprocessDllName - INFO: DLL api-ms-win-core-apiquery-l1-1-0.dll was redirected to C:\Windows\SYSTEM32\ntdll.dll by API set
NtWaitForWorkViaWorkerFactory( WorkerFactoryHandle=0xc8, MiniPacket=0x110efe0 ) => 0
NtQueryInformationThread( ThreadHandle=-2, ThreadInformationClass=0x1d [ThreadWow64Context], ThreadInformation=0xb7dd20, Length=0x2cc, ReturnLength=null ) => 0
6774:651c @ 118014593 - LdrpFindKnownDll - ENTER: DLL name: ADVAPI32.dll
NtQueryObject( ObjectHandle=0x90, ObjectInformationClass=1 [ObjectNameInformation], ObjectInformation=0xb7e060, Length=0x210, ReturnLength=null ) => 0
NtQueryInformationThread( ThreadHandle=-2, ThreadInformationClass=0x1d [ThreadWow64Context], ThreadInformation=0x110e380, Length=0x2cc, ReturnLength=null ) => 0
NtOpenSection( SectionHandle=0xb7e2f8 [0xdc], DesiredAccess=0xd, ObjectAttributes=0x90:"ADVAPI32.dll" ) => 0
6774:23f8 @ 118014593 - LdrpGetProcedureAddress - INFO: Locating procedure "RtlEnterCriticalSection" by name
NtQueryInformationThread( ThreadHandle=-2, ThreadInformationClass=0x1d [ThreadWow64Context], ThreadInformation=0xb7dd20, Length=0x2cc, ReturnLength=null ) => 0
6774:651c @ 118014593 - LdrpFindKnownDll - RETURN: Status: 0x00000000
NtQueryInformationThread( ThreadHandle=-2, ThreadInformationClass=0x1d [ThreadWow64Context], ThreadInformation=0x110e380, Length=0x2cc, ReturnLength=null ) => 0
6774:23f8 @ 118014593 - LdrpGetProcedureAddress - INFO: Locating procedure "RtlDeleteCriticalSection" by name
NtQueryInformationThread( ThreadHandle=-2, ThreadInformationClass=0x1d [ThreadWow64Context], ThreadInformation=0xb7dd20, Length=0x2cc, ReturnLength=null ) => 0
6774:651c @ 118014593 - LdrpMinimalMapModule - ENTER: DLL name: C:\Windows\System32\ADVAPI32.dll
NtQueryInformationThread( ThreadHandle=-2, ThreadInformationClass=0x1d [ThreadWow64Context], ThreadInformation=0x110e380, Length=0x2cc, ReturnLength=null ) => 0
6774:23f8 @ 118014593 - LdrpGetProcedureAddress - INFO: Locating procedure "RtlLeaveCriticalSection" by name
NtQueryInformationThread( ThreadHandle=-2, ThreadInformationClass=0x1d [ThreadWow64Context], ThreadInformation=0x110e380, Length=0x2cc, ReturnLength=null ) => 0
6774:23f8 @ 118014593 - LdrpGetProcedureAddress - INFO: Locating procedure "RtlInitializeCriticalSection" by name
NtQueryInformationThread( ThreadHandle=-2, ThreadInformationClass=0x1d [ThreadWow64Context], ThreadInformation=0x110e380, Length=0x2cc, ReturnLength=null ) => 0
6774:23f8 @ 118014593 - LdrpPreprocessDllName - INFO: DLL api-ms-win-core-processthreads-l1-1-0 was redirected to C:\Windows\SYSTEM32\kernelbase.dll by API set
NtQueryInformationThread( ThreadHandle=-2, ThreadInformationClass=0x1d [ThreadWow64Context], ThreadInformation=0x110e380, Length=0x2cc, ReturnLength=null ) => 0
6774:23f8 @ 118014593 - LdrpGetProcedureAddress - INFO: Locating procedure "SetThreadToken" by name
NtQueryInformationThread( ThreadHandle=-2, ThreadInformationClass=0x1d [ThreadWow64Context], ThreadInformation=0x110e380, Length=0x2cc, ReturnLength=null ) => 0
6774:23f8 @ 118014593 - LdrpPreprocessDllName - INFO: DLL api-ms-win-core-processthreads-l1-1-0 was redirected to C:\Windows\SYSTEM32\kernelbase.dll by API set
NtQueryInformationThread( ThreadHandle=-2, ThreadInformationClass=0x1d [ThreadWow64Context], ThreadInformation=0x110e380, Length=0x2cc, ReturnLength=null ) => 0
6774:23f8 @ 118014593 - LdrpGetProcedureAddress - INFO: Locating procedure "OpenProcessToken" by name
NtQueryInformationThread( ThreadHandle=-2, ThreadInformationClass=0x1d [ThreadWow64Context], ThreadInformation=0x110e380, Length=0x2cc, ReturnLength=null ) => 0
6774:23f8 @ 118014593 - LdrpPreprocessDllName - INFO: DLL api-ms-win-core-processthreads-l1-1-0 was redirected to C:\Windows\SYSTEM32\kernelbase.dll by API set
NtQueryInformationThread( ThreadHandle=-2, ThreadInformationClass=0x1d [ThreadWow64Context], ThreadInformation=0x110e380, Length=0x2cc, ReturnLength=null ) => 0
6774:23f8 @ 118014593 - LdrpGetProcedureAddress - INFO: Locating procedure "OpenThreadToken" by name
NtQueryInformationThread( ThreadHandle=-2, ThreadInformationClass=0x1d [ThreadWow64Context], ThreadInformation=0x110e380, Length=0x2cc, ReturnLength=null ) => 0
Loaded DLL at 0000000075BC0000 C:\Windows\SysWOW64\ADVAPI32.dll
NtMapViewOfSection( SectionHandle=0xdc, ProcessHandle=-1, BaseAddress=0xb7e2b0 [0x75bc0000], ZeroBits=0x7ffeffff, CommitSize=0, SectionOffset=null, ViewSize=0xb7e260 [0x0007d000], InheritDisposition=1 [ViewShare], AllocationType=0x00800000, Protect=0x80 ) => 0
6774:23f8 @ 118014593 - LdrpGetProcedureAddress - INFO: Locating procedure "RtlAllocateHeap" by name
NtQueryInformationThread( ThreadHandle=-2, ThreadInformationClass=0x1d [ThreadWow64Context], ThreadInformation=0x110e380, Length=0x2cc, ReturnLength=null ) => 0
NtQuerySection( SectionHandle=0xdc, SectionInformationClass=1 [SectionImageInformation], SectionInformation=0xb7e270, Length=0x40, ReturnLength=null ) => 0
6774:23f8 @ 118014593 - LdrpGetProcedureAddress - INFO: Locating procedure "RtlFreeHeap" by name
NtQueryVirtualMemory( ProcessHandle=-1, BaseAddress=0x75bc0000, MemoryInformationClass=6 [MemoryImageInformation], MemoryInformation=0xb7e180, Length=0x18, ReturnLength=null ) => 0
NtQueryInformationThread( ThreadHandle=-2, ThreadInformationClass=0x1d [ThreadWow64Context], ThreadInformation=0x110e380, Length=0x2cc, ReturnLength=null ) => 0
6774:23f8 @ 118014593 - LdrpGetProcedureAddress - INFO: Locating procedure "RtlSetLastWin32Error" by name
NtQueryInformationThread( ThreadHandle=-2, ThreadInformationClass=0x1d [ThreadWow64Context], ThreadInformation=0x110e380, Length=0x2cc, ReturnLength=null ) => 0
6774:23f8 @ 118014593 - LdrpGetProcedureAddress - INFO: Locating procedure "RtlRunOnceInitialize" by name
NtQueryInformationThread( ThreadHandle=-2, ThreadInformationClass=0x1d [ThreadWow64Context], ThreadInformation=0x110e380, Length=0x2cc, ReturnLength=null ) => 0
6774:23f8 @ 118014593 - LdrpGetProcedureAddress - INFO: Locating procedure "RtlQueryPerformanceCounter" by name
NtQueryInformationThread( ThreadHandle=-2, ThreadInformationClass=0x1d [ThreadWow64Context], ThreadInformation=0x110e380, Length=0x2cc, ReturnLength=null ) => 0
6774:23f8 @ 118014593 - LdrpGetProcedureAddress - INFO: Locating procedure "RtlInitializeSListHead" by name
NtQueryInformationThread( ThreadHandle=-2, ThreadInformationClass=0x1d [ThreadWow64Context], ThreadInformation=0xb7dd20, Length=0x2cc, ReturnLength=null ) => 0
6774:651c @ 118014593 - LdrpMinimalMapModule - RETURN: Status: 0x00000000
NtProtectVirtualMemory( ProcessHandle=-1, BaseAddress=0x110e908 [0x75b6a000], Size=0x110e8f8 [0x1000], NewProtect=2, OldProtect=0x110e898 [4] ) => 0
NtSetInformationProcess( ProcessHandle=-1, ProcessInformationClass=0x23 [ProcessTlsInformation], ProcessInformation=0x110f1b0, Length=0x28 ) => 0
NtProtectVirtualMemory( ProcessHandle=-1, BaseAddress=0xb7e2a8 [0x75c36000], Size=0xb7e298 [0x1000], NewProtect=2, OldProtect=0xb7e238 [4] ) => 0
NtProtectVirtualMemory( ProcessHandle=-1, BaseAddress=0xb7e2a8 [0x77439000], Size=0xb7e298 [0x3000], NewProtect=4, OldProtect=0xb7e238 [2] ) => 0
NtProtectVirtualMemory( ProcessHandle=-1, BaseAddress=0xb7e2a8 [0x77439000], Size=0xb7e298 [0x3000], NewProtect=2, OldProtect=0xb7e238 [4] ) => 0
NtQueryInformationThread( ThreadHandle=-2, ThreadInformationClass=0x1d [ThreadWow64Context], ThreadInformation=0xb7dd20, Length=0x2cc, ReturnLength=null ) => 0
6774:651c @ 118014593 - LdrpFindDllActivationContext - INFO: Probing for the manifest of DLL "C:\Windows\System32\ADVAPI32.dll" failed with status 0xc000008a
NtProtectVirtualMemory( ProcessHandle=-1, BaseAddress=0xb7e2a8 [0x75c30000], Size=0xb7e298 [0x1000], NewProtect=4, OldProtect=0xb7e238 [2] ) => 0
NtQueryInformationThread( ThreadHandle=-2, ThreadInformationClass=0x1d [ThreadWow64Context], ThreadInformation=0xb7dd20, Length=0x2cc, ReturnLength=null ) => 0
6774:651c @ 118014593 - LdrpFindKnownDll - ENTER: DLL name: msvcrt.dll
NtQueryObject( ObjectHandle=0x90, ObjectInformationClass=1 [ObjectNameInformation], ObjectInformation=0xb7e060, Length=0x210, ReturnLength=null ) => 0
NtOpenSection( SectionHandle=0xb7e2f8 [0xe4], DesiredAccess=0xd, ObjectAttributes=0x90:"msvcrt.dll" ) => 0
NtQueryInformationThread( ThreadHandle=-2, ThreadInformationClass=0x1d [ThreadWow64Context], ThreadInformation=0xb7dd20, Length=0x2cc, ReturnLength=null ) => 0
6774:651c @ 118014593 - LdrpFindKnownDll - RETURN: Status: 0x00000000
NtQueryInformationThread( ThreadHandle=-2, ThreadInformationClass=0x1d [ThreadWow64Context], ThreadInformation=0xb7dd20, Length=0x2cc, ReturnLength=null ) => 0
6774:651c @ 118014593 - LdrpMinimalMapModule - ENTER: DLL name: C:\Windows\System32\msvcrt.dll
Loaded DLL at 0000000077090000 C:\Windows\SysWOW64\msvcrt.dll
NtMapViewOfSection( SectionHandle=0xe4, ProcessHandle=-1, BaseAddress=0xb7e2b0 [0x77090000], ZeroBits=0x7ffeffff, CommitSize=0, SectionOffset=null, ViewSize=0xb7e260 [0x000bf000], InheritDisposition=1 [ViewShare], AllocationType=0x00800000, Protect=0x80 ) => 0
NtQuerySection( SectionHandle=0xe4, SectionInformationClass=1 [SectionImageInformation], SectionInformation=0xb7e270, Length=0x40, ReturnLength=null ) => 0
NtQueryVirtualMemory( ProcessHandle=-1, BaseAddress=0x77090000, MemoryInformationClass=6 [MemoryImageInformation], MemoryInformation=0xb7e180, Length=0x18, ReturnLength=null ) => 0
NtQueryInformationThread( ThreadHandle=-2, ThreadInformationClass=0x1d [ThreadWow64Context], ThreadInformation=0xb7dd20, Length=0x2cc, ReturnLength=null ) => 0
6774:651c @ 118014593 - LdrpMinimalMapModule - RETURN: Status: 0x00000000
NtProtectVirtualMemory( ProcessHandle=-1, BaseAddress=0xb7e2a8 [0x77439000], Size=0xb7e298 [0x3000], NewProtect=4, OldProtect=0xb7e238 [2] ) => 0
NtProtectVirtualMemory( ProcessHandle=-1, BaseAddress=0xb7e2a8 [0x77439000], Size=0xb7e298 [0x3000], NewProtect=2, OldProtect=0xb7e238 [4] ) => 0
NtQueryInformationThread( ThreadHandle=-2, ThreadInformationClass=0x1d [ThreadWow64Context], ThreadInformation=0xb7dd20, Length=0x2cc, ReturnLength=null ) => 0
6774:651c @ 118014593 - LdrpFindDllActivationContext - INFO: Probing for the manifest of DLL "C:\Windows\System32\msvcrt.dll" failed with status 0xc000008a
NtProtectVirtualMemory( ProcessHandle=-1, BaseAddress=0xb7e2a8 [0x77148000], Size=0xb7e298 [0x1000], NewProtect=4, OldProtect=0xb7e238 [2] ) => 0
NtQueryInformationThread( ThreadHandle=-2, ThreadInformationClass=0x1d [ThreadWow64Context], ThreadInformation=0xb7dd20, Length=0x2cc, ReturnLength=null ) => 0
6774:651c @ 118014593 - LdrpPreprocessDllName - INFO: DLL api-ms-win-core-console-l1-1-0.dll was redirected to C:\Windows\SYSTEM32\kernelbase.dll by API set
NtQueryInformationThread( ThreadHandle=-2, ThreadInformationClass=0x1d [ThreadWow64Context], ThreadInformation=0xb7dd20, Length=0x2cc, ReturnLength=null ) => 0
6774:651c @ 118014593 - LdrpPreprocessDllName - INFO: DLL api-ms-win-core-console-l1-2-0.dll was redirected to C:\Windows\SYSTEM32\kernelbase.dll by API set
NtQueryInformationThread( ThreadHandle=-2, ThreadInformationClass=0x1d [ThreadWow64Context], ThreadInformation=0xb7dd20, Length=0x2cc, ReturnLength=null ) => 0
6774:651c @ 118014593 - LdrpPreprocessDllName - INFO: DLL api-ms-win-core-datetime-l1-1-0.dll was redirected to C:\Windows\SYSTEM32\kernelbase.dll by API set
NtQueryInformationThread( ThreadHandle=-2, ThreadInformationClass=0x1d [ThreadWow64Context], ThreadInformation=0xb7dd20, Length=0x2cc, ReturnLength=null ) => 0
6774:651c @ 118014593 - LdrpPreprocessDllName - INFO: DLL api-ms-win-core-debug-l1-1-0.dll was redirected to C:\Windows\SYSTEM32\kernelbase.dll by API set
NtQueryInformationThread( ThreadHandle=-2, ThreadInformationClass=0x1d [ThreadWow64Context], ThreadInformation=0xb7dd20, Length=0x2cc, ReturnLength=null ) => 0
6774:651c @ 118014593 - LdrpPreprocessDllName - INFO: DLL api-ms-win-core-errorhandling-l1-1-0.dll was redirected to C:\Windows\SYSTEM32\kernelbase.dll by API set
NtQueryInformationThread( ThreadHandle=-2, ThreadInformationClass=0x1d [ThreadWow64Context], ThreadInformation=0xb7dd20, Length=0x2cc, ReturnLength=null ) => 0
6774:651c @ 118014593 - LdrpPreprocessDllName - INFO: DLL api-ms-win-core-fibers-l1-1-0.dll was redirected to C:\Windows\SYSTEM32\kernelbase.dll by API set
NtQueryInformationThread( ThreadHandle=-2, ThreadInformationClass=0x1d [ThreadWow64Context], ThreadInformation=0xb7dd20, Length=0x2cc, ReturnLength=null ) => 0
6774:651c @ 118014593 - LdrpPreprocessDllName - INFO: DLL api-ms-win-core-file-l1-1-0.dll was redirected to C:\Windows\SYSTEM32\kernelbase.dll by API set
NtQueryInformationThread( ThreadHandle=-2, ThreadInformationClass=0x1d [ThreadWow64Context], ThreadInformation=0xb7dd20, Length=0x2cc, ReturnLength=null ) => 0
6774:651c @ 118014593 - LdrpPreprocessDllName - INFO: DLL api-ms-win-core-handle-l1-1-0.dll was redirected to C:\Windows\SYSTEM32\kernelbase.dll by API set
NtQueryInformationThread( ThreadHandle=-2, ThreadInformationClass=0x1d [ThreadWow64Context], ThreadInformation=0xb7dd20, Length=0x2cc, ReturnLength=null ) => 0
6774:651c @ 118014593 - LdrpPreprocessDllName - INFO: DLL api-ms-win-core-heap-l1-1-0.dll was redirected to C:\Windows\SYSTEM32\kernelbase.dll by API set
NtQueryInformationThread( ThreadHandle=-2, ThreadInformationClass=0x1d [ThreadWow64Context], ThreadInformation=0xb7dd20, Length=0x2cc, ReturnLength=null ) => 0
6774:651c @ 118014593 - LdrpPreprocessDllName - INFO: DLL api-ms-win-core-localization-l1-2-0.dll was redirected to C:\Windows\SYSTEM32\kernelbase.dll by API set
NtQueryInformationThread( ThreadHandle=-2, ThreadInformationClass=0x1d [ThreadWow64Context], ThreadInformation=0xb7dd20, Length=0x2cc, ReturnLength=null ) => 0
6774:651c @ 118014593 - LdrpPreprocessDllName - INFO: DLL api-ms-win-core-libraryloader-l1-2-0.dll was redirected to C:\Windows\SYSTEM32\kernelbase.dll by API set
NtQueryInformationThread( ThreadHandle=-2, ThreadInformationClass=0x1d [ThreadWow64Context], ThreadInformation=0xb7dd20, Length=0x2cc, ReturnLength=null ) => 0
6774:651c @ 118014593 - LdrpPreprocessDllName - INFO: DLL api-ms-win-core-memory-l1-1-0.dll was redirected to C:\Windows\SYSTEM32\kernelbase.dll by API set
NtQueryInformationThread( ThreadHandle=-2, ThreadInformationClass=0x1d [ThreadWow64Context], ThreadInformation=0xb7dd20, Length=0x2cc, ReturnLength=null ) => 0
6774:651c @ 118014593 - LdrpPreprocessDllName - INFO: DLL api-ms-win-core-namedpipe-l1-1-0.dll was redirected to C:\Windows\SYSTEM32\kernelbase.dll by API set
NtQueryInformationThread( ThreadHandle=-2, ThreadInformationClass=0x1d [ThreadWow64Context], ThreadInformation=0xb7dd20, Length=0x2cc, ReturnLength=null ) => 0
6774:651c @ 118014593 - LdrpPreprocessDllName - INFO: DLL api-ms-win-core-processenvironment-l1-1-0.dll was redirected to C:\Windows\SYSTEM32\kernelbase.dll by API set
NtQueryInformationThread( ThreadHandle=-2, ThreadInformationClass=0x1d [ThreadWow64Context], ThreadInformation=0xb7dd20, Length=0x2cc, ReturnLength=null ) => 0
6774:651c @ 118014593 - LdrpPreprocessDllName - INFO: DLL api-ms-win-core-processthreads-l1-1-0.dll was redirected to C:\Windows\SYSTEM32\kernel32.dll by API set
NtQueryInformationThread( ThreadHandle=-2, ThreadInformationClass=0x1d [ThreadWow64Context], ThreadInformation=0xb7dd20, Length=0x2cc, ReturnLength=null ) => 0
6774:651c @ 118014593 - LdrpPreprocessDllName - INFO: DLL api-ms-win-core-profile-l1-1-0.dll was redirected to C:\Windows\SYSTEM32\kernelbase.dll by API set
NtQueryInformationThread( ThreadHandle=-2, ThreadInformationClass=0x1d [ThreadWow64Context], ThreadInformation=0xb7dd20, Length=0x2cc, ReturnLength=null ) => 0
6774:651c @ 118014593 - LdrpPreprocessDllName - INFO: DLL api-ms-win-core-string-l1-1-0.dll was redirected to C:\Windows\SYSTEM32\kernelbase.dll by API set
NtQueryInformationThread( ThreadHandle=-2, ThreadInformationClass=0x1d [ThreadWow64Context], ThreadInformation=0xb7dd20, Length=0x2cc, ReturnLength=null ) => 0
6774:651c @ 118014593 - LdrpPreprocessDllName - INFO: DLL api-ms-win-core-synch-l1-1-0.dll was redirected to C:\Windows\SYSTEM32\kernelbase.dll by API set
NtQueryInformationThread( ThreadHandle=-2, ThreadInformationClass=0x1d [ThreadWow64Context], ThreadInformation=0xb7dd20, Length=0x2cc, ReturnLength=null ) => 0
6774:651c @ 118014593 - LdrpPreprocessDllName - INFO: DLL api-ms-win-core-synch-l1-2-0.dll was redirected to C:\Windows\SYSTEM32\kernelbase.dll by API set
NtQueryInformationThread( ThreadHandle=-2, ThreadInformationClass=0x1d [ThreadWow64Context], ThreadInformation=0xb7dd20, Length=0x2cc, ReturnLength=null ) => 0
6774:651c @ 118014593 - LdrpPreprocessDllName - INFO: DLL api-ms-win-core-sysinfo-l1-1-0.dll was redirected to C:\Windows\SYSTEM32\kernelbase.dll by API set
NtQueryInformationThread( ThreadHandle=-2, ThreadInformationClass=0x1d [ThreadWow64Context], ThreadInformation=0xb7dd20, Length=0x2cc, ReturnLength=null ) => 0
6774:651c @ 118014593 - LdrpPreprocessDllName - INFO: DLL api-ms-win-core-util-l1-1-0.dll was redirected to C:\Windows\SYSTEM32\kernel32.dll by API set
NtWaitForWorkViaWorkerFactory( WorkerFactoryHandle=0xc8, MiniPacket=0x110efe0 ) => 0
NtQueryInformationThread( ThreadHandle=-2, ThreadInformationClass=0x1d [ThreadWow64Context], ThreadInformation=0xb7dd20, Length=0x2cc, ReturnLength=null ) => 0
NtQueryInformationThread( ThreadHandle=-2, ThreadInformationClass=0x1d [ThreadWow64Context], ThreadInformation=0x110e380, Length=0x2cc, ReturnLength=null ) => 0
6774:23f8 @ 118014593 - LdrpGetProcedureAddress - INFO: Locating procedure "RtlSetLastWin32Error" by name
6774:651c @ 118014593 - LdrpPreprocessDllName - INFO: DLL api-ms-win-eventing-controller-l1-1-0.dll was redirected to C:\Windows\SYSTEM32\sechost.dll by API set
NtQueryInformationThread( ThreadHandle=-2, ThreadInformationClass=0x1d [ThreadWow64Context], ThreadInformation=0xb7dd20, Length=0x2cc, ReturnLength=null ) => 0
NtQueryInformationThread( ThreadHandle=-2, ThreadInformationClass=0x1d [ThreadWow64Context], ThreadInformation=0x110e380, Length=0x2cc, ReturnLength=null ) => 0
6774:23f8 @ 118014593 - LdrpGetProcedureAddress - INFO: Locating procedure "RtlReAllocateHeap" by name
NtQueryInformationThread( ThreadHandle=-2, ThreadInformationClass=0x1d [ThreadWow64Context], ThreadInformation=0x110e380, Length=0x2cc, ReturnLength=null ) => 0
6774:23f8 @ 118014593 - LdrpGetProcedureAddress - INFO: Locating procedure "RtlAllocateHeap" by name
NtQueryInformationThread( ThreadHandle=-2, ThreadInformationClass=0x1d [ThreadWow64Context], ThreadInformation=0x110e380, Length=0x2cc, ReturnLength=null ) => 0
6774:23f8 @ 118014593 - LdrpGetProcedureAddress - INFO: Locating procedure "RtlSizeHeap" by name
NtQueryInformationThread( ThreadHandle=-2, ThreadInformationClass=0x1d [ThreadWow64Context], ThreadInformation=0x110e380, Length=0x2cc, ReturnLength=null ) => 0
6774:23f8 @ 118014593 - LdrpGetProcedureAddress - INFO: Locating procedure "RtlFreeHeap" by name
6774:651c @ 118014593 - LdrpFindKnownDll - ENTER: DLL name: sechost.dll
NtQueryObject( ObjectHandle=0x90, ObjectInformationClass=1 [ObjectNameInformation], ObjectInformation=0xb7e060, Length=0x210, ReturnLength=null ) => 0
NtOpenSection( SectionHandle=0xb7e2f8 [0xe4], DesiredAccess=0xd, ObjectAttributes=0x90:"sechost.dll" ) => 0
NtQueryInformationThread( ThreadHandle=-2, ThreadInformationClass=0x1d [ThreadWow64Context], ThreadInformation=0x110e380, Length=0x2cc, ReturnLength=null ) => 0
6774:23f8 @ 118014593 - LdrpGetProcedureAddress - INFO: Locating procedure "RtlExitUserThread" by name
NtQueryInformationThread( ThreadHandle=-2, ThreadInformationClass=0x1d [ThreadWow64Context], ThreadInformation=0xb7dd20, Length=0x2cc, ReturnLength=null ) => 0
NtQueryInformationThread( ThreadHandle=-2, ThreadInformationClass=0x1d [ThreadWow64Context], ThreadInformation=0x110e380, Length=0x2cc, ReturnLength=null ) => 0
6774:651c @ 118014593 - LdrpFindKnownDll - RETURN: Status: 0x00000000
6774:23f8 @ 118014593 - LdrpGetProcedureAddress - INFO: Locating procedure "RtlQueryPerformanceCounter" by name
NtQueryInformationThread( ThreadHandle=-2, ThreadInformationClass=0x1d [ThreadWow64Context], ThreadInformation=0x110e380, Length=0x2cc, ReturnLength=null ) => 0
6774:23f8 @ 118014593 - LdrpGetProcedureAddress - INFO: Locating procedure "RtlDeleteCriticalSection" by name
NtQueryInformationThread( ThreadHandle=-2, ThreadInformationClass=0x1d [ThreadWow64Context], ThreadInformation=0x110e380, Length=0x2cc, ReturnLength=null ) => 0
6774:23f8 @ 118014593 - LdrpGetProcedureAddress - INFO: Locating procedure "RtlEnterCriticalSection" by name
NtQueryInformationThread( ThreadHandle=-2, ThreadInformationClass=0x1d [ThreadWow64Context], ThreadInformation=0x110e380, Length=0x2cc, ReturnLength=null ) => 0
6774:23f8 @ 118014593 - LdrpGetProcedureAddress - INFO: Locating procedure "RtlLeaveCriticalSection" by name
NtQueryInformationThread( ThreadHandle=-2, ThreadInformationClass=0x1d [ThreadWow64Context], ThreadInformation=0xb7dd20, Length=0x2cc, ReturnLength=null ) => 0
6774:651c @ 118014593 - LdrpMinimalMapModule - ENTER: DLL name: C:\Windows\System32\sechost.dll
NtQueryInformationThread( ThreadHandle=-2, ThreadInformationClass=0x1d [ThreadWow64Context], ThreadInformation=0x110e380, Length=0x2cc, ReturnLength=null ) => 0
6774:23f8 @ 118014593 - LdrpGetProcedureAddress - INFO: Locating procedure "RtlEncodePointer" by name
NtQueryInformationThread( ThreadHandle=-2, ThreadInformationClass=0x1d [ThreadWow64Context], ThreadInformation=0x110e380, Length=0x2cc, ReturnLength=null ) => 0
6774:23f8 @ 118014593 - LdrpGetProcedureAddress - INFO: Locating procedure "RtlDecodePointer" by name
NtProtectVirtualMemory( ProcessHandle=-1, BaseAddress=0x110e908 [0x77148000], Size=0x110e8f8 [0x1000], NewProtect=2, OldProtect=0x110e898 [4] ) => 0
NtSetInformationProcess( ProcessHandle=-1, ProcessInformationClass=0x23 [ProcessTlsInformation], ProcessInformation=0x110f1b0, Length=0x28 ) => 0
Loaded DLL at 0000000077010000 C:\Windows\SysWOW64\sechost.dll
NtMapViewOfSection( SectionHandle=0xe4, ProcessHandle=-1, BaseAddress=0xb7e2b0 [0x77010000], ZeroBits=0x7ffeffff, CommitSize=0, SectionOffset=null, ViewSize=0xb7e260 [0x00078000], InheritDisposition=1 [ViewShare], AllocationType=0x00800000, Protect=0x80 ) => 0
NtQuerySection( SectionHandle=0xe4, SectionInformationClass=1 [SectionImageInformation], SectionInformation=0xb7e270, Length=0x40, ReturnLength=null ) => 0
NtQueryVirtualMemory( ProcessHandle=-1, BaseAddress=0x77010000, MemoryInformationClass=6 [MemoryImageInformation], MemoryInformation=0xb7e180, Length=0x18, ReturnLength=null ) => 0
NtQueryInformationThread( ThreadHandle=-2, ThreadInformationClass=0x1d [ThreadWow64Context], ThreadInformation=0xb7dd20, Length=0x2cc, ReturnLength=null ) => 0
6774:651c @ 118014593 - LdrpMinimalMapModule - RETURN: Status: 0x00000000
NtProtectVirtualMemory( ProcessHandle=-1, BaseAddress=0xb7e2a8 [0x77080000], Size=0xb7e298 [0x1000], NewProtect=2, OldProtect=0xb7e238 [4] ) => 0
NtProtectVirtualMemory( ProcessHandle=-1, BaseAddress=0xb7e2a8 [0x77439000], Size=0xb7e298 [0x3000], NewProtect=4, OldProtect=0xb7e238 [2] ) => 0
NtProtectVirtualMemory( ProcessHandle=-1, BaseAddress=0xb7e2a8 [0x77439000], Size=0xb7e298 [0x3000], NewProtect=2, OldProtect=0xb7e238 [4] ) => 0
NtQueryInformationThread( ThreadHandle=-2, ThreadInformationClass=0x1d [ThreadWow64Context], ThreadInformation=0xb7dd20, Length=0x2cc, ReturnLength=null ) => 0
6774:651c @ 118014593 - LdrpFindDllActivationContext - INFO: Probing for the manifest of DLL "C:\Windows\System32\sechost.dll" failed with status 0xc000008b
NtProtectVirtualMemory( ProcessHandle=-1, BaseAddress=0xb7e2a8 [0x7707d000], Size=0xb7e298 [0x1000], NewProtect=4, OldProtect=0xb7e238 [2] ) => 0
NtQueryInformationThread( ThreadHandle=-2, ThreadInformationClass=0x1d [ThreadWow64Context], ThreadInformation=0xb7dd20, Length=0x2cc, ReturnLength=null ) => 0
6774:651c @ 118014593 - LdrpPreprocessDllName - INFO: DLL api-ms-win-core-crt-l1-1-0.dll was redirected to C:\Windows\SYSTEM32\ntdll.dll by API set
NtQueryInformationThread( ThreadHandle=-2, ThreadInformationClass=0x1d [ThreadWow64Context], ThreadInformation=0xb7dd20, Length=0x2cc, ReturnLength=null ) => 0
6774:651c @ 118014593 - LdrpPreprocessDllName - INFO: DLL api-ms-win-core-crt-l2-1-0.dll was redirected to C:\Windows\SYSTEM32\kernelbase.dll by API set
NtQueryInformationThread( ThreadHandle=-2, ThreadInformationClass=0x1d [ThreadWow64Context], ThreadInformation=0xb7dd20, Length=0x2cc, ReturnLength=null ) => 0
6774:651c @ 118014593 - LdrpPreprocessDllName - INFO: DLL api-ms-win-core-libraryloader-l1-2-0.dll was redirected to C:\Windows\SYSTEM32\kernelbase.dll by API set
NtQueryInformationThread( ThreadHandle=-2, ThreadInformationClass=0x1d [ThreadWow64Context], ThreadInformation=0xb7dd20, Length=0x2cc, ReturnLength=null ) => 0
6774:651c @ 118014593 - LdrpPreprocessDllName - INFO: DLL api-ms-win-core-debug-l1-1-0.dll was redirected to C:\Windows\SYSTEM32\kernelbase.dll by API set
NtQueryInformationThread( ThreadHandle=-2, ThreadInformationClass=0x1d [ThreadWow64Context], ThreadInformation=0xb7dd20, Length=0x2cc, ReturnLength=null ) => 0
6774:651c @ 118014593 - LdrpPreprocessDllName - INFO: DLL api-ms-win-core-errorhandling-l1-1-0.dll was redirected to C:\Windows\SYSTEM32\kernelbase.dll by API set
NtQueryInformationThread( ThreadHandle=-2, ThreadInformationClass=0x1d [ThreadWow64Context], ThreadInformation=0xb7dd20, Length=0x2cc, ReturnLength=null ) => 0
6774:651c @ 118014593 - LdrpPreprocessDllName - INFO: DLL api-ms-win-core-handle-l1-1-0.dll was redirected to C:\Windows\SYSTEM32\kernelbase.dll by API set
NtQueryInformationThread( ThreadHandle=-2, ThreadInformationClass=0x1d [ThreadWow64Context], ThreadInformation=0xb7dd20, Length=0x2cc, ReturnLength=null ) => 0
6774:651c @ 118014593 - LdrpPreprocessDllName - INFO: DLL api-ms-win-core-heap-l1-1-0.dll was redirected to C:\Windows\SYSTEM32\kernelbase.dll by API set
NtQueryInformationThread( ThreadHandle=-2, ThreadInformationClass=0x1d [ThreadWow64Context], ThreadInformation=0xb7dd20, Length=0x2cc, ReturnLength=null ) => 0
6774:651c @ 118014593 - LdrpPreprocessDllName - INFO: DLL api-ms-win-core-processthreads-l1-1-0.dll was redirected to C:\Windows\SYSTEM32\kernel32.dll by API set
NtQueryInformationThread( ThreadHandle=-2, ThreadInformationClass=0x1d [ThreadWow64Context], ThreadInformation=0xb7dd20, Length=0x2cc, ReturnLength=null ) => 0
6774:651c @ 118014593 - LdrpPreprocessDllName - INFO: DLL api-ms-win-core-synch-l1-1-0.dll was redirected to C:\Windows\SYSTEM32\kernelbase.dll by API set
NtQueryInformationThread( ThreadHandle=-2, ThreadInformationClass=0x1d [ThreadWow64Context], ThreadInformation=0xb7dd20, Length=0x2cc, ReturnLength=null ) => 0
6774:651c @ 118014593 - LdrpPreprocessDllName - INFO: DLL api-ms-win-core-util-l1-1-0.dll was redirected to C:\Windows\SYSTEM32\kernel32.dll by API set
NtQueryInformationThread( ThreadHandle=-2, ThreadInformationClass=0x1d [ThreadWow64Context], ThreadInformation=0xb7dd20, Length=0x2cc, ReturnLength=null ) => 0
6774:651c @ 118014593 - LdrpPreprocessDllName - INFO: DLL api-ms-win-core-localization-l1-2-0.dll was redirected to C:\Windows\SYSTEM32\kernelbase.dll by API set
NtQueryInformationThread( ThreadHandle=-2, ThreadInformationClass=0x1d [ThreadWow64Context], ThreadInformation=0xb7dd20, Length=0x2cc, ReturnLength=null ) => 0
6774:651c @ 118014593 - LdrpPreprocessDllName - INFO: DLL api-ms-win-core-registry-l1-1-0.dll was redirected to C:\Windows\SYSTEM32\kernelbase.dll by API set
NtQueryInformationThread( ThreadHandle=-2, ThreadInformationClass=0x1d [ThreadWow64Context], ThreadInformation=0xb7dd20, Length=0x2cc, ReturnLength=null ) => 0
6774:651c @ 118014593 - LdrpPreprocessDllName - INFO: DLL api-ms-win-core-heap-l2-1-0.dll was redirected to C:\Windows\SYSTEM32\kernelbase.dll by API set
NtQueryInformationThread( ThreadHandle=-2, ThreadInformationClass=0x1d [ThreadWow64Context], ThreadInformation=0xb7dd20, Length=0x2cc, ReturnLength=null ) => 0
6774:651c @ 118014593 - LdrpPreprocessDllName - INFO: DLL api-ms-win-security-base-l1-1-0.dll was redirected to C:\Windows\SYSTEM32\kernelbase.dll by API set
NtQueryInformationThread( ThreadHandle=-2, ThreadInformationClass=0x1d [ThreadWow64Context], ThreadInformation=0xb7dd20, Length=0x2cc, ReturnLength=null ) => 0
6774:651c @ 118014593 - LdrpPreprocessDllName - INFO: DLL api-ms-win-core-string-l1-1-0.dll was redirected to C:\Windows\SYSTEM32\kernelbase.dll by API set
NtQueryInformationThread( ThreadHandle=-2, ThreadInformationClass=0x1d [ThreadWow64Context], ThreadInformation=0xb7dd20, Length=0x2cc, ReturnLength=null ) => 0
6774:651c @ 118014593 - LdrpPreprocessDllName - INFO: DLL api-ms-win-core-wow64-l1-1-1.dll was redirected to C:\Windows\SYSTEM32\kernelbase.dll by API set
NtQueryInformationThread( ThreadHandle=-2, ThreadInformationClass=0x1d [ThreadWow64Context], ThreadInformation=0xb7dd20, Length=0x2cc, ReturnLength=null ) => 0
6774:651c @ 118014593 - LdrpPreprocessDllName - INFO: DLL api-ms-win-core-synch-l1-2-0.dll was redirected to C:\Windows\SYSTEM32\kernelbase.dll by API set
NtQueryInformationThread( ThreadHandle=-2, ThreadInformationClass=0x1d [ThreadWow64Context], ThreadInformation=0xb7dd20, Length=0x2cc, ReturnLength=null ) => 0
6774:651c @ 118014593 - LdrpPreprocessDllName - INFO: DLL api-ms-win-core-threadpool-l1-2-0.dll was redirected to C:\Windows\SYSTEM32\kernelbase.dll by API set
NtQueryInformationThread( ThreadHandle=-2, ThreadInformationClass=0x1d [ThreadWow64Context], ThreadInformation=0xb7dd20, Length=0x2cc, ReturnLength=null ) => 0
6774:651c @ 118014593 - LdrpPreprocessDllName - INFO: DLL api-ms-win-core-sysinfo-l1-1-0.dll was redirected to C:\Windows\SYSTEM32\kernelbase.dll by API set
NtQueryInformationThread( ThreadHandle=-2, ThreadInformationClass=0x1d [ThreadWow64Context], ThreadInformation=0xb7dd20, Length=0x2cc, ReturnLength=null ) => 0
6774:651c @ 118014593 - LdrpPreprocessDllName - INFO: DLL api-ms-win-core-file-l1-1-0.dll was redirected to C:\Windows\SYSTEM32\kernelbase.dll by API set
NtQueryInformationThread( ThreadHandle=-2, ThreadInformationClass=0x1d [ThreadWow64Context], ThreadInformation=0xb7dd20, Length=0x2cc, ReturnLength=null ) => 0
6774:651c @ 118014593 - LdrpPreprocessDllName - INFO: DLL api-ms-win-core-memory-l1-1-0.dll was redirected to C:\Windows\SYSTEM32\kernelbase.dll by API set
NtQueryInformationThread( ThreadHandle=-2, ThreadInformationClass=0x1d [ThreadWow64Context], ThreadInformation=0xb7dd20, Length=0x2cc, ReturnLength=null ) => 0
6774:651c @ 118014593 - LdrpPreprocessDllName - INFO: DLL api-ms-win-core-io-l1-1-0.dll was redirected to C:\Windows\SYSTEM32\kernel32.dll by API set
NtQueryInformationThread( ThreadHandle=-2, ThreadInformationClass=0x1d [ThreadWow64Context], ThreadInformation=0xb7dd20, Length=0x2cc, ReturnLength=null ) => 0
6774:651c @ 118014593 - LdrpFindKnownDll - ENTER: DLL name: bcrypt.dll
NtQueryObject( ObjectHandle=0x90, ObjectInformationClass=1 [ObjectNameInformation], ObjectInformation=0xb7e060, Length=0x210, ReturnLength=null ) => 0
NtOpenSection( SectionHandle=0xb7e2f8 [0xf0], DesiredAccess=0xd, ObjectAttributes=0x90:"bcrypt.dll" ) => 0
NtQueryInformationThread( ThreadHandle=-2, ThreadInformationClass=0x1d [ThreadWow64Context], ThreadInformation=0xb7dd20, Length=0x2cc, ReturnLength=null ) => 0
6774:651c @ 118014593 - LdrpFindKnownDll - RETURN: Status: 0x00000000
NtQueryInformationThread( ThreadHandle=-2, ThreadInformationClass=0x1d [ThreadWow64Context], ThreadInformation=0xb7dd20, Length=0x2cc, ReturnLength=null ) => 0
6774:651c @ 118014593 - LdrpMinimalMapModule - ENTER: DLL name: C:\Windows\System32\bcrypt.dll
Loaded DLL at 0000000077150000 C:\Windows\SysWOW64\bcrypt.dll
NtMapViewOfSection( SectionHandle=0xf0, ProcessHandle=-1, BaseAddress=0xb7e2b0 [0x77150000], ZeroBits=0x7ffeffff, CommitSize=0, SectionOffset=null, ViewSize=0xb7e260 [0x00019000], InheritDisposition=1 [ViewShare], AllocationType=0x00800000, Protect=0x80 ) => 0
NtQuerySection( SectionHandle=0xf0, SectionInformationClass=1 [SectionImageInformation], SectionInformation=0xb7e270, Length=0x40, ReturnLength=null ) => 0
NtQueryVirtualMemory( ProcessHandle=-1, BaseAddress=0x77150000, MemoryInformationClass=6 [MemoryImageInformation], MemoryInformation=0xb7e180, Length=0x18, ReturnLength=null ) => 0
NtQueryInformationThread( ThreadHandle=-2, ThreadInformationClass=0x1d [ThreadWow64Context], ThreadInformation=0xb7dd20, Length=0x2cc, ReturnLength=null ) => 0
6774:651c @ 118014609 - LdrpMinimalMapModule - RETURN: Status: 0x00000000
NtProtectVirtualMemory( ProcessHandle=-1, BaseAddress=0xb7e2a8 [0x77166000], Size=0xb7e298 [0x1000], NewProtect=2, OldProtect=0xb7e238 [4] ) => 0
NtProtectVirtualMemory( ProcessHandle=-1, BaseAddress=0xb7e2a8 [0x77439000], Size=0xb7e298 [0x3000], NewProtect=4, OldProtect=0xb7e238 [2] ) => 0
NtProtectVirtualMemory( ProcessHandle=-1, BaseAddress=0xb7e2a8 [0x77439000], Size=0xb7e298 [0x3000], NewProtect=2, OldProtect=0xb7e238 [4] ) => 0
NtQueryInformationThread( ThreadHandle=-2, ThreadInformationClass=0x1d [ThreadWow64Context], ThreadInformation=0xb7dd20, Length=0x2cc, ReturnLength=null ) => 0
6774:651c @ 118014609 - LdrpFindDllActivationContext - INFO: Probing for the manifest of DLL "C:\Windows\System32\bcrypt.dll" failed with status 0xc000008a
NtProtectVirtualMemory( ProcessHandle=-1, BaseAddress=0xb7e2a8 [0x77165000], Size=0xb7e298 [0x1000], NewProtect=4, OldProtect=0xb7e238 [2] ) => 0
NtQueryInformationThread( ThreadHandle=-2, ThreadInformationClass=0x1d [ThreadWow64Context], ThreadInformation=0xb7dd20, Length=0x2cc, ReturnLength=null ) => 0
6774:651c @ 118014609 - LdrpPreprocessDllName - INFO: DLL api-ms-win-core-libraryloader-l1-2-0.dll was redirected to C:\Windows\SYSTEM32\kernelbase.dll by API set
NtQueryInformationThread( ThreadHandle=-2, ThreadInformationClass=0x1d [ThreadWow64Context], ThreadInformation=0xb7dd20, Length=0x2cc, ReturnLength=null ) => 0
6774:651c @ 118014609 - LdrpPreprocessDllName - INFO: DLL api-ms-win-core-errorhandling-l1-1-0.dll was redirected to C:\Windows\SYSTEM32\kernelbase.dll by API set
NtQueryInformationThread( ThreadHandle=-2, ThreadInformationClass=0x1d [ThreadWow64Context], ThreadInformation=0xb7dd20, Length=0x2cc, ReturnLength=null ) => 0
6774:651c @ 118014609 - LdrpPreprocessDllName - INFO: DLL api-ms-win-core-processthreads-l1-1-0.dll was redirected to C:\Windows\SYSTEM32\kernel32.dll by API set
NtQueryInformationThread( ThreadHandle=-2, ThreadInformationClass=0x1d [ThreadWow64Context], ThreadInformation=0xb7dd20, Length=0x2cc, ReturnLength=null ) => 0
6774:651c @ 118014609 - LdrpPreprocessDllName - INFO: DLL api-ms-win-core-handle-l1-1-0.dll was redirected to C:\Windows\SYSTEM32\kernelbase.dll by API set
NtQueryInformationThread( ThreadHandle=-2, ThreadInformationClass=0x1d [ThreadWow64Context], ThreadInformation=0xb7dd20, Length=0x2cc, ReturnLength=null ) => 0
6774:651c @ 118014609 - LdrpPreprocessDllName - INFO: DLL api-ms-win-security-base-l1-1-0.dll was redirected to C:\Windows\SYSTEM32\kernelbase.dll by API set
NtQueryInformationThread( ThreadHandle=-2, ThreadInformationClass=0x1d [ThreadWow64Context], ThreadInformation=0xb7dd20, Length=0x2cc, ReturnLength=null ) => 0
6774:651c @ 118014609 - LdrpPreprocessDllName - INFO: DLL api-ms-win-core-synch-l1-1-0.dll was redirected to C:\Windows\SYSTEM32\kernelbase.dll by API set
NtQueryInformationThread( ThreadHandle=-2, ThreadInformationClass=0x1d [ThreadWow64Context], ThreadInformation=0xb7dd20, Length=0x2cc, ReturnLength=null ) => 0
6774:651c @ 118014609 - LdrpPreprocessDllName - INFO: DLL api-ms-win-eventing-provider-l1-1-0.dll was redirected to C:\Windows\SYSTEM32\kernelbase.dll by API set
NtQueryInformationThread( ThreadHandle=-2, ThreadInformationClass=0x1d [ThreadWow64Context], ThreadInformation=0xb7dd20, Length=0x2cc, ReturnLength=null ) => 0
6774:651c @ 118014609 - LdrpPreprocessDllName - INFO: DLL api-ms-win-core-psapi-l1-1-0.dll was redirected to C:\Windows\SYSTEM32\kernelbase.dll by API set
NtQueryInformationThread( ThreadHandle=-2, ThreadInformationClass=0x1d [ThreadWow64Context], ThreadInformation=0xb7dd20, Length=0x2cc, ReturnLength=null ) => 0
6774:651c @ 118014609 - LdrpPreprocessDllName - INFO: DLL api-ms-win-core-sysinfo-l1-1-0.dll was redirected to C:\Windows\SYSTEM32\kernelbase.dll by API set
NtQueryInformationThread( ThreadHandle=-2, ThreadInformationClass=0x1d [ThreadWow64Context], ThreadInformation=0xb7dd20, Length=0x2cc, ReturnLength=null ) => 0
6774:651c @ 118014609 - LdrpPreprocessDllName - INFO: DLL api-ms-win-core-threadpool-private-l1-1-0.dll was redirected to C:\Windows\SYSTEM32\kernelbase.dll by API set
NtQueryInformationThread( ThreadHandle=-2, ThreadInformationClass=0x1d [ThreadWow64Context], ThreadInformation=0xb7dd20, Length=0x2cc, ReturnLength=null ) => 0
6774:651c @ 118014609 - LdrpPreprocessDllName - INFO: DLL api-ms-win-core-threadpool-legacy-l1-1-0.dll was redirected to C:\Windows\SYSTEM32\kernelbase.dll by API set
NtQueryInformationThread( ThreadHandle=-2, ThreadInformationClass=0x1d [ThreadWow64Context], ThreadInformation=0xb7dd20, Length=0x2cc, ReturnLength=null ) => 0
6774:651c @ 118014609 - LdrpPreprocessDllName - INFO: DLL api-ms-win-core-memory-l1-1-0.dll was redirected to C:\Windows\SYSTEM32\kernelbase.dll by API set
NtQueryInformationThread( ThreadHandle=-2, ThreadInformationClass=0x1d [ThreadWow64Context], ThreadInformation=0xb7dd20, Length=0x2cc, ReturnLength=null ) => 0
6774:651c @ 118014609 - LdrpPreprocessDllName - INFO: DLL api-ms-win-core-delayload-l1-1-1.dll was redirected to C:\Windows\SYSTEM32\kernelbase.dll by API set
NtQueryInformationThread( ThreadHandle=-2, ThreadInformationClass=0x1d [ThreadWow64Context], ThreadInformation=0xb7dd20, Length=0x2cc, ReturnLength=null ) => 0
6774:651c @ 118014609 - LdrpPreprocessDllName - INFO: DLL api-ms-win-core-delayload-l1-1-0.dll was redirected to C:\Windows\SYSTEM32\kernelbase.dll by API set
NtWaitForWorkViaWorkerFactory( WorkerFactoryHandle=0xc8, MiniPacket=0x110efe0 ) => 0
NtQueryInformationThread( ThreadHandle=-2, ThreadInformationClass=0x1d [ThreadWow64Context], ThreadInformation=0xb7dd20, Length=0x2cc, ReturnLength=null ) => 0
6774:651c @ 118014609 - LdrpPreprocessDllName - INFO: DLL api-ms-win-core-rtlsupport-l1-2-0.dll was redirected to C:\Windows\SYSTEM32\ntdll.dll by API set
NtQueryInformationThread( ThreadHandle=-2, ThreadInformationClass=0x1d [ThreadWow64Context], ThreadInformation=0xb7dd20, Length=0x2cc, ReturnLength=null ) => 0
6774:651c @ 118014609 - LdrpPreprocessDllName - INFO: DLL api-ms-win-core-processthreads-l1-1-1.dll was redirected to C:\Windows\SYSTEM32\kernel32.dll by API set
NtQueryInformationThread( ThreadHandle=-2, ThreadInformationClass=0x1d [ThreadWow64Context], ThreadInformation=0x110e380, Length=0x2cc, ReturnLength=null ) => 0
NtQueryInformationThread( ThreadHandle=-2, ThreadInformationClass=0x1d [ThreadWow64Context], ThreadInformation=0xb7dd20, Length=0x2cc, ReturnLength=null ) => 0
6774:651c @ 118014609 - LdrpPreprocessDllName - INFO: DLL api-ms-win-eventing-provider-l1-1-0.dll was redirected to C:\Windows\SYSTEM32\kernelbase.dll by API set
6774:23f8 @ 118014609 - LdrpPreprocessDllName - INFO: DLL api-ms-win-core-processthreads-l1-1-0 was redirected to C:\Windows\SYSTEM32\kernelbase.dll by API set
NtQueryInformationThread( ThreadHandle=-2, ThreadInformationClass=0x1d [ThreadWow64Context], ThreadInformation=0x110e380, Length=0x2cc, ReturnLength=null ) => 0
6774:23f8 @ 118014609 - LdrpGetProcedureAddress - INFO: Locating procedure "OpenProcessToken" by name
NtQueryInformationThread( ThreadHandle=-2, ThreadInformationClass=0x1d [ThreadWow64Context], ThreadInformation=0xb7dd20, Length=0x2cc, ReturnLength=null ) => 0
6774:651c @ 118014609 - LdrpPreprocessDllName - INFO: DLL api-ms-win-core-delayload-l1-1-1.dll was redirected to C:\Windows\SYSTEM32\kernelbase.dll by API set
NtQueryInformationThread( ThreadHandle=-2, ThreadInformationClass=0x1d [ThreadWow64Context], ThreadInformation=0x110e380, Length=0x2cc, ReturnLength=null ) => 0
6774:23f8 @ 118014609 - LdrpGetProcedureAddress - INFO: Locating procedure "RtlEnterCriticalSection" by name
NtQueryInformationThread( ThreadHandle=-2, ThreadInformationClass=0x1d [ThreadWow64Context], ThreadInformation=0x110e380, Length=0x2cc, ReturnLength=null ) => 0
6774:23f8 @ 118014609 - LdrpGetProcedureAddress - INFO: Locating procedure "RtlLeaveCriticalSection" by name
NtQueryInformationThread( ThreadHandle=-2, ThreadInformationClass=0x1d [ThreadWow64Context], ThreadInformation=0x110e380, Length=0x2cc, ReturnLength=null ) => 0
6774:23f8 @ 118014609 - LdrpGetProcedureAddress - INFO: Locating procedure "RtlInitializeCriticalSection" by name
NtQueryInformationThread( ThreadHandle=-2, ThreadInformationClass=0x1d [ThreadWow64Context], ThreadInformation=0x110e380, Length=0x2cc, ReturnLength=null ) => 0
6774:23f8 @ 118014609 - LdrpGetProcedureAddress - INFO: Locating procedure "RtlDeleteCriticalSection" by name
NtQueryInformationThread( ThreadHandle=-2, ThreadInformationClass=0x1d [ThreadWow64Context], ThreadInformation=0x110e380, Length=0x2cc, ReturnLength=null ) => 0
6774:23f8 @ 118014609 - LdrpGetProcedureAddress - INFO: Locating procedure "RtlInitializeSRWLock" by name
NtQueryInformationThread( ThreadHandle=-2, ThreadInformationClass=0x1d [ThreadWow64Context], ThreadInformation=0x110e380, Length=0x2cc, ReturnLength=null ) => 0
6774:23f8 @ 118014609 - LdrpGetProcedureAddress - INFO: Locating procedure "RtlReleaseSRWLockExclusive" by name
NtQueryInformationThread( ThreadHandle=-2, ThreadInformationClass=0x1d [ThreadWow64Context], ThreadInformation=0x110e380, Length=0x2cc, ReturnLength=null ) => 0
6774:23f8 @ 118014609 - LdrpGetProcedureAddress - INFO: Locating procedure "RtlAcquireSRWLockExclusive" by name
NtQueryInformationThread( ThreadHandle=-2, ThreadInformationClass=0x1d [ThreadWow64Context], ThreadInformation=0x110e380, Length=0x2cc, ReturnLength=null ) => 0
6774:23f8 @ 118014609 - LdrpGetProcedureAddress - INFO: Locating procedure "RtlAcquireSRWLockShared" by name
NtQueryInformationThread( ThreadHandle=-2, ThreadInformationClass=0x1d [ThreadWow64Context], ThreadInformation=0x110e380, Length=0x2cc, ReturnLength=null ) => 0
6774:23f8 @ 118014609 - LdrpGetProcedureAddress - INFO: Locating procedure "RtlReleaseSRWLockShared" by name
NtQueryInformationThread( ThreadHandle=-2, ThreadInformationClass=0x1d [ThreadWow64Context], ThreadInformation=0x110e380, Length=0x2cc, ReturnLength=null ) => 0
6774:23f8 @ 118014609 - LdrpGetProcedureAddress - INFO: Locating procedure "EtwEventWriteTransfer" by name
NtQueryInformationThread( ThreadHandle=-2, ThreadInformationClass=0x1d [ThreadWow64Context], ThreadInformation=0x110e380, Length=0x2cc, ReturnLength=null ) => 0
6774:23f8 @ 118014609 - LdrpGetProcedureAddress - INFO: Locating procedure "EtwEventSetInformation" by name
NtQueryInformationThread( ThreadHandle=-2, ThreadInformationClass=0x1d [ThreadWow64Context], ThreadInformation=0xb7dd20, Length=0x2cc, ReturnLength=null ) => 0
NtQueryInformationThread( ThreadHandle=-2, ThreadInformationClass=0x1d [ThreadWow64Context], ThreadInformation=0x110e380, Length=0x2cc, ReturnLength=null ) => 0
6774:23f8 @ 118014609 - LdrpGetProcedureAddress - INFO: Locating procedure "EtwEventRegister" by name
6774:651c @ 118014609 - LdrpPreprocessDllName - INFO: DLL api-ms-win-core-delayload-l1-1-0.dll was redirected to C:\Windows\SYSTEM32\kernelbase.dll by API set
NtQueryInformationThread( ThreadHandle=-2, ThreadInformationClass=0x1d [ThreadWow64Context], ThreadInformation=0x110e380, Length=0x2cc, ReturnLength=null ) => 0
6774:23f8 @ 118014609 - LdrpGetProcedureAddress - INFO: Locating procedure "EtwEventUnregister" by name
NtProtectVirtualMemory( ProcessHandle=-1, BaseAddress=0x110e908 [0x77165000], Size=0x110e8f8 [0x1000], NewProtect=2, OldProtect=0x110e898 [4] ) => 0
NtQueryInformationThread( ThreadHandle=-2, ThreadInformationClass=0x1d [ThreadWow64Context], ThreadInformation=0xb7dd20, Length=0x2cc, ReturnLength=null ) => 0
6774:651c @ 118014609 - LdrpPreprocessDllName - INFO: DLL api-ms-win-core-apiquery-l1-1-0.dll was redirected to C:\Windows\SYSTEM32\ntdll.dll by API set
NtWaitForWorkViaWorkerFactory( WorkerFactoryHandle=0xc8, MiniPacket=0x110efe0 ) => 0
NtQueryInformationThread( ThreadHandle=-2, ThreadInformationClass=0x1d [ThreadWow64Context], ThreadInformation=0xb7dd20, Length=0x2cc, ReturnLength=null ) => 0
6774:651c @ 118014609 - LdrpPreprocessDllName - INFO: DLL api-ms-win-eventing-consumer-l1-1-0.dll was redirected to C:\Windows\SYSTEM32\sechost.dll by API set
NtQueryInformationThread( ThreadHandle=-2, ThreadInformationClass=0x1d [ThreadWow64Context], ThreadInformation=0xb7dd20, Length=0x2cc, ReturnLength=null ) => 0
6774:651c @ 118014609 - LdrpPreprocessDllName - INFO: DLL api-ms-win-eventing-consumer-l1-1-1.dll was redirected to C:\Windows\SYSTEM32\sechost.dll by API set
NtQueryInformationThread( ThreadHandle=-2, ThreadInformationClass=0x1d [ThreadWow64Context], ThreadInformation=0x110e380, Length=0x2cc, ReturnLength=null ) => 0
6774:23f8 @ 118014609 - LdrpGetProcedureAddress - INFO: Locating procedure "RtlSetLastWin32Error" by name
NtQueryInformationThread( ThreadHandle=-2, ThreadInformationClass=0x1d [ThreadWow64Context], ThreadInformation=0x110e380, Length=0x2cc, ReturnLength=null ) => 0
6774:23f8 @ 118014609 - LdrpGetProcedureAddress - INFO: Locating procedure "RtlReAllocateHeap" by name
NtQueryInformationThread( ThreadHandle=-2, ThreadInformationClass=0x1d [ThreadWow64Context], ThreadInformation=0x110e380, Length=0x2cc, ReturnLength=null ) => 0
6774:23f8 @ 118014609 - LdrpGetProcedureAddress - INFO: Locating procedure "RtlFreeHeap" by name
NtQueryInformationThread( ThreadHandle=-2, ThreadInformationClass=0x1d [ThreadWow64Context], ThreadInformation=0x110e380, Length=0x2cc, ReturnLength=null ) => 0
NtQueryInformationThread( ThreadHandle=-2, ThreadInformationClass=0x1d [ThreadWow64Context], ThreadInformation=0xb7dd20, Length=0x2cc, ReturnLength=null ) => 0
6774:23f8 @ 118014609 - LdrpGetProcedureAddress - INFO: Locating procedure "RtlAllocateHeap" by name
6774:651c @ 118014609 - LdrpPreprocessDllName - INFO: DLL api-ms-win-service-core-l1-1-0.dll was redirected to C:\Windows\SYSTEM32\sechost.dll by API set
NtQueryInformationThread( ThreadHandle=-2, ThreadInformationClass=0x1d [ThreadWow64Context], ThreadInformation=0xb7dd20, Length=0x2cc, ReturnLength=null ) => 0
NtQueryInformationThread( ThreadHandle=-2, ThreadInformationClass=0x1d [ThreadWow64Context], ThreadInformation=0x110e380, Length=0x2cc, ReturnLength=null ) => 0
6774:651c @ 118014609 - LdrpPreprocessDllName - INFO: DLL api-ms-win-service-core-l1-1-1.dll was redirected to C:\Windows\SYSTEM32\sechost.dll by API set
6774:23f8 @ 118014609 - LdrpPreprocessDllName - INFO: DLL api-ms-win-core-processthreads-l1-1-0 was redirected to C:\Windows\SYSTEM32\kernelbase.dll by API set
NtQueryInformationThread( ThreadHandle=-2, ThreadInformationClass=0x1d [ThreadWow64Context], ThreadInformation=0x110e380, Length=0x2cc, ReturnLength=null ) => 0
6774:23f8 @ 118014609 - LdrpGetProcedureAddress - INFO: Locating procedure "InitializeProcThreadAttributeList" by name
NtQueryInformationThread( ThreadHandle=-2, ThreadInformationClass=0x1d [ThreadWow64Context], ThreadInformation=0xb7dd20, Length=0x2cc, ReturnLength=null ) => 0
NtQueryInformationThread( ThreadHandle=-2, ThreadInformationClass=0x1d [ThreadWow64Context], ThreadInformation=0x110e380, Length=0x2cc, ReturnLength=null ) => 0
6774:651c @ 118014609 - LdrpPreprocessDllName - INFO: DLL api-ms-win-service-core-l1-1-2.dll was redirected to C:\Windows\SYSTEM32\sechost.dll by API set
6774:23f8 @ 118014609 - LdrpPreprocessDllName - INFO: DLL api-ms-win-core-processthreads-l1-1-0 was redirected to C:\Windows\SYSTEM32\kernelbase.dll by API set
NtQueryInformationThread( ThreadHandle=-2, ThreadInformationClass=0x1d [ThreadWow64Context], ThreadInformation=0x110e380, Length=0x2cc, ReturnLength=null ) => 0
6774:23f8 @ 118014609 - LdrpGetProcedureAddress - INFO: Locating procedure "OpenThreadToken" by name
NtQueryInformationThread( ThreadHandle=-2, ThreadInformationClass=0x1d [ThreadWow64Context], ThreadInformation=0xb7dd20, Length=0x2cc, ReturnLength=null ) => 0
NtQueryInformationThread( ThreadHandle=-2, ThreadInformationClass=0x1d [ThreadWow64Context], ThreadInformation=0x110e380, Length=0x2cc, ReturnLength=null ) => 0
6774:23f8 @ 118014609 - LdrpPreprocessDllName - INFO: DLL api-ms-win-core-processthreads-l1-1-0 was redirected to C:\Windows\SYSTEM32\kernelbase.dll by API set
NtQueryInformationThread( ThreadHandle=-2, ThreadInformationClass=0x1d [ThreadWow64Context], ThreadInformation=0x110e380, Length=0x2cc, ReturnLength=null ) => 0
6774:651c @ 118014609 - LdrpPreprocessDllName - INFO: DLL api-ms-win-service-management-l1-1-0.dll was redirected to C:\Windows\SYSTEM32\sechost.dll by API set
6774:23f8 @ 118014609 - LdrpGetProcedureAddress - INFO: Locating procedure "UpdateProcThreadAttribute" by name
NtQueryInformationThread( ThreadHandle=-2, ThreadInformationClass=0x1d [ThreadWow64Context], ThreadInformation=0xb7dd20, Length=0x2cc, ReturnLength=null ) => 0
6774:651c @ 118014609 - LdrpPreprocessDllName - INFO: DLL api-ms-win-service-management-l2-1-0.dll was redirected to C:\Windows\SYSTEM32\sechost.dll by API set
NtQueryInformationThread( ThreadHandle=-2, ThreadInformationClass=0x1d [ThreadWow64Context], ThreadInformation=0x110e380, Length=0x2cc, ReturnLength=null ) => 0
6774:23f8 @ 118014609 - LdrpPreprocessDllName - INFO: DLL api-ms-win-core-processthreads-l1-1-0 was redirected to C:\Windows\SYSTEM32\kernelbase.dll by API set
NtQueryInformationThread( ThreadHandle=-2, ThreadInformationClass=0x1d [ThreadWow64Context], ThreadInformation=0x110e380, Length=0x2cc, ReturnLength=null ) => 0
6774:23f8 @ 118014609 - LdrpGetProcedureAddress - INFO: Locating procedure "OpenProcessToken" by name
NtQueryInformationThread( ThreadHandle=-2, ThreadInformationClass=0x1d [ThreadWow64Context], ThreadInformation=0x110e380, Length=0x2cc, ReturnLength=null ) => 0
6774:23f8 @ 118014609 - LdrpGetProcedureAddress - INFO: Locating procedure "RtlAcquireSRWLockShared" by name
NtQueryInformationThread( ThreadHandle=-2, ThreadInformationClass=0x1d [ThreadWow64Context], ThreadInformation=0x110e380, Length=0x2cc, ReturnLength=null ) => 0
6774:23f8 @ 118014609 - LdrpGetProcedureAddress - INFO: Locating procedure "RtlEnterCriticalSection" by name
NtQueryInformationThread( ThreadHandle=-2, ThreadInformationClass=0x1d [ThreadWow64Context], ThreadInformation=0x110e380, Length=0x2cc, ReturnLength=null ) => 0
6774:23f8 @ 118014609 - LdrpGetProcedureAddress - INFO: Locating procedure "RtlLeaveCriticalSection" by name
NtQueryInformationThread( ThreadHandle=-2, ThreadInformationClass=0x1d [ThreadWow64Context], ThreadInformation=0x110e380, Length=0x2cc, ReturnLength=null ) => 0
6774:23f8 @ 118014609 - LdrpGetProcedureAddress - INFO: Locating procedure "RtlReleaseSRWLockExclusive" by name
NtQueryInformationThread( ThreadHandle=-2, ThreadInformationClass=0x1d [ThreadWow64Context], ThreadInformation=0x110e380, Length=0x2cc, ReturnLength=null ) => 0
6774:23f8 @ 118014609 - LdrpGetProcedureAddress - INFO: Locating procedure "RtlReleaseSRWLockShared" by name
NtQueryInformationThread( ThreadHandle=-2, ThreadInformationClass=0x1d [ThreadWow64Context], ThreadInformation=0x110e380, Length=0x2cc, ReturnLength=null ) => 0
6774:23f8 @ 118014609 - LdrpGetProcedureAddress - INFO: Locating procedure "RtlInitializeSRWLock" by name
NtQueryInformationThread( ThreadHandle=-2, ThreadInformationClass=0x1d [ThreadWow64Context], ThreadInformation=0x110e380, Length=0x2cc, ReturnLength=null ) => 0
6774:23f8 @ 118014609 - LdrpGetProcedureAddress - INFO: Locating procedure "RtlAcquireSRWLockExclusive" by name
NtQueryInformationThread( ThreadHandle=-2, ThreadInformationClass=0x1d [ThreadWow64Context], ThreadInformation=0x110e380, Length=0x2cc, ReturnLength=null ) => 0
6774:23f8 @ 118014609 - LdrpGetProcedureAddress - INFO: Locating procedure "RtlDecodePointer" by name
NtQueryInformationThread( ThreadHandle=-2, ThreadInformationClass=0x1d [ThreadWow64Context], ThreadInformation=0x110e380, Length=0x2cc, ReturnLength=null ) => 0
6774:23f8 @ 118014609 - LdrpGetProcedureAddress - INFO: Locating procedure "RtlEncodePointer" by name
NtQueryInformationThread( ThreadHandle=-2, ThreadInformationClass=0x1d [ThreadWow64Context], ThreadInformation=0xb7dd20, Length=0x2cc, ReturnLength=null ) => 0
6774:651c @ 118014609 - LdrpPreprocessDllName - INFO: DLL api-ms-win-service-private-l1-1-4.dll was redirected to C:\Windows\SYSTEM32\sechost.dll by API set
NtQueryInformationThread( ThreadHandle=-2, ThreadInformationClass=0x1d [ThreadWow64Context], ThreadInformation=0x110e380, Length=0x2cc, ReturnLength=null ) => 0
6774:23f8 @ 118014609 - LdrpGetProcedureAddress - INFO: Locating procedure "TpReleaseWork" by name
NtQueryInformationThread( ThreadHandle=-2, ThreadInformationClass=0x1d [ThreadWow64Context], ThreadInformation=0x110e380, Length=0x2cc, ReturnLength=null ) => 0
6774:23f8 @ 118014609 - LdrpGetProcedureAddress - INFO: Locating procedure "TpPostWork" by name
NtQueryInformationThread( ThreadHandle=-2, ThreadInformationClass=0x1d [ThreadWow64Context], ThreadInformation=0xb7dd20, Length=0x2cc, ReturnLength=null ) => 0
6774:651c @ 118014609 - LdrpPreprocessDllName - INFO: DLL api-ms-win-service-private-l1-1-2.dll was redirected to C:\Windows\SYSTEM32\sechost.dll by API set
NtQueryInformationThread( ThreadHandle=-2, ThreadInformationClass=0x1d [ThreadWow64Context], ThreadInformation=0x110e380, Length=0x2cc, ReturnLength=null ) => 0
6774:23f8 @ 118014609 - LdrpPreprocessDllName - INFO: DLL api-ms-win-core-processthreads-l1-1-1 was redirected to C:\Windows\SYSTEM32\kernelbase.dll by API set
NtQueryInformationThread( ThreadHandle=-2, ThreadInformationClass=0x1d [ThreadWow64Context], ThreadInformation=0x110e380, Length=0x2cc, ReturnLength=null ) => 0
6774:23f8 @ 118014609 - LdrpGetProcedureAddress - INFO: Locating procedure "GetProcessMitigationPolicy" by name
NtQueryInformationThread( ThreadHandle=-2, ThreadInformationClass=0x1d [ThreadWow64Context], ThreadInformation=0x110e380, Length=0x2cc, ReturnLength=null ) => 0
6774:23f8 @ 118014609 - LdrpGetProcedureAddress - INFO: Locating procedure "EtwEventSetInformation" by name
NtQueryInformationThread( ThreadHandle=-2, ThreadInformationClass=0x1d [ThreadWow64Context], ThreadInformation=0xb7dd20, Length=0x2cc, ReturnLength=null ) => 0
NtQueryInformationThread( ThreadHandle=-2, ThreadInformationClass=0x1d [ThreadWow64Context], ThreadInformation=0x110e380, Length=0x2cc, ReturnLength=null ) => 0
6774:23f8 @ 118014609 - LdrpGetProcedureAddress - INFO: Locating procedure "EtwEventRegister" by name
6774:651c @ 118014609 - LdrpPreprocessDllName - INFO: DLL api-ms-win-service-private-l1-1-3.dll was redirected to C:\Windows\SYSTEM32\sechost.dll by API set
NtQueryInformationThread( ThreadHandle=-2, ThreadInformationClass=0x1d [ThreadWow64Context], ThreadInformation=0xb7dd20, Length=0x2cc, ReturnLength=null ) => 0
NtQueryInformationThread( ThreadHandle=-2, ThreadInformationClass=0x1d [ThreadWow64Context], ThreadInformation=0x110e380, Length=0x2cc, ReturnLength=null ) => 0
6774:23f8 @ 118014609 - LdrpGetProcedureAddress - INFO: Locating procedure "EtwEventUnregister" by name
NtQueryInformationThread( ThreadHandle=-2, ThreadInformationClass=0x1d [ThreadWow64Context], ThreadInformation=0x110e380, Length=0x2cc, ReturnLength=null ) => 0
6774:651c @ 118014609 - LdrpPreprocessDllName - INFO: DLL api-ms-win-service-private-l1-1-0.dll was redirected to C:\Windows\SYSTEM32\sechost.dll by API set
6774:23f8 @ 118014609 - LdrpGetProcedureAddress - INFO: Locating procedure "EtwEventWriteTransfer" by name
NtQueryInformationThread( ThreadHandle=-2, ThreadInformationClass=0x1d [ThreadWow64Context], ThreadInformation=0xb7dd20, Length=0x2cc, ReturnLength=null ) => 0
NtProtectVirtualMemory( ProcessHandle=-1, BaseAddress=0x110e908 [0x7707d000], Size=0x110e8f8 [0x1000], NewProtect=2, OldProtect=0x110e898 [4] ) => 0
6774:651c @ 118014609 - LdrpPreprocessDllName - INFO: DLL api-ms-win-service-winsvc-l1-1-0.dll was redirected to C:\Windows\SYSTEM32\sechost.dll by API set
NtQueryInformationThread( ThreadHandle=-2, ThreadInformationClass=0x1d [ThreadWow64Context], ThreadInformation=0xb7dd20, Length=0x2cc, ReturnLength=null ) => 0
6774:651c @ 118014609 - LdrpPreprocessDllName - INFO: DLL api-ms-win-core-namedpipe-l1-1-0.dll was redirected to C:\Windows\SYSTEM32\kernelbase.dll by API set
NtQueryInformationThread( ThreadHandle=-2, ThreadInformationClass=0x1d [ThreadWow64Context], ThreadInformation=0xb7dd20, Length=0x2cc, ReturnLength=null ) => 0
6774:651c @ 118014609 - LdrpPreprocessDllName - INFO: DLL api-ms-win-core-processthreads-l1-1-0.dll was redirected to C:\Windows\SYSTEM32\kernel32.dll by API set
NtQueryInformationThread( ThreadHandle=-2, ThreadInformationClass=0x1d [ThreadWow64Context], ThreadInformation=0xb7dd20, Length=0x2cc, ReturnLength=null ) => 0
6774:651c @ 118014609 - LdrpPreprocessDllName - INFO: DLL api-ms-win-core-processthreads-l1-1-1.dll was redirected to C:\Windows\SYSTEM32\kernel32.dll by API set
NtQueryInformationThread( ThreadHandle=-2, ThreadInformationClass=0x1d [ThreadWow64Context], ThreadInformation=0xb7dd20, Length=0x2cc, ReturnLength=null ) => 0
6774:651c @ 118014609 - LdrpPreprocessDllName - INFO: DLL api-ms-win-security-base-l1-1-0.dll was redirected to C:\Windows\SYSTEM32\kernelbase.dll by API set
NtQueryInformationThread( ThreadHandle=-2, ThreadInformationClass=0x1d [ThreadWow64Context], ThreadInformation=0xb7dd20, Length=0x2cc, ReturnLength=null ) => 0
6774:651c @ 118014609 - LdrpPreprocessDllName - INFO: DLL api-ms-win-security-base-private-l1-1-0.dll was redirected to C:\Windows\SYSTEM32\kernelbase.dll by API set
NtQueryInformationThread( ThreadHandle=-2, ThreadInformationClass=0x1d [ThreadWow64Context], ThreadInformation=0xb7dd20, Length=0x2cc, ReturnLength=null ) => 0
6774:651c @ 118014609 - LdrpPreprocessDllName - INFO: DLL api-ms-win-core-registry-l1-1-0.dll was redirected to C:\Windows\SYSTEM32\kernelbase.dll by API set
NtQueryInformationThread( ThreadHandle=-2, ThreadInformationClass=0x1d [ThreadWow64Context], ThreadInformation=0xb7dd20, Length=0x2cc, ReturnLength=null ) => 0
6774:651c @ 118014609 - LdrpPreprocessDllName - INFO: DLL api-ms-win-core-registry-l1-1-1.dll was redirected to C:\Windows\SYSTEM32\kernelbase.dll by API set
NtQueryInformationThread( ThreadHandle=-2, ThreadInformationClass=0x1d [ThreadWow64Context], ThreadInformation=0xb7dd20, Length=0x2cc, ReturnLength=null ) => 0
6774:651c @ 118014609 - LdrpPreprocessDllName - INFO: DLL api-ms-win-core-registry-l1-1-2.dll was redirected to C:\Windows\SYSTEM32\kernelbase.dll by API set
NtQueryInformationThread( ThreadHandle=-2, ThreadInformationClass=0x1d [ThreadWow64Context], ThreadInformation=0xb7dd20, Length=0x2cc, ReturnLength=null ) => 0
6774:651c @ 118014609 - LdrpPreprocessDllName - INFO: DLL api-ms-win-core-sysinfo-l1-1-0.dll was redirected to C:\Windows\SYSTEM32\kernelbase.dll by API set
NtQueryInformationThread( ThreadHandle=-2, ThreadInformationClass=0x1d [ThreadWow64Context], ThreadInformation=0xb7dd20, Length=0x2cc, ReturnLength=null ) => 0
6774:651c @ 118014609 - LdrpPreprocessDllName - INFO: DLL api-ms-win-core-timezone-l1-1-0.dll was redirected to C:\Windows\SYSTEM32\kernelbase.dll by API set
NtQueryInformationThread( ThreadHandle=-2, ThreadInformationClass=0x1d [ThreadWow64Context], ThreadInformation=0xb7dd20, Length=0x2cc, ReturnLength=null ) => 0
6774:651c @ 118014609 - LdrpPreprocessDllName - INFO: DLL api-ms-win-security-audit-l1-1-1.dll was redirected to C:\Windows\SYSTEM32\sechost.dll by API set
NtQueryInformationThread( ThreadHandle=-2, ThreadInformationClass=0x1d [ThreadWow64Context], ThreadInformation=0xb7dd20, Length=0x2cc, ReturnLength=null ) => 0
6774:651c @ 118014609 - LdrpPreprocessDllName - INFO: DLL api-ms-win-security-audit-l1-1-0.dll was redirected to C:\Windows\SYSTEM32\sechost.dll by API set
NtQueryInformationThread( ThreadHandle=-2, ThreadInformationClass=0x1d [ThreadWow64Context], ThreadInformation=0xb7dd20, Length=0x2cc, ReturnLength=null ) => 0
6774:651c @ 118014609 - LdrpPreprocessDllName - INFO: DLL api-ms-win-core-apiquery-l1-1-0.dll was redirected to C:\Windows\SYSTEM32\ntdll.dll by API set
NtQueryInformationThread( ThreadHandle=-2, ThreadInformationClass=0x1d [ThreadWow64Context], ThreadInformation=0xb7dd20, Length=0x2cc, ReturnLength=null ) => 0
6774:651c @ 118014609 - LdrpPreprocessDllName - INFO: DLL api-ms-win-eventing-provider-l1-1-0.dll was redirected to C:\Windows\SYSTEM32\kernelbase.dll by API set
NtQueryInformationThread( ThreadHandle=-2, ThreadInformationClass=0x1d [ThreadWow64Context], ThreadInformation=0xb7dd20, Length=0x2cc, ReturnLength=null ) => 0
6774:651c @ 118014609 - LdrpPreprocessDllName - INFO: DLL api-ms-win-core-pcw-l1-1-0.dll was redirected to C:\Windows\SYSTEM32\kernelbase.dll by API set
NtWaitForWorkViaWorkerFactory( WorkerFactoryHandle=0xc8, MiniPacket=0x110efe0 ) => 0
NtQueryInformationThread( ThreadHandle=-2, ThreadInformationClass=0x1d [ThreadWow64Context], ThreadInformation=0xb7dd20, Length=0x2cc, ReturnLength=null ) => 0
6774:651c @ 118014609 - LdrpFindKnownDll - ENTER: DLL name: MSVCP100.dll
NtQueryObject( ObjectHandle=0x90, ObjectInformationClass=1 [ObjectNameInformation], ObjectInformation=0xb7e060, Length=0x210, ReturnLength=null ) => 0
NtOpenSection( SectionHandle=0xb7e2f8, DesiredAccess=0xd, ObjectAttributes=0x90:"MSVCP100.dll" ) => 0xc0000034 [2 'The system cannot find the file specified.']
NtQueryInformationThread( ThreadHandle=-2, ThreadInformationClass=0x1d [ThreadWow64Context], ThreadInformation=0xb7dd20, Length=0x2cc, ReturnLength=null ) => 0
6774:651c @ 118014609 - LdrpFindKnownDll - RETURN: Status: 0xc0000135
NtWaitForWorkViaWorkerFactory( WorkerFactoryHandle=0xc8, MiniPacket=0x11de9a0 ) => 0
NtQueryInformationThread( ThreadHandle=-2, ThreadInformationClass=0x1d [ThreadWow64Context], ThreadInformation=0x11ddd40, Length=0x2cc, ReturnLength=null ) => 0
6774:6ca8 @ 118014609 - LdrpSearchPath - ENTER: DLL name: MSVCP100.dll
NtQueryInformationThread( ThreadHandle=-2, ThreadInformationClass=0x1d [ThreadWow64Context], ThreadInformation=0xb7dd20, Length=0x2cc, ReturnLength=null ) => 0
NtQueryInformationThread( ThreadHandle=-2, ThreadInformationClass=0x1d [ThreadWow64Context], ThreadInformation=0x11ddd40, Length=0x2cc, ReturnLength=null ) => 0
6774:6ca8 @ 118014609 - LdrpResolveDllName - ENTER: DLL name: C:\Program Files (x86)\Microsoft Xbox 360 SDK\bin\win32\MSVCP100.dll
6774:651c @ 118014609 - LdrpFindKnownDll - ENTER: DLL name: mscoree.dll
NtQueryObject( ObjectHandle=0x90, ObjectInformationClass=1 [ObjectNameInformation], ObjectInformation=0xb7e060, Length=0x210, ReturnLength=null ) => 0
NtOpenSection( SectionHandle=0xb7e2f8, DesiredAccess=0xd, ObjectAttributes=0x90:"mscoree.dll" ) => 0xc0000034 [2 'The system cannot find the file specified.']
NtQueryInformationThread( ThreadHandle=-2, ThreadInformationClass=0x1d [ThreadWow64Context], ThreadInformation=0xb7dd20, Length=0x2cc, ReturnLength=null ) => 0
6774:651c @ 118014609 - LdrpFindKnownDll - RETURN: Status: 0xc0000135
NtWaitForWorkViaWorkerFactory( WorkerFactoryHandle=0xc8, MiniPacket=0xbdeae0 ) => 0
NtQueryInformationThread( ThreadHandle=-2, ThreadInformationClass=0x1d [ThreadWow64Context], ThreadInformation=0xb7dd20, Length=0x2cc, ReturnLength=null ) => 0
NtQueryInformationThread( ThreadHandle=-2, ThreadInformationClass=0x1d [ThreadWow64Context], ThreadInformation=0x110e380, Length=0x2cc, ReturnLength=null ) => 0
6774:23f8 @ 118014609 - LdrpPreprocessDllName - INFO: DLL api-ms-win-core-processthreads-l1-1-0 was redirected to C:\Windows\SYSTEM32\kernelbase.dll by API set
NtQueryInformationThread( ThreadHandle=-2, ThreadInformationClass=0x1d [ThreadWow64Context], ThreadInformation=0xbdde80, Length=0x2cc, ReturnLength=null ) => 0
NtQueryAttributesFile( ObjectAttributes="\??\C:\Program Files (x86)\Microsoft Xbox 360 SDK\bin\win32\MSVCP100.dll", Attributes=0x11de2c8 [NORMAL] ) => 0
NtQueryInformationThread( ThreadHandle=-2, ThreadInformationClass=0x1d [ThreadWow64Context], ThreadInformation=0x110e380, Length=0x2cc, ReturnLength=null ) => 0
6774:651c @ 118014609 - LdrpFindKnownDll - ENTER: DLL name: TLBREF.dll
NtQueryInformationThread( ThreadHandle=-2, ThreadInformationClass=0x1d [ThreadWow64Context], ThreadInformation=0x11ddd40, Length=0x2cc, ReturnLength=null ) => 0
NtQueryObject( ObjectHandle=0x90, ObjectInformationClass=1 [ObjectNameInformation], ObjectInformation=0xb7e060, Length=0x210, ReturnLength=null ) => 0
6774:6054 @ 118014609 - LdrpSearchPath - ENTER: DLL name: mscoree.dll
6774:23f8 @ 118014609 - LdrpGetProcedureAddress - INFO: Locating procedure "OpenThreadToken" by name
6774:6ca8 @ 118014609 - LdrpResolveDllName - RETURN: Status: 0x00000000
NtQueryInformationThread( ThreadHandle=-2, ThreadInformationClass=0x1d [ThreadWow64Context], ThreadInformation=0x11ddd40, Length=0x2cc, ReturnLength=null ) => 0
NtQueryInformationThread( ThreadHandle=-2, ThreadInformationClass=0x1d [ThreadWow64Context], ThreadInformation=0x110e380, Length=0x2cc, ReturnLength=null ) => 0
6774:6ca8 @ 118014609 - LdrpSearchPath - RETURN: Status: 0x00000000
6774:23f8 @ 118014609 - LdrpPreprocessDllName - INFO: DLL api-ms-win-core-processthreads-l1-1-0 was redirected to C:\Windows\SYSTEM32\kernelbase.dll by API set
NtQueryInformationThread( ThreadHandle=-2, ThreadInformationClass=0x1d [ThreadWow64Context], ThreadInformation=0x110e380, Length=0x2cc, ReturnLength=null ) => 0
6774:23f8 @ 118014609 - LdrpGetProcedureAddress - INFO: Locating procedure "SetThreadToken" by name
NtQueryInformationThread( ThreadHandle=-2, ThreadInformationClass=0x1d [ThreadWow64Context], ThreadInformation=0xbdde80, Length=0x2cc, ReturnLength=null ) => 0
6774:6054 @ 118014609 - LdrpResolveDllName - ENTER: DLL name: C:\Program Files (x86)\Microsoft Xbox 360 SDK\bin\win32\mscoree.dll
NtQueryInformationThread( ThreadHandle=-2, ThreadInformationClass=0x1d [ThreadWow64Context], ThreadInformation=0x110e380, Length=0x2cc, ReturnLength=null ) => 0
6774:23f8 @ 118014609 - LdrpPreprocessDllName - INFO: DLL api-ms-win-core-processthreads-l1-1-0 was redirected to C:\Windows\SYSTEM32\kernelbase.dll by API set
NtOpenFile( FileHandle=0x11de318 [0xf0], DesiredAccess=SYNCHRONIZE|0x21, ObjectAttributes="\??\C:\Program Files (x86)\Microsoft Xbox 360 SDK\bin\win32\MSVCP100.dll", IoStatusBlock=0x11de2b8 [0/1], ShareAccess=5, OpenOptions=0x60 ) => 0
NtQueryInformationThread( ThreadHandle=-2, ThreadInformationClass=0x1d [ThreadWow64Context], ThreadInformation=0x110e380, Length=0x2cc, ReturnLength=null ) => 0
NtOpenSection( SectionHandle=0xb7e2f8, DesiredAccess=0xd, ObjectAttributes=0x90:"TLBREF.dll" ) => 0xc0000034 [2 'The system cannot find the file specified.']
6774:23f8 @ 118014609 - LdrpGetProcedureAddress - INFO: Locating procedure "OpenProcessToken" by name
NtCreateSection( SectionHandle=0x11de318 [0xe8], DesiredAccess=0xd, ObjectAttributes=null, SectionSize=null, Protect=0x10, Attributes=0x01000000, FileHandle=0xf0 ) => 0
NtQueryInformationThread( ThreadHandle=-2, ThreadInformationClass=0x1d [ThreadWow64Context], ThreadInformation=0xb7dd20, Length=0x2cc, ReturnLength=null ) => 0
NtQueryInformationThread( ThreadHandle=-2, ThreadInformationClass=0x1d [ThreadWow64Context], ThreadInformation=0x11ddd40, Length=0x2cc, ReturnLength=null ) => 0
6774:6ca8 @ 118014609 - LdrpMinimalMapModule - ENTER: DLL name: C:\Program Files (x86)\Microsoft Xbox 360 SDK\bin\win32\MSVCP100.dll
6774:651c @ 118014609 - LdrpFindKnownDll - RETURN: Status: 0xc0000135
NtQueryInformationThread( ThreadHandle=-2, ThreadInformationClass=0x1d [ThreadWow64Context], ThreadInformation=0xb7dd20, Length=0x2cc, ReturnLength=null ) => 0
6774:651c @ 118014609 - LdrpFindKnownDll - ENTER: DLL name: MSPDBXX.DLL
NtQueryObject( ObjectHandle=0x90, ObjectInformationClass=1 [ObjectNameInformation], ObjectInformation=0xb7e060, Length=0x210, ReturnLength=null ) => 0
NtOpenSection( SectionHandle=0xb7e2f8, DesiredAccess=0xd, ObjectAttributes=0x90:"MSPDBXX.DLL" ) => 0xc0000034 [2 'The system cannot find the file specified.']
NtQueryInformationThread( ThreadHandle=-2, ThreadInformationClass=0x1d [ThreadWow64Context], ThreadInformation=0x110e380, Length=0x2cc, ReturnLength=null ) => 0
Loaded DLL at 0000000059350000 C:\Program Files (x86)\Microsoft Xbox 360 SDK\bin\win32\MSVCP100.dll
NtMapViewOfSection( SectionHandle=0xe8, ProcessHandle=-1, BaseAddress=0x11de2d0 [0x59350000], ZeroBits=0x7ffeffff, CommitSize=0, SectionOffset=null, ViewSize=0x11de280 [0x0006a000], InheritDisposition=1 [ViewShare], AllocationType=0x00800000, Protect=0x80 ) => 0
6774:23f8 @ 118014609 - LdrpGetProcedureAddress - INFO: Locating procedure "RtlEnterCriticalSection" by name
NtQuerySection( SectionHandle=0xe8, SectionInformationClass=1 [SectionImageInformation], SectionInformation=0x11de290, Length=0x40, ReturnLength=null ) => 0
NtQueryVirtualMemory( ProcessHandle=-1, BaseAddress=0x59350000, MemoryInformationClass=6 [MemoryImageInformation], MemoryInformation=0x11de1a0, Length=0x18, ReturnLength=null ) => 0
NtQueryInformationThread( ThreadHandle=-2, ThreadInformationClass=0x1d [ThreadWow64Context], ThreadInformation=0x110e380, Length=0x2cc, ReturnLength=null ) => 0
NtQueryInformationThread( ThreadHandle=-2, ThreadInformationClass=0x1d [ThreadWow64Context], ThreadInformation=0x11ddd40, Length=0x2cc, ReturnLength=null ) => 0
NtQueryAttributesFile( ObjectAttributes="\??\C:\Program Files (x86)\Microsoft Xbox 360 SDK\bin\win32\mscoree.dll", Attributes=0xbde408 ) => 0xc0000034 [2 'The system cannot find the file specified.']
6774:6ca8 @ 118014625 - LdrpMinimalMapModule - RETURN: Status: 0x00000000
6774:23f8 @ 118014625 - LdrpGetProcedureAddress - INFO: Locating procedure "RtlLeaveCriticalSection" by name
NtQueryInformationThread( ThreadHandle=-2, ThreadInformationClass=0x1d [ThreadWow64Context], ThreadInformation=0x110e380, Length=0x2cc, ReturnLength=null ) => 0
NtProtectVirtualMemory( ProcessHandle=-1, BaseAddress=0x11de2c8 [0x77439000], Size=0x11de2b8 [0x3000], NewProtect=4, OldProtect=0x11de258 [2] ) => 0
NtQueryInformationThread( ThreadHandle=-2, ThreadInformationClass=0x1d [ThreadWow64Context], ThreadInformation=0xbdde80, Length=0x2cc, ReturnLength=null ) => 0
6774:23f8 @ 118014625 - LdrpGetProcedureAddress - INFO: Locating procedure "LdrResolveDelayLoadedAPI" by name
6774:6054 @ 118014625 - LdrpResolveDllName - RETURN: Status: 0xc0000135
NtProtectVirtualMemory( ProcessHandle=-1, BaseAddress=0x11de2c8 [0x77439000], Size=0x11de2b8 [0x3000], NewProtect=2, OldProtect=0x11de258 [4] ) => 0
NtQueryInformationThread( ThreadHandle=-2, ThreadInformationClass=0x1d [ThreadWow64Context], ThreadInformation=0xb7dd20, Length=0x2cc, ReturnLength=null ) => 0
6774:651c @ 118014609 - LdrpFindKnownDll - RETURN: Status: 0xc0000135
NtQueryInformationThread( ThreadHandle=-2, ThreadInformationClass=0x1d [ThreadWow64Context], ThreadInformation=0x110e380, Length=0x2cc, ReturnLength=null ) => 0
NtQueryInformationThread( ThreadHandle=-2, ThreadInformationClass=0x1d [ThreadWow64Context], ThreadInformation=0x11ddd40, Length=0x2cc, ReturnLength=null ) => 0
6774:23f8 @ 118014625 - LdrpGetProcedureAddress - INFO: Locating procedure "RtlAllocateHeap" by name
NtQueryInformationThread( ThreadHandle=-2, ThreadInformationClass=0x1d [ThreadWow64Context], ThreadInformation=0xbdde80, Length=0x2cc, ReturnLength=null ) => 0
6774:6ca8 @ 118014625 - LdrpFindDllActivationContext - INFO: Probing for the manifest of DLL "C:\Program Files (x86)\Microsoft Xbox 360 SDK\bin\win32\MSVCP100.dll" failed with status 0xc000008a
NtQueryInformationThread( ThreadHandle=-2, ThreadInformationClass=0x1d [ThreadWow64Context], ThreadInformation=0x110e380, Length=0x2cc, ReturnLength=null ) => 0
NtProtectVirtualMemory( ProcessHandle=-1, BaseAddress=0x11de2c8 [0x59351000], Size=0x11de2b8 [0x1000], NewProtect=4, OldProtect=0x11de258 [0x20] ) => 0
6774:23f8 @ 118014625 - LdrpGetProcedureAddress - INFO: Locating procedure "RtlDeleteCriticalSection" by name
6774:6054 @ 118014625 - LdrpSearchPath - RETURN: Status: 0xc0000135
NtQueryInformationThread( ThreadHandle=-2, ThreadInformationClass=0x1d [ThreadWow64Context], ThreadInformation=0xbdde80, Length=0x2cc, ReturnLength=null ) => 0
6774:6054 @ 118014625 - LdrpProcessWork - ERROR: Unable to load DLL: "mscoree.dll", Parent Module: "C:\Program Files (x86)\Microsoft Xbox 360 SDK\bin\win32\c1xx.dll", Status: 0xc0000135
NtApphelpCacheControl( ServiceClass=6, ServiceData="" ) => 0
NtQueryInformationThread( ThreadHandle=-2, ThreadInformationClass=0x1d [ThreadWow64Context], ThreadInformation=0x110e380, Length=0x2cc, ReturnLength=null ) => 0
6774:23f8 @ 118014625 - LdrpPreprocessDllName - INFO: DLL api-ms-win-core-synch-l1-2-0 was redirected to C:\Windows\SYSTEM32\kernelbase.dll by API set
NtQueryInformationThread( ThreadHandle=-2, ThreadInformationClass=0x1d [ThreadWow64Context], ThreadInformation=0x11ddd40, Length=0x2cc, ReturnLength=null ) => 0
6774:6ca8 @ 118014625 - LdrpSearchPath - ENTER: DLL name: TLBREF.dll
NtWaitForWorkViaWorkerFactory( WorkerFactoryHandle=0xc8, MiniPacket=0xbdeae0 ) => 0
NtQueryInformationThread( ThreadHandle=-2, ThreadInformationClass=0x1d [ThreadWow64Context], ThreadInformation=0x11ddd40, Length=0x2cc, ReturnLength=null ) => 0
NtQueryInformationThread( ThreadHandle=-2, ThreadInformationClass=0x1d [ThreadWow64Context], ThreadInformation=0x110e380, Length=0x2cc, ReturnLength=null ) => 0
6774:6ca8 @ 118014625 - LdrpResolveDllName - ENTER: DLL name: C:\Program Files (x86)\Microsoft Xbox 360 SDK\bin\win32\TLBREF.dll
6774:23f8 @ 118014625 - LdrpGetProcedureAddress - INFO: Locating procedure "InitOnceBeginInitialize" by name
NtQueryInformationThread( ThreadHandle=-2, ThreadInformationClass=0x1d [ThreadWow64Context], ThreadInformation=0x110e380, Length=0x2cc, ReturnLength=null ) => 0
6774:23f8 @ 118014625 - LdrpPreprocessDllName - INFO: DLL api-ms-win-core-synch-l1-2-0 was redirected to C:\Windows\SYSTEM32\kernelbase.dll by API set
NtQueryInformationThread( ThreadHandle=-2, ThreadInformationClass=0x1d [ThreadWow64Context], ThreadInformation=0x110e380, Length=0x2cc, ReturnLength=null ) => 0
6774:23f8 @ 118014625 - LdrpGetProcedureAddress - INFO: Locating procedure "InitOnceComplete" by name
NtQueryInformationThread( ThreadHandle=-2, ThreadInformationClass=0x1d [ThreadWow64Context], ThreadInformation=0x110e380, Length=0x2cc, ReturnLength=null ) => 0
6774:23f8 @ 118014625 - LdrpGetProcedureAddress - INFO: Locating procedure "RtlInitializeCriticalSection" by name
NtQueryInformationThread( ThreadHandle=-2, ThreadInformationClass=0x1d [ThreadWow64Context], ThreadInformation=0x110e380, Length=0x2cc, ReturnLength=null ) => 0
6774:23f8 @ 118014625 - LdrpGetProcedureAddress - INFO: Locating procedure "RtlDecodePointer" by name
NtQueryAttributesFile( ObjectAttributes="\??\C:\Program Files (x86)\Microsoft Xbox 360 SDK\bin\win32\TLBREF.dll", Attributes=0x11de2c8 [NORMAL] ) => 0
NtQueryInformationThread( ThreadHandle=-2, ThreadInformationClass=0x1d [ThreadWow64Context], ThreadInformation=0x110e380, Length=0x2cc, ReturnLength=null ) => 0
6774:23f8 @ 118014625 - LdrpGetProcedureAddress - INFO: Locating procedure "RtlEncodePointer" by name
NtQueryInformationThread( ThreadHandle=-2, ThreadInformationClass=0x1d [ThreadWow64Context], ThreadInformation=0x11ddd40, Length=0x2cc, ReturnLength=null ) => 0
6774:6ca8 @ 118014625 - LdrpResolveDllName - RETURN: Status: 0x00000000
NtQueryInformationThread( ThreadHandle=-2, ThreadInformationClass=0x1d [ThreadWow64Context], ThreadInformation=0x11ddd40, Length=0x2cc, ReturnLength=null ) => 0
NtQueryInformationThread( ThreadHandle=-2, ThreadInformationClass=0x1d [ThreadWow64Context], ThreadInformation=0x110e380, Length=0x2cc, ReturnLength=null ) => 0
6774:6ca8 @ 118014625 - LdrpSearchPath - RETURN: Status: 0x00000000
6774:23f8 @ 118014625 - LdrpGetProcedureAddress - INFO: Locating procedure "TpCallbackUnloadDllOnCompletion" by name
NtQueryInformationThread( ThreadHandle=-2, ThreadInformationClass=0x1d [ThreadWow64Context], ThreadInformation=0x110e380, Length=0x2cc, ReturnLength=null ) => 0
6774:23f8 @ 118014625 - LdrpGetProcedureAddress - INFO: Locating procedure "TpReleaseIoCompletion" by name
NtQueryInformationThread( ThreadHandle=-2, ThreadInformationClass=0x1d [ThreadWow64Context], ThreadInformation=0x110e380, Length=0x2cc, ReturnLength=null ) => 0
6774:23f8 @ 118014625 - LdrpGetProcedureAddress - INFO: Locating procedure "TpCancelAsyncIoOperation" by name
NtOpenFile( FileHandle=0x11de318 [0xdc], DesiredAccess=SYNCHRONIZE|0x21, ObjectAttributes="\??\C:\Program Files (x86)\Microsoft Xbox 360 SDK\bin\win32\TLBREF.dll", IoStatusBlock=0x11de2b8 [0/1], ShareAccess=5, OpenOptions=0x60 ) => 0
NtQueryInformationThread( ThreadHandle=-2, ThreadInformationClass=0x1d [ThreadWow64Context], ThreadInformation=0x110e380, Length=0x2cc, ReturnLength=null ) => 0
6774:23f8 @ 118014625 - LdrpGetProcedureAddress - INFO: Locating procedure "TpStartAsyncIoOperation" by name
NtQueryInformationThread( ThreadHandle=-2, ThreadInformationClass=0x1d [ThreadWow64Context], ThreadInformation=0x110e380, Length=0x2cc, ReturnLength=null ) => 0
6774:23f8 @ 118014625 - LdrpGetProcedureAddress - INFO: Locating procedure "EtwEventSetInformation" by name
NtCreateSection( SectionHandle=0x11de318 [0xe4], DesiredAccess=0xd, ObjectAttributes=null, SectionSize=null, Protect=0x10, Attributes=0x01000000, FileHandle=0xdc ) => 0
NtQueryInformationThread( ThreadHandle=-2, ThreadInformationClass=0x1d [ThreadWow64Context], ThreadInformation=0x110e380, Length=0x2cc, ReturnLength=null ) => 0
6774:23f8 @ 118014625 - LdrpGetProcedureAddress - INFO: Locating procedure "EtwEventRegister" by name
NtQueryInformationThread( ThreadHandle=-2, ThreadInformationClass=0x1d [ThreadWow64Context], ThreadInformation=0x11ddd40, Length=0x2cc, ReturnLength=null ) => 0
6774:6ca8 @ 118014625 - LdrpMinimalMapModule - ENTER: DLL name: C:\Program Files (x86)\Microsoft Xbox 360 SDK\bin\win32\TLBREF.dll
NtQueryInformationThread( ThreadHandle=-2, ThreadInformationClass=0x1d [ThreadWow64Context], ThreadInformation=0x110e380, Length=0x2cc, ReturnLength=null ) => 0
6774:23f8 @ 118014625 - LdrpGetProcedureAddress - INFO: Locating procedure "EtwEventUnregister" by name
NtQueryInformationThread( ThreadHandle=-2, ThreadInformationClass=0x1d [ThreadWow64Context], ThreadInformation=0x110e380, Length=0x2cc, ReturnLength=null ) => 0
6774:23f8 @ 118014625 - LdrpGetProcedureAddress - INFO: Locating procedure "EtwEventWriteTransfer" by name
NtProtectVirtualMemory( ProcessHandle=-1, BaseAddress=0x110e908 [0x75c30000], Size=0x110e8f8 [0x1000], NewProtect=2, OldProtect=0x110e898 [4] ) => 0
Loaded DLL at 0000000059330000 C:\Program Files (x86)\Microsoft Xbox 360 SDK\bin\win32\TLBREF.dll
NtMapViewOfSection( SectionHandle=0xe4, ProcessHandle=-1, BaseAddress=0x11de2d0 [0x59330000], ZeroBits=0x7ffeffff, CommitSize=0, SectionOffset=null, ViewSize=0x11de280 [0x00013000], InheritDisposition=1 [ViewShare], AllocationType=0x00800000, Protect=0x80 ) => 0
NtQuerySection( SectionHandle=0xe4, SectionInformationClass=1 [SectionImageInformation], SectionInformation=0x11de290, Length=0x40, ReturnLength=null ) => 0
NtQueryVirtualMemory( ProcessHandle=-1, BaseAddress=0x59330000, MemoryInformationClass=6 [MemoryImageInformation], MemoryInformation=0x11de1a0, Length=0x18, ReturnLength=null ) => 0
NtQueryInformationThread( ThreadHandle=-2, ThreadInformationClass=0x1d [ThreadWow64Context], ThreadInformation=0x11ddd40, Length=0x2cc, ReturnLength=null ) => 0
6774:6ca8 @ 118014625 - LdrpMinimalMapModule - RETURN: Status: 0x00000000
NtProtectVirtualMemory( ProcessHandle=-1, BaseAddress=0x11de2c8 [0x77439000], Size=0x11de2b8 [0x3000], NewProtect=4, OldProtect=0x11de258 [2] ) => 0
NtProtectVirtualMemory( ProcessHandle=-1, BaseAddress=0x11de2c8 [0x77439000], Size=0x11de2b8 [0x3000], NewProtect=2, OldProtect=0x11de258 [4] ) => 0
NtQueryInformationThread( ThreadHandle=-2, ThreadInformationClass=0x1d [ThreadWow64Context], ThreadInformation=0x11ddd40, Length=0x2cc, ReturnLength=null ) => 0
6774:6ca8 @ 118014625 - LdrpFindDllActivationContext - INFO: Probing for the manifest of DLL "C:\Program Files (x86)\Microsoft Xbox 360 SDK\bin\win32\TLBREF.dll" failed with status 0xc000008a
NtProtectVirtualMemory( ProcessHandle=-1, BaseAddress=0x11de2c8 [0x59331000], Size=0x11de2b8 [0x1000], NewProtect=4, OldProtect=0x11de258 [0x20] ) => 0
NtQueryInformationThread( ThreadHandle=-2, ThreadInformationClass=0x1d [ThreadWow64Context], ThreadInformation=0x11ddd40, Length=0x2cc, ReturnLength=null ) => 0
6774:6ca8 @ 118014625 - LdrpProcessWork - ERROR: Unable to load DLL: "TLBREF.dll", Parent Module: "C:\Program Files (x86)\Microsoft Xbox 360 SDK\bin\win32\c1xx.dll", Status: 0xc0000135
NtApphelpCacheControl( ServiceClass=6, ServiceData="" ) => 0
NtQueryInformationThread( ThreadHandle=-2, ThreadInformationClass=0x1d [ThreadWow64Context], ThreadInformation=0xb7dd20, Length=0x2cc, ReturnLength=null ) => 0
6774:651c @ 118014625 - LdrpMergeNodes - INFO: Merging a cycle rooted at GDI32.dll.
NtQueryInformationThread( ThreadHandle=-2, ThreadInformationClass=0x1d [ThreadWow64Context], ThreadInformation=0xb7dd20, Length=0x2cc, ReturnLength=null ) => 0
6774:651c @ 118014625 - LdrpMergeNodes - INFO: Adding cyclic module gdi32full.dll.
NtQueryInformationThread( ThreadHandle=-2, ThreadInformationClass=0x1d [ThreadWow64Context], ThreadInformation=0xb7dd20, Length=0x2cc, ReturnLength=null ) => 0
6774:651c @ 118014625 - LdrpMergeNodes - INFO: Adding cyclic module USER32.dll.
NtProtectVirtualMemory( ProcessHandle=-1, BaseAddress=0xb7e2a8 [0x77439000], Size=0xb7e298 [0x3000], NewProtect=4, OldProtect=0xb7e238 [2] ) => 0
NtProtectVirtualMemory( ProcessHandle=-1, BaseAddress=0xb7e2a8 [0x77439000], Size=0xb7e298 [0x3000], NewProtect=2, OldProtect=0xb7e238 [4] ) => 0
Unload of DLL at 00000000593C0000
NtUnmapViewOfSection( ProcessHandle=-1, BaseAddress=0x593c0000 ) => 0
NtProtectVirtualMemory( ProcessHandle=-1, BaseAddress=0xb7e2a8 [0x77439000], Size=0xb7e298 [0x3000], NewProtect=4, OldProtect=0xb7e238 [2] ) => 0
NtProtectVirtualMemory( ProcessHandle=-1, BaseAddress=0xb7e2a8 [0x77439000], Size=0xb7e298 [0x3000], NewProtect=2, OldProtect=0xb7e238 [4] ) => 0
Unload of DLL at 00000000593F0000
NtUnmapViewOfSection( ProcessHandle=-1, BaseAddress=0x593f0000 ) => 0
NtProtectVirtualMemory( ProcessHandle=-1, BaseAddress=0xb7e2a8 [0x77439000], Size=0xb7e298 [0x3000], NewProtect=4, OldProtect=0xb7e238 [2] ) => 0
NtProtectVirtualMemory( ProcessHandle=-1, BaseAddress=0xb7e2a8 [0x77439000], Size=0xb7e298 [0x3000], NewProtect=2, OldProtect=0xb7e238 [4] ) => 0
Unload of DLL at 0000000059350000
NtUnmapViewOfSection( ProcessHandle=-1, BaseAddress=0x59350000 ) => 0
NtProtectVirtualMemory( ProcessHandle=-1, BaseAddress=0xb7e2a8 [0x77439000], Size=0xb7e298 [0x3000], NewProtect=4, OldProtect=0xb7e238 [2] ) => 0
NtProtectVirtualMemory( ProcessHandle=-1, BaseAddress=0xb7e2a8 [0x77439000], Size=0xb7e298 [0x3000], NewProtect=2, OldProtect=0xb7e238 [4] ) => 0
Unload of DLL at 0000000077090000
NtUnmapViewOfSection( ProcessHandle=-1, BaseAddress=0x77090000 ) => 0
NtProtectVirtualMemory( ProcessHandle=-1, BaseAddress=0xb7e2a8 [0x77439000], Size=0xb7e298 [0x3000], NewProtect=4, OldProtect=0xb7e238 [2] ) => 0
NtProtectVirtualMemory( ProcessHandle=-1, BaseAddress=0xb7e2a8 [0x77439000], Size=0xb7e298 [0x3000], NewProtect=2, OldProtect=0xb7e238 [4] ) => 0
Unload of DLL at 0000000077150000
NtUnmapViewOfSection( ProcessHandle=-1, BaseAddress=0x77150000 ) => 0
NtProtectVirtualMemory( ProcessHandle=-1, BaseAddress=0xb7e2a8 [0x77439000], Size=0xb7e298 [0x3000], NewProtect=4, OldProtect=0xb7e238 [2] ) => 0
NtProtectVirtualMemory( ProcessHandle=-1, BaseAddress=0xb7e2a8 [0x77439000], Size=0xb7e298 [0x3000], NewProtect=2, OldProtect=0xb7e238 [4] ) => 0
Unload of DLL at 0000000077010000
NtUnmapViewOfSection( ProcessHandle=-1, BaseAddress=0x77010000 ) => 0
NtProtectVirtualMemory( ProcessHandle=-1, BaseAddress=0xb7e2a8 [0x77439000], Size=0xb7e298 [0x3000], NewProtect=4, OldProtect=0xb7e238 [2] ) => 0
NtProtectVirtualMemory( ProcessHandle=-1, BaseAddress=0xb7e2a8 [0x77439000], Size=0xb7e298 [0x3000], NewProtect=2, OldProtect=0xb7e238 [4] ) => 0
Unload of DLL at 0000000075BC0000
NtUnmapViewOfSection( ProcessHandle=-1, BaseAddress=0x75bc0000 ) => 0
NtProtectVirtualMemory( ProcessHandle=-1, BaseAddress=0xb7e2a8 [0x77439000], Size=0xb7e298 [0x3000], NewProtect=4, OldProtect=0xb7e238 [2] ) => 0
NtProtectVirtualMemory( ProcessHandle=-1, BaseAddress=0xb7e2a8 [0x77439000], Size=0xb7e298 [0x3000], NewProtect=2, OldProtect=0xb7e238 [4] ) => 0
Unload of DLL at 0000000076C50000
NtUnmapViewOfSection( ProcessHandle=-1, BaseAddress=0x76c50000 ) => 0
NtProtectVirtualMemory( ProcessHandle=-1, BaseAddress=0xb7e2a8 [0x77439000], Size=0xb7e298 [0x3000], NewProtect=4, OldProtect=0xb7e238 [2] ) => 0
NtProtectVirtualMemory( ProcessHandle=-1, BaseAddress=0xb7e2a8 [0x77439000], Size=0xb7e298 [0x3000], NewProtect=2, OldProtect=0xb7e238 [4] ) => 0
Unload of DLL at 0000000076FE0000
NtUnmapViewOfSection( ProcessHandle=-1, BaseAddress=0x76fe0000 ) => 0
NtProtectVirtualMemory( ProcessHandle=-1, BaseAddress=0xb7e2a8 [0x77439000], Size=0xb7e298 [0x3000], NewProtect=4, OldProtect=0xb7e238 [2] ) => 0
NtProtectVirtualMemory( ProcessHandle=-1, BaseAddress=0xb7e2a8 [0x77439000], Size=0xb7e298 [0x3000], NewProtect=2, OldProtect=0xb7e238 [4] ) => 0
Unload of DLL at 0000000076430000
NtUnmapViewOfSection( ProcessHandle=-1, BaseAddress=0x76430000 ) => 0
NtProtectVirtualMemory( ProcessHandle=-1, BaseAddress=0xb7e2a8 [0x77439000], Size=0xb7e298 [0x3000], NewProtect=4, OldProtect=0xb7e238 [2] ) => 0
NtProtectVirtualMemory( ProcessHandle=-1, BaseAddress=0xb7e2a8 [0x77439000], Size=0xb7e298 [0x3000], NewProtect=2, OldProtect=0xb7e238 [4] ) => 0
Unload of DLL at 00000000765A0000
NtUnmapViewOfSection( ProcessHandle=-1, BaseAddress=0x765a0000 ) => 0
NtProtectVirtualMemory( ProcessHandle=-1, BaseAddress=0xb7e2a8 [0x77439000], Size=0xb7e298 [0x3000], NewProtect=4, OldProtect=0xb7e238 [2] ) => 0
NtProtectVirtualMemory( ProcessHandle=-1, BaseAddress=0xb7e2a8 [0x77439000], Size=0xb7e298 [0x3000], NewProtect=2, OldProtect=0xb7e238 [4] ) => 0
Unload of DLL at 00000000767D0000
NtUnmapViewOfSection( ProcessHandle=-1, BaseAddress=0x767d0000 ) => 0
NtProtectVirtualMemory( ProcessHandle=-1, BaseAddress=0xb7e2a8 [0x77439000], Size=0xb7e298 [0x3000], NewProtect=4, OldProtect=0xb7e238 [2] ) => 0
NtProtectVirtualMemory( ProcessHandle=-1, BaseAddress=0xb7e2a8 [0x77439000], Size=0xb7e298 [0x3000], NewProtect=2, OldProtect=0xb7e238 [4] ) => 0
Unload of DLL at 0000000076750000
NtUnmapViewOfSection( ProcessHandle=-1, BaseAddress=0x76750000 ) => 0
NtProtectVirtualMemory( ProcessHandle=-1, BaseAddress=0xb7e2a8 [0x77439000], Size=0xb7e298 [0x3000], NewProtect=4, OldProtect=0xb7e238 [2] ) => 0
NtProtectVirtualMemory( ProcessHandle=-1, BaseAddress=0xb7e2a8 [0x77439000], Size=0xb7e298 [0x3000], NewProtect=2, OldProtect=0xb7e238 [4] ) => 0
Unload of DLL at 00000000769E0000
NtUnmapViewOfSection( ProcessHandle=-1, BaseAddress=0x769e0000 ) => 0
NtProtectVirtualMemory( ProcessHandle=-1, BaseAddress=0xb7e2a8 [0x77439000], Size=0xb7e298 [0x3000], NewProtect=4, OldProtect=0xb7e238 [2] ) => 0
NtProtectVirtualMemory( ProcessHandle=-1, BaseAddress=0xb7e2a8 [0x77439000], Size=0xb7e298 [0x3000], NewProtect=2, OldProtect=0xb7e238 [4] ) => 0
Unload of DLL at 0000000075190000
NtUnmapViewOfSection( ProcessHandle=-1, BaseAddress=0x75190000 ) => 0
NtProtectVirtualMemory( ProcessHandle=-1, BaseAddress=0xb7e2a8 [0x77439000], Size=0xb7e298 [0x3000], NewProtect=4, OldProtect=0xb7e238 [2] ) => 0
NtProtectVirtualMemory( ProcessHandle=-1, BaseAddress=0xb7e2a8 [0x77439000], Size=0xb7e298 [0x3000], NewProtect=2, OldProtect=0xb7e238 [4] ) => 0
Unload of DLL at 0000000076C70000
NtUnmapViewOfSection( ProcessHandle=-1, BaseAddress=0x76c70000 ) => 0
NtProtectVirtualMemory( ProcessHandle=-1, BaseAddress=0xb7e2a8 [0x77439000], Size=0xb7e298 [0x3000], NewProtect=4, OldProtect=0xb7e238 [2] ) => 0
NtProtectVirtualMemory( ProcessHandle=-1, BaseAddress=0xb7e2a8 [0x77439000], Size=0xb7e298 [0x3000], NewProtect=2, OldProtect=0xb7e238 [4] ) => 0
Unload of DLL at 0000000075AE0000
NtUnmapViewOfSection( ProcessHandle=-1, BaseAddress=0x75ae0000 ) => 0
NtProtectVirtualMemory( ProcessHandle=-1, BaseAddress=0xb7e2a8 [0x77439000], Size=0xb7e298 [0x3000], NewProtect=4, OldProtect=0xb7e238 [2] ) => 0
NtProtectVirtualMemory( ProcessHandle=-1, BaseAddress=0xb7e2a8 [0x77439000], Size=0xb7e298 [0x3000], NewProtect=2, OldProtect=0xb7e238 [4] ) => 0
Unload of DLL at 0000000059330000
NtUnmapViewOfSection( ProcessHandle=-1, BaseAddress=0x59330000 ) => 0
NtProtectVirtualMemory( ProcessHandle=-1, BaseAddress=0xb7e2a8 [0x77439000], Size=0xb7e298 [0x3000], NewProtect=4, OldProtect=0xb7e238 [2] ) => 0
NtProtectVirtualMemory( ProcessHandle=-1, BaseAddress=0xb7e2a8 [0x77439000], Size=0xb7e298 [0x3000], NewProtect=2, OldProtect=0xb7e238 [4] ) => 0
Unload of DLL at 0000000010500000
NtUnmapViewOfSection( ProcessHandle=-1, BaseAddress=0x10500000 ) => 0
NtQueryInformationThread( ThreadHandle=-2, ThreadInformationClass=0x1d [ThreadWow64Context], ThreadInformation=0xb7dd20, Length=0x2cc, ReturnLength=null ) => 0
6774:651c @ 118014625 - LdrpLoadDllInternal - RETURN: Status: 0xc0000135
NtQueryInformationThread( ThreadHandle=-2, ThreadInformationClass=0x1d [ThreadWow64Context], ThreadInformation=0xb7dd20, Length=0x2cc, ReturnLength=null ) => 0
6774:651c @ 118014625 - LdrLoadDll - RETURN: Status: 0xc0000135
NtQueryInformationThread( ThreadHandle=-2, ThreadInformationClass=0x1d [ThreadWow64Context], ThreadInformation=0xb7dd20, Length=0x2cc, ReturnLength=null ) => 0
6774:651c @ 118014625 - LdrLoadDll - ENTER: DLL name: C:\Program Files (x86)\Microsoft Xbox 360 SDK\bin\win32\c2.dll
NtQueryInformationThread( ThreadHandle=-2, ThreadInformationClass=0x1d [ThreadWow64Context], ThreadInformation=0xb7dd20, Length=0x2cc, ReturnLength=null ) => 0
6774:651c @ 118014625 - LdrpLoadDllInternal - ENTER: DLL name: C:\Program Files (x86)\Microsoft Xbox 360 SDK\bin\win32\c2.dll
NtQueryInformationThread( ThreadHandle=-2, ThreadInformationClass=0x2a [ThreadDynamicCodePolicyInfo], ThreadInformation=0xd7f86c, Length=4, ReturnLength=null ) => 0
NtQueryInformationThread( ThreadHandle=-2, ThreadInformationClass=0x1d [ThreadWow64Context], ThreadInformation=0xb7dd20, Length=0x2cc, ReturnLength=null ) => 0
6774:651c @ 118014625 - LdrpResolveDllName - ENTER: DLL name: C:\Program Files (x86)\Microsoft Xbox 360 SDK\bin\win32\c2.dll
NtQueryAttributesFile( ObjectAttributes="\??\C:\Program Files (x86)\Microsoft Xbox 360 SDK\bin\win32\c2.dll", Attributes=0xb7e2a8 [ARCHIVE] ) => 0
NtQueryInformationThread( ThreadHandle=-2, ThreadInformationClass=0x1d [ThreadWow64Context], ThreadInformation=0xb7dd20, Length=0x2cc, ReturnLength=null ) => 0
6774:651c @ 118014625 - LdrpResolveDllName - RETURN: Status: 0x00000000
NtOpenFile( FileHandle=0xb7e2f8 [0xdc], DesiredAccess=SYNCHRONIZE|0x21, ObjectAttributes="\??\C:\Program Files (x86)\Microsoft Xbox 360 SDK\bin\win32\c2.dll", IoStatusBlock=0xb7e298 [0/1], ShareAccess=5, OpenOptions=0x60 ) => 0
NtCreateSection( SectionHandle=0xb7e2f8 [0xe4], DesiredAccess=0xd, ObjectAttributes=null, SectionSize=null, Protect=0x10, Attributes=0x01000000, FileHandle=0xdc ) => 0
NtQueryInformationThread( ThreadHandle=-2, ThreadInformationClass=0x1d [ThreadWow64Context], ThreadInformation=0xb7dd20, Length=0x2cc, ReturnLength=null ) => 0
6774:651c @ 118014625 - LdrpMinimalMapModule - ENTER: DLL name: C:\Program Files (x86)\Microsoft Xbox 360 SDK\bin\win32\c2.dll
Loaded DLL at 00000000593C0000 C:\Program Files (x86)\Microsoft Xbox 360 SDK\bin\win32\c2.dll
NtMapViewOfSection( SectionHandle=0xe4, ProcessHandle=-1, BaseAddress=0xb7e2b0 [0x593c0000], ZeroBits=0x7ffeffff, CommitSize=0, SectionOffset=null, ViewSize=0xb7e260 [0x000e3000], InheritDisposition=1 [ViewShare], AllocationType=0x00800000, Protect=0x80 ) => 0
NtQuerySection( SectionHandle=0xe4, SectionInformationClass=1 [SectionImageInformation], SectionInformation=0xb7e270, Length=0x40, ReturnLength=null ) => 0
NtQueryVirtualMemory( ProcessHandle=-1, BaseAddress=0x593c0000, MemoryInformationClass=6 [MemoryImageInformation], MemoryInformation=0xb7e180, Length=0x18, ReturnLength=null ) => 0
NtQueryInformationThread( ThreadHandle=-2, ThreadInformationClass=0x1d [ThreadWow64Context], ThreadInformation=0xb7dd20, Length=0x2cc, ReturnLength=null ) => 0
6774:651c @ 118014625 - LdrpMinimalMapModule - RETURN: Status: 0x00000000
NtProtectVirtualMemory( ProcessHandle=-1, BaseAddress=0xb7e2a8 [0x77439000], Size=0xb7e298 [0x3000], NewProtect=4, OldProtect=0xb7e238 [2] ) => 0
NtProtectVirtualMemory( ProcessHandle=-1, BaseAddress=0xb7e2a8 [0x77439000], Size=0xb7e298 [0x3000], NewProtect=2, OldProtect=0xb7e238 [4] ) => 0
NtQueryInformationThread( ThreadHandle=-2, ThreadInformationClass=0x1d [ThreadWow64Context], ThreadInformation=0xb7dd20, Length=0x2cc, ReturnLength=null ) => 0
6774:651c @ 118014625 - LdrpFindDllActivationContext - INFO: Probing for the manifest of DLL "C:\Program Files (x86)\Microsoft Xbox 360 SDK\bin\win32\c2.dll" failed with status 0xc0000089
NtProtectVirtualMemory( ProcessHandle=-1, BaseAddress=0xb7e2a8 [0x5949b000], Size=0xb7e298 [0x1000], NewProtect=4, OldProtect=0xb7e238 [2] ) => 0
NtQueryInformationThread( ThreadHandle=-2, ThreadInformationClass=0x1d [ThreadWow64Context], ThreadInformation=0xb7dd20, Length=0x2cc, ReturnLength=null ) => 0
6774:651c @ 118014625 - LdrpGetProcedureAddress - INFO: Locating procedure "RtlInitializeSListHead" by name
NtQueryInformationThread( ThreadHandle=-2, ThreadInformationClass=0x1d [ThreadWow64Context], ThreadInformation=0xb7dd20, Length=0x2cc, ReturnLength=null ) => 0
6774:651c @ 118014625 - LdrpGetProcedureAddress - INFO: Locating procedure "RtlInterlockedPushEntrySList" by name
NtQueryInformationThread( ThreadHandle=-2, ThreadInformationClass=0x1d [ThreadWow64Context], ThreadInformation=0xb7dd20, Length=0x2cc, ReturnLength=null ) => 0
6774:651c @ 118014625 - LdrpGetProcedureAddress - INFO: Locating procedure "RtlInterlockedFlushSList" by name
NtQueryInformationThread( ThreadHandle=-2, ThreadInformationClass=0x1d [ThreadWow64Context], ThreadInformation=0xb7dd20, Length=0x2cc, ReturnLength=null ) => 0
6774:651c @ 118014625 - LdrpGetProcedureAddress - INFO: Locating procedure "RtlEnterCriticalSection" by name
NtQueryInformationThread( ThreadHandle=-2, ThreadInformationClass=0x1d [ThreadWow64Context], ThreadInformation=0xb7dd20, Length=0x2cc, ReturnLength=null ) => 0
6774:651c @ 118014625 - LdrpGetProcedureAddress - INFO: Locating procedure "RtlLeaveCriticalSection" by name
NtQueryInformationThread( ThreadHandle=-2, ThreadInformationClass=0x1d [ThreadWow64Context], ThreadInformation=0xb7dd20, Length=0x2cc, ReturnLength=null ) => 0
6774:651c @ 118014625 - LdrpGetProcedureAddress - INFO: Locating procedure "RtlDeleteCriticalSection" by name
NtQueryInformationThread( ThreadHandle=-2, ThreadInformationClass=0x1d [ThreadWow64Context], ThreadInformation=0xb7dd20, Length=0x2cc, ReturnLength=null ) => 0
6774:651c @ 118014625 - LdrpGetProcedureAddress - INFO: Locating procedure "RtlEncodePointer" by name
NtQueryInformationThread( ThreadHandle=-2, ThreadInformationClass=0x1d [ThreadWow64Context], ThreadInformation=0xb7dd20, Length=0x2cc, ReturnLength=null ) => 0
6774:651c @ 118014625 - LdrpGetProcedureAddress - INFO: Locating procedure "RtlAllocateHeap" by name
NtQueryInformationThread( ThreadHandle=-2, ThreadInformationClass=0x1d [ThreadWow64Context], ThreadInformation=0xb7dd20, Length=0x2cc, ReturnLength=null ) => 0
6774:651c @ 118014625 - LdrpGetProcedureAddress - INFO: Locating procedure "RtlDecodePointer" by name
NtQueryInformationThread( ThreadHandle=-2, ThreadInformationClass=0x1d [ThreadWow64Context], ThreadInformation=0xb7dd20, Length=0x2cc, ReturnLength=null ) => 0
6774:651c @ 118014625 - LdrpGetProcedureAddress - INFO: Locating procedure "RtlReAllocateHeap" by name
NtQueryInformationThread( ThreadHandle=-2, ThreadInformationClass=0x1d [ThreadWow64Context], ThreadInformation=0xb7dd20, Length=0x2cc, ReturnLength=null ) => 0
6774:651c @ 118014625 - LdrpGetProcedureAddress - INFO: Locating procedure "RtlSizeHeap" by name
NtProtectVirtualMemory( ProcessHandle=-1, BaseAddress=0xb7e2a8 [0x5949b000], Size=0xb7e298 [0x1000], NewProtect=2, OldProtect=0xb7e238 [4] ) => 0
NtApphelpCacheControl( ServiceClass=6, ServiceData="" ) => 0
NtSetInformationVirtualMemory( ProcessHandle=-1, VmInformationClass=4, NumberOfEntries=1, VirtualAddresses=0xb7eb70, VmInformation=0xd7f80c, VmInformationLength=4 ) => 0xc00000bb [50 'The request is not supported.']
NtQueryInformationThread( ThreadHandle=-2, ThreadInformationClass=0x1d [ThreadWow64Context], ThreadInformation=0xb7dd20, Length=0x2cc, ReturnLength=null ) => 0
6774:651c @ 118014625 - LdrpInitializeNode - INFO: Calling init routine 593C3C3D for DLL "C:\Program Files (x86)\Microsoft Xbox 360 SDK\bin\win32\c2.dll"
NtQueryInformationThread( ThreadHandle=-2, ThreadInformationClass=0x1d [ThreadWow64Context], ThreadInformation=0xb7dd20, Length=0x2cc, ReturnLength=null ) => 0
6774:651c @ 118014625 - LdrLoadDll - ENTER: DLL name: api-ms-win-core-synch-l1-2-0
NtQueryInformationThread( ThreadHandle=-2, ThreadInformationClass=0x1d [ThreadWow64Context], ThreadInformation=0xb7dd20, Length=0x2cc, ReturnLength=null ) => 0
6774:651c @ 118014625 - LdrpPreprocessDllName - INFO: DLL api-ms-win-core-synch-l1-2-0 was redirected to C:\Windows\SYSTEM32\kernelbase.dll by API set
NtQueryInformationThread( ThreadHandle=-2, ThreadInformationClass=0x1d [ThreadWow64Context], ThreadInformation=0xb7dd20, Length=0x2cc, ReturnLength=null ) => 0
6774:651c @ 118014625 - LdrpLoadDllInternal - ENTER: DLL name: C:\Windows\SYSTEM32\kernelbase.dll
NtQueryInformationThread( ThreadHandle=-2, ThreadInformationClass=0x1d [ThreadWow64Context], ThreadInformation=0xb7dd20, Length=0x2cc, ReturnLength=null ) => 0
6774:651c @ 118014625 - LdrpLoadDllInternal - RETURN: Status: 0x00000000
NtQueryInformationThread( ThreadHandle=-2, ThreadInformationClass=0x1d [ThreadWow64Context], ThreadInformation=0xb7dd20, Length=0x2cc, ReturnLength=null ) => 0
6774:651c @ 118014625 - LdrLoadDll - RETURN: Status: 0x00000000
NtQueryInformationThread( ThreadHandle=-2, ThreadInformationClass=0x1d [ThreadWow64Context], ThreadInformation=0xb7dd20, Length=0x2cc, ReturnLength=null ) => 0
6774:651c @ 118014625 - LdrpGetProcedureAddress - INFO: Locating procedure "InitializeCriticalSectionEx" by name
NtQueryInformationThread( ThreadHandle=-2, ThreadInformationClass=0x1d [ThreadWow64Context], ThreadInformation=0xb7dd20, Length=0x2cc, ReturnLength=null ) => 0
6774:651c @ 118014625 - LdrLoadDll - ENTER: DLL name: api-ms-win-core-fibers-l1-1-1
NtQueryInformationThread( ThreadHandle=-2, ThreadInformationClass=0x1d [ThreadWow64Context], ThreadInformation=0xb7dd20, Length=0x2cc, ReturnLength=null ) => 0
6774:651c @ 118014625 - LdrpPreprocessDllName - INFO: DLL api-ms-win-core-fibers-l1-1-1 was redirected to C:\Windows\SYSTEM32\kernelbase.dll by API set
NtQueryInformationThread( ThreadHandle=-2, ThreadInformationClass=0x1d [ThreadWow64Context], ThreadInformation=0xb7dd20, Length=0x2cc, ReturnLength=null ) => 0
6774:651c @ 118014625 - LdrpLoadDllInternal - ENTER: DLL name: C:\Windows\SYSTEM32\kernelbase.dll
NtQueryInformationThread( ThreadHandle=-2, ThreadInformationClass=0x1d [ThreadWow64Context], ThreadInformation=0xb7dd20, Length=0x2cc, ReturnLength=null ) => 0
6774:651c @ 118014625 - LdrpLoadDllInternal - RETURN: Status: 0x00000000
NtQueryInformationThread( ThreadHandle=-2, ThreadInformationClass=0x1d [ThreadWow64Context], ThreadInformation=0xb7dd20, Length=0x2cc, ReturnLength=null ) => 0
6774:651c @ 118014625 - LdrLoadDll - RETURN: Status: 0x00000000
NtQueryInformationThread( ThreadHandle=-2, ThreadInformationClass=0x1d [ThreadWow64Context], ThreadInformation=0xb7dd20, Length=0x2cc, ReturnLength=null ) => 0
6774:651c @ 118014625 - LdrpGetProcedureAddress - INFO: Locating procedure "FlsAlloc" by name
NtQueryInformationThread( ThreadHandle=-2, ThreadInformationClass=0x1d [ThreadWow64Context], ThreadInformation=0xb7dd20, Length=0x2cc, ReturnLength=null ) => 0
6774:651c @ 118014625 - LdrpGetProcedureAddress - INFO: Locating procedure "FlsSetValue" by name
NtQueryInformationThread( ThreadHandle=-2, ThreadInformationClass=0x1d [ThreadWow64Context], ThreadInformation=0xb7dd20, Length=0x2cc, ReturnLength=null ) => 0
6774:651c @ 118014640 - LdrLoadDll - ENTER: DLL name: api-ms-win-core-synch-l1-2-0
NtQueryInformationThread( ThreadHandle=-2, ThreadInformationClass=0x1d [ThreadWow64Context], ThreadInformation=0xb7dd20, Length=0x2cc, ReturnLength=null ) => 0
6774:651c @ 118014640 - LdrpPreprocessDllName - INFO: DLL api-ms-win-core-synch-l1-2-0 was redirected to C:\Windows\SYSTEM32\kernelbase.dll by API set
NtQueryInformationThread( ThreadHandle=-2, ThreadInformationClass=0x1d [ThreadWow64Context], ThreadInformation=0xb7dd20, Length=0x2cc, ReturnLength=null ) => 0
6774:651c @ 118014640 - LdrpLoadDllInternal - ENTER: DLL name: C:\Windows\SYSTEM32\kernelbase.dll
NtQueryInformationThread( ThreadHandle=-2, ThreadInformationClass=0x1d [ThreadWow64Context], ThreadInformation=0xb7dd20, Length=0x2cc, ReturnLength=null ) => 0
6774:651c @ 118014640 - LdrpLoadDllInternal - RETURN: Status: 0x00000000
NtQueryInformationThread( ThreadHandle=-2, ThreadInformationClass=0x1d [ThreadWow64Context], ThreadInformation=0xb7dd20, Length=0x2cc, ReturnLength=null ) => 0
6774:651c @ 118014640 - LdrLoadDll - RETURN: Status: 0x00000000
NtQueryInformationThread( ThreadHandle=-2, ThreadInformationClass=0x1d [ThreadWow64Context], ThreadInformation=0xb7dd20, Length=0x2cc, ReturnLength=null ) => 0
6774:651c @ 118014640 - LdrpGetProcedureAddress - INFO: Locating procedure "InitializeCriticalSectionEx" by name
NtQueryInformationThread( ThreadHandle=-2, ThreadInformationClass=0x1d [ThreadWow64Context], ThreadInformation=0xb7dd20, Length=0x2cc, ReturnLength=null ) => 0
6774:651c @ 118014640 - LdrLoadDll - ENTER: DLL name: api-ms-win-core-fibers-l1-1-0
NtQueryInformationThread( ThreadHandle=-2, ThreadInformationClass=0x1d [ThreadWow64Context], ThreadInformation=0xb7dd20, Length=0x2cc, ReturnLength=null ) => 0
6774:651c @ 118014640 - LdrpPreprocessDllName - INFO: DLL api-ms-win-core-fibers-l1-1-0 was redirected to C:\Windows\SYSTEM32\kernelbase.dll by API set
NtQueryInformationThread( ThreadHandle=-2, ThreadInformationClass=0x1d [ThreadWow64Context], ThreadInformation=0xb7dd20, Length=0x2cc, ReturnLength=null ) => 0
6774:651c @ 118014640 - LdrpLoadDllInternal - ENTER: DLL name: C:\Windows\SYSTEM32\kernelbase.dll
NtQueryInformationThread( ThreadHandle=-2, ThreadInformationClass=0x1d [ThreadWow64Context], ThreadInformation=0xb7dd20, Length=0x2cc, ReturnLength=null ) => 0
6774:651c @ 118014640 - LdrpLoadDllInternal - RETURN: Status: 0x00000000
NtQueryInformationThread( ThreadHandle=-2, ThreadInformationClass=0x1d [ThreadWow64Context], ThreadInformation=0xb7dd20, Length=0x2cc, ReturnLength=null ) => 0
6774:651c @ 118014640 - LdrLoadDll - RETURN: Status: 0x00000000
NtQueryInformationThread( ThreadHandle=-2, ThreadInformationClass=0x1d [ThreadWow64Context], ThreadInformation=0xb7dd20, Length=0x2cc, ReturnLength=null ) => 0
6774:651c @ 118014640 - LdrpGetProcedureAddress - INFO: Locating procedure "FlsAlloc" by name
NtQueryInformationThread( ThreadHandle=-2, ThreadInformationClass=0x1d [ThreadWow64Context], ThreadInformation=0xb7dd20, Length=0x2cc, ReturnLength=null ) => 0
6774:651c @ 118014640 - LdrpGetProcedureAddress - INFO: Locating procedure "FlsGetValue" by name
NtQueryInformationThread( ThreadHandle=-2, ThreadInformationClass=0x1d [ThreadWow64Context], ThreadInformation=0xb7dd20, Length=0x2cc, ReturnLength=null ) => 0
6774:651c @ 118014640 - LdrpGetProcedureAddress - INFO: Locating procedure "FlsSetValue" by name
NtAllocateVirtualMemory( ProcessHandle=-1, lpAddress=0xb7e2b0 [0x01271000], ZeroBits=0, pSize=0xb7e2a0 [0x1000], flAllocationType=0x1000, flProtect=4 ) => 0
NtQueryVolumeInformationFile( FileHandle=0x58, IoStatusBlock=0xb7e2c8 [0/8], FsInformation=0xd7f5f0, Length=8, FsInformationClass=4 [FsDeviceInformation] ) => 0
NtQueryVolumeInformationFile( FileHandle=0x1ac, IoStatusBlock=0xb7e2c8 [0/8], FsInformation=0xd7f5f0, Length=8, FsInformationClass=4 [FsDeviceInformation] ) => 0
NtQueryVolumeInformationFile( FileHandle=0x60, IoStatusBlock=0xb7e2c8 [0/8], FsInformation=0xd7f5f0, Length=8, FsInformationClass=4 [FsDeviceInformation] ) => 0
NtQueryInformationThread( ThreadHandle=-2, ThreadInformationClass=0x1d [ThreadWow64Context], ThreadInformation=0xb7dd20, Length=0x2cc, ReturnLength=null ) => 0
6774:651c @ 118014640 - LdrLoadDll - ENTER: DLL name: api-ms-win-core-localization-l1-2-1
NtQueryInformationThread( ThreadHandle=-2, ThreadInformationClass=0x1d [ThreadWow64Context], ThreadInformation=0xb7dd20, Length=0x2cc, ReturnLength=null ) => 0
6774:651c @ 118014640 - LdrpPreprocessDllName - INFO: DLL api-ms-win-core-localization-l1-2-1 was redirected to C:\Windows\SYSTEM32\kernelbase.dll by API set
NtQueryInformationThread( ThreadHandle=-2, ThreadInformationClass=0x1d [ThreadWow64Context], ThreadInformation=0xb7dd20, Length=0x2cc, ReturnLength=null ) => 0
6774:651c @ 118014640 - LdrpLoadDllInternal - ENTER: DLL name: C:\Windows\SYSTEM32\kernelbase.dll
NtQueryInformationThread( ThreadHandle=-2, ThreadInformationClass=0x1d [ThreadWow64Context], ThreadInformation=0xb7dd20, Length=0x2cc, ReturnLength=null ) => 0
6774:651c @ 118014640 - LdrpLoadDllInternal - RETURN: Status: 0x00000000
NtQueryInformationThread( ThreadHandle=-2, ThreadInformationClass=0x1d [ThreadWow64Context], ThreadInformation=0xb7dd20, Length=0x2cc, ReturnLength=null ) => 0
6774:651c @ 118014640 - LdrLoadDll - RETURN: Status: 0x00000000
NtQueryInformationThread( ThreadHandle=-2, ThreadInformationClass=0x1d [ThreadWow64Context], ThreadInformation=0xb7dd20, Length=0x2cc, ReturnLength=null ) => 0
6774:651c @ 118014640 - LdrpGetProcedureAddress - INFO: Locating procedure "LCMapStringEx" by name
NtQueryInformationThread( ThreadHandle=-2, ThreadInformationClass=0x1d [ThreadWow64Context], ThreadInformation=0xb7dd20, Length=0x2cc, ReturnLength=null ) => 0
6774:651c @ 118014640 - LdrLoadDll - ENTER: DLL name: kernel32
NtQueryInformationThread( ThreadHandle=-2, ThreadInformationClass=0x1d [ThreadWow64Context], ThreadInformation=0xb7dd20, Length=0x2cc, ReturnLength=null ) => 0
6774:651c @ 118014640 - LdrpLoadDllInternal - ENTER: DLL name: kernel32.DLL
NtQueryInformationThread( ThreadHandle=-2, ThreadInformationClass=0x1d [ThreadWow64Context], ThreadInformation=0xb7dd20, Length=0x2cc, ReturnLength=null ) => 0
6774:651c @ 118014640 - LdrpLoadDllInternal - RETURN: Status: 0x00000000
NtQueryInformationThread( ThreadHandle=-2, ThreadInformationClass=0x1d [ThreadWow64Context], ThreadInformation=0xb7dd20, Length=0x2cc, ReturnLength=null ) => 0
6774:651c @ 118014640 - LdrLoadDll - RETURN: Status: 0x00000000
NtQueryInformationThread( ThreadHandle=-2, ThreadInformationClass=0x1d [ThreadWow64Context], ThreadInformation=0xb7dd20, Length=0x2cc, ReturnLength=null ) => 0
6774:651c @ 118014640 - LdrpGetProcedureAddress - INFO: Locating procedure "AreFileApisANSI" by name
NtAllocateVirtualMemory( ProcessHandle=-1, lpAddress=0xb7e2b0 [0x01272000], ZeroBits=0, pSize=0xb7e2a0 [0x5000], flAllocationType=0x1000, flProtect=4 ) => 0
NtAllocateVirtualMemory( ProcessHandle=-1, lpAddress=0xb7e2b0 [0x01277000], ZeroBits=0, pSize=0xb7e2a0 [0x3000], flAllocationType=0x1000, flProtect=4 ) => 0
NtQueryInformationThread( ThreadHandle=-2, ThreadInformationClass=0x1d [ThreadWow64Context], ThreadInformation=0xb7dd20, Length=0x2cc, ReturnLength=null ) => 0
6774:651c @ 118014640 - LdrpLoadDllInternal - RETURN: Status: 0x00000000
NtQueryInformationThread( ThreadHandle=-2, ThreadInformationClass=0x1d [ThreadWow64Context], ThreadInformation=0xb7dd20, Length=0x2cc, ReturnLength=null ) => 0
6774:651c @ 118014640 - LdrLoadDll - RETURN: Status: 0x00000000
NtQueryInformationThread( ThreadHandle=-2, ThreadInformationClass=0x1d [ThreadWow64Context], ThreadInformation=0xb7dd20, Length=0x2cc, ReturnLength=null ) => 0
6774:651c @ 118014640 - LdrpGetProcedureAddress - INFO: Locating procedure "_InvokeCompilerPassW@16" by name
NtQueryInformationThread( ThreadHandle=-2, ThreadInformationClass=0x1d [ThreadWow64Context], ThreadInformation=0xb7dd20, Length=0x2cc, ReturnLength=null ) => 0
6774:651c @ 118014640 - LdrpReportError - WARNING: Locating export "_InvokeCompilerPassW@16" for DLL "Unknown" failed with status: 0xc0000139.
NtQueryInformationThread( ThreadHandle=-2, ThreadInformationClass=0x1d [ThreadWow64Context], ThreadInformation=0xb7dd20, Length=0x2cc, ReturnLength=null ) => 0
6774:651c @ 118014640 - LdrpGetProcedureAddress - INFO: Locating procedure "_InvokeCompilerPassW@16" by name
NtQueryInformationThread( ThreadHandle=-2, ThreadInformationClass=0x1d [ThreadWow64Context], ThreadInformation=0xb7dd20, Length=0x2cc, ReturnLength=null ) => 0
6774:651c @ 118014640 - LdrLoadDll - ENTER: DLL name: C:\Program Files (x86)\Microsoft Xbox 360 SDK\bin\win32\c1_orig.dll
NtQueryInformationThread( ThreadHandle=-2, ThreadInformationClass=0x1d [ThreadWow64Context], ThreadInformation=0xb7dd20, Length=0x2cc, ReturnLength=null ) => 0
6774:651c @ 118014640 - LdrpLoadDllInternal - ENTER: DLL name: C:\Program Files (x86)\Microsoft Xbox 360 SDK\bin\win32\c1_orig.dll
NtQueryInformationThread( ThreadHandle=-2, ThreadInformationClass=0x2a [ThreadDynamicCodePolicyInfo], ThreadInformation=0xd7f83c, Length=4, ReturnLength=null ) => 0
NtQueryInformationThread( ThreadHandle=-2, ThreadInformationClass=0x1d [ThreadWow64Context], ThreadInformation=0xb7dd20, Length=0x2cc, ReturnLength=null ) => 0
6774:651c @ 118014640 - LdrpResolveDllName - ENTER: DLL name: C:\Program Files (x86)\Microsoft Xbox 360 SDK\bin\win32\c1_orig.dll
NtQueryAttributesFile( ObjectAttributes="\??\C:\Program Files (x86)\Microsoft Xbox 360 SDK\bin\win32\c1_orig.dll", Attributes=0xb7e2a8 [ARCHIVE] ) => 0
NtQueryInformationThread( ThreadHandle=-2, ThreadInformationClass=0x1d [ThreadWow64Context], ThreadInformation=0xb7dd20, Length=0x2cc, ReturnLength=null ) => 0
6774:651c @ 118014640 - LdrpResolveDllName - RETURN: Status: 0x00000000
NtOpenFile( FileHandle=0xb7e2f8 [0xdc], DesiredAccess=SYNCHRONIZE|0x21, ObjectAttributes="\??\C:\Program Files (x86)\Microsoft Xbox 360 SDK\bin\win32\c1_orig.dll", IoStatusBlock=0xb7e298 [0/1], ShareAccess=5, OpenOptions=0x60 ) => 0
NtCreateSection( SectionHandle=0xb7e2f8 [0xe4], DesiredAccess=0xd, ObjectAttributes=null, SectionSize=null, Protect=0x10, Attributes=0x01000000, FileHandle=0xdc ) => 0
NtQueryInformationThread( ThreadHandle=-2, ThreadInformationClass=0x1d [ThreadWow64Context], ThreadInformation=0xb7dd20, Length=0x2cc, ReturnLength=null ) => 0
6774:651c @ 118014640 - LdrpMinimalMapModule - ENTER: DLL name: C:\Program Files (x86)\Microsoft Xbox 360 SDK\bin\win32\c1_orig.dll
Loaded DLL at 0000000010A00000 C:\Program Files (x86)\Microsoft Xbox 360 SDK\bin\win32\c1_orig.dll
NtMapViewOfSection( SectionHandle=0xe4, ProcessHandle=-1, BaseAddress=0xb7e2b0 [0x10a00000], ZeroBits=0x7ffeffff, CommitSize=0, SectionOffset=null, ViewSize=0xb7e260 [0x000a7000], InheritDisposition=1 [ViewShare], AllocationType=0x00800000, Protect=0x80 ) => 0
NtQuerySection( SectionHandle=0xe4, SectionInformationClass=1 [SectionImageInformation], SectionInformation=0xb7e270, Length=0x40, ReturnLength=null ) => 0
NtQueryVirtualMemory( ProcessHandle=-1, BaseAddress=0x10a00000, MemoryInformationClass=6 [MemoryImageInformation], MemoryInformation=0xb7e180, Length=0x18, ReturnLength=null ) => 0
NtQueryInformationThread( ThreadHandle=-2, ThreadInformationClass=0x1d [ThreadWow64Context], ThreadInformation=0xb7dd20, Length=0x2cc, ReturnLength=null ) => 0
6774:651c @ 118014640 - LdrpMinimalMapModule - RETURN: Status: 0x00000000
NtProtectVirtualMemory( ProcessHandle=-1, BaseAddress=0xb7e2a8 [0x77439000], Size=0xb7e298 [0x3000], NewProtect=4, OldProtect=0xb7e238 [2] ) => 0
NtProtectVirtualMemory( ProcessHandle=-1, BaseAddress=0xb7e2a8 [0x77439000], Size=0xb7e298 [0x3000], NewProtect=2, OldProtect=0xb7e238 [4] ) => 0
NtQueryInformationThread( ThreadHandle=-2, ThreadInformationClass=0x1d [ThreadWow64Context], ThreadInformation=0xb7dd20, Length=0x2cc, ReturnLength=null ) => 0
6774:651c @ 118014640 - LdrpFindDllActivationContext - INFO: Probing for the manifest of DLL "C:\Program Files (x86)\Microsoft Xbox 360 SDK\bin\win32\c1_orig.dll" failed with status 0xc000008a
NtProtectVirtualMemory( ProcessHandle=-1, BaseAddress=0xb7e2a8 [0x10a01000], Size=0xb7e298 [0x1000], NewProtect=4, OldProtect=0xb7e238 [0x20] ) => 0
NtQueryInformationThread( ThreadHandle=-2, ThreadInformationClass=0x1d [ThreadWow64Context], ThreadInformation=0xb7dd20, Length=0x2cc, ReturnLength=null ) => 0
6774:651c @ 118014640 - LdrpFindKnownDll - ENTER: DLL name: MSVCR100.dll
NtQueryObject( ObjectHandle=0x90, ObjectInformationClass=1 [ObjectNameInformation], ObjectInformation=0xb7e060, Length=0x210, ReturnLength=null ) => 0
NtOpenSection( SectionHandle=0xb7e2f8, DesiredAccess=0xd, ObjectAttributes=0x90:"MSVCR100.dll" ) => 0xc0000034 [2 'The system cannot find the file specified.']
NtQueryInformationThread( ThreadHandle=-2, ThreadInformationClass=0x1d [ThreadWow64Context], ThreadInformation=0xb7dd20, Length=0x2cc, ReturnLength=null ) => 0
6774:651c @ 118014640 - LdrpFindKnownDll - RETURN: Status: 0xc0000135
NtWaitForWorkViaWorkerFactory( WorkerFactoryHandle=0xc8, MiniPacket=0x11de9a0 ) => 0
NtQueryInformationThread( ThreadHandle=-2, ThreadInformationClass=0x1d [ThreadWow64Context], ThreadInformation=0xb7dd20, Length=0x2cc, ReturnLength=null ) => 0
NtQueryInformationThread( ThreadHandle=-2, ThreadInformationClass=0x1d [ThreadWow64Context], ThreadInformation=0x11ddd40, Length=0x2cc, ReturnLength=null ) => 0
6774:6ca8 @ 118014640 - LdrpSearchPath - ENTER: DLL name: MSVCR100.dll
6774:651c @ 118014640 - LdrpFindKnownDll - ENTER: DLL name: ole32.dll
NtQueryInformationThread( ThreadHandle=-2, ThreadInformationClass=0x1d [ThreadWow64Context], ThreadInformation=0x11ddd40, Length=0x2cc, ReturnLength=null ) => 0
6774:6ca8 @ 118014640 - LdrpComputeLazyDllPath - INFO: DLL search path computed: C:\Program Files (x86)\Microsoft Xbox 360 SDK\bin\win32;C:\Users\MobSlicer152\source\repos\misc;C:\Windows\SYSTEM32
NtQueryObject( ObjectHandle=0x90, ObjectInformationClass=1 [ObjectNameInformation], ObjectInformation=0xb7e060, Length=0x210, ReturnLength=null ) => 0
NtQueryInformationThread( ThreadHandle=-2, ThreadInformationClass=0x1d [ThreadWow64Context], ThreadInformation=0x11ddd40, Length=0x2cc, ReturnLength=null ) => 0
6774:6ca8 @ 118014640 - LdrpResolveDllName - ENTER: DLL name: C:\Program Files (x86)\Microsoft Xbox 360 SDK\bin\win32\MSVCR100.dll
NtOpenSection( SectionHandle=0xb7e2f8 [0xd8], DesiredAccess=0xd, ObjectAttributes=0x90:"ole32.dll" ) => 0
NtQueryInformationThread( ThreadHandle=-2, ThreadInformationClass=0x1d [ThreadWow64Context], ThreadInformation=0xb7dd20, Length=0x2cc, ReturnLength=null ) => 0
6774:651c @ 118014640 - LdrpFindKnownDll - RETURN: Status: 0x00000000
NtQueryInformationThread( ThreadHandle=-2, ThreadInformationClass=0x1d [ThreadWow64Context], ThreadInformation=0xb7dd20, Length=0x2cc, ReturnLength=null ) => 0
6774:651c @ 118014640 - LdrpMinimalMapModule - ENTER: DLL name: C:\Windows\System32\ole32.dll
NtQueryAttributesFile( ObjectAttributes="\??\C:\Program Files (x86)\Microsoft Xbox 360 SDK\bin\win32\MSVCR100.dll", Attributes=0x11de2c8 [NORMAL] ) => 0
NtQueryInformationThread( ThreadHandle=-2, ThreadInformationClass=0x1d [ThreadWow64Context], ThreadInformation=0x11ddd40, Length=0x2cc, ReturnLength=null ) => 0
6774:6ca8 @ 118014640 - LdrpResolveDllName - RETURN: Status: 0x00000000
NtQueryInformationThread( ThreadHandle=-2, ThreadInformationClass=0x1d [ThreadWow64Context], ThreadInformation=0x11ddd40, Length=0x2cc, ReturnLength=null ) => 0
6774:6ca8 @ 118014640 - LdrpSearchPath - RETURN: Status: 0x00000000
NtOpenFile( FileHandle=0x11de318 [0xf0], DesiredAccess=SYNCHRONIZE|0x21, ObjectAttributes="\??\C:\Program Files (x86)\Microsoft Xbox 360 SDK\bin\win32\MSVCR100.dll", IoStatusBlock=0x11de2b8 [0/1], ShareAccess=5, OpenOptions=0x60 ) => 0
Loaded DLL at 00000000767D0000 C:\Windows\SysWOW64\ole32.dll
NtMapViewOfSection( SectionHandle=0xd8, ProcessHandle=-1, BaseAddress=0xb7e2b0 [0x767d0000], ZeroBits=0x7ffeffff, CommitSize=0, SectionOffset=null, ViewSize=0xb7e260 [0x000e3000], InheritDisposition=1 [ViewShare], AllocationType=0x00800000, Protect=0x80 ) => 0
NtQuerySection( SectionHandle=0xd8, SectionInformationClass=1 [SectionImageInformation], SectionInformation=0xb7e270, Length=0x40, ReturnLength=null ) => 0
NtCreateSection( SectionHandle=0x11de318 [0xe0], DesiredAccess=0xd, ObjectAttributes=null, SectionSize=null, Protect=0x10, Attributes=0x01000000, FileHandle=0xf0 ) => 0
NtQueryVirtualMemory( ProcessHandle=-1, BaseAddress=0x767d0000, MemoryInformationClass=6 [MemoryImageInformation], MemoryInformation=0xb7e180, Length=0x18, ReturnLength=null ) => 0
NtQueryInformationThread( ThreadHandle=-2, ThreadInformationClass=0x1d [ThreadWow64Context], ThreadInformation=0x11ddd40, Length=0x2cc, ReturnLength=null ) => 0
6774:6ca8 @ 118014640 - LdrpMinimalMapModule - ENTER: DLL name: C:\Program Files (x86)\Microsoft Xbox 360 SDK\bin\win32\MSVCR100.dll
NtQueryInformationThread( ThreadHandle=-2, ThreadInformationClass=0x1d [ThreadWow64Context], ThreadInformation=0xb7dd20, Length=0x2cc, ReturnLength=null ) => 0
Loaded DLL at 0000000059300000 C:\Program Files (x86)\Microsoft Xbox 360 SDK\bin\win32\MSVCR100.dll
NtMapViewOfSection( SectionHandle=0xe0, ProcessHandle=-1, BaseAddress=0x11de2d0 [0x59300000], ZeroBits=0x7ffeffff, CommitSize=0, SectionOffset=null, ViewSize=0x11de280 [0x000bf000], InheritDisposition=1 [ViewShare], AllocationType=0x00800000, Protect=0x80 ) => 0
NtQuerySection( SectionHandle=0xe0, SectionInformationClass=1 [SectionImageInformation], SectionInformation=0x11de290, Length=0x40, ReturnLength=null ) => 0
NtQueryVirtualMemory( ProcessHandle=-1, BaseAddress=0x59300000, MemoryInformationClass=6 [MemoryImageInformation], MemoryInformation=0x11de1a0, Length=0x18, ReturnLength=null ) => 0
6774:651c @ 118014640 - LdrpMinimalMapModule - RETURN: Status: 0x00000000
NtQueryInformationThread( ThreadHandle=-2, ThreadInformationClass=0x1d [ThreadWow64Context], ThreadInformation=0x11ddd40, Length=0x2cc, ReturnLength=null ) => 0
6774:6ca8 @ 118014640 - LdrpMinimalMapModule - RETURN: Status: 0x00000000
NtProtectVirtualMemory( ProcessHandle=-1, BaseAddress=0x11de2c8 [0x77439000], Size=0x11de2b8 [0x3000], NewProtect=4, OldProtect=0x11de258 [2] ) => 0
NtProtectVirtualMemory( ProcessHandle=-1, BaseAddress=0x11de2c8 [0x77439000], Size=0x11de2b8 [0x3000], NewProtect=2, OldProtect=0x11de258 [4] ) => 0
NtProtectVirtualMemory( ProcessHandle=-1, BaseAddress=0xb7e2a8 [0x76892000], Size=0xb7e298 [0x1000], NewProtect=2, OldProtect=0xb7e238 [4] ) => 0
NtProtectVirtualMemory( ProcessHandle=-1, BaseAddress=0xb7e2a8 [0x77439000], Size=0xb7e298 [0x3000], NewProtect=4, OldProtect=0xb7e238 [2] ) => 0
NtQueryInformationThread( ThreadHandle=-2, ThreadInformationClass=0x1d [ThreadWow64Context], ThreadInformation=0x11ddd40, Length=0x2cc, ReturnLength=null ) => 0
6774:6ca8 @ 118014640 - LdrpFindDllActivationContext - INFO: Probing for the manifest of DLL "C:\Program Files (x86)\Microsoft Xbox 360 SDK\bin\win32\MSVCR100.dll" failed with status 0xc000008a
NtProtectVirtualMemory( ProcessHandle=-1, BaseAddress=0x11de2c8 [0x59301000], Size=0x11de2b8 [0x1000], NewProtect=4, OldProtect=0x11de258 [0x20] ) => 0
NtProtectVirtualMemory( ProcessHandle=-1, BaseAddress=0xb7e2a8 [0x77439000], Size=0xb7e298 [0x3000], NewProtect=2, OldProtect=0xb7e238 [4] ) => 0
NtWaitForWorkViaWorkerFactory( WorkerFactoryHandle=0xc8, MiniPacket=0xbdeae0 ) => 0
NtQueryInformationThread( ThreadHandle=-2, ThreadInformationClass=0x1d [ThreadWow64Context], ThreadInformation=0xbdde80, Length=0x2cc, ReturnLength=null ) => 0
NtQueryInformationThread( ThreadHandle=-2, ThreadInformationClass=0x1d [ThreadWow64Context], ThreadInformation=0xb7dd20, Length=0x2cc, ReturnLength=null ) => 0
6774:651c @ 118014640 - LdrpFindDllActivationContext - INFO: Probing for the manifest of DLL "C:\Windows\System32\ole32.dll" failed with status 0xc000008a
NtProtectVirtualMemory( ProcessHandle=-1, BaseAddress=0xb7e2a8 [0x7688d000], Size=0xb7e298 [0x1000], NewProtect=4, OldProtect=0xb7e238 [2] ) => 0
6774:6054 @ 118014640 - LdrpGetProcedureAddress - INFO: Locating procedure "RtlEncodePointer" by name
NtQueryInformationThread( ThreadHandle=-2, ThreadInformationClass=0x1d [ThreadWow64Context], ThreadInformation=0xbdde80, Length=0x2cc, ReturnLength=null ) => 0
6774:6054 @ 118014640 - LdrpGetProcedureAddress - INFO: Locating procedure "RtlDecodePointer" by name
NtQueryInformationThread( ThreadHandle=-2, ThreadInformationClass=0x1d [ThreadWow64Context], ThreadInformation=0xbdde80, Length=0x2cc, ReturnLength=null ) => 0
6774:6054 @ 118014640 - LdrpGetProcedureAddress - INFO: Locating procedure "RtlDeleteCriticalSection" by name
NtQueryInformationThread( ThreadHandle=-2, ThreadInformationClass=0x1d [ThreadWow64Context], ThreadInformation=0xb7dd20, Length=0x2cc, ReturnLength=null ) => 0
6774:651c @ 118014640 - LdrpPreprocessDllName - INFO: DLL api-ms-win-crt-string-l1-1-0.dll was redirected to C:\Windows\SYSTEM32\ucrtbase.dll by API set
NtQueryInformationThread( ThreadHandle=-2, ThreadInformationClass=0x1d [ThreadWow64Context], ThreadInformation=0xb7dd20, Length=0x2cc, ReturnLength=null ) => 0
NtQueryInformationThread( ThreadHandle=-2, ThreadInformationClass=0x1d [ThreadWow64Context], ThreadInformation=0xbdde80, Length=0x2cc, ReturnLength=null ) => 0
6774:651c @ 118014640 - LdrpFindKnownDll - ENTER: DLL name: ucrtbase.dll
NtQueryObject( ObjectHandle=0x90, ObjectInformationClass=1 [ObjectNameInformation], ObjectInformation=0xb7e060, Length=0x210, ReturnLength=null ) => 0
NtOpenSection( SectionHandle=0xb7e2f8 [0xf0], DesiredAccess=0xd, ObjectAttributes=0x90:"ucrtbase.dll" ) => 0
6774:6054 @ 118014640 - LdrpGetProcedureAddress - INFO: Locating procedure "RtlLeaveCriticalSection" by name
NtQueryInformationThread( ThreadHandle=-2, ThreadInformationClass=0x1d [ThreadWow64Context], ThreadInformation=0xbdde80, Length=0x2cc, ReturnLength=null ) => 0
NtQueryInformationThread( ThreadHandle=-2, ThreadInformationClass=0x1d [ThreadWow64Context], ThreadInformation=0xb7dd20, Length=0x2cc, ReturnLength=null ) => 0
6774:6054 @ 118014640 - LdrpGetProcedureAddress - INFO: Locating procedure "RtlEnterCriticalSection" by name
6774:651c @ 118014640 - LdrpFindKnownDll - RETURN: Status: 0x00000000
NtQueryInformationThread( ThreadHandle=-2, ThreadInformationClass=0x1d [ThreadWow64Context], ThreadInformation=0xb7dd20, Length=0x2cc, ReturnLength=null ) => 0
6774:651c @ 118014640 - LdrpMinimalMapModule - ENTER: DLL name: C:\Windows\System32\ucrtbase.dll
NtQueryInformationThread( ThreadHandle=-2, ThreadInformationClass=0x1d [ThreadWow64Context], ThreadInformation=0xbdde80, Length=0x2cc, ReturnLength=null ) => 0
6774:6054 @ 118014640 - LdrpGetProcedureAddress - INFO: Locating procedure "RtlExitUserThread" by name
NtQueryInformationThread( ThreadHandle=-2, ThreadInformationClass=0x1d [ThreadWow64Context], ThreadInformation=0xbdde80, Length=0x2cc, ReturnLength=null ) => 0
6774:6054 @ 118014640 - LdrpGetProcedureAddress - INFO: Locating procedure "RtlInterlockedPopEntrySList" by name
NtQueryInformationThread( ThreadHandle=-2, ThreadInformationClass=0x1d [ThreadWow64Context], ThreadInformation=0xbdde80, Length=0x2cc, ReturnLength=null ) => 0
6774:6054 @ 118014640 - LdrpGetProcedureAddress - INFO: Locating procedure "RtlInterlockedFlushSList" by name
NtQueryInformationThread( ThreadHandle=-2, ThreadInformationClass=0x1d [ThreadWow64Context], ThreadInformation=0xbdde80, Length=0x2cc, ReturnLength=null ) => 0
6774:6054 @ 118014640 - LdrpGetProcedureAddress - INFO: Locating procedure "RtlQueryDepthSList" by name
NtQueryInformationThread( ThreadHandle=-2, ThreadInformationClass=0x1d [ThreadWow64Context], ThreadInformation=0xbdde80, Length=0x2cc, ReturnLength=null ) => 0
6774:6054 @ 118014640 - LdrpGetProcedureAddress - INFO: Locating procedure "RtlInterlockedPushEntrySList" by name
NtQueryInformationThread( ThreadHandle=-2, ThreadInformationClass=0x1d [ThreadWow64Context], ThreadInformation=0xbdde80, Length=0x2cc, ReturnLength=null ) => 0
6774:6054 @ 118014640 - LdrpGetProcedureAddress - INFO: Locating procedure "RtlTryEnterCriticalSection" by name
NtQueryInformationThread( ThreadHandle=-2, ThreadInformationClass=0x1d [ThreadWow64Context], ThreadInformation=0xbdde80, Length=0x2cc, ReturnLength=null ) => 0
6774:6054 @ 118014640 - LdrpGetProcedureAddress - INFO: Locating procedure "RtlInitializeSListHead" by name
NtQueryInformationThread( ThreadHandle=-2, ThreadInformationClass=0x1d [ThreadWow64Context], ThreadInformation=0xbdde80, Length=0x2cc, ReturnLength=null ) => 0
6774:6054 @ 118014640 - LdrpGetProcedureAddress - INFO: Locating procedure "RtlAllocateHeap" by name
NtQueryInformationThread( ThreadHandle=-2, ThreadInformationClass=0x1d [ThreadWow64Context], ThreadInformation=0xbdde80, Length=0x2cc, ReturnLength=null ) => 0
6774:6054 @ 118014640 - LdrpGetProcedureAddress - INFO: Locating procedure "RtlReAllocateHeap" by name
NtQueryInformationThread( ThreadHandle=-2, ThreadInformationClass=0x1d [ThreadWow64Context], ThreadInformation=0xbdde80, Length=0x2cc, ReturnLength=null ) => 0
6774:6054 @ 118014640 - LdrpGetProcedureAddress - INFO: Locating procedure "RtlSizeHeap" by name
NtProtectVirtualMemory( ProcessHandle=-1, BaseAddress=0xbde408 [0x59301000], Size=0xbde3f8 [0x1000], NewProtect=0x20, OldProtect=0xbde398 [4] ) => 0
Loaded DLL at 00000000769E0000 C:\Windows\SysWOW64\ucrtbase.dll
NtMapViewOfSection( SectionHandle=0xf0, ProcessHandle=-1, BaseAddress=0xb7e2b0 [0x769e0000], ZeroBits=0x7ffeffff, CommitSize=0, SectionOffset=null, ViewSize=0xb7e260 [0x00120000], InheritDisposition=1 [ViewShare], AllocationType=0x00800000, Protect=0x80 ) => 0
NtQuerySection( SectionHandle=0xf0, SectionInformationClass=1 [SectionImageInformation], SectionInformation=0xb7e270, Length=0x40, ReturnLength=null ) => 0
NtQueryVirtualMemory( ProcessHandle=-1, BaseAddress=0x769e0000, MemoryInformationClass=6 [MemoryImageInformation], MemoryInformation=0xb7e180, Length=0x18, ReturnLength=null ) => 0
NtQueryInformationThread( ThreadHandle=-2, ThreadInformationClass=0x1d [ThreadWow64Context], ThreadInformation=0xb7dd20, Length=0x2cc, ReturnLength=null ) => 0
6774:651c @ 118014640 - LdrpMinimalMapModule - RETURN: Status: 0x00000000
NtProtectVirtualMemory( ProcessHandle=-1, BaseAddress=0xb7e2a8 [0x77439000], Size=0xb7e298 [0x3000], NewProtect=4, OldProtect=0xb7e238 [2] ) => 0
NtProtectVirtualMemory( ProcessHandle=-1, BaseAddress=0xb7e2a8 [0x77439000], Size=0xb7e298 [0x3000], NewProtect=2, OldProtect=0xb7e238 [4] ) => 0
NtQueryInformationThread( ThreadHandle=-2, ThreadInformationClass=0x1d [ThreadWow64Context], ThreadInformation=0xb7dd20, Length=0x2cc, ReturnLength=null ) => 0
6774:651c @ 118014640 - LdrpFindDllActivationContext - INFO: Probing for the manifest of DLL "C:\Windows\System32\ucrtbase.dll" failed with status 0xc000008a
NtProtectVirtualMemory( ProcessHandle=-1, BaseAddress=0xb7e2a8 [0x76af2000], Size=0xb7e298 [0x1000], NewProtect=4, OldProtect=0xb7e238 [2] ) => 0
NtQueryInformationThread( ThreadHandle=-2, ThreadInformationClass=0x1d [ThreadWow64Context], ThreadInformation=0xb7dd20, Length=0x2cc, ReturnLength=null ) => 0
6774:651c @ 118014640 - LdrpPreprocessDllName - INFO: DLL api-ms-win-core-errorhandling-l1-1-0.dll was redirected to C:\Windows\SYSTEM32\kernelbase.dll by API set
NtQueryInformationThread( ThreadHandle=-2, ThreadInformationClass=0x1d [ThreadWow64Context], ThreadInformation=0xb7dd20, Length=0x2cc, ReturnLength=null ) => 0
6774:651c @ 118014640 - LdrpPreprocessDllName - INFO: DLL api-ms-win-core-heap-l1-1-0.dll was redirected to C:\Windows\SYSTEM32\kernelbase.dll by API set
NtQueryInformationThread( ThreadHandle=-2, ThreadInformationClass=0x1d [ThreadWow64Context], ThreadInformation=0xb7dd20, Length=0x2cc, ReturnLength=null ) => 0
6774:651c @ 118014640 - LdrpPreprocessDllName - INFO: DLL api-ms-win-core-processthreads-l1-1-0.dll was redirected to C:\Windows\SYSTEM32\kernel32.dll by API set
NtQueryInformationThread( ThreadHandle=-2, ThreadInformationClass=0x1d [ThreadWow64Context], ThreadInformation=0xb7dd20, Length=0x2cc, ReturnLength=null ) => 0
6774:651c @ 118014640 - LdrpPreprocessDllName - INFO: DLL api-ms-win-core-libraryloader-l1-1-0.dll was redirected to C:\Windows\SYSTEM32\kernelbase.dll by API set
NtQueryInformationThread( ThreadHandle=-2, ThreadInformationClass=0x1d [ThreadWow64Context], ThreadInformation=0xb7dd20, Length=0x2cc, ReturnLength=null ) => 0
6774:651c @ 118014640 - LdrpPreprocessDllName - INFO: DLL api-ms-win-core-synch-l1-1-0.dll was redirected to C:\Windows\SYSTEM32\kernelbase.dll by API set
NtQueryInformationThread( ThreadHandle=-2, ThreadInformationClass=0x1d [ThreadWow64Context], ThreadInformation=0xb7dd20, Length=0x2cc, ReturnLength=null ) => 0
6774:651c @ 118014640 - LdrpPreprocessDllName - INFO: DLL api-ms-win-core-debug-l1-1-0.dll was redirected to C:\Windows\SYSTEM32\kernelbase.dll by API set
NtQueryInformationThread( ThreadHandle=-2, ThreadInformationClass=0x1d [ThreadWow64Context], ThreadInformation=0xb7dd20, Length=0x2cc, ReturnLength=null ) => 0
6774:651c @ 118014640 - LdrpPreprocessDllName - INFO: DLL api-ms-win-core-processenvironment-l1-1-0.dll was redirected to C:\Windows\SYSTEM32\kernelbase.dll by API set
NtQueryInformationThread( ThreadHandle=-2, ThreadInformationClass=0x1d [ThreadWow64Context], ThreadInformation=0xb7dd20, Length=0x2cc, ReturnLength=null ) => 0
6774:651c @ 118014640 - LdrpPreprocessDllName - INFO: DLL api-ms-win-core-file-l1-1-0.dll was redirected to C:\Windows\SYSTEM32\kernelbase.dll by API set
NtQueryInformationThread( ThreadHandle=-2, ThreadInformationClass=0x1d [ThreadWow64Context], ThreadInformation=0xb7dd20, Length=0x2cc, ReturnLength=null ) => 0
6774:651c @ 118014640 - LdrpPreprocessDllName - INFO: DLL api-ms-win-core-string-l1-1-0.dll was redirected to C:\Windows\SYSTEM32\kernelbase.dll by API set
NtQueryInformationThread( ThreadHandle=-2, ThreadInformationClass=0x1d [ThreadWow64Context], ThreadInformation=0xb7dd20, Length=0x2cc, ReturnLength=null ) => 0
6774:651c @ 118014640 - LdrpPreprocessDllName - INFO: DLL api-ms-win-core-localization-l1-2-0.dll was redirected to C:\Windows\SYSTEM32\kernelbase.dll by API set
NtQueryInformationThread( ThreadHandle=-2, ThreadInformationClass=0x1d [ThreadWow64Context], ThreadInformation=0xb7dd20, Length=0x2cc, ReturnLength=null ) => 0
6774:651c @ 118014640 - LdrpPreprocessDllName - INFO: DLL api-ms-win-core-datetime-l1-1-0.dll was redirected to C:\Windows\SYSTEM32\kernelbase.dll by API set
NtQueryInformationThread( ThreadHandle=-2, ThreadInformationClass=0x1d [ThreadWow64Context], ThreadInformation=0xb7dd20, Length=0x2cc, ReturnLength=null ) => 0
6774:651c @ 118014640 - LdrpPreprocessDllName - INFO: DLL api-ms-win-core-sysinfo-l1-1-0.dll was redirected to C:\Windows\SYSTEM32\kernelbase.dll by API set
NtQueryInformationThread( ThreadHandle=-2, ThreadInformationClass=0x1d [ThreadWow64Context], ThreadInformation=0xb7dd20, Length=0x2cc, ReturnLength=null ) => 0
6774:651c @ 118014640 - LdrpPreprocessDllName - INFO: DLL api-ms-win-core-processthreads-l1-1-1.dll was redirected to C:\Windows\SYSTEM32\kernel32.dll by API set
NtQueryInformationThread( ThreadHandle=-2, ThreadInformationClass=0x1d [ThreadWow64Context], ThreadInformation=0xb7dd20, Length=0x2cc, ReturnLength=null ) => 0
6774:651c @ 118014640 - LdrpPreprocessDllName - INFO: DLL api-ms-win-core-console-l1-1-0.dll was redirected to C:\Windows\SYSTEM32\kernelbase.dll by API set
NtQueryInformationThread( ThreadHandle=-2, ThreadInformationClass=0x1d [ThreadWow64Context], ThreadInformation=0xb7dd20, Length=0x2cc, ReturnLength=null ) => 0
6774:651c @ 118014640 - LdrpPreprocessDllName - INFO: DLL api-ms-win-core-handle-l1-1-0.dll was redirected to C:\Windows\SYSTEM32\kernelbase.dll by API set
NtQueryInformationThread( ThreadHandle=-2, ThreadInformationClass=0x1d [ThreadWow64Context], ThreadInformation=0xb7dd20, Length=0x2cc, ReturnLength=null ) => 0
6774:651c @ 118014640 - LdrpPreprocessDllName - INFO: DLL api-ms-win-core-file-l1-2-0.dll was redirected to C:\Windows\SYSTEM32\kernelbase.dll by API set
NtQueryInformationThread( ThreadHandle=-2, ThreadInformationClass=0x1d [ThreadWow64Context], ThreadInformation=0xb7dd20, Length=0x2cc, ReturnLength=null ) => 0
6774:651c @ 118014640 - LdrpPreprocessDllName - INFO: DLL api-ms-win-core-namedpipe-l1-1-0.dll was redirected to C:\Windows\SYSTEM32\kernelbase.dll by API set
NtQueryInformationThread( ThreadHandle=-2, ThreadInformationClass=0x1d [ThreadWow64Context], ThreadInformation=0xb7dd20, Length=0x2cc, ReturnLength=null ) => 0
6774:651c @ 118014640 - LdrpPreprocessDllName - INFO: DLL api-ms-win-core-timezone-l1-1-0.dll was redirected to C:\Windows\SYSTEM32\kernelbase.dll by API set
NtQueryInformationThread( ThreadHandle=-2, ThreadInformationClass=0x1d [ThreadWow64Context], ThreadInformation=0xb7dd20, Length=0x2cc, ReturnLength=null ) => 0
6774:651c @ 118014640 - LdrpPreprocessDllName - INFO: DLL api-ms-win-core-file-l2-1-0.dll was redirected to C:\Windows\SYSTEM32\kernelbase.dll by API set
NtQueryInformationThread( ThreadHandle=-2, ThreadInformationClass=0x1d [ThreadWow64Context], ThreadInformation=0xb7dd20, Length=0x2cc, ReturnLength=null ) => 0
6774:651c @ 118014656 - LdrpPreprocessDllName - INFO: DLL api-ms-win-core-synch-l1-2-0.dll was redirected to C:\Windows\SYSTEM32\kernelbase.dll by API set
NtQueryInformationThread( ThreadHandle=-2, ThreadInformationClass=0x1d [ThreadWow64Context], ThreadInformation=0xb7dd20, Length=0x2cc, ReturnLength=null ) => 0
6774:651c @ 118014656 - LdrpPreprocessDllName - INFO: DLL api-ms-win-core-profile-l1-1-0.dll was redirected to C:\Windows\SYSTEM32\kernelbase.dll by API set
NtQueryInformationThread( ThreadHandle=-2, ThreadInformationClass=0x1d [ThreadWow64Context], ThreadInformation=0xb7dd20, Length=0x2cc, ReturnLength=null ) => 0
6774:651c @ 118014656 - LdrpPreprocessDllName - INFO: DLL api-ms-win-core-memory-l1-1-0.dll was redirected to C:\Windows\SYSTEM32\kernelbase.dll by API set
NtQueryInformationThread( ThreadHandle=-2, ThreadInformationClass=0x1d [ThreadWow64Context], ThreadInformation=0xb7dd20, Length=0x2cc, ReturnLength=null ) => 0
6774:651c @ 118014656 - LdrpPreprocessDllName - INFO: DLL api-ms-win-core-util-l1-1-0.dll was redirected to C:\Windows\SYSTEM32\kernel32.dll by API set
NtQueryInformationThread( ThreadHandle=-2, ThreadInformationClass=0x1d [ThreadWow64Context], ThreadInformation=0xb7dd20, Length=0x2cc, ReturnLength=null ) => 0
6774:651c @ 118014656 - LdrpPreprocessDllName - INFO: DLL api-ms-win-core-rtlsupport-l1-1-0.dll was redirected to C:\Windows\SYSTEM32\ntdll.dll by API set
NtQueryInformationThread( ThreadHandle=-2, ThreadInformationClass=0x1d [ThreadWow64Context], ThreadInformation=0xb7dd20, Length=0x2cc, ReturnLength=null ) => 0
6774:651c @ 118014656 - LdrpPreprocessDllName - INFO: DLL api-ms-win-core-interlocked-l1-1-0.dll was redirected to C:\Windows\SYSTEM32\kernelbase.dll by API set
NtWaitForWorkViaWorkerFactory( WorkerFactoryHandle=0xc8, MiniPacket=0x110efe0 ) => 0
NtQueryInformationThread( ThreadHandle=-2, ThreadInformationClass=0x1d [ThreadWow64Context], ThreadInformation=0x110e380, Length=0x2cc, ReturnLength=null ) => 0
6774:23f8 @ 118014656 - LdrpGetProcedureAddress - INFO: Locating procedure "RtlSetLastWin32Error" by name
NtQueryInformationThread( ThreadHandle=-2, ThreadInformationClass=0x1d [ThreadWow64Context], ThreadInformation=0xb7dd20, Length=0x2cc, ReturnLength=null ) => 0
NtQueryInformationThread( ThreadHandle=-2, ThreadInformationClass=0x1d [ThreadWow64Context], ThreadInformation=0x110e380, Length=0x2cc, ReturnLength=null ) => 0
6774:23f8 @ 118014656 - LdrpGetProcedureAddress - INFO: Locating procedure "RtlReAllocateHeap" by name
6774:651c @ 118014656 - LdrpPreprocessDllName - INFO: DLL api-ms-win-crt-runtime-l1-1-0.dll was redirected to C:\Windows\SYSTEM32\ucrtbase.dll by API set
NtQueryInformationThread( ThreadHandle=-2, ThreadInformationClass=0x1d [ThreadWow64Context], ThreadInformation=0x110e380, Length=0x2cc, ReturnLength=null ) => 0
6774:23f8 @ 118014656 - LdrpGetProcedureAddress - INFO: Locating procedure "RtlSizeHeap" by name
NtQueryInformationThread( ThreadHandle=-2, ThreadInformationClass=0x1d [ThreadWow64Context], ThreadInformation=0x110e380, Length=0x2cc, ReturnLength=null ) => 0
6774:23f8 @ 118014656 - LdrpGetProcedureAddress - INFO: Locating procedure "RtlAllocateHeap" by name
NtQueryInformationThread( ThreadHandle=-2, ThreadInformationClass=0x1d [ThreadWow64Context], ThreadInformation=0x110e380, Length=0x2cc, ReturnLength=null ) => 0
6774:23f8 @ 118014656 - LdrpGetProcedureAddress - INFO: Locating procedure "RtlFreeHeap" by name
NtQueryInformationThread( ThreadHandle=-2, ThreadInformationClass=0x1d [ThreadWow64Context], ThreadInformation=0x110e380, Length=0x2cc, ReturnLength=null ) => 0
6774:23f8 @ 118014656 - LdrpGetProcedureAddress - INFO: Locating procedure "RtlExitUserThread" by name
NtQueryInformationThread( ThreadHandle=-2, ThreadInformationClass=0x1d [ThreadWow64Context], ThreadInformation=0x110e380, Length=0x2cc, ReturnLength=null ) => 0
6774:23f8 @ 118014656 - LdrpGetProcedureAddress - INFO: Locating procedure "RtlEnterCriticalSection" by name
NtQueryInformationThread( ThreadHandle=-2, ThreadInformationClass=0x1d [ThreadWow64Context], ThreadInformation=0x110e380, Length=0x2cc, ReturnLength=null ) => 0
6774:23f8 @ 118014656 - LdrpGetProcedureAddress - INFO: Locating procedure "RtlDeleteCriticalSection" by name
NtQueryInformationThread( ThreadHandle=-2, ThreadInformationClass=0x1d [ThreadWow64Context], ThreadInformation=0x110e380, Length=0x2cc, ReturnLength=null ) => 0
6774:23f8 @ 118014656 - LdrpGetProcedureAddress - INFO: Locating procedure "RtlLeaveCriticalSection" by name
NtQueryInformationThread( ThreadHandle=-2, ThreadInformationClass=0x1d [ThreadWow64Context], ThreadInformation=0xb7dd20, Length=0x2cc, ReturnLength=null ) => 0
6774:651c @ 118014656 - LdrpPreprocessDllName - INFO: DLL api-ms-win-crt-private-l1-1-0.dll was redirected to C:\Windows\SYSTEM32\ucrtbase.dll by API set
NtQueryInformationThread( ThreadHandle=-2, ThreadInformationClass=0x1d [ThreadWow64Context], ThreadInformation=0x110e380, Length=0x2cc, ReturnLength=null ) => 0
6774:23f8 @ 118014656 - LdrpGetProcedureAddress - INFO: Locating procedure "RtlQueryPerformanceCounter" by name
NtQueryInformationThread( ThreadHandle=-2, ThreadInformationClass=0x1d [ThreadWow64Context], ThreadInformation=0x110e380, Length=0x2cc, ReturnLength=null ) => 0
6774:23f8 @ 118014656 - LdrpGetProcedureAddress - INFO: Locating procedure "RtlQueryPerformanceFrequency" by name
NtQueryInformationThread( ThreadHandle=-2, ThreadInformationClass=0x1d [ThreadWow64Context], ThreadInformation=0x110e380, Length=0x2cc, ReturnLength=null ) => 0
NtQueryInformationThread( ThreadHandle=-2, ThreadInformationClass=0x1d [ThreadWow64Context], ThreadInformation=0xb7dd20, Length=0x2cc, ReturnLength=null ) => 0
6774:651c @ 118014656 - LdrpPreprocessDllName - INFO: DLL api-ms-win-core-libraryloader-l1-2-0.dll was redirected to C:\Windows\SYSTEM32\kernelbase.dll by API set
6774:23f8 @ 118014656 - LdrpGetProcedureAddress - INFO: Locating procedure "RtlEncodePointer" by name
NtQueryInformationThread( ThreadHandle=-2, ThreadInformationClass=0x1d [ThreadWow64Context], ThreadInformation=0x110e380, Length=0x2cc, ReturnLength=null ) => 0
6774:23f8 @ 118014656 - LdrpGetProcedureAddress - INFO: Locating procedure "RtlDecodePointer" by name
NtQueryInformationThread( ThreadHandle=-2, ThreadInformationClass=0x1d [ThreadWow64Context], ThreadInformation=0x110e380, Length=0x2cc, ReturnLength=null ) => 0
6774:23f8 @ 118014656 - LdrpGetProcedureAddress - INFO: Locating procedure "RtlInterlockedPushEntrySList" by name
NtQueryInformationThread( ThreadHandle=-2, ThreadInformationClass=0x1d [ThreadWow64Context], ThreadInformation=0x110e380, Length=0x2cc, ReturnLength=null ) => 0
6774:23f8 @ 118014656 - LdrpGetProcedureAddress - INFO: Locating procedure "RtlInterlockedFlushSList" by name
NtProtectVirtualMemory( ProcessHandle=-1, BaseAddress=0x110e908 [0x76af2000], Size=0x110e8f8 [0x1000], NewProtect=2, OldProtect=0x110e898 [4] ) => 0
NtQueryInformationThread( ThreadHandle=-2, ThreadInformationClass=0x1d [ThreadWow64Context], ThreadInformation=0xb7dd20, Length=0x2cc, ReturnLength=null ) => 0
6774:651c @ 118014656 - LdrpPreprocessDllName - INFO: DLL api-ms-win-core-synch-l1-1-0.dll was redirected to C:\Windows\SYSTEM32\kernelbase.dll by API set
NtQueryInformationThread( ThreadHandle=-2, ThreadInformationClass=0x1d [ThreadWow64Context], ThreadInformation=0xb7dd20, Length=0x2cc, ReturnLength=null ) => 0
6774:651c @ 118014656 - LdrpPreprocessDllName - INFO: DLL api-ms-win-core-heap-l1-1-0.dll was redirected to C:\Windows\SYSTEM32\kernelbase.dll by API set
NtQueryInformationThread( ThreadHandle=-2, ThreadInformationClass=0x1d [ThreadWow64Context], ThreadInformation=0xb7dd20, Length=0x2cc, ReturnLength=null ) => 0
6774:651c @ 118014656 - LdrpPreprocessDllName - INFO: DLL api-ms-win-core-errorhandling-l1-1-0.dll was redirected to C:\Windows\SYSTEM32\kernelbase.dll by API set
NtQueryInformationThread( ThreadHandle=-2, ThreadInformationClass=0x1d [ThreadWow64Context], ThreadInformation=0xb7dd20, Length=0x2cc, ReturnLength=null ) => 0
6774:651c @ 118014656 - LdrpPreprocessDllName - INFO: DLL api-ms-win-core-processthreads-l1-1-0.dll was redirected to C:\Windows\SYSTEM32\kernel32.dll by API set
NtQueryInformationThread( ThreadHandle=-2, ThreadInformationClass=0x1d [ThreadWow64Context], ThreadInformation=0xb7dd20, Length=0x2cc, ReturnLength=null ) => 0
6774:651c @ 118014656 - LdrpPreprocessDllName - INFO: DLL api-ms-win-core-wow64-l1-1-1.dll was redirected to C:\Windows\SYSTEM32\kernelbase.dll by API set
NtQueryInformationThread( ThreadHandle=-2, ThreadInformationClass=0x1d [ThreadWow64Context], ThreadInformation=0xb7dd20, Length=0x2cc, ReturnLength=null ) => 0
6774:651c @ 118014656 - LdrpPreprocessDllName - INFO: DLL api-ms-win-core-localization-l1-2-0.dll was redirected to C:\Windows\SYSTEM32\kernelbase.dll by API set
NtQueryInformationThread( ThreadHandle=-2, ThreadInformationClass=0x1d [ThreadWow64Context], ThreadInformation=0xb7dd20, Length=0x2cc, ReturnLength=null ) => 0
6774:651c @ 118014656 - LdrpPreprocessDllName - INFO: DLL api-ms-win-core-debug-l1-1-0.dll was redirected to C:\Windows\SYSTEM32\kernelbase.dll by API set
NtQueryInformationThread( ThreadHandle=-2, ThreadInformationClass=0x1d [ThreadWow64Context], ThreadInformation=0xb7dd20, Length=0x2cc, ReturnLength=null ) => 0
6774:651c @ 118014656 - LdrpPreprocessDllName - INFO: DLL api-ms-win-core-handle-l1-1-0.dll was redirected to C:\Windows\SYSTEM32\kernelbase.dll by API set
NtQueryInformationThread( ThreadHandle=-2, ThreadInformationClass=0x1d [ThreadWow64Context], ThreadInformation=0xb7dd20, Length=0x2cc, ReturnLength=null ) => 0
6774:651c @ 118014656 - LdrpPreprocessDllName - INFO: DLL api-ms-win-core-registry-l1-1-0.dll was redirected to C:\Windows\SYSTEM32\kernelbase.dll by API set
NtQueryInformationThread( ThreadHandle=-2, ThreadInformationClass=0x1d [ThreadWow64Context], ThreadInformation=0xb7dd20, Length=0x2cc, ReturnLength=null ) => 0
6774:651c @ 118014656 - LdrpPreprocessDllName - INFO: DLL api-ms-win-core-synch-l1-2-0.dll was redirected to C:\Windows\SYSTEM32\kernelbase.dll by API set
NtQueryInformationThread( ThreadHandle=-2, ThreadInformationClass=0x1d [ThreadWow64Context], ThreadInformation=0xb7dd20, Length=0x2cc, ReturnLength=null ) => 0
6774:651c @ 118014656 - LdrpPreprocessDllName - INFO: DLL api-ms-win-core-file-l1-1-0.dll was redirected to C:\Windows\SYSTEM32\kernelbase.dll by API set
NtQueryInformationThread( ThreadHandle=-2, ThreadInformationClass=0x1d [ThreadWow64Context], ThreadInformation=0xb7dd20, Length=0x2cc, ReturnLength=null ) => 0
6774:651c @ 118014656 - LdrpPreprocessDllName - INFO: DLL api-ms-win-core-string-l2-1-0.dll was redirected to C:\Windows\SYSTEM32\kernelbase.dll by API set
NtQueryInformationThread( ThreadHandle=-2, ThreadInformationClass=0x1d [ThreadWow64Context], ThreadInformation=0xb7dd20, Length=0x2cc, ReturnLength=null ) => 0
6774:651c @ 118014656 - LdrpPreprocessDllName - INFO: DLL api-ms-win-core-string-l1-1-0.dll was redirected to C:\Windows\SYSTEM32\kernelbase.dll by API set
NtQueryInformationThread( ThreadHandle=-2, ThreadInformationClass=0x1d [ThreadWow64Context], ThreadInformation=0xb7dd20, Length=0x2cc, ReturnLength=null ) => 0
6774:651c @ 118014656 - LdrpPreprocessDllName - INFO: DLL api-ms-win-core-sysinfo-l1-1-0.dll was redirected to C:\Windows\SYSTEM32\kernelbase.dll by API set
NtQueryInformationThread( ThreadHandle=-2, ThreadInformationClass=0x1d [ThreadWow64Context], ThreadInformation=0xb7dd20, Length=0x2cc, ReturnLength=null ) => 0
6774:651c @ 118014656 - LdrpPreprocessDllName - INFO: DLL api-ms-win-core-timezone-l1-1-0.dll was redirected to C:\Windows\SYSTEM32\kernelbase.dll by API set
NtQueryInformationThread( ThreadHandle=-2, ThreadInformationClass=0x1d [ThreadWow64Context], ThreadInformation=0xb7dd20, Length=0x2cc, ReturnLength=null ) => 0
6774:651c @ 118014656 - LdrpFindKnownDll - ENTER: DLL name: RPCRT4.dll
NtQueryObject( ObjectHandle=0x90, ObjectInformationClass=1 [ObjectNameInformation], ObjectInformation=0xb7e060, Length=0x210, ReturnLength=null ) => 0
NtOpenSection( SectionHandle=0xb7e2f8 [0xe0], DesiredAccess=0xd, ObjectAttributes=0x90:"RPCRT4.dll" ) => 0
NtQueryInformationThread( ThreadHandle=-2, ThreadInformationClass=0x1d [ThreadWow64Context], ThreadInformation=0xb7dd20, Length=0x2cc, ReturnLength=null ) => 0
6774:651c @ 118014656 - LdrpFindKnownDll - RETURN: Status: 0x00000000
NtQueryInformationThread( ThreadHandle=-2, ThreadInformationClass=0x1d [ThreadWow64Context], ThreadInformation=0xb7dd20, Length=0x2cc, ReturnLength=null ) => 0
6774:651c @ 118014656 - LdrpMinimalMapModule - ENTER: DLL name: C:\Windows\System32\RPCRT4.dll
Loaded DLL at 0000000076C70000 C:\Windows\SysWOW64\RPCRT4.dll
NtMapViewOfSection( SectionHandle=0xe0, ProcessHandle=-1, BaseAddress=0xb7e2b0 [0x76c70000], ZeroBits=0x7ffeffff, CommitSize=0, SectionOffset=null, ViewSize=0xb7e260 [0x000bc000], InheritDisposition=1 [ViewShare], AllocationType=0x00800000, Protect=0x80 ) => 0
NtQuerySection( SectionHandle=0xe0, SectionInformationClass=1 [SectionImageInformation], SectionInformation=0xb7e270, Length=0x40, ReturnLength=null ) => 0
NtQueryVirtualMemory( ProcessHandle=-1, BaseAddress=0x76c70000, MemoryInformationClass=6 [MemoryImageInformation], MemoryInformation=0xb7e180, Length=0x18, ReturnLength=null ) => 0
NtQueryInformationThread( ThreadHandle=-2, ThreadInformationClass=0x1d [ThreadWow64Context], ThreadInformation=0xb7dd20, Length=0x2cc, ReturnLength=null ) => 0
6774:651c @ 118014656 - LdrpMinimalMapModule - RETURN: Status: 0x00000000
NtProtectVirtualMemory( ProcessHandle=-1, BaseAddress=0xb7e2a8 [0x76d1f000], Size=0xb7e298 [0x1000], NewProtect=2, OldProtect=0xb7e238 [4] ) => 0
NtProtectVirtualMemory( ProcessHandle=-1, BaseAddress=0xb7e2a8 [0x77439000], Size=0xb7e298 [0x3000], NewProtect=4, OldProtect=0xb7e238 [2] ) => 0
NtProtectVirtualMemory( ProcessHandle=-1, BaseAddress=0xb7e2a8 [0x77439000], Size=0xb7e298 [0x3000], NewProtect=2, OldProtect=0xb7e238 [4] ) => 0
NtQueryInformationThread( ThreadHandle=-2, ThreadInformationClass=0x1d [ThreadWow64Context], ThreadInformation=0xb7dd20, Length=0x2cc, ReturnLength=null ) => 0
6774:651c @ 118014656 - LdrpFindDllActivationContext - INFO: Probing for the manifest of DLL "C:\Windows\System32\RPCRT4.dll" failed with status 0xc000008a
NtProtectVirtualMemory( ProcessHandle=-1, BaseAddress=0xb7e2a8 [0x76d1c000], Size=0xb7e298 [0x1000], NewProtect=4, OldProtect=0xb7e238 [2] ) => 0
NtQueryInformationThread( ThreadHandle=-2, ThreadInformationClass=0x1d [ThreadWow64Context], ThreadInformation=0xb7dd20, Length=0x2cc, ReturnLength=null ) => 0
6774:651c @ 118014656 - LdrpPreprocessDllName - INFO: DLL api-ms-win-core-debug-l1-1-0.dll was redirected to C:\Windows\SYSTEM32\kernelbase.dll by API set
NtQueryInformationThread( ThreadHandle=-2, ThreadInformationClass=0x1d [ThreadWow64Context], ThreadInformation=0xb7dd20, Length=0x2cc, ReturnLength=null ) => 0
6774:651c @ 118014656 - LdrpPreprocessDllName - INFO: DLL api-ms-win-core-errorhandling-l1-1-0.dll was redirected to C:\Windows\SYSTEM32\kernelbase.dll by API set
NtQueryInformationThread( ThreadHandle=-2, ThreadInformationClass=0x1d [ThreadWow64Context], ThreadInformation=0xb7dd20, Length=0x2cc, ReturnLength=null ) => 0
6774:651c @ 118014656 - LdrpPreprocessDllName - INFO: DLL api-ms-win-core-errorhandling-l1-1-2.dll was redirected to C:\Windows\SYSTEM32\kernelbase.dll by API set
NtQueryInformationThread( ThreadHandle=-2, ThreadInformationClass=0x1d [ThreadWow64Context], ThreadInformation=0xb7dd20, Length=0x2cc, ReturnLength=null ) => 0
6774:651c @ 118014656 - LdrpPreprocessDllName - INFO: DLL api-ms-win-core-handle-l1-1-0.dll was redirected to C:\Windows\SYSTEM32\kernelbase.dll by API set
NtQueryInformationThread( ThreadHandle=-2, ThreadInformationClass=0x1d [ThreadWow64Context], ThreadInformation=0xb7dd20, Length=0x2cc, ReturnLength=null ) => 0
6774:651c @ 118014656 - LdrpPreprocessDllName - INFO: DLL api-ms-win-core-heap-l1-1-0.dll was redirected to C:\Windows\SYSTEM32\kernelbase.dll by API set
NtQueryInformationThread( ThreadHandle=-2, ThreadInformationClass=0x1d [ThreadWow64Context], ThreadInformation=0xb7dd20, Length=0x2cc, ReturnLength=null ) => 0
6774:651c @ 118014656 - LdrpPreprocessDllName - INFO: DLL api-ms-win-core-interlocked-l1-1-0.dll was redirected to C:\Windows\SYSTEM32\kernelbase.dll by API set
NtQueryInformationThread( ThreadHandle=-2, ThreadInformationClass=0x1d [ThreadWow64Context], ThreadInformation=0xb7dd20, Length=0x2cc, ReturnLength=null ) => 0
6774:651c @ 118014656 - LdrpPreprocessDllName - INFO: DLL api-ms-win-core-io-l1-1-0.dll was redirected to C:\Windows\SYSTEM32\kernel32.dll by API set
NtQueryInformationThread( ThreadHandle=-2, ThreadInformationClass=0x1d [ThreadWow64Context], ThreadInformation=0xb7dd20, Length=0x2cc, ReturnLength=null ) => 0
6774:651c @ 118014656 - LdrpPreprocessDllName - INFO: DLL api-ms-win-core-libraryloader-l1-2-0.dll was redirected to C:\Windows\SYSTEM32\kernelbase.dll by API set
NtQueryInformationThread( ThreadHandle=-2, ThreadInformationClass=0x1d [ThreadWow64Context], ThreadInformation=0xb7dd20, Length=0x2cc, ReturnLength=null ) => 0
6774:651c @ 118014656 - LdrpPreprocessDllName - INFO: DLL api-ms-win-core-localization-l1-2-0.dll was redirected to C:\Windows\SYSTEM32\kernelbase.dll by API set
NtQueryInformationThread( ThreadHandle=-2, ThreadInformationClass=0x1d [ThreadWow64Context], ThreadInformation=0xb7dd20, Length=0x2cc, ReturnLength=null ) => 0
6774:651c @ 118014656 - LdrpPreprocessDllName - INFO: DLL api-ms-win-core-registry-l1-1-0.dll was redirected to C:\Windows\SYSTEM32\kernelbase.dll by API set
NtQueryInformationThread( ThreadHandle=-2, ThreadInformationClass=0x1d [ThreadWow64Context], ThreadInformation=0xb7dd20, Length=0x2cc, ReturnLength=null ) => 0
6774:651c @ 118014656 - LdrpPreprocessDllName - INFO: DLL api-ms-win-core-memory-l1-1-0.dll was redirected to C:\Windows\SYSTEM32\kernelbase.dll by API set
NtQueryInformationThread( ThreadHandle=-2, ThreadInformationClass=0x1d [ThreadWow64Context], ThreadInformation=0xb7dd20, Length=0x2cc, ReturnLength=null ) => 0
6774:651c @ 118014656 - LdrpPreprocessDllName - INFO: DLL api-ms-win-core-string-obsolete-l1-1-0.dll was redirected to C:\Windows\SYSTEM32\kernel32.dll by API set
NtQueryInformationThread( ThreadHandle=-2, ThreadInformationClass=0x1d [ThreadWow64Context], ThreadInformation=0xb7dd20, Length=0x2cc, ReturnLength=null ) => 0
6774:651c @ 118014656 - LdrpPreprocessDllName - INFO: DLL api-ms-win-core-heap-obsolete-l1-1-0.dll was redirected to C:\Windows\SYSTEM32\kernel32.dll by API set
NtQueryInformationThread( ThreadHandle=-2, ThreadInformationClass=0x1d [ThreadWow64Context], ThreadInformation=0xb7dd20, Length=0x2cc, ReturnLength=null ) => 0
6774:651c @ 118014656 - LdrpPreprocessDllName - INFO: DLL api-ms-win-core-namedpipe-l1-1-0.dll was redirected to C:\Windows\SYSTEM32\kernelbase.dll by API set
NtQueryInformationThread( ThreadHandle=-2, ThreadInformationClass=0x1d [ThreadWow64Context], ThreadInformation=0xb7dd20, Length=0x2cc, ReturnLength=null ) => 0
6774:651c @ 118014656 - LdrpPreprocessDllName - INFO: DLL api-ms-win-core-processenvironment-l1-1-0.dll was redirected to C:\Windows\SYSTEM32\kernelbase.dll by API set
NtQueryInformationThread( ThreadHandle=-2, ThreadInformationClass=0x1d [ThreadWow64Context], ThreadInformation=0xb7dd20, Length=0x2cc, ReturnLength=null ) => 0
6774:651c @ 118014656 - LdrpPreprocessDllName - INFO: DLL api-ms-win-core-processthreads-l1-1-0.dll was redirected to C:\Windows\SYSTEM32\kernel32.dll by API set
NtQueryInformationThread( ThreadHandle=-2, ThreadInformationClass=0x1d [ThreadWow64Context], ThreadInformation=0xb7dd20, Length=0x2cc, ReturnLength=null ) => 0
6774:651c @ 118014656 - LdrpPreprocessDllName - INFO: DLL api-ms-win-core-profile-l1-1-0.dll was redirected to C:\Windows\SYSTEM32\kernelbase.dll by API set
NtQueryInformationThread( ThreadHandle=-2, ThreadInformationClass=0x1d [ThreadWow64Context], ThreadInformation=0xb7dd20, Length=0x2cc, ReturnLength=null ) => 0
6774:651c @ 118014656 - LdrpPreprocessDllName - INFO: DLL api-ms-win-core-string-l1-1-0.dll was redirected to C:\Windows\SYSTEM32\kernelbase.dll by API set
NtQueryInformationThread( ThreadHandle=-2, ThreadInformationClass=0x1d [ThreadWow64Context], ThreadInformation=0xb7dd20, Length=0x2cc, ReturnLength=null ) => 0
6774:651c @ 118014656 - LdrpPreprocessDllName - INFO: DLL api-ms-win-core-synch-l1-1-0.dll was redirected to C:\Windows\SYSTEM32\kernelbase.dll by API set
NtQueryInformationThread( ThreadHandle=-2, ThreadInformationClass=0x1d [ThreadWow64Context], ThreadInformation=0xb7dd20, Length=0x2cc, ReturnLength=null ) => 0
6774:651c @ 118014656 - LdrpPreprocessDllName - INFO: DLL api-ms-win-core-synch-l1-2-0.dll was redirected to C:\Windows\SYSTEM32\kernelbase.dll by API set
NtQueryInformationThread( ThreadHandle=-2, ThreadInformationClass=0x1d [ThreadWow64Context], ThreadInformation=0xb7dd20, Length=0x2cc, ReturnLength=null ) => 0
6774:651c @ 118014656 - LdrpPreprocessDllName - INFO: DLL api-ms-win-core-sysinfo-l1-1-0.dll was redirected to C:\Windows\SYSTEM32\kernelbase.dll by API set
NtQueryInformationThread( ThreadHandle=-2, ThreadInformationClass=0x1d [ThreadWow64Context], ThreadInformation=0xb7dd20, Length=0x2cc, ReturnLength=null ) => 0
6774:651c @ 118014656 - LdrpPreprocessDllName - INFO: DLL api-ms-win-core-timezone-l1-1-0.dll was redirected to C:\Windows\SYSTEM32\kernelbase.dll by API set
NtQueryInformationThread( ThreadHandle=-2, ThreadInformationClass=0x1d [ThreadWow64Context], ThreadInformation=0xb7dd20, Length=0x2cc, ReturnLength=null ) => 0
6774:651c @ 118014656 - LdrpPreprocessDllName - INFO: DLL api-ms-win-core-threadpool-l1-2-0.dll was redirected to C:\Windows\SYSTEM32\kernelbase.dll by API set
NtQueryInformationThread( ThreadHandle=-2, ThreadInformationClass=0x1d [ThreadWow64Context], ThreadInformation=0xb7dd20, Length=0x2cc, ReturnLength=null ) => 0
6774:651c @ 118014656 - LdrpPreprocessDllName - INFO: DLL api-ms-win-core-threadpool-legacy-l1-1-0.dll was redirected to C:\Windows\SYSTEM32\kernelbase.dll by API set
NtQueryInformationThread( ThreadHandle=-2, ThreadInformationClass=0x1d [ThreadWow64Context], ThreadInformation=0xb7dd20, Length=0x2cc, ReturnLength=null ) => 0
6774:651c @ 118014656 - LdrpPreprocessDllName - INFO: DLL api-ms-win-security-base-l1-1-0.dll was redirected to C:\Windows\SYSTEM32\kernelbase.dll by API set
NtQueryInformationThread( ThreadHandle=-2, ThreadInformationClass=0x1d [ThreadWow64Context], ThreadInformation=0xb7dd20, Length=0x2cc, ReturnLength=null ) => 0
6774:651c @ 118014656 - LdrpPreprocessDllName - INFO: DLL api-ms-win-core-apiquery-l1-1-0.dll was redirected to C:\Windows\SYSTEM32\ntdll.dll by API set
NtQueryInformationThread( ThreadHandle=-2, ThreadInformationClass=0x1d [ThreadWow64Context], ThreadInformation=0xb7dd20, Length=0x2cc, ReturnLength=null ) => 0
6774:651c @ 118014656 - LdrpPreprocessDllName - INFO: DLL api-ms-win-core-delayload-l1-1-0.dll was redirected to C:\Windows\SYSTEM32\kernelbase.dll by API set
NtWaitForWorkViaWorkerFactory( WorkerFactoryHandle=0xc8, MiniPacket=0xbdeae0 ) => 0
NtQueryInformationThread( ThreadHandle=-2, ThreadInformationClass=0x1d [ThreadWow64Context], ThreadInformation=0xb7dd20, Length=0x2cc, ReturnLength=null ) => 0
6774:651c @ 118014656 - LdrpPreprocessDllName - INFO: DLL api-ms-win-core-interlocked-l1-1-0.dll was redirected to C:\Windows\SYSTEM32\kernelbase.dll by API set
NtQueryInformationThread( ThreadHandle=-2, ThreadInformationClass=0x1d [ThreadWow64Context], ThreadInformation=0xb7dd20, Length=0x2cc, ReturnLength=null ) => 0
NtQueryInformationThread( ThreadHandle=-2, ThreadInformationClass=0x1d [ThreadWow64Context], ThreadInformation=0xbdde80, Length=0x2cc, ReturnLength=null ) => 0
6774:651c @ 118014656 - LdrpPreprocessDllName - INFO: DLL api-ms-win-core-libraryloader-l1-2-1.dll was redirected to C:\Windows\SYSTEM32\kernelbase.dll by API set
6774:6054 @ 118014656 - LdrpGetProcedureAddress - INFO: Locating procedure "RtlSetLastWin32Error" by name
NtQueryInformationThread( ThreadHandle=-2, ThreadInformationClass=0x1d [ThreadWow64Context], ThreadInformation=0xbdde80, Length=0x2cc, ReturnLength=null ) => 0
NtQueryInformationThread( ThreadHandle=-2, ThreadInformationClass=0x1d [ThreadWow64Context], ThreadInformation=0xb7dd20, Length=0x2cc, ReturnLength=null ) => 0
6774:651c @ 118014656 - LdrpPreprocessDllName - INFO: DLL api-ms-win-core-memory-l1-1-0.dll was redirected to C:\Windows\SYSTEM32\kernelbase.dll by API set
6774:6054 @ 118014656 - LdrpGetProcedureAddress - INFO: Locating procedure "RtlReAllocateHeap" by name
NtQueryInformationThread( ThreadHandle=-2, ThreadInformationClass=0x1d [ThreadWow64Context], ThreadInformation=0xbdde80, Length=0x2cc, ReturnLength=null ) => 0
NtQueryInformationThread( ThreadHandle=-2, ThreadInformationClass=0x1d [ThreadWow64Context], ThreadInformation=0xb7dd20, Length=0x2cc, ReturnLength=null ) => 0
6774:651c @ 118014656 - LdrpPreprocessDllName - INFO: DLL api-ms-win-core-processenvironment-l1-1-0.dll was redirected to C:\Windows\SYSTEM32\kernelbase.dll by API set
6774:6054 @ 118014656 - LdrpGetProcedureAddress - INFO: Locating procedure "RtlAllocateHeap" by name
NtQueryInformationThread( ThreadHandle=-2, ThreadInformationClass=0x1d [ThreadWow64Context], ThreadInformation=0xbdde80, Length=0x2cc, ReturnLength=null ) => 0
6774:6054 @ 118014656 - LdrpGetProcedureAddress - INFO: Locating procedure "RtlFreeHeap" by name
NtQueryInformationThread( ThreadHandle=-2, ThreadInformationClass=0x1d [ThreadWow64Context], ThreadInformation=0xbdde80, Length=0x2cc, ReturnLength=null ) => 0
6774:6054 @ 118014656 - LdrpGetProcedureAddress - INFO: Locating procedure "RtlQueryDepthSList" by name
NtQueryInformationThread( ThreadHandle=-2, ThreadInformationClass=0x1d [ThreadWow64Context], ThreadInformation=0xbdde80, Length=0x2cc, ReturnLength=null ) => 0
6774:6054 @ 118014656 - LdrpGetProcedureAddress - INFO: Locating procedure "RtlInterlockedPushEntrySList" by name
NtQueryInformationThread( ThreadHandle=-2, ThreadInformationClass=0x1d [ThreadWow64Context], ThreadInformation=0xbdde80, Length=0x2cc, ReturnLength=null ) => 0
6774:6054 @ 118014656 - LdrpGetProcedureAddress - INFO: Locating procedure "RtlInterlockedPopEntrySList" by name
NtQueryInformationThread( ThreadHandle=-2, ThreadInformationClass=0x1d [ThreadWow64Context], ThreadInformation=0xb7dd20, Length=0x2cc, ReturnLength=null ) => 0
6774:651c @ 118014656 - LdrpPreprocessDllName - INFO: DLL api-ms-win-core-heap-l2-1-0.dll was redirected to C:\Windows\SYSTEM32\kernelbase.dll by API set
NtQueryInformationThread( ThreadHandle=-2, ThreadInformationClass=0x1d [ThreadWow64Context], ThreadInformation=0xb7dd20, Length=0x2cc, ReturnLength=null ) => 0
6774:651c @ 118014656 - LdrpPreprocessDllName - INFO: DLL api-ms-win-eventing-provider-l1-1-0.dll was redirected to C:\Windows\SYSTEM32\kernelbase.dll by API set
NtQueryInformationThread( ThreadHandle=-2, ThreadInformationClass=0x1d [ThreadWow64Context], ThreadInformation=0xbdde80, Length=0x2cc, ReturnLength=null ) => 0
NtQueryInformationThread( ThreadHandle=-2, ThreadInformationClass=0x1d [ThreadWow64Context], ThreadInformation=0xb7dd20, Length=0x2cc, ReturnLength=null ) => 0
6774:651c @ 118014656 - LdrpPreprocessDllName - INFO: DLL api-ms-win-core-threadpool-l1-2-0.dll was redirected to C:\Windows\SYSTEM32\kernelbase.dll by API set
6774:6054 @ 118014656 - LdrpGetProcedureAddress - INFO: Locating procedure "RtlInterlockedFlushSList" by name
NtQueryInformationThread( ThreadHandle=-2, ThreadInformationClass=0x1d [ThreadWow64Context], ThreadInformation=0xb7dd20, Length=0x2cc, ReturnLength=null ) => 0
6774:651c @ 118014656 - LdrpPreprocessDllName - INFO: DLL api-ms-win-core-processthreads-l1-1-1.dll was redirected to C:\Windows\SYSTEM32\kernel32.dll by API set
NtQueryInformationThread( ThreadHandle=-2, ThreadInformationClass=0x1d [ThreadWow64Context], ThreadInformation=0xb7dd20, Length=0x2cc, ReturnLength=null ) => 0
6774:651c @ 118014656 - LdrpPreprocessDllName - INFO: DLL api-ms-win-core-debug-l1-1-1.dll was redirected to C:\Windows\SYSTEM32\kernelbase.dll by API set
NtQueryInformationThread( ThreadHandle=-2, ThreadInformationClass=0x1d [ThreadWow64Context], ThreadInformation=0xbdde80, Length=0x2cc, ReturnLength=null ) => 0
6774:6054 @ 118014656 - LdrpGetProcedureAddress - INFO: Locating procedure "RtlInitializeSListHead" by name
NtQueryInformationThread( ThreadHandle=-2, ThreadInformationClass=0x1d [ThreadWow64Context], ThreadInformation=0xb7dd20, Length=0x2cc, ReturnLength=null ) => 0
6774:651c @ 118014656 - LdrpPreprocessDllName - INFO: DLL api-ms-win-security-base-l1-1-0.dll was redirected to C:\Windows\SYSTEM32\kernelbase.dll by API set
NtQueryInformationThread( ThreadHandle=-2, ThreadInformationClass=0x1d [ThreadWow64Context], ThreadInformation=0xb7dd20, Length=0x2cc, ReturnLength=null ) => 0
6774:651c @ 118014656 - LdrpPreprocessDllName - INFO: DLL api-ms-win-core-psapi-l1-1-0.dll was redirected to C:\Windows\SYSTEM32\kernelbase.dll by API set
NtQueryInformationThread( ThreadHandle=-2, ThreadInformationClass=0x1d [ThreadWow64Context], ThreadInformation=0xb7dd20, Length=0x2cc, ReturnLength=null ) => 0
6774:651c @ 118014656 - LdrpPreprocessDllName - INFO: DLL api-ms-win-core-file-l1-2-0.dll was redirected to C:\Windows\SYSTEM32\kernelbase.dll by API set
NtQueryInformationThread( ThreadHandle=-2, ThreadInformationClass=0x1d [ThreadWow64Context], ThreadInformation=0xb7dd20, Length=0x2cc, ReturnLength=null ) => 0
6774:651c @ 118014656 - LdrpPreprocessDllName - INFO: DLL api-ms-win-core-wow64-l1-1-0.dll was redirected to C:\Windows\SYSTEM32\kernelbase.dll by API set
NtQueryInformationThread( ThreadHandle=-2, ThreadInformationClass=0x1d [ThreadWow64Context], ThreadInformation=0xb7dd20, Length=0x2cc, ReturnLength=null ) => 0
6774:651c @ 118014656 - LdrpPreprocessDllName - INFO: DLL api-ms-win-core-delayload-l1-1-1.dll was redirected to C:\Windows\SYSTEM32\kernelbase.dll by API set
NtQueryInformationThread( ThreadHandle=-2, ThreadInformationClass=0x1d [ThreadWow64Context], ThreadInformation=0xb7dd20, Length=0x2cc, ReturnLength=null ) => 0
6774:651c @ 118014656 - LdrpPreprocessDllName - INFO: DLL api-ms-win-core-delayload-l1-1-0.dll was redirected to C:\Windows\SYSTEM32\kernelbase.dll by API set
NtQueryInformationThread( ThreadHandle=-2, ThreadInformationClass=0x1d [ThreadWow64Context], ThreadInformation=0xb7dd20, Length=0x2cc, ReturnLength=null ) => 0
6774:651c @ 118014656 - LdrpPreprocessDllName - INFO: DLL api-ms-win-core-profile-l1-1-0.dll was redirected to C:\Windows\SYSTEM32\kernelbase.dll by API set
NtQueryInformationThread( ThreadHandle=-2, ThreadInformationClass=0x1d [ThreadWow64Context], ThreadInformation=0xbdde80, Length=0x2cc, ReturnLength=null ) => 0
6774:6054 @ 118014656 - LdrpPreprocessDllName - INFO: DLL api-ms-win-core-processthreads-l1-1-0 was redirected to C:\Windows\SYSTEM32\kernelbase.dll by API set
NtQueryInformationThread( ThreadHandle=-2, ThreadInformationClass=0x1d [ThreadWow64Context], ThreadInformation=0xb7dd20, Length=0x2cc, ReturnLength=null ) => 0
6774:651c @ 118014656 - LdrpPreprocessDllName - INFO: DLL api-ms-win-core-kernel32-legacy-l1-1-0.dll was redirected to C:\Windows\SYSTEM32\kernel32.dll by API set
NtQueryInformationThread( ThreadHandle=-2, ThreadInformationClass=0x1d [ThreadWow64Context], ThreadInformation=0xbdde80, Length=0x2cc, ReturnLength=null ) => 0
6774:6054 @ 118014656 - LdrpGetProcedureAddress - INFO: Locating procedure "OpenThreadToken" by name
NtQueryInformationThread( ThreadHandle=-2, ThreadInformationClass=0x1d [ThreadWow64Context], ThreadInformation=0xb7dd20, Length=0x2cc, ReturnLength=null ) => 0
6774:651c @ 118014656 - LdrpPreprocessDllName - INFO: DLL api-ms-win-core-kernel32-private-l1-1-0.dll was redirected to C:\Windows\SYSTEM32\kernel32.dll by API set
NtQueryInformationThread( ThreadHandle=-2, ThreadInformationClass=0x1d [ThreadWow64Context], ThreadInformation=0xbdde80, Length=0x2cc, ReturnLength=null ) => 0
6774:6054 @ 118014656 - LdrpPreprocessDllName - INFO: DLL api-ms-win-core-processthreads-l1-1-0 was redirected to C:\Windows\SYSTEM32\kernelbase.dll by API set
NtQueryInformationThread( ThreadHandle=-2, ThreadInformationClass=0x1d [ThreadWow64Context], ThreadInformation=0xb7dd20, Length=0x2cc, ReturnLength=null ) => 0
6774:651c @ 118014656 - LdrpPreprocessDllName - INFO: DLL api-ms-win-core-heap-obsolete-l1-1-0.dll was redirected to C:\Windows\SYSTEM32\kernel32.dll by API set
NtQueryInformationThread( ThreadHandle=-2, ThreadInformationClass=0x1d [ThreadWow64Context], ThreadInformation=0xb7dd20, Length=0x2cc, ReturnLength=null ) => 0
6774:651c @ 118014656 - LdrpPreprocessDllName - INFO: DLL api-ms-win-core-stringansi-l1-1-0.dll was redirected to C:\Windows\SYSTEM32\kernelbase.dll by API set
NtQueryInformationThread( ThreadHandle=-2, ThreadInformationClass=0x1d [ThreadWow64Context], ThreadInformation=0xbdde80, Length=0x2cc, ReturnLength=null ) => 0
6774:6054 @ 118014656 - LdrpGetProcedureAddress - INFO: Locating procedure "OpenProcessToken" by name
NtQueryInformationThread( ThreadHandle=-2, ThreadInformationClass=0x1d [ThreadWow64Context], ThreadInformation=0xb7dd20, Length=0x2cc, ReturnLength=null ) => 0
NtQueryInformationThread( ThreadHandle=-2, ThreadInformationClass=0x1d [ThreadWow64Context], ThreadInformation=0xbdde80, Length=0x2cc, ReturnLength=null ) => 0
6774:6054 @ 118014656 - LdrpPreprocessDllName - INFO: DLL api-ms-win-core-processthreads-l1-1-0 was redirected to C:\Windows\SYSTEM32\kernelbase.dll by API set
6774:651c @ 118014656 - LdrpPreprocessDllName - INFO: DLL api-ms-win-core-atoms-l1-1-0.dll was redirected to C:\Windows\SYSTEM32\kernel32.dll by API set
NtQueryInformationThread( ThreadHandle=-2, ThreadInformationClass=0x1d [ThreadWow64Context], ThreadInformation=0xbdde80, Length=0x2cc, ReturnLength=null ) => 0
6774:6054 @ 118014656 - LdrpGetProcedureAddress - INFO: Locating procedure "SetThreadToken" by name
NtQueryInformationThread( ThreadHandle=-2, ThreadInformationClass=0x1d [ThreadWow64Context], ThreadInformation=0xbdde80, Length=0x2cc, ReturnLength=null ) => 0
6774:6054 @ 118014656 - LdrpGetProcedureAddress - INFO: Locating procedure "RtlQueryPerformanceCounter" by name
NtQueryInformationThread( ThreadHandle=-2, ThreadInformationClass=0x1d [ThreadWow64Context], ThreadInformation=0xb7dd20, Length=0x2cc, ReturnLength=null ) => 0
6774:651c @ 118014656 - LdrpPreprocessDllName - INFO: DLL api-ms-win-core-threadpool-legacy-l1-1-0.dll was redirected to C:\Windows\SYSTEM32\kernelbase.dll by API set
NtQueryInformationThread( ThreadHandle=-2, ThreadInformationClass=0x1d [ThreadWow64Context], ThreadInformation=0xbdde80, Length=0x2cc, ReturnLength=null ) => 0
6774:6054 @ 118014656 - LdrpGetProcedureAddress - INFO: Locating procedure "RtlAcquireSRWLockExclusive" by name
NtQueryInformationThread( ThreadHandle=-2, ThreadInformationClass=0x1d [ThreadWow64Context], ThreadInformation=0xb7dd20, Length=0x2cc, ReturnLength=null ) => 0
6774:651c @ 118014656 - LdrpPreprocessDllName - INFO: DLL api-ms-win-core-shlwapi-legacy-l1-1-0.dll was redirected to C:\Windows\SYSTEM32\kernelbase.dll by API set
NtQueryInformationThread( ThreadHandle=-2, ThreadInformationClass=0x1d [ThreadWow64Context], ThreadInformation=0xbdde80, Length=0x2cc, ReturnLength=null ) => 0
NtQueryInformationThread( ThreadHandle=-2, ThreadInformationClass=0x1d [ThreadWow64Context], ThreadInformation=0xb7dd20, Length=0x2cc, ReturnLength=null ) => 0
6774:6054 @ 118014656 - LdrpGetProcedureAddress - INFO: Locating procedure "RtlReleaseSRWLockExclusive" by name
6774:651c @ 118014656 - LdrpPreprocessDllName - INFO: DLL api-ms-win-core-sidebyside-l1-1-0.dll was redirected to C:\Windows\SYSTEM32\kernelbase.dll by API set
NtQueryInformationThread( ThreadHandle=-2, ThreadInformationClass=0x1d [ThreadWow64Context], ThreadInformation=0xb7dd20, Length=0x2cc, ReturnLength=null ) => 0
NtQueryInformationThread( ThreadHandle=-2, ThreadInformationClass=0x1d [ThreadWow64Context], ThreadInformation=0xbdde80, Length=0x2cc, ReturnLength=null ) => 0
6774:6054 @ 118014656 - LdrpGetProcedureAddress - INFO: Locating procedure "RtlAcquireSRWLockShared" by name
6774:651c @ 118014656 - LdrpPreprocessDllName - INFO: DLL api-ms-win-core-marshal-l1-1-0.dll was redirected to C:\Windows\SYSTEM32\combase.dll by API set
NtQueryInformationThread( ThreadHandle=-2, ThreadInformationClass=0x1d [ThreadWow64Context], ThreadInformation=0xbdde80, Length=0x2cc, ReturnLength=null ) => 0
6774:6054 @ 118014656 - LdrpGetProcedureAddress - INFO: Locating procedure "RtlReleaseSRWLockShared" by name
NtQueryInformationThread( ThreadHandle=-2, ThreadInformationClass=0x1d [ThreadWow64Context], ThreadInformation=0xbdde80, Length=0x2cc, ReturnLength=null ) => 0
6774:6054 @ 118014656 - LdrpGetProcedureAddress - INFO: Locating procedure "RtlEnterCriticalSection" by name
NtQueryInformationThread( ThreadHandle=-2, ThreadInformationClass=0x1d [ThreadWow64Context], ThreadInformation=0xbdde80, Length=0x2cc, ReturnLength=null ) => 0
6774:6054 @ 118014656 - LdrpGetProcedureAddress - INFO: Locating procedure "RtlDeleteCriticalSection" by name
NtQueryInformationThread( ThreadHandle=-2, ThreadInformationClass=0x1d [ThreadWow64Context], ThreadInformation=0xbdde80, Length=0x2cc, ReturnLength=null ) => 0
NtQueryInformationThread( ThreadHandle=-2, ThreadInformationClass=0x1d [ThreadWow64Context], ThreadInformation=0xb7dd20, Length=0x2cc, ReturnLength=null ) => 0
6774:651c @ 118014656 - LdrpFindKnownDll - ENTER: DLL name: combase.dll
NtQueryObject( ObjectHandle=0x90, ObjectInformationClass=1 [ObjectNameInformation], ObjectInformation=0xb7e060, Length=0x210, ReturnLength=null ) => 0
NtOpenSection( SectionHandle=0xb7e2f8 [0xec], DesiredAccess=0xd, ObjectAttributes=0x90:"combase.dll" ) => 0
6774:6054 @ 118014656 - LdrpGetProcedureAddress - INFO: Locating procedure "RtlInitializeCriticalSection" by name
NtQueryInformationThread( ThreadHandle=-2, ThreadInformationClass=0x1d [ThreadWow64Context], ThreadInformation=0xbdde80, Length=0x2cc, ReturnLength=null ) => 0
6774:6054 @ 118014656 - LdrpGetProcedureAddress - INFO: Locating procedure "RtlLeaveCriticalSection" by name
NtQueryInformationThread( ThreadHandle=-2, ThreadInformationClass=0x1d [ThreadWow64Context], ThreadInformation=0xbdde80, Length=0x2cc, ReturnLength=null ) => 0
6774:6054 @ 118014656 - LdrpGetProcedureAddress - INFO: Locating procedure "RtlSetCriticalSectionSpinCount" by name
NtQueryInformationThread( ThreadHandle=-2, ThreadInformationClass=0x1d [ThreadWow64Context], ThreadInformation=0xbdde80, Length=0x2cc, ReturnLength=null ) => 0
6774:6054 @ 118014656 - LdrpGetProcedureAddress - INFO: Locating procedure "RtlInitializeSRWLock" by name
NtQueryInformationThread( ThreadHandle=-2, ThreadInformationClass=0x1d [ThreadWow64Context], ThreadInformation=0xb7dd20, Length=0x2cc, ReturnLength=null ) => 0
6774:651c @ 118014656 - LdrpFindKnownDll - RETURN: Status: 0x00000000
NtQueryInformationThread( ThreadHandle=-2, ThreadInformationClass=0x1d [ThreadWow64Context], ThreadInformation=0xb7dd20, Length=0x2cc, ReturnLength=null ) => 0
6774:651c @ 118014671 - LdrpMinimalMapModule - ENTER: DLL name: C:\Windows\System32\combase.dll
NtQueryInformationThread( ThreadHandle=-2, ThreadInformationClass=0x1d [ThreadWow64Context], ThreadInformation=0xbdde80, Length=0x2cc, ReturnLength=null ) => 0
6774:6054 @ 118014671 - LdrpGetProcedureAddress - INFO: Locating procedure "RtlWakeAddressAll" by name
NtQueryInformationThread( ThreadHandle=-2, ThreadInformationClass=0x1d [ThreadWow64Context], ThreadInformation=0xbdde80, Length=0x2cc, ReturnLength=null ) => 0
6774:6054 @ 118014671 - LdrpGetProcedureAddress - INFO: Locating procedure "TpSetTimer" by name
NtQueryInformationThread( ThreadHandle=-2, ThreadInformationClass=0x1d [ThreadWow64Context], ThreadInformation=0xbdde80, Length=0x2cc, ReturnLength=null ) => 0
6774:6054 @ 118014671 - LdrpGetProcedureAddress - INFO: Locating procedure "TpWaitForTimer" by name
NtQueryInformationThread( ThreadHandle=-2, ThreadInformationClass=0x1d [ThreadWow64Context], ThreadInformation=0xbdde80, Length=0x2cc, ReturnLength=null ) => 0
6774:6054 @ 118014671 - LdrpGetProcedureAddress - INFO: Locating procedure "TpReleaseTimer" by name
NtQueryInformationThread( ThreadHandle=-2, ThreadInformationClass=0x1d [ThreadWow64Context], ThreadInformation=0xbdde80, Length=0x2cc, ReturnLength=null ) => 0
6774:6054 @ 118014671 - LdrpGetProcedureAddress - INFO: Locating procedure "TpReleaseWork" by name
NtQueryInformationThread( ThreadHandle=-2, ThreadInformationClass=0x1d [ThreadWow64Context], ThreadInformation=0xbdde80, Length=0x2cc, ReturnLength=null ) => 0
6774:6054 @ 118014671 - LdrpGetProcedureAddress - INFO: Locating procedure "TpPostWork" by name
NtQueryInformationThread( ThreadHandle=-2, ThreadInformationClass=0x1d [ThreadWow64Context], ThreadInformation=0xbdde80, Length=0x2cc, ReturnLength=null ) => 0
6774:6054 @ 118014671 - LdrpGetProcedureAddress - INFO: Locating procedure "TpWaitForWork" by name
NtQueryInformationThread( ThreadHandle=-2, ThreadInformationClass=0x1d [ThreadWow64Context], ThreadInformation=0xbdde80, Length=0x2cc, ReturnLength=null ) => 0
6774:6054 @ 118014671 - LdrpGetProcedureAddress - INFO: Locating procedure "TpIsTimerSet" by name
NtQueryInformationThread( ThreadHandle=-2, ThreadInformationClass=0x1d [ThreadWow64Context], ThreadInformation=0xbdde80, Length=0x2cc, ReturnLength=null ) => 0
6774:6054 @ 118014671 - LdrpGetProcedureAddress - INFO: Locating procedure "TpReleaseIoCompletion" by name
NtQueryInformationThread( ThreadHandle=-2, ThreadInformationClass=0x1d [ThreadWow64Context], ThreadInformation=0xbdde80, Length=0x2cc, ReturnLength=null ) => 0
6774:6054 @ 118014671 - LdrpGetProcedureAddress - INFO: Locating procedure "TpStartAsyncIoOperation" by name
NtQueryInformationThread( ThreadHandle=-2, ThreadInformationClass=0x1d [ThreadWow64Context], ThreadInformation=0xbdde80, Length=0x2cc, ReturnLength=null ) => 0
6774:6054 @ 118014671 - LdrpGetProcedureAddress - INFO: Locating procedure "TpCancelAsyncIoOperation" by name
NtQueryInformationThread( ThreadHandle=-2, ThreadInformationClass=0x1d [ThreadWow64Context], ThreadInformation=0xbdde80, Length=0x2cc, ReturnLength=null ) => 0
6774:6054 @ 118014671 - LdrpGetProcedureAddress - INFO: Locating procedure "TpWaitForIoCompletion" by name
NtQueryInformationThread( ThreadHandle=-2, ThreadInformationClass=0x1d [ThreadWow64Context], ThreadInformation=0xbdde80, Length=0x2cc, ReturnLength=null ) => 0
6774:6054 @ 118014671 - LdrpGetProcedureAddress - INFO: Locating procedure "TpReleasePool" by name
NtProtectVirtualMemory( ProcessHandle=-1, BaseAddress=0xbde408 [0x76d1c000], Size=0xbde3f8 [0x1000], NewProtect=2, OldProtect=0xbde398 [4] ) => 0
Loaded DLL at 0000000075190000 C:\Windows\SysWOW64\combase.dll
NtMapViewOfSection( SectionHandle=0xec, ProcessHandle=-1, BaseAddress=0xb7e2b0 [0x75190000], ZeroBits=0x7ffeffff, CommitSize=0, SectionOffset=null, ViewSize=0xb7e260 [0x00280000], InheritDisposition=1 [ViewShare], AllocationType=0x00800000, Protect=0x80 ) => 0
NtQuerySection( SectionHandle=0xec, SectionInformationClass=1 [SectionImageInformation], SectionInformation=0xb7e270, Length=0x40, ReturnLength=null ) => 0
NtQueryVirtualMemory( ProcessHandle=-1, BaseAddress=0x75190000, MemoryInformationClass=6 [MemoryImageInformation], MemoryInformation=0xb7e180, Length=0x18, ReturnLength=null ) => 0
NtQueryInformationThread( ThreadHandle=-2, ThreadInformationClass=0x1d [ThreadWow64Context], ThreadInformation=0xb7dd20, Length=0x2cc, ReturnLength=null ) => 0
6774:651c @ 118014671 - LdrpMinimalMapModule - RETURN: Status: 0x00000000
NtProtectVirtualMemory( ProcessHandle=-1, BaseAddress=0xb7e2a8 [0x753d7000], Size=0xb7e298 [0x1000], NewProtect=2, OldProtect=0xb7e238 [4] ) => 0
NtProtectVirtualMemory( ProcessHandle=-1, BaseAddress=0xb7e2a8 [0x77439000], Size=0xb7e298 [0x3000], NewProtect=4, OldProtect=0xb7e238 [2] ) => 0
NtProtectVirtualMemory( ProcessHandle=-1, BaseAddress=0xb7e2a8 [0x77439000], Size=0xb7e298 [0x3000], NewProtect=2, OldProtect=0xb7e238 [4] ) => 0
NtQueryInformationThread( ThreadHandle=-2, ThreadInformationClass=0x1d [ThreadWow64Context], ThreadInformation=0xb7dd20, Length=0x2cc, ReturnLength=null ) => 0
6774:651c @ 118014671 - LdrpFindDllActivationContext - INFO: Probing for the manifest of DLL "C:\Windows\System32\combase.dll" failed with status 0xc000008a
NtProtectVirtualMemory( ProcessHandle=-1, BaseAddress=0xb7e2a8 [0x753d2000], Size=0xb7e298 [0x1000], NewProtect=4, OldProtect=0xb7e238 [2] ) => 0
NtQueryInformationThread( ThreadHandle=-2, ThreadInformationClass=0x1d [ThreadWow64Context], ThreadInformation=0xb7dd20, Length=0x2cc, ReturnLength=null ) => 0
6774:651c @ 118014671 - LdrpPreprocessDllName - INFO: DLL api-ms-win-crt-string-l1-1-0.dll was redirected to C:\Windows\SYSTEM32\ucrtbase.dll by API set
NtQueryInformationThread( ThreadHandle=-2, ThreadInformationClass=0x1d [ThreadWow64Context], ThreadInformation=0xb7dd20, Length=0x2cc, ReturnLength=null ) => 0
6774:651c @ 118014671 - LdrpPreprocessDllName - INFO: DLL api-ms-win-crt-runtime-l1-1-0.dll was redirected to C:\Windows\SYSTEM32\ucrtbase.dll by API set
NtQueryInformationThread( ThreadHandle=-2, ThreadInformationClass=0x1d [ThreadWow64Context], ThreadInformation=0xb7dd20, Length=0x2cc, ReturnLength=null ) => 0
6774:651c @ 118014671 - LdrpPreprocessDllName - INFO: DLL api-ms-win-crt-private-l1-1-0.dll was redirected to C:\Windows\SYSTEM32\ucrtbase.dll by API set
NtQueryInformationThread( ThreadHandle=-2, ThreadInformationClass=0x1d [ThreadWow64Context], ThreadInformation=0xb7dd20, Length=0x2cc, ReturnLength=null ) => 0
6774:651c @ 118014671 - LdrpPreprocessDllName - INFO: DLL api-ms-win-core-debug-l1-1-0.dll was redirected to C:\Windows\SYSTEM32\kernelbase.dll by API set
NtQueryInformationThread( ThreadHandle=-2, ThreadInformationClass=0x1d [ThreadWow64Context], ThreadInformation=0xb7dd20, Length=0x2cc, ReturnLength=null ) => 0
6774:651c @ 118014671 - LdrpPreprocessDllName - INFO: DLL api-ms-win-core-errorhandling-l1-1-0.dll was redirected to C:\Windows\SYSTEM32\kernelbase.dll by API set
NtQueryInformationThread( ThreadHandle=-2, ThreadInformationClass=0x1d [ThreadWow64Context], ThreadInformation=0xb7dd20, Length=0x2cc, ReturnLength=null ) => 0
6774:651c @ 118014671 - LdrpPreprocessDllName - INFO: DLL api-ms-win-core-errorhandling-l1-1-2.dll was redirected to C:\Windows\SYSTEM32\kernelbase.dll by API set
NtQueryInformationThread( ThreadHandle=-2, ThreadInformationClass=0x1d [ThreadWow64Context], ThreadInformation=0xb7dd20, Length=0x2cc, ReturnLength=null ) => 0
6774:651c @ 118014671 - LdrpPreprocessDllName - INFO: DLL api-ms-win-core-fibers-l1-1-0.dll was redirected to C:\Windows\SYSTEM32\kernelbase.dll by API set
NtQueryInformationThread( ThreadHandle=-2, ThreadInformationClass=0x1d [ThreadWow64Context], ThreadInformation=0xb7dd20, Length=0x2cc, ReturnLength=null ) => 0
6774:651c @ 118014671 - LdrpPreprocessDllName - INFO: DLL api-ms-win-core-fibers-l1-1-1.dll was redirected to C:\Windows\SYSTEM32\kernelbase.dll by API set
NtQueryInformationThread( ThreadHandle=-2, ThreadInformationClass=0x1d [ThreadWow64Context], ThreadInformation=0xb7dd20, Length=0x2cc, ReturnLength=null ) => 0
6774:651c @ 118014671 - LdrpPreprocessDllName - INFO: DLL api-ms-win-core-file-l1-1-0.dll was redirected to C:\Windows\SYSTEM32\kernelbase.dll by API set
NtQueryInformationThread( ThreadHandle=-2, ThreadInformationClass=0x1d [ThreadWow64Context], ThreadInformation=0xb7dd20, Length=0x2cc, ReturnLength=null ) => 0
6774:651c @ 118014671 - LdrpPreprocessDllName - INFO: DLL api-ms-win-core-handle-l1-1-0.dll was redirected to C:\Windows\SYSTEM32\kernelbase.dll by API set
NtQueryInformationThread( ThreadHandle=-2, ThreadInformationClass=0x1d [ThreadWow64Context], ThreadInformation=0xb7dd20, Length=0x2cc, ReturnLength=null ) => 0
6774:651c @ 118014671 - LdrpPreprocessDllName - INFO: DLL api-ms-win-core-heap-l1-1-0.dll was redirected to C:\Windows\SYSTEM32\kernelbase.dll by API set
NtQueryInformationThread( ThreadHandle=-2, ThreadInformationClass=0x1d [ThreadWow64Context], ThreadInformation=0xb7dd20, Length=0x2cc, ReturnLength=null ) => 0
6774:651c @ 118014671 - LdrpPreprocessDllName - INFO: DLL api-ms-win-core-heap-l2-1-0.dll was redirected to C:\Windows\SYSTEM32\kernelbase.dll by API set
NtQueryInformationThread( ThreadHandle=-2, ThreadInformationClass=0x1d [ThreadWow64Context], ThreadInformation=0xb7dd20, Length=0x2cc, ReturnLength=null ) => 0
6774:651c @ 118014671 - LdrpPreprocessDllName - INFO: DLL api-ms-win-core-interlocked-l1-1-0.dll was redirected to C:\Windows\SYSTEM32\kernelbase.dll by API set
NtQueryInformationThread( ThreadHandle=-2, ThreadInformationClass=0x1d [ThreadWow64Context], ThreadInformation=0xb7dd20, Length=0x2cc, ReturnLength=null ) => 0
6774:651c @ 118014671 - LdrpPreprocessDllName - INFO: DLL api-ms-win-core-libraryloader-l1-2-0.dll was redirected to C:\Windows\SYSTEM32\kernelbase.dll by API set
NtQueryInformationThread( ThreadHandle=-2, ThreadInformationClass=0x1d [ThreadWow64Context], ThreadInformation=0xb7dd20, Length=0x2cc, ReturnLength=null ) => 0
6774:651c @ 118014671 - LdrpPreprocessDllName - INFO: DLL api-ms-win-core-localization-l1-2-0.dll was redirected to C:\Windows\SYSTEM32\kernelbase.dll by API set
NtQueryInformationThread( ThreadHandle=-2, ThreadInformationClass=0x1d [ThreadWow64Context], ThreadInformation=0xb7dd20, Length=0x2cc, ReturnLength=null ) => 0
6774:651c @ 118014671 - LdrpPreprocessDllName - INFO: DLL api-ms-win-core-memory-l1-1-0.dll was redirected to C:\Windows\SYSTEM32\kernelbase.dll by API set
NtQueryInformationThread( ThreadHandle=-2, ThreadInformationClass=0x1d [ThreadWow64Context], ThreadInformation=0xb7dd20, Length=0x2cc, ReturnLength=null ) => 0
6774:651c @ 118014671 - LdrpPreprocessDllName - INFO: DLL api-ms-win-core-processenvironment-l1-1-0.dll was redirected to C:\Windows\SYSTEM32\kernelbase.dll by API set
NtQueryInformationThread( ThreadHandle=-2, ThreadInformationClass=0x1d [ThreadWow64Context], ThreadInformation=0xb7dd20, Length=0x2cc, ReturnLength=null ) => 0
6774:651c @ 118014671 - LdrpPreprocessDllName - INFO: DLL api-ms-win-core-processthreads-l1-1-0.dll was redirected to C:\Windows\SYSTEM32\kernel32.dll by API set
NtQueryInformationThread( ThreadHandle=-2, ThreadInformationClass=0x1d [ThreadWow64Context], ThreadInformation=0xb7dd20, Length=0x2cc, ReturnLength=null ) => 0
6774:651c @ 118014671 - LdrpPreprocessDllName - INFO: DLL api-ms-win-core-processthreads-l1-1-1.dll was redirected to C:\Windows\SYSTEM32\kernel32.dll by API set
NtQueryInformationThread( ThreadHandle=-2, ThreadInformationClass=0x1d [ThreadWow64Context], ThreadInformation=0xb7dd20, Length=0x2cc, ReturnLength=null ) => 0
6774:651c @ 118014671 - LdrpPreprocessDllName - INFO: DLL api-ms-win-core-profile-l1-1-0.dll was redirected to C:\Windows\SYSTEM32\kernelbase.dll by API set
NtQueryInformationThread( ThreadHandle=-2, ThreadInformationClass=0x1d [ThreadWow64Context], ThreadInformation=0xb7dd20, Length=0x2cc, ReturnLength=null ) => 0
6774:651c @ 118014671 - LdrpPreprocessDllName - INFO: DLL api-ms-win-core-realtime-l1-1-0.dll was redirected to C:\Windows\SYSTEM32\kernelbase.dll by API set
NtQueryInformationThread( ThreadHandle=-2, ThreadInformationClass=0x1d [ThreadWow64Context], ThreadInformation=0xb7dd20, Length=0x2cc, ReturnLength=null ) => 0
6774:651c @ 118014671 - LdrpPreprocessDllName - INFO: DLL api-ms-win-core-registry-l1-1-0.dll was redirected to C:\Windows\SYSTEM32\kernelbase.dll by API set
NtQueryInformationThread( ThreadHandle=-2, ThreadInformationClass=0x1d [ThreadWow64Context], ThreadInformation=0xb7dd20, Length=0x2cc, ReturnLength=null ) => 0
6774:651c @ 118014671 - LdrpPreprocessDllName - INFO: DLL api-ms-win-core-string-l1-1-0.dll was redirected to C:\Windows\SYSTEM32\kernelbase.dll by API set
NtQueryInformationThread( ThreadHandle=-2, ThreadInformationClass=0x1d [ThreadWow64Context], ThreadInformation=0xb7dd20, Length=0x2cc, ReturnLength=null ) => 0
6774:651c @ 118014671 - LdrpPreprocessDllName - INFO: DLL api-ms-win-core-synch-l1-1-0.dll was redirected to C:\Windows\SYSTEM32\kernelbase.dll by API set
NtQueryInformationThread( ThreadHandle=-2, ThreadInformationClass=0x1d [ThreadWow64Context], ThreadInformation=0xb7dd20, Length=0x2cc, ReturnLength=null ) => 0
6774:651c @ 118014671 - LdrpPreprocessDllName - INFO: DLL api-ms-win-core-synch-l1-2-0.dll was redirected to C:\Windows\SYSTEM32\kernelbase.dll by API set
NtQueryInformationThread( ThreadHandle=-2, ThreadInformationClass=0x1d [ThreadWow64Context], ThreadInformation=0xb7dd20, Length=0x2cc, ReturnLength=null ) => 0
6774:651c @ 118014671 - LdrpPreprocessDllName - INFO: DLL api-ms-win-core-synch-l1-2-1.dll was redirected to C:\Windows\SYSTEM32\kernelbase.dll by API set
NtQueryInformationThread( ThreadHandle=-2, ThreadInformationClass=0x1d [ThreadWow64Context], ThreadInformation=0xb7dd20, Length=0x2cc, ReturnLength=null ) => 0
6774:651c @ 118014671 - LdrpPreprocessDllName - INFO: DLL api-ms-win-core-sysinfo-l1-1-0.dll was redirected to C:\Windows\SYSTEM32\kernelbase.dll by API set
NtQueryInformationThread( ThreadHandle=-2, ThreadInformationClass=0x1d [ThreadWow64Context], ThreadInformation=0xb7dd20, Length=0x2cc, ReturnLength=null ) => 0
6774:651c @ 118014671 - LdrpPreprocessDllName - INFO: DLL api-ms-win-core-sysinfo-l1-2-0.dll was redirected to C:\Windows\SYSTEM32\kernelbase.dll by API set
NtQueryInformationThread( ThreadHandle=-2, ThreadInformationClass=0x1d [ThreadWow64Context], ThreadInformation=0xb7dd20, Length=0x2cc, ReturnLength=null ) => 0
6774:651c @ 118014671 - LdrpPreprocessDllName - INFO: DLL api-ms-win-core-threadpool-l1-2-0.dll was redirected to C:\Windows\SYSTEM32\kernelbase.dll by API set
NtQueryInformationThread( ThreadHandle=-2, ThreadInformationClass=0x1d [ThreadWow64Context], ThreadInformation=0xb7dd20, Length=0x2cc, ReturnLength=null ) => 0
6774:651c @ 118014671 - LdrpPreprocessDllName - INFO: DLL api-ms-win-core-timezone-l1-1-0.dll was redirected to C:\Windows\SYSTEM32\kernelbase.dll by API set
NtQueryInformationThread( ThreadHandle=-2, ThreadInformationClass=0x1d [ThreadWow64Context], ThreadInformation=0xb7dd20, Length=0x2cc, ReturnLength=null ) => 0
6774:651c @ 118014671 - LdrpPreprocessDllName - INFO: DLL api-ms-win-core-util-l1-1-0.dll was redirected to C:\Windows\SYSTEM32\kernel32.dll by API set
NtQueryInformationThread( ThreadHandle=-2, ThreadInformationClass=0x1d [ThreadWow64Context], ThreadInformation=0xb7dd20, Length=0x2cc, ReturnLength=null ) => 0
6774:651c @ 118014671 - LdrpPreprocessDllName - INFO: DLL api-ms-win-core-wow64-l1-1-1.dll was redirected to C:\Windows\SYSTEM32\kernelbase.dll by API set
NtQueryInformationThread( ThreadHandle=-2, ThreadInformationClass=0x1d [ThreadWow64Context], ThreadInformation=0xb7dd20, Length=0x2cc, ReturnLength=null ) => 0
6774:651c @ 118014671 - LdrpPreprocessDllName - INFO: DLL api-ms-win-security-base-l1-1-0.dll was redirected to C:\Windows\SYSTEM32\kernelbase.dll by API set
NtQueryInformationThread( ThreadHandle=-2, ThreadInformationClass=0x1d [ThreadWow64Context], ThreadInformation=0xb7dd20, Length=0x2cc, ReturnLength=null ) => 0
6774:651c @ 118014671 - LdrpPreprocessDllName - INFO: DLL api-ms-win-security-base-l1-2-0.dll was redirected to C:\Windows\SYSTEM32\kernelbase.dll by API set
NtQueryInformationThread( ThreadHandle=-2, ThreadInformationClass=0x1d [ThreadWow64Context], ThreadInformation=0xb7dd20, Length=0x2cc, ReturnLength=null ) => 0
6774:651c @ 118014671 - LdrpPreprocessDllName - INFO: DLL api-ms-win-eventing-provider-l1-1-0.dll was redirected to C:\Windows\SYSTEM32\kernelbase.dll by API set
NtQueryInformationThread( ThreadHandle=-2, ThreadInformationClass=0x1d [ThreadWow64Context], ThreadInformation=0xb7dd20, Length=0x2cc, ReturnLength=null ) => 0
6774:651c @ 118014671 - LdrpPreprocessDllName - INFO: DLL api-ms-win-core-heap-obsolete-l1-1-0.dll was redirected to C:\Windows\SYSTEM32\kernel32.dll by API set
NtQueryInformationThread( ThreadHandle=-2, ThreadInformationClass=0x1d [ThreadWow64Context], ThreadInformation=0xb7dd20, Length=0x2cc, ReturnLength=null ) => 0
6774:651c @ 118014671 - LdrpPreprocessDllName - INFO: DLL api-ms-win-core-privateprofile-l1-1-0.dll was redirected to C:\Windows\SYSTEM32\kernel32.dll by API set
NtQueryInformationThread( ThreadHandle=-2, ThreadInformationClass=0x1d [ThreadWow64Context], ThreadInformation=0xb7dd20, Length=0x2cc, ReturnLength=null ) => 0
6774:651c @ 118014671 - LdrpPreprocessDllName - INFO: DLL api-ms-win-core-sidebyside-l1-1-0.dll was redirected to C:\Windows\SYSTEM32\kernelbase.dll by API set
NtQueryInformationThread( ThreadHandle=-2, ThreadInformationClass=0x1d [ThreadWow64Context], ThreadInformation=0xb7dd20, Length=0x2cc, ReturnLength=null ) => 0
6774:651c @ 118014671 - LdrpPreprocessDllName - INFO: DLL api-ms-win-core-windowserrorreporting-l1-1-0.dll was redirected to C:\Windows\SYSTEM32\kernelbase.dll by API set
NtQueryInformationThread( ThreadHandle=-2, ThreadInformationClass=0x1d [ThreadWow64Context], ThreadInformation=0xb7dd20, Length=0x2cc, ReturnLength=null ) => 0
6774:651c @ 118014671 - LdrpPreprocessDllName - INFO: DLL api-ms-win-core-quirks-l1-1-0.dll was redirected to C:\Windows\SYSTEM32\kernelbase.dll by API set
NtQueryInformationThread( ThreadHandle=-2, ThreadInformationClass=0x1d [ThreadWow64Context], ThreadInformation=0xb7dd20, Length=0x2cc, ReturnLength=null ) => 0
6774:651c @ 118014671 - LdrpPreprocessDllName - INFO: DLL api-ms-win-core-path-l1-1-0.dll was redirected to C:\Windows\SYSTEM32\kernelbase.dll by API set
NtQueryInformationThread( ThreadHandle=-2, ThreadInformationClass=0x1d [ThreadWow64Context], ThreadInformation=0xb7dd20, Length=0x2cc, ReturnLength=null ) => 0
6774:651c @ 118014671 - LdrpPreprocessDllName - INFO: DLL api-ms-win-core-processsnapshot-l1-1-0.dll was redirected to C:\Windows\SYSTEM32\kernelbase.dll by API set
NtQueryInformationThread( ThreadHandle=-2, ThreadInformationClass=0x1d [ThreadWow64Context], ThreadInformation=0xb7dd20, Length=0x2cc, ReturnLength=null ) => 0
6774:651c @ 118014671 - LdrpPreprocessDllName - INFO: DLL api-ms-win-core-string-l2-1-0.dll was redirected to C:\Windows\SYSTEM32\kernelbase.dll by API set
NtQueryInformationThread( ThreadHandle=-2, ThreadInformationClass=0x1d [ThreadWow64Context], ThreadInformation=0xb7dd20, Length=0x2cc, ReturnLength=null ) => 0
6774:651c @ 118014671 - LdrpPreprocessDllName - INFO: DLL api-ms-win-core-apiquery-l1-1-0.dll was redirected to C:\Windows\SYSTEM32\ntdll.dll by API set
NtQueryInformationThread( ThreadHandle=-2, ThreadInformationClass=0x1d [ThreadWow64Context], ThreadInformation=0xb7dd20, Length=0x2cc, ReturnLength=null ) => 0
6774:651c @ 118014671 - LdrpPreprocessDllName - INFO: DLL api-ms-win-core-wow64-l1-1-0.dll was redirected to C:\Windows\SYSTEM32\kernelbase.dll by API set
NtQueryInformationThread( ThreadHandle=-2, ThreadInformationClass=0x1d [ThreadWow64Context], ThreadInformation=0xb7dd20, Length=0x2cc, ReturnLength=null ) => 0
6774:651c @ 118014671 - LdrpPreprocessDllName - INFO: DLL api-ms-win-core-file-l2-1-0.dll was redirected to C:\Windows\SYSTEM32\kernelbase.dll by API set
NtQueryInformationThread( ThreadHandle=-2, ThreadInformationClass=0x1d [ThreadWow64Context], ThreadInformation=0xb7dd20, Length=0x2cc, ReturnLength=null ) => 0
6774:651c @ 118014671 - LdrpPreprocessDllName - INFO: DLL api-ms-win-core-shlwapi-legacy-l1-1-0.dll was redirected to C:\Windows\SYSTEM32\kernelbase.dll by API set
NtQueryInformationThread( ThreadHandle=-2, ThreadInformationClass=0x1d [ThreadWow64Context], ThreadInformation=0xb7dd20, Length=0x2cc, ReturnLength=null ) => 0
6774:651c @ 118014671 - LdrpPreprocessDllName - INFO: DLL api-ms-win-core-string-obsolete-l1-1-0.dll was redirected to C:\Windows\SYSTEM32\kernel32.dll by API set
NtQueryInformationThread( ThreadHandle=-2, ThreadInformationClass=0x1d [ThreadWow64Context], ThreadInformation=0xb7dd20, Length=0x2cc, ReturnLength=null ) => 0
6774:651c @ 118014671 - LdrpPreprocessDllName - INFO: DLL api-ms-win-core-delayload-l1-1-1.dll was redirected to C:\Windows\SYSTEM32\kernelbase.dll by API set
NtQueryInformationThread( ThreadHandle=-2, ThreadInformationClass=0x1d [ThreadWow64Context], ThreadInformation=0xb7dd20, Length=0x2cc, ReturnLength=null ) => 0
6774:651c @ 118014671 - LdrpPreprocessDllName - INFO: DLL api-ms-win-core-delayload-l1-1-0.dll was redirected to C:\Windows\SYSTEM32\kernelbase.dll by API set
NtWaitForWorkViaWorkerFactory( WorkerFactoryHandle=0xc8, MiniPacket=0xbdeae0 ) => 0
NtQueryInformationThread( ThreadHandle=-2, ThreadInformationClass=0x1d [ThreadWow64Context], ThreadInformation=0xb7dd20, Length=0x2cc, ReturnLength=null ) => 0
6774:651c @ 118014671 - LdrpPreprocessDllName - INFO: DLL api-ms-win-core-synch-l1-2-1.dll was redirected to C:\Windows\SYSTEM32\kernelbase.dll by API set
NtQueryInformationThread( ThreadHandle=-2, ThreadInformationClass=0x1d [ThreadWow64Context], ThreadInformation=0xb7dd20, Length=0x2cc, ReturnLength=null ) => 0
6774:651c @ 118014671 - LdrpFindKnownDll - ENTER: DLL name: GDI32.dll
NtQueryObject( ObjectHandle=0x90, ObjectInformationClass=1 [ObjectNameInformation], ObjectInformation=0xb7e060, Length=0x210, ReturnLength=null ) => 0
NtOpenSection( SectionHandle=0xb7e2f8 [0xec], DesiredAccess=0xd, ObjectAttributes=0x90:"GDI32.dll" ) => 0
NtQueryInformationThread( ThreadHandle=-2, ThreadInformationClass=0x1d [ThreadWow64Context], ThreadInformation=0xb7dd20, Length=0x2cc, ReturnLength=null ) => 0
6774:651c @ 118014671 - LdrpFindKnownDll - RETURN: Status: 0x00000000
NtQueryInformationThread( ThreadHandle=-2, ThreadInformationClass=0x1d [ThreadWow64Context], ThreadInformation=0xb7dd20, Length=0x2cc, ReturnLength=null ) => 0
6774:651c @ 118014671 - LdrpMinimalMapModule - ENTER: DLL name: C:\Windows\System32\GDI32.dll
NtQueryInformationThread( ThreadHandle=-2, ThreadInformationClass=0x1d [ThreadWow64Context], ThreadInformation=0xbdde80, Length=0x2cc, ReturnLength=null ) => 0
6774:6054 @ 118014671 - LdrpGetProcedureAddress - INFO: Locating procedure "RtlSetLastWin32Error" by name
Loaded DLL at 0000000076FE0000 C:\Windows\SysWOW64\GDI32.dll
NtMapViewOfSection( SectionHandle=0xec, ProcessHandle=-1, BaseAddress=0xb7e2b0 [0x76fe0000], ZeroBits=0x7ffeffff, CommitSize=0, SectionOffset=null, ViewSize=0xb7e260 [0x00023000], InheritDisposition=1 [ViewShare], AllocationType=0x00800000, Protect=0x80 ) => 0
NtQuerySection( SectionHandle=0xec, SectionInformationClass=1 [SectionImageInformation], SectionInformation=0xb7e270, Length=0x40, ReturnLength=null ) => 0
NtQueryVirtualMemory( ProcessHandle=-1, BaseAddress=0x76fe0000, MemoryInformationClass=6 [MemoryImageInformation], MemoryInformation=0xb7e180, Length=0x18, ReturnLength=null ) => 0
NtQueryInformationThread( ThreadHandle=-2, ThreadInformationClass=0x1d [ThreadWow64Context], ThreadInformation=0xb7dd20, Length=0x2cc, ReturnLength=null ) => 0
6774:651c @ 118014671 - LdrpMinimalMapModule - RETURN: Status: 0x00000000
NtQueryInformationThread( ThreadHandle=-2, ThreadInformationClass=0x1d [ThreadWow64Context], ThreadInformation=0xbdde80, Length=0x2cc, ReturnLength=null ) => 0
6774:6054 @ 118014671 - LdrpGetProcedureAddress - INFO: Locating procedure "RtlReAllocateHeap" by name
NtQueryInformationThread( ThreadHandle=-2, ThreadInformationClass=0x1d [ThreadWow64Context], ThreadInformation=0xbdde80, Length=0x2cc, ReturnLength=null ) => 0
6774:6054 @ 118014671 - LdrpGetProcedureAddress - INFO: Locating procedure "RtlSizeHeap" by name
NtQueryInformationThread( ThreadHandle=-2, ThreadInformationClass=0x1d [ThreadWow64Context], ThreadInformation=0xbdde80, Length=0x2cc, ReturnLength=null ) => 0
6774:6054 @ 118014671 - LdrpGetProcedureAddress - INFO: Locating procedure "RtlFreeHeap" by name
NtQueryInformationThread( ThreadHandle=-2, ThreadInformationClass=0x1d [ThreadWow64Context], ThreadInformation=0xbdde80, Length=0x2cc, ReturnLength=null ) => 0
6774:6054 @ 118014671 - LdrpGetProcedureAddress - INFO: Locating procedure "RtlAllocateHeap" by name
NtQueryInformationThread( ThreadHandle=-2, ThreadInformationClass=0x1d [ThreadWow64Context], ThreadInformation=0xbdde80, Length=0x2cc, ReturnLength=null ) => 0
6774:6054 @ 118014671 - LdrpGetProcedureAddress - INFO: Locating procedure "RtlInterlockedPushEntrySList" by name
NtQueryInformationThread( ThreadHandle=-2, ThreadInformationClass=0x1d [ThreadWow64Context], ThreadInformation=0xbdde80, Length=0x2cc, ReturnLength=null ) => 0
6774:6054 @ 118014671 - LdrpGetProcedureAddress - INFO: Locating procedure "RtlInterlockedPopEntrySList" by name
NtQueryInformationThread( ThreadHandle=-2, ThreadInformationClass=0x1d [ThreadWow64Context], ThreadInformation=0xbdde80, Length=0x2cc, ReturnLength=null ) => 0
6774:6054 @ 118014671 - LdrpGetProcedureAddress - INFO: Locating procedure "RtlQueryDepthSList" by name
NtQueryInformationThread( ThreadHandle=-2, ThreadInformationClass=0x1d [ThreadWow64Context], ThreadInformation=0xbdde80, Length=0x2cc, ReturnLength=null ) => 0
6774:6054 @ 118014671 - LdrpGetProcedureAddress - INFO: Locating procedure "RtlInitializeSListHead" by name
NtProtectVirtualMemory( ProcessHandle=-1, BaseAddress=0xb7e2a8 [0x76fff000], Size=0xb7e298 [0x1000], NewProtect=2, OldProtect=0xb7e238 [4] ) => 0
NtProtectVirtualMemory( ProcessHandle=-1, BaseAddress=0xb7e2a8 [0x77439000], Size=0xb7e298 [0x3000], NewProtect=4, OldProtect=0xb7e238 [2] ) => 0
NtProtectVirtualMemory( ProcessHandle=-1, BaseAddress=0xb7e2a8 [0x77439000], Size=0xb7e298 [0x3000], NewProtect=2, OldProtect=0xb7e238 [4] ) => 0
NtQueryInformationThread( ThreadHandle=-2, ThreadInformationClass=0x1d [ThreadWow64Context], ThreadInformation=0xb7dd20, Length=0x2cc, ReturnLength=null ) => 0
6774:651c @ 118014671 - LdrpFindDllActivationContext - INFO: Probing for the manifest of DLL "C:\Windows\System32\GDI32.dll" failed with status 0xc000008a
NtProtectVirtualMemory( ProcessHandle=-1, BaseAddress=0xb7e2a8 [0x76ffd000], Size=0xb7e298 [0x1000], NewProtect=4, OldProtect=0xb7e238 [2] ) => 0
NtQueryInformationThread( ThreadHandle=-2, ThreadInformationClass=0x1d [ThreadWow64Context], ThreadInformation=0xbdde80, Length=0x2cc, ReturnLength=null ) => 0
6774:6054 @ 118014671 - LdrpPreprocessDllName - INFO: DLL api-ms-win-core-processthreads-l1-1-0 was redirected to C:\Windows\SYSTEM32\kernelbase.dll by API set
NtQueryInformationThread( ThreadHandle=-2, ThreadInformationClass=0x1d [ThreadWow64Context], ThreadInformation=0xbdde80, Length=0x2cc, ReturnLength=null ) => 0
6774:6054 @ 118014671 - LdrpGetProcedureAddress - INFO: Locating procedure "OpenProcessToken" by name
NtQueryInformationThread( ThreadHandle=-2, ThreadInformationClass=0x1d [ThreadWow64Context], ThreadInformation=0xbdde80, Length=0x2cc, ReturnLength=null ) => 0
6774:6054 @ 118014671 - LdrpPreprocessDllName - INFO: DLL api-ms-win-core-processthreads-l1-1-0 was redirected to C:\Windows\SYSTEM32\kernelbase.dll by API set
NtQueryInformationThread( ThreadHandle=-2, ThreadInformationClass=0x1d [ThreadWow64Context], ThreadInformation=0xbdde80, Length=0x2cc, ReturnLength=null ) => 0
6774:6054 @ 118014671 - LdrpGetProcedureAddress - INFO: Locating procedure "SetThreadToken" by name
NtQueryInformationThread( ThreadHandle=-2, ThreadInformationClass=0x1d [ThreadWow64Context], ThreadInformation=0xb7dd20, Length=0x2cc, ReturnLength=null ) => 0
6774:651c @ 118014671 - LdrpPreprocessDllName - INFO: DLL api-ms-win-core-heap-l2-1-0.dll was redirected to C:\Windows\SYSTEM32\kernelbase.dll by API set
NtQueryInformationThread( ThreadHandle=-2, ThreadInformationClass=0x1d [ThreadWow64Context], ThreadInformation=0xbdde80, Length=0x2cc, ReturnLength=null ) => 0
6774:6054 @ 118014671 - LdrpPreprocessDllName - INFO: DLL api-ms-win-core-processthreads-l1-1-0 was redirected to C:\Windows\SYSTEM32\kernelbase.dll by API set
NtQueryInformationThread( ThreadHandle=-2, ThreadInformationClass=0x1d [ThreadWow64Context], ThreadInformation=0xbdde80, Length=0x2cc, ReturnLength=null ) => 0
6774:6054 @ 118014671 - LdrpGetProcedureAddress - INFO: Locating procedure "OpenThreadToken" by name
NtQueryInformationThread( ThreadHandle=-2, ThreadInformationClass=0x1d [ThreadWow64Context], ThreadInformation=0xb7dd20, Length=0x2cc, ReturnLength=null ) => 0
6774:651c @ 118014671 - LdrpPreprocessDllName - INFO: DLL api-ms-win-core-libraryloader-l1-2-0.dll was redirected to C:\Windows\SYSTEM32\kernelbase.dll by API set
NtQueryInformationThread( ThreadHandle=-2, ThreadInformationClass=0x1d [ThreadWow64Context], ThreadInformation=0xb7dd20, Length=0x2cc, ReturnLength=null ) => 0
6774:651c @ 118014671 - LdrpPreprocessDllName - INFO: DLL api-ms-win-core-processthreads-l1-1-1.dll was redirected to C:\Windows\SYSTEM32\kernel32.dll by API set
NtQueryInformationThread( ThreadHandle=-2, ThreadInformationClass=0x1d [ThreadWow64Context], ThreadInformation=0xb7dd20, Length=0x2cc, ReturnLength=null ) => 0
NtQueryInformationThread( ThreadHandle=-2, ThreadInformationClass=0x1d [ThreadWow64Context], ThreadInformation=0xbdde80, Length=0x2cc, ReturnLength=null ) => 0
6774:6054 @ 118014671 - LdrpPreprocessDllName - INFO: DLL api-ms-win-core-processthreads-l1-1-1 was redirected to C:\Windows\SYSTEM32\kernelbase.dll by API set
6774:651c @ 118014671 - LdrpPreprocessDllName - INFO: DLL api-ms-win-core-processthreads-l1-1-0.dll was redirected to C:\Windows\SYSTEM32\kernel32.dll by API set
NtQueryInformationThread( ThreadHandle=-2, ThreadInformationClass=0x1d [ThreadWow64Context], ThreadInformation=0xbdde80, Length=0x2cc, ReturnLength=null ) => 0
6774:6054 @ 118014671 - LdrpGetProcedureAddress - INFO: Locating procedure "GetProcessMitigationPolicy" by name
NtQueryInformationThread( ThreadHandle=-2, ThreadInformationClass=0x1d [ThreadWow64Context], ThreadInformation=0xb7dd20, Length=0x2cc, ReturnLength=null ) => 0
NtQueryInformationThread( ThreadHandle=-2, ThreadInformationClass=0x1d [ThreadWow64Context], ThreadInformation=0xbdde80, Length=0x2cc, ReturnLength=null ) => 0
6774:6054 @ 118014671 - LdrpGetProcedureAddress - INFO: Locating procedure "RtlQueryPerformanceCounter" by name
6774:651c @ 118014671 - LdrpPreprocessDllName - INFO: DLL api-ms-win-core-synch-l1-2-0.dll was redirected to C:\Windows\SYSTEM32\kernelbase.dll by API set
NtQueryInformationThread( ThreadHandle=-2, ThreadInformationClass=0x1d [ThreadWow64Context], ThreadInformation=0xbdde80, Length=0x2cc, ReturnLength=null ) => 0
6774:6054 @ 118014671 - LdrpGetProcedureAddress - INFO: Locating procedure "RtlQueryPerformanceFrequency" by name
NtQueryInformationThread( ThreadHandle=-2, ThreadInformationClass=0x1d [ThreadWow64Context], ThreadInformation=0xb7dd20, Length=0x2cc, ReturnLength=null ) => 0
6774:651c @ 118014671 - LdrpPreprocessDllName - INFO: DLL api-ms-win-core-profile-l1-1-0.dll was redirected to C:\Windows\SYSTEM32\kernelbase.dll by API set
NtQueryInformationThread( ThreadHandle=-2, ThreadInformationClass=0x1d [ThreadWow64Context], ThreadInformation=0xbdde80, Length=0x2cc, ReturnLength=null ) => 0
6774:6054 @ 118014671 - LdrpGetProcedureAddress - INFO: Locating procedure "RtlQueryUnbiasedInterruptTime" by name
NtQueryInformationThread( ThreadHandle=-2, ThreadInformationClass=0x1d [ThreadWow64Context], ThreadInformation=0xb7dd20, Length=0x2cc, ReturnLength=null ) => 0
6774:651c @ 118014671 - LdrpPreprocessDllName - INFO: DLL api-ms-win-core-sysinfo-l1-1-0.dll was redirected to C:\Windows\SYSTEM32\kernelbase.dll by API set
NtQueryInformationThread( ThreadHandle=-2, ThreadInformationClass=0x1d [ThreadWow64Context], ThreadInformation=0xb7dd20, Length=0x2cc, ReturnLength=null ) => 0
NtQueryInformationThread( ThreadHandle=-2, ThreadInformationClass=0x1d [ThreadWow64Context], ThreadInformation=0xbdde80, Length=0x2cc, ReturnLength=null ) => 0
6774:651c @ 118014671 - LdrpPreprocessDllName - INFO: DLL api-ms-win-core-errorhandling-l1-1-0.dll was redirected to C:\Windows\SYSTEM32\kernelbase.dll by API set
6774:6054 @ 118014671 - LdrpGetProcedureAddress - INFO: Locating procedure "RtlEnterCriticalSection" by name
NtQueryInformationThread( ThreadHandle=-2, ThreadInformationClass=0x1d [ThreadWow64Context], ThreadInformation=0xbdde80, Length=0x2cc, ReturnLength=null ) => 0
6774:6054 @ 118014671 - LdrpGetProcedureAddress - INFO: Locating procedure "RtlLeaveCriticalSection" by name
NtQueryInformationThread( ThreadHandle=-2, ThreadInformationClass=0x1d [ThreadWow64Context], ThreadInformation=0xbdde80, Length=0x2cc, ReturnLength=null ) => 0
6774:6054 @ 118014671 - LdrpGetProcedureAddress - INFO: Locating procedure "RtlReleaseSRWLockExclusive" by name
NtQueryInformationThread( ThreadHandle=-2, ThreadInformationClass=0x1d [ThreadWow64Context], ThreadInformation=0xbdde80, Length=0x2cc, ReturnLength=null ) => 0
6774:6054 @ 118014671 - LdrpGetProcedureAddress - INFO: Locating procedure "RtlAcquireSRWLockExclusive" by name
NtQueryInformationThread( ThreadHandle=-2, ThreadInformationClass=0x1d [ThreadWow64Context], ThreadInformation=0xbdde80, Length=0x2cc, ReturnLength=null ) => 0
6774:6054 @ 118014671 - LdrpGetProcedureAddress - INFO: Locating procedure "RtlReleaseSRWLockShared" by name
NtQueryInformationThread( ThreadHandle=-2, ThreadInformationClass=0x1d [ThreadWow64Context], ThreadInformation=0xb7dd20, Length=0x2cc, ReturnLength=null ) => 0
NtQueryInformationThread( ThreadHandle=-2, ThreadInformationClass=0x1d [ThreadWow64Context], ThreadInformation=0xbdde80, Length=0x2cc, ReturnLength=null ) => 0
6774:6054 @ 118014671 - LdrpGetProcedureAddress - INFO: Locating procedure "RtlAcquireSRWLockShared" by name
NtQueryInformationThread( ThreadHandle=-2, ThreadInformationClass=0x1d [ThreadWow64Context], ThreadInformation=0xbdde80, Length=0x2cc, ReturnLength=null ) => 0
6774:6054 @ 118014671 - LdrpGetProcedureAddress - INFO: Locating procedure "RtlDeleteCriticalSection" by name
NtQueryInformationThread( ThreadHandle=-2, ThreadInformationClass=0x1d [ThreadWow64Context], ThreadInformation=0xbdde80, Length=0x2cc, ReturnLength=null ) => 0
6774:6054 @ 118014671 - LdrpGetProcedureAddress - INFO: Locating procedure "RtlInitializeSRWLock" by name
NtQueryInformationThread( ThreadHandle=-2, ThreadInformationClass=0x1d [ThreadWow64Context], ThreadInformation=0xbdde80, Length=0x2cc, ReturnLength=null ) => 0
6774:6054 @ 118014671 - LdrpGetProcedureAddress - INFO: Locating procedure "RtlTryAcquireSRWLockExclusive" by name
6774:651c @ 118014671 - LdrpFindKnownDll - ENTER: DLL name: win32u.dll
NtQueryObject( ObjectHandle=0x90, ObjectInformationClass=1 [ObjectNameInformation], ObjectInformation=0xb7e060, Length=0x210, ReturnLength=null ) => 0
NtOpenSection( SectionHandle=0xb7e2f8 [0xe0], DesiredAccess=0xd, ObjectAttributes=0x90:"win32u.dll" ) => 0
NtQueryInformationThread( ThreadHandle=-2, ThreadInformationClass=0x1d [ThreadWow64Context], ThreadInformation=0xbdde80, Length=0x2cc, ReturnLength=null ) => 0
6774:6054 @ 118014671 - LdrpGetProcedureAddress - INFO: Locating procedure "RtlWakeAddressAll" by name
NtQueryInformationThread( ThreadHandle=-2, ThreadInformationClass=0x1d [ThreadWow64Context], ThreadInformation=0xbdde80, Length=0x2cc, ReturnLength=null ) => 0
6774:6054 @ 118014687 - LdrpGetProcedureAddress - INFO: Locating procedure "RtlWakeAddressSingle" by name
NtQueryInformationThread( ThreadHandle=-2, ThreadInformationClass=0x1d [ThreadWow64Context], ThreadInformation=0xb7dd20, Length=0x2cc, ReturnLength=null ) => 0
6774:651c @ 118014687 - LdrpFindKnownDll - RETURN: Status: 0x00000000
NtQueryInformationThread( ThreadHandle=-2, ThreadInformationClass=0x1d [ThreadWow64Context], ThreadInformation=0xb7dd20, Length=0x2cc, ReturnLength=null ) => 0
6774:651c @ 118014687 - LdrpMinimalMapModule - ENTER: DLL name: C:\Windows\System32\win32u.dll
NtQueryInformationThread( ThreadHandle=-2, ThreadInformationClass=0x1d [ThreadWow64Context], ThreadInformation=0xbdde80, Length=0x2cc, ReturnLength=null ) => 0
6774:6054 @ 118014687 - LdrpGetProcedureAddress - INFO: Locating procedure "TpReleaseWork" by name
NtQueryInformationThread( ThreadHandle=-2, ThreadInformationClass=0x1d [ThreadWow64Context], ThreadInformation=0xbdde80, Length=0x2cc, ReturnLength=null ) => 0
6774:6054 @ 118014687 - LdrpGetProcedureAddress - INFO: Locating procedure "TpCallbackSetEventOnCompletion" by name
NtQueryInformationThread( ThreadHandle=-2, ThreadInformationClass=0x1d [ThreadWow64Context], ThreadInformation=0xbdde80, Length=0x2cc, ReturnLength=null ) => 0
6774:6054 @ 118014687 - LdrpGetProcedureAddress - INFO: Locating procedure "TpWaitForWork" by name
NtQueryInformationThread( ThreadHandle=-2, ThreadInformationClass=0x1d [ThreadWow64Context], ThreadInformation=0xbdde80, Length=0x2cc, ReturnLength=null ) => 0
6774:6054 @ 118014687 - LdrpGetProcedureAddress - INFO: Locating procedure "TpPostWork" by name
NtQueryInformationThread( ThreadHandle=-2, ThreadInformationClass=0x1d [ThreadWow64Context], ThreadInformation=0xbdde80, Length=0x2cc, ReturnLength=null ) => 0
6774:6054 @ 118014687 - LdrpGetProcedureAddress - INFO: Locating procedure "TpSetTimer" by name
Loaded DLL at 0000000076C50000 C:\Windows\SysWOW64\win32u.dll
NtMapViewOfSection( SectionHandle=0xe0, ProcessHandle=-1, BaseAddress=0xb7e2b0 [0x76c50000], ZeroBits=0x7ffeffff, CommitSize=0, SectionOffset=null, ViewSize=0xb7e260 [0x00018000], InheritDisposition=1 [ViewShare], AllocationType=0x00800000, Protect=0x80 ) => 0
NtQueryInformationThread( ThreadHandle=-2, ThreadInformationClass=0x1d [ThreadWow64Context], ThreadInformation=0xbdde80, Length=0x2cc, ReturnLength=null ) => 0
NtQuerySection( SectionHandle=0xe0, SectionInformationClass=1 [SectionImageInformation], SectionInformation=0xb7e270, Length=0x40, ReturnLength=null ) => 0
NtQueryVirtualMemory( ProcessHandle=-1, BaseAddress=0x76c50000, MemoryInformationClass=6 [MemoryImageInformation], MemoryInformation=0xb7e180, Length=0x18, ReturnLength=null ) => 0
6774:6054 @ 118014687 - LdrpGetProcedureAddress - INFO: Locating procedure "TpReleaseTimer" by name
NtQueryInformationThread( ThreadHandle=-2, ThreadInformationClass=0x1d [ThreadWow64Context], ThreadInformation=0xbdde80, Length=0x2cc, ReturnLength=null ) => 0
6774:6054 @ 118014687 - LdrpGetProcedureAddress - INFO: Locating procedure "TpReleaseWait" by name
NtQueryInformationThread( ThreadHandle=-2, ThreadInformationClass=0x1d [ThreadWow64Context], ThreadInformation=0xbdde80, Length=0x2cc, ReturnLength=null ) => 0
6774:6054 @ 118014687 - LdrpGetProcedureAddress - INFO: Locating procedure "TpSetWait" by name
NtProtectVirtualMemory( ProcessHandle=-1, BaseAddress=0xb7e168 [0x76c57000], Size=0xb7e160 [0x1000], NewProtect=4, OldProtect=0xb7e158 [2] ) => 0
NtProtectVirtualMemory( ProcessHandle=-1, BaseAddress=0xb7e168 [0x76c57000], Size=0xb7e160 [0x1000], NewProtect=2, OldProtect=0xb7e158 [4] ) => 0
NtQueryInformationThread( ThreadHandle=-2, ThreadInformationClass=0x1d [ThreadWow64Context], ThreadInformation=0xb7dd20, Length=0x2cc, ReturnLength=null ) => 0
6774:651c @ 118014687 - LdrpMinimalMapModule - RETURN: Status: 0x00000000
NtQueryInformationThread( ThreadHandle=-2, ThreadInformationClass=0x1d [ThreadWow64Context], ThreadInformation=0xbdde80, Length=0x2cc, ReturnLength=null ) => 0
6774:6054 @ 118014687 - LdrpGetProcedureAddress - INFO: Locating procedure "TpWaitForTimer" by name
NtQueryInformationThread( ThreadHandle=-2, ThreadInformationClass=0x1d [ThreadWow64Context], ThreadInformation=0xbdde80, Length=0x2cc, ReturnLength=null ) => 0
6774:6054 @ 118014687 - LdrpGetProcedureAddress - INFO: Locating procedure "TpWaitForWait" by name
NtProtectVirtualMemory( ProcessHandle=-1, BaseAddress=0xb7e2a8 [0x77439000], Size=0xb7e298 [0x3000], NewProtect=4, OldProtect=0xb7e238 [2] ) => 0
NtProtectVirtualMemory( ProcessHandle=-1, BaseAddress=0xb7e2a8 [0x77439000], Size=0xb7e298 [0x3000], NewProtect=2, OldProtect=0xb7e238 [4] ) => 0
NtQueryInformationThread( ThreadHandle=-2, ThreadInformationClass=0x1d [ThreadWow64Context], ThreadInformation=0xbdde80, Length=0x2cc, ReturnLength=null ) => 0
6774:6054 @ 118014687 - LdrpGetProcedureAddress - INFO: Locating procedure "RtlEncodePointer" by name
NtQueryInformationThread( ThreadHandle=-2, ThreadInformationClass=0x1d [ThreadWow64Context], ThreadInformation=0xbdde80, Length=0x2cc, ReturnLength=null ) => 0
6774:6054 @ 118014687 - LdrpGetProcedureAddress - INFO: Locating procedure "RtlDecodePointer" by name
NtQueryInformationThread( ThreadHandle=-2, ThreadInformationClass=0x1d [ThreadWow64Context], ThreadInformation=0xbdde80, Length=0x2cc, ReturnLength=null ) => 0
6774:6054 @ 118014687 - LdrpGetProcedureAddress - INFO: Locating procedure "EtwEventActivityIdControl" by name
NtQueryInformationThread( ThreadHandle=-2, ThreadInformationClass=0x1d [ThreadWow64Context], ThreadInformation=0xbdde80, Length=0x2cc, ReturnLength=null ) => 0
NtQueryInformationThread( ThreadHandle=-2, ThreadInformationClass=0x1d [ThreadWow64Context], ThreadInformation=0xb7dd20, Length=0x2cc, ReturnLength=null ) => 0
6774:6054 @ 118014687 - LdrpGetProcedureAddress - INFO: Locating procedure "EtwEventWriteEx" by name
6774:651c @ 118014687 - LdrpFindDllActivationContext - INFO: Probing for the manifest of DLL "C:\Windows\System32\win32u.dll" failed with status 0xc000008a
NtProtectVirtualMemory( ProcessHandle=-1, BaseAddress=0xb7e2a8 [0x76c57000], Size=0xb7e298 [0x1000], NewProtect=4, OldProtect=0xb7e238 [2] ) => 0
NtQueryInformationThread( ThreadHandle=-2, ThreadInformationClass=0x1d [ThreadWow64Context], ThreadInformation=0xbdde80, Length=0x2cc, ReturnLength=null ) => 0
6774:6054 @ 118014687 - LdrpGetProcedureAddress - INFO: Locating procedure "EtwEventWriteTransfer" by name
NtQueryInformationThread( ThreadHandle=-2, ThreadInformationClass=0x1d [ThreadWow64Context], ThreadInformation=0xbdde80, Length=0x2cc, ReturnLength=null ) => 0
NtWaitForWorkViaWorkerFactory( WorkerFactoryHandle=0xc8, MiniPacket=0x110efe0 ) => 0
6774:6054 @ 118014687 - LdrpGetProcedureAddress - INFO: Locating procedure "EtwEventRegister" by name
NtQueryInformationThread( ThreadHandle=-2, ThreadInformationClass=0x1d [ThreadWow64Context], ThreadInformation=0xbdde80, Length=0x2cc, ReturnLength=null ) => 0
NtProtectVirtualMemory( ProcessHandle=-1, BaseAddress=0x110e908 [0x76c57000], Size=0x110e8f8 [0x1000], NewProtect=2, OldProtect=0x110e898 [4] ) => 0
6774:6054 @ 118014687 - LdrpGetProcedureAddress - INFO: Locating procedure "EtwEventSetInformation" by name
NtQueryInformationThread( ThreadHandle=-2, ThreadInformationClass=0x1d [ThreadWow64Context], ThreadInformation=0xbdde80, Length=0x2cc, ReturnLength=null ) => 0
NtQueryInformationThread( ThreadHandle=-2, ThreadInformationClass=0x1d [ThreadWow64Context], ThreadInformation=0xb7dd20, Length=0x2cc, ReturnLength=null ) => 0
6774:6054 @ 118014687 - LdrpGetProcedureAddress - INFO: Locating procedure "EtwEventUnregister" by name
6774:651c @ 118014687 - LdrpPreprocessDllName - INFO: DLL api-ms-win-gdi-internal-uap-l1-1-0.dll was redirected to C:\Windows\SYSTEM32\gdi32full.dll by API set
NtQueryInformationThread( ThreadHandle=-2, ThreadInformationClass=0x1d [ThreadWow64Context], ThreadInformation=0xbdde80, Length=0x2cc, ReturnLength=null ) => 0
6774:6054 @ 118014687 - LdrpGetProcedureAddress - INFO: Locating procedure "EtwEventProviderEnabled" by name
NtQueryInformationThread( ThreadHandle=-2, ThreadInformationClass=0x1d [ThreadWow64Context], ThreadInformation=0xb7dd20, Length=0x2cc, ReturnLength=null ) => 0
6774:651c @ 118014687 - LdrpFindKnownDll - ENTER: DLL name: gdi32full.dll
NtQueryObject( ObjectHandle=0x90, ObjectInformationClass=1 [ObjectNameInformation], ObjectInformation=0xb7e060, Length=0x210, ReturnLength=null ) => 0
NtOpenSection( SectionHandle=0xb7e2f8 [0xf0], DesiredAccess=0xd, ObjectAttributes=0x90:"gdi32full.dll" ) => 0
NtProtectVirtualMemory( ProcessHandle=-1, BaseAddress=0xbde408 [0x753d2000], Size=0xbde3f8 [0x1000], NewProtect=2, OldProtect=0xbde398 [4] ) => 0
NtQueryInformationThread( ThreadHandle=-2, ThreadInformationClass=0x1d [ThreadWow64Context], ThreadInformation=0xb7dd20, Length=0x2cc, ReturnLength=null ) => 0
6774:651c @ 118014687 - LdrpFindKnownDll - RETURN: Status: 0x00000000
NtSetInformationProcess( ProcessHandle=-1, ProcessInformationClass=0x23 [ProcessTlsInformation], ProcessInformation=0xbdecb0, Length=0x28 ) => 0
NtQueryInformationThread( ThreadHandle=-2, ThreadInformationClass=0x1d [ThreadWow64Context], ThreadInformation=0xb7dd20, Length=0x2cc, ReturnLength=null ) => 0
6774:651c @ 118014687 - LdrpMinimalMapModule - ENTER: DLL name: C:\Windows\System32\gdi32full.dll
Loaded DLL at 0000000076430000 C:\Windows\SysWOW64\gdi32full.dll
NtMapViewOfSection( SectionHandle=0xf0, ProcessHandle=-1, BaseAddress=0xb7e2b0 [0x76430000], ZeroBits=0x7ffeffff, CommitSize=0, SectionOffset=null, ViewSize=0xb7e260 [0x000e6000], InheritDisposition=1 [ViewShare], AllocationType=0x00800000, Protect=0x80 ) => 0
NtQuerySection( SectionHandle=0xf0, SectionInformationClass=1 [SectionImageInformation], SectionInformation=0xb7e270, Length=0x40, ReturnLength=null ) => 0
NtQueryVirtualMemory( ProcessHandle=-1, BaseAddress=0x76430000, MemoryInformationClass=6 [MemoryImageInformation], MemoryInformation=0xb7e180, Length=0x18, ReturnLength=null ) => 0
NtQueryInformationThread( ThreadHandle=-2, ThreadInformationClass=0x1d [ThreadWow64Context], ThreadInformation=0xb7dd20, Length=0x2cc, ReturnLength=null ) => 0
6774:651c @ 118014687 - LdrpMinimalMapModule - RETURN: Status: 0x00000000
NtProtectVirtualMemory( ProcessHandle=-1, BaseAddress=0xb7e2a8 [0x764fc000], Size=0xb7e298 [0x1000], NewProtect=2, OldProtect=0xb7e238 [4] ) => 0
NtProtectVirtualMemory( ProcessHandle=-1, BaseAddress=0xb7e2a8 [0x77439000], Size=0xb7e298 [0x3000], NewProtect=4, OldProtect=0xb7e238 [2] ) => 0
NtProtectVirtualMemory( ProcessHandle=-1, BaseAddress=0xb7e2a8 [0x77439000], Size=0xb7e298 [0x3000], NewProtect=2, OldProtect=0xb7e238 [4] ) => 0
NtQueryInformationThread( ThreadHandle=-2, ThreadInformationClass=0x1d [ThreadWow64Context], ThreadInformation=0xb7dd20, Length=0x2cc, ReturnLength=null ) => 0
6774:651c @ 118014687 - LdrpFindDllActivationContext - INFO: Probing for the manifest of DLL "C:\Windows\System32\gdi32full.dll" failed with status 0xc000008a
NtProtectVirtualMemory( ProcessHandle=-1, BaseAddress=0xb7e2a8 [0x764f6000], Size=0xb7e298 [0x1000], NewProtect=4, OldProtect=0xb7e238 [2] ) => 0
NtQueryInformationThread( ThreadHandle=-2, ThreadInformationClass=0x1d [ThreadWow64Context], ThreadInformation=0xb7dd20, Length=0x2cc, ReturnLength=null ) => 0
6774:651c @ 118014687 - LdrpFindKnownDll - ENTER: DLL name: msvcp_win.dll
NtQueryObject( ObjectHandle=0x90, ObjectInformationClass=1 [ObjectNameInformation], ObjectInformation=0xb7e060, Length=0x210, ReturnLength=null ) => 0
NtOpenSection( SectionHandle=0xb7e2f8 [0xe8], DesiredAccess=0xd, ObjectAttributes=0x90:"msvcp_win.dll" ) => 0
NtQueryInformationThread( ThreadHandle=-2, ThreadInformationClass=0x1d [ThreadWow64Context], ThreadInformation=0xb7dd20, Length=0x2cc, ReturnLength=null ) => 0
6774:651c @ 118014687 - LdrpFindKnownDll - RETURN: Status: 0x00000000
NtQueryInformationThread( ThreadHandle=-2, ThreadInformationClass=0x1d [ThreadWow64Context], ThreadInformation=0xb7dd20, Length=0x2cc, ReturnLength=null ) => 0
6774:651c @ 118014687 - LdrpMinimalMapModule - ENTER: DLL name: C:\Windows\System32\msvcp_win.dll
Loaded DLL at 0000000076750000 C:\Windows\SysWOW64\msvcp_win.dll
NtMapViewOfSection( SectionHandle=0xe8, ProcessHandle=-1, BaseAddress=0xb7e2b0 [0x76750000], ZeroBits=0x7ffeffff, CommitSize=0, SectionOffset=null, ViewSize=0xb7e260 [0x0007b000], InheritDisposition=1 [ViewShare], AllocationType=0x00800000, Protect=0x80 ) => 0
NtQuerySection( SectionHandle=0xe8, SectionInformationClass=1 [SectionImageInformation], SectionInformation=0xb7e270, Length=0x40, ReturnLength=null ) => 0
NtQueryVirtualMemory( ProcessHandle=-1, BaseAddress=0x76750000, MemoryInformationClass=6 [MemoryImageInformation], MemoryInformation=0xb7e180, Length=0x18, ReturnLength=null ) => 0
NtQueryInformationThread( ThreadHandle=-2, ThreadInformationClass=0x1d [ThreadWow64Context], ThreadInformation=0xb7dd20, Length=0x2cc, ReturnLength=null ) => 0
6774:651c @ 118014687 - LdrpMinimalMapModule - RETURN: Status: 0x00000000
NtProtectVirtualMemory( ProcessHandle=-1, BaseAddress=0xb7e2a8 [0x767c4000], Size=0xb7e298 [0x1000], NewProtect=2, OldProtect=0xb7e238 [4] ) => 0
NtProtectVirtualMemory( ProcessHandle=-1, BaseAddress=0xb7e2a8 [0x77439000], Size=0xb7e298 [0x3000], NewProtect=4, OldProtect=0xb7e238 [2] ) => 0
NtProtectVirtualMemory( ProcessHandle=-1, BaseAddress=0xb7e2a8 [0x77439000], Size=0xb7e298 [0x3000], NewProtect=2, OldProtect=0xb7e238 [4] ) => 0
NtQueryInformationThread( ThreadHandle=-2, ThreadInformationClass=0x1d [ThreadWow64Context], ThreadInformation=0xb7dd20, Length=0x2cc, ReturnLength=null ) => 0
6774:651c @ 118014687 - LdrpFindDllActivationContext - INFO: Probing for the manifest of DLL "C:\Windows\System32\msvcp_win.dll" failed with status 0xc000008a
NtProtectVirtualMemory( ProcessHandle=-1, BaseAddress=0xb7e2a8 [0x767c2000], Size=0xb7e298 [0x1000], NewProtect=4, OldProtect=0xb7e238 [2] ) => 0
NtQueryInformationThread( ThreadHandle=-2, ThreadInformationClass=0x1d [ThreadWow64Context], ThreadInformation=0xb7dd20, Length=0x2cc, ReturnLength=null ) => 0
6774:651c @ 118014687 - LdrpPreprocessDllName - INFO: DLL api-ms-win-crt-string-l1-1-0.dll was redirected to C:\Windows\SYSTEM32\ucrtbase.dll by API set
NtQueryInformationThread( ThreadHandle=-2, ThreadInformationClass=0x1d [ThreadWow64Context], ThreadInformation=0xb7dd20, Length=0x2cc, ReturnLength=null ) => 0
6774:651c @ 118014687 - LdrpPreprocessDllName - INFO: DLL api-ms-win-crt-locale-l1-1-0.dll was redirected to C:\Windows\SYSTEM32\ucrtbase.dll by API set
NtQueryInformationThread( ThreadHandle=-2, ThreadInformationClass=0x1d [ThreadWow64Context], ThreadInformation=0xb7dd20, Length=0x2cc, ReturnLength=null ) => 0
6774:651c @ 118014687 - LdrpPreprocessDllName - INFO: DLL api-ms-win-crt-runtime-l1-1-0.dll was redirected to C:\Windows\SYSTEM32\ucrtbase.dll by API set
NtQueryInformationThread( ThreadHandle=-2, ThreadInformationClass=0x1d [ThreadWow64Context], ThreadInformation=0xb7dd20, Length=0x2cc, ReturnLength=null ) => 0
6774:651c @ 118014687 - LdrpPreprocessDllName - INFO: DLL api-ms-win-crt-private-l1-1-0.dll was redirected to C:\Windows\SYSTEM32\ucrtbase.dll by API set
NtQueryInformationThread( ThreadHandle=-2, ThreadInformationClass=0x1d [ThreadWow64Context], ThreadInformation=0xb7dd20, Length=0x2cc, ReturnLength=null ) => 0
6774:651c @ 118014687 - LdrpPreprocessDllName - INFO: DLL api-ms-win-core-string-l1-1-0.dll was redirected to C:\Windows\SYSTEM32\kernelbase.dll by API set
NtQueryInformationThread( ThreadHandle=-2, ThreadInformationClass=0x1d [ThreadWow64Context], ThreadInformation=0xb7dd20, Length=0x2cc, ReturnLength=null ) => 0
6774:651c @ 118014687 - LdrpPreprocessDllName - INFO: DLL api-ms-win-core-synch-l1-1-0.dll was redirected to C:\Windows\SYSTEM32\kernelbase.dll by API set
NtQueryInformationThread( ThreadHandle=-2, ThreadInformationClass=0x1d [ThreadWow64Context], ThreadInformation=0xb7dd20, Length=0x2cc, ReturnLength=null ) => 0
6774:651c @ 118014687 - LdrpPreprocessDllName - INFO: DLL api-ms-win-core-processthreads-l1-1-0.dll was redirected to C:\Windows\SYSTEM32\kernel32.dll by API set
NtQueryInformationThread( ThreadHandle=-2, ThreadInformationClass=0x1d [ThreadWow64Context], ThreadInformation=0xb7dd20, Length=0x2cc, ReturnLength=null ) => 0
6774:651c @ 118014687 - LdrpPreprocessDllName - INFO: DLL api-ms-win-core-synch-l1-2-0.dll was redirected to C:\Windows\SYSTEM32\kernelbase.dll by API set
NtQueryInformationThread( ThreadHandle=-2, ThreadInformationClass=0x1d [ThreadWow64Context], ThreadInformation=0xb7dd20, Length=0x2cc, ReturnLength=null ) => 0
6774:651c @ 118014687 - LdrpPreprocessDllName - INFO: DLL api-ms-win-core-handle-l1-1-0.dll was redirected to C:\Windows\SYSTEM32\kernelbase.dll by API set
NtQueryInformationThread( ThreadHandle=-2, ThreadInformationClass=0x1d [ThreadWow64Context], ThreadInformation=0xb7dd20, Length=0x2cc, ReturnLength=null ) => 0
6774:651c @ 118014687 - LdrpPreprocessDllName - INFO: DLL api-ms-win-core-sysinfo-l1-2-0.dll was redirected to C:\Windows\SYSTEM32\kernelbase.dll by API set
NtQueryInformationThread( ThreadHandle=-2, ThreadInformationClass=0x1d [ThreadWow64Context], ThreadInformation=0xb7dd20, Length=0x2cc, ReturnLength=null ) => 0
6774:651c @ 118014687 - LdrpPreprocessDllName - INFO: DLL api-ms-win-core-profile-l1-1-0.dll was redirected to C:\Windows\SYSTEM32\kernelbase.dll by API set
NtQueryInformationThread( ThreadHandle=-2, ThreadInformationClass=0x1d [ThreadWow64Context], ThreadInformation=0xb7dd20, Length=0x2cc, ReturnLength=null ) => 0
6774:651c @ 118014687 - LdrpPreprocessDllName - INFO: DLL api-ms-win-core-file-l1-1-0.dll was redirected to C:\Windows\SYSTEM32\kernelbase.dll by API set
NtQueryInformationThread( ThreadHandle=-2, ThreadInformationClass=0x1d [ThreadWow64Context], ThreadInformation=0xb7dd20, Length=0x2cc, ReturnLength=null ) => 0
6774:651c @ 118014687 - LdrpPreprocessDllName - INFO: DLL api-ms-win-core-file-l1-2-0.dll was redirected to C:\Windows\SYSTEM32\kernelbase.dll by API set
NtQueryInformationThread( ThreadHandle=-2, ThreadInformationClass=0x1d [ThreadWow64Context], ThreadInformation=0xb7dd20, Length=0x2cc, ReturnLength=null ) => 0
6774:651c @ 118014687 - LdrpPreprocessDllName - INFO: DLL api-ms-win-core-file-l2-1-0.dll was redirected to C:\Windows\SYSTEM32\kernelbase.dll by API set
NtQueryInformationThread( ThreadHandle=-2, ThreadInformationClass=0x1d [ThreadWow64Context], ThreadInformation=0xb7dd20, Length=0x2cc, ReturnLength=null ) => 0
6774:651c @ 118014687 - LdrpPreprocessDllName - INFO: DLL api-ms-win-core-errorhandling-l1-1-0.dll was redirected to C:\Windows\SYSTEM32\kernelbase.dll by API set
NtQueryInformationThread( ThreadHandle=-2, ThreadInformationClass=0x1d [ThreadWow64Context], ThreadInformation=0xb7dd20, Length=0x2cc, ReturnLength=null ) => 0
6774:651c @ 118014687 - LdrpPreprocessDllName - INFO: DLL api-ms-win-core-util-l1-1-0.dll was redirected to C:\Windows\SYSTEM32\kernel32.dll by API set
NtQueryInformationThread( ThreadHandle=-2, ThreadInformationClass=0x1d [ThreadWow64Context], ThreadInformation=0xb7dd20, Length=0x2cc, ReturnLength=null ) => 0
6774:651c @ 118014687 - LdrpPreprocessDllName - INFO: DLL api-ms-win-core-localization-l1-2-0.dll was redirected to C:\Windows\SYSTEM32\kernelbase.dll by API set
NtQueryInformationThread( ThreadHandle=-2, ThreadInformationClass=0x1d [ThreadWow64Context], ThreadInformation=0xb7dd20, Length=0x2cc, ReturnLength=null ) => 0
6774:651c @ 118014687 - LdrpPreprocessDllName - INFO: DLL api-ms-win-core-rtlsupport-l1-1-0.dll was redirected to C:\Windows\SYSTEM32\ntdll.dll by API set
NtQueryInformationThread( ThreadHandle=-2, ThreadInformationClass=0x1d [ThreadWow64Context], ThreadInformation=0xb7dd20, Length=0x2cc, ReturnLength=null ) => 0
6774:651c @ 118014687 - LdrpPreprocessDllName - INFO: DLL api-ms-win-core-processthreads-l1-1-1.dll was redirected to C:\Windows\SYSTEM32\kernel32.dll by API set
NtQueryInformationThread( ThreadHandle=-2, ThreadInformationClass=0x1d [ThreadWow64Context], ThreadInformation=0xb7dd20, Length=0x2cc, ReturnLength=null ) => 0
6774:651c @ 118014687 - LdrpPreprocessDllName - INFO: DLL api-ms-win-core-threadpool-l1-2-0.dll was redirected to C:\Windows\SYSTEM32\kernelbase.dll by API set
NtQueryInformationThread( ThreadHandle=-2, ThreadInformationClass=0x1d [ThreadWow64Context], ThreadInformation=0xb7dd20, Length=0x2cc, ReturnLength=null ) => 0
6774:651c @ 118014687 - LdrpPreprocessDllName - INFO: DLL api-ms-win-core-libraryloader-l1-1-0.dll was redirected to C:\Windows\SYSTEM32\kernelbase.dll by API set
NtQueryInformationThread( ThreadHandle=-2, ThreadInformationClass=0x1d [ThreadWow64Context], ThreadInformation=0xb7dd20, Length=0x2cc, ReturnLength=null ) => 0
6774:651c @ 118014687 - LdrpPreprocessDllName - INFO: DLL api-ms-win-core-debug-l1-1-0.dll was redirected to C:\Windows\SYSTEM32\kernelbase.dll by API set
NtQueryInformationThread( ThreadHandle=-2, ThreadInformationClass=0x1d [ThreadWow64Context], ThreadInformation=0xb7dd20, Length=0x2cc, ReturnLength=null ) => 0
6774:651c @ 118014687 - LdrpPreprocessDllName - INFO: DLL api-ms-win-core-sysinfo-l1-1-0.dll was redirected to C:\Windows\SYSTEM32\kernelbase.dll by API set
NtQueryInformationThread( ThreadHandle=-2, ThreadInformationClass=0x1d [ThreadWow64Context], ThreadInformation=0xb7dd20, Length=0x2cc, ReturnLength=null ) => 0
6774:651c @ 118014687 - LdrpPreprocessDllName - INFO: DLL api-ms-win-core-interlocked-l1-1-0.dll was redirected to C:\Windows\SYSTEM32\kernelbase.dll by API set
NtQueryInformationThread( ThreadHandle=-2, ThreadInformationClass=0x1d [ThreadWow64Context], ThreadInformation=0xb7dd20, Length=0x2cc, ReturnLength=null ) => 0
6774:651c @ 118014687 - LdrpPreprocessDllName - INFO: DLL api-ms-win-core-delayload-l1-1-0.dll was redirected to C:\Windows\SYSTEM32\kernelbase.dll by API set
NtQueryInformationThread( ThreadHandle=-2, ThreadInformationClass=0x1d [ThreadWow64Context], ThreadInformation=0xb7dd20, Length=0x2cc, ReturnLength=null ) => 0
6774:651c @ 118014687 - LdrpPreprocessDllName - INFO: DLL api-ms-win-core-delayload-l1-1-1.dll was redirected to C:\Windows\SYSTEM32\kernelbase.dll by API set
NtWaitForWorkViaWorkerFactory( WorkerFactoryHandle=0xc8, MiniPacket=0x110efe0 ) => 0
NtQueryInformationThread( ThreadHandle=-2, ThreadInformationClass=0x1d [ThreadWow64Context], ThreadInformation=0xb7dd20, Length=0x2cc, ReturnLength=null ) => 0
6774:651c @ 118014687 - LdrpPreprocessDllName - INFO: DLL api-ms-win-crt-string-l1-1-0.dll was redirected to C:\Windows\SYSTEM32\ucrtbase.dll by API set
NtQueryInformationThread( ThreadHandle=-2, ThreadInformationClass=0x1d [ThreadWow64Context], ThreadInformation=0xb7dd20, Length=0x2cc, ReturnLength=null ) => 0
6774:651c @ 118014687 - LdrpPreprocessDllName - INFO: DLL api-ms-win-crt-runtime-l1-1-0.dll was redirected to C:\Windows\SYSTEM32\ucrtbase.dll by API set
NtQueryInformationThread( ThreadHandle=-2, ThreadInformationClass=0x1d [ThreadWow64Context], ThreadInformation=0xb7dd20, Length=0x2cc, ReturnLength=null ) => 0
6774:651c @ 118014687 - LdrpPreprocessDllName - INFO: DLL api-ms-win-crt-private-l1-1-0.dll was redirected to C:\Windows\SYSTEM32\ucrtbase.dll by API set
NtQueryInformationThread( ThreadHandle=-2, ThreadInformationClass=0x1d [ThreadWow64Context], ThreadInformation=0x110e380, Length=0x2cc, ReturnLength=null ) => 0
6774:23f8 @ 118014687 - LdrpGetProcedureAddress - INFO: Locating procedure "RtlEnterCriticalSection" by name
NtQueryInformationThread( ThreadHandle=-2, ThreadInformationClass=0x1d [ThreadWow64Context], ThreadInformation=0x110e380, Length=0x2cc, ReturnLength=null ) => 0
6774:23f8 @ 118014687 - LdrpGetProcedureAddress - INFO: Locating procedure "RtlReleaseSRWLockExclusive" by name
NtQueryInformationThread( ThreadHandle=-2, ThreadInformationClass=0x1d [ThreadWow64Context], ThreadInformation=0x110e380, Length=0x2cc, ReturnLength=null ) => 0
6774:23f8 @ 118014687 - LdrpGetProcedureAddress - INFO: Locating procedure "RtlAcquireSRWLockExclusive" by name
NtQueryInformationThread( ThreadHandle=-2, ThreadInformationClass=0x1d [ThreadWow64Context], ThreadInformation=0x110e380, Length=0x2cc, ReturnLength=null ) => 0
6774:23f8 @ 118014687 - LdrpGetProcedureAddress - INFO: Locating procedure "RtlLeaveCriticalSection" by name
NtQueryInformationThread( ThreadHandle=-2, ThreadInformationClass=0x1d [ThreadWow64Context], ThreadInformation=0x110e380, Length=0x2cc, ReturnLength=null ) => 0
6774:23f8 @ 118014687 - LdrpGetProcedureAddress - INFO: Locating procedure "RtlTryAcquireSRWLockExclusive" by name
NtQueryInformationThread( ThreadHandle=-2, ThreadInformationClass=0x1d [ThreadWow64Context], ThreadInformation=0x110e380, Length=0x2cc, ReturnLength=null ) => 0
6774:23f8 @ 118014687 - LdrpGetProcedureAddress - INFO: Locating procedure "RtlInitializeSRWLock" by name
NtQueryInformationThread( ThreadHandle=-2, ThreadInformationClass=0x1d [ThreadWow64Context], ThreadInformation=0x110e380, Length=0x2cc, ReturnLength=null ) => 0
6774:23f8 @ 118014687 - LdrpGetProcedureAddress - INFO: Locating procedure "RtlDeleteCriticalSection" by name
NtQueryInformationThread( ThreadHandle=-2, ThreadInformationClass=0x1d [ThreadWow64Context], ThreadInformation=0x110e380, Length=0x2cc, ReturnLength=null ) => 0
6774:23f8 @ 118014687 - LdrpGetProcedureAddress - INFO: Locating procedure "RtlWakeConditionVariable" by name
NtQueryInformationThread( ThreadHandle=-2, ThreadInformationClass=0x1d [ThreadWow64Context], ThreadInformation=0x110e380, Length=0x2cc, ReturnLength=null ) => 0
6774:23f8 @ 118014687 - LdrpGetProcedureAddress - INFO: Locating procedure "RtlInitializeConditionVariable" by name
NtQueryInformationThread( ThreadHandle=-2, ThreadInformationClass=0x1d [ThreadWow64Context], ThreadInformation=0x110e380, Length=0x2cc, ReturnLength=null ) => 0
6774:23f8 @ 118014687 - LdrpGetProcedureAddress - INFO: Locating procedure "RtlWakeAllConditionVariable" by name
NtQueryInformationThread( ThreadHandle=-2, ThreadInformationClass=0x1d [ThreadWow64Context], ThreadInformation=0x110e380, Length=0x2cc, ReturnLength=null ) => 0
NtQueryInformationThread( ThreadHandle=-2, ThreadInformationClass=0x1d [ThreadWow64Context], ThreadInformation=0xb7dd20, Length=0x2cc, ReturnLength=null ) => 0
6774:23f8 @ 118014687 - LdrpGetProcedureAddress - INFO: Locating procedure "RtlQueryPerformanceFrequency" by name
NtQueryInformationThread( ThreadHandle=-2, ThreadInformationClass=0x1d [ThreadWow64Context], ThreadInformation=0x110e380, Length=0x2cc, ReturnLength=null ) => 0
6774:651c @ 118014687 - LdrpPreprocessDllName - INFO: DLL api-ms-win-core-string-l1-1-0.dll was redirected to C:\Windows\SYSTEM32\kernelbase.dll by API set
NtQueryInformationThread( ThreadHandle=-2, ThreadInformationClass=0x1d [ThreadWow64Context], ThreadInformation=0xb7dd20, Length=0x2cc, ReturnLength=null ) => 0
6774:23f8 @ 118014687 - LdrpGetProcedureAddress - INFO: Locating procedure "RtlQueryPerformanceCounter" by name
6774:651c @ 118014687 - LdrpPreprocessDllName - INFO: DLL api-ms-win-core-localization-l1-2-0.dll was redirected to C:\Windows\SYSTEM32\kernelbase.dll by API set
NtQueryInformationThread( ThreadHandle=-2, ThreadInformationClass=0x1d [ThreadWow64Context], ThreadInformation=0xb7dd20, Length=0x2cc, ReturnLength=null ) => 0
6774:651c @ 118014687 - LdrpPreprocessDllName - INFO: DLL api-ms-win-core-heap-l2-1-0.dll was redirected to C:\Windows\SYSTEM32\kernelbase.dll by API set
NtQueryInformationThread( ThreadHandle=-2, ThreadInformationClass=0x1d [ThreadWow64Context], ThreadInformation=0xb7dd20, Length=0x2cc, ReturnLength=null ) => 0
NtQueryInformationThread( ThreadHandle=-2, ThreadInformationClass=0x1d [ThreadWow64Context], ThreadInformation=0x110e380, Length=0x2cc, ReturnLength=null ) => 0
6774:23f8 @ 118014687 - LdrpGetProcedureAddress - INFO: Locating procedure "RtlEncodePointer" by name
6774:651c @ 118014687 - LdrpPreprocessDllName - INFO: DLL api-ms-win-core-rtlsupport-l1-2-0.dll was redirected to C:\Windows\SYSTEM32\ntdll.dll by API set
NtQueryInformationThread( ThreadHandle=-2, ThreadInformationClass=0x1d [ThreadWow64Context], ThreadInformation=0x110e380, Length=0x2cc, ReturnLength=null ) => 0
6774:23f8 @ 118014687 - LdrpGetProcedureAddress - INFO: Locating procedure "RtlDecodePointer" by name
NtQueryInformationThread( ThreadHandle=-2, ThreadInformationClass=0x1d [ThreadWow64Context], ThreadInformation=0x110e380, Length=0x2cc, ReturnLength=null ) => 0
6774:23f8 @ 118014687 - LdrpGetProcedureAddress - INFO: Locating procedure "TpReleaseWork" by name
NtQueryInformationThread( ThreadHandle=-2, ThreadInformationClass=0x1d [ThreadWow64Context], ThreadInformation=0x110e380, Length=0x2cc, ReturnLength=null ) => 0
6774:23f8 @ 118014687 - LdrpGetProcedureAddress - INFO: Locating procedure "TpCallbackUnloadDllOnCompletion" by name
NtQueryInformationThread( ThreadHandle=-2, ThreadInformationClass=0x1d [ThreadWow64Context], ThreadInformation=0x110e380, Length=0x2cc, ReturnLength=null ) => 0
NtQueryInformationThread( ThreadHandle=-2, ThreadInformationClass=0x1d [ThreadWow64Context], ThreadInformation=0xb7dd20, Length=0x2cc, ReturnLength=null ) => 0
6774:23f8 @ 118014687 - LdrpGetProcedureAddress - INFO: Locating procedure "TpPostWork" by name
6774:651c @ 118014687 - LdrpPreprocessDllName - INFO: DLL api-ms-win-core-libraryloader-l1-2-0.dll was redirected to C:\Windows\SYSTEM32\kernelbase.dll by API set
NtQueryInformationThread( ThreadHandle=-2, ThreadInformationClass=0x1d [ThreadWow64Context], ThreadInformation=0x110e380, Length=0x2cc, ReturnLength=null ) => 0
6774:23f8 @ 118014687 - LdrpGetProcedureAddress - INFO: Locating procedure "RtlInitializeSListHead" by name
NtProtectVirtualMemory( ProcessHandle=-1, BaseAddress=0x110e908 [0x767c2000], Size=0x110e8f8 [0x1000], NewProtect=2, OldProtect=0x110e898 [4] ) => 0
NtQueryInformationThread( ThreadHandle=-2, ThreadInformationClass=0x1d [ThreadWow64Context], ThreadInformation=0xb7dd20, Length=0x2cc, ReturnLength=null ) => 0
6774:651c @ 118014687 - LdrpPreprocessDllName - INFO: DLL api-ms-win-core-sysinfo-l1-1-0.dll was redirected to C:\Windows\SYSTEM32\kernelbase.dll by API set
NtQueryInformationThread( ThreadHandle=-2, ThreadInformationClass=0x1d [ThreadWow64Context], ThreadInformation=0xb7dd20, Length=0x2cc, ReturnLength=null ) => 0
6774:651c @ 118014687 - LdrpPreprocessDllName - INFO: DLL api-ms-win-core-memory-l1-1-1.dll was redirected to C:\Windows\SYSTEM32\kernelbase.dll by API set
NtQueryInformationThread( ThreadHandle=-2, ThreadInformationClass=0x1d [ThreadWow64Context], ThreadInformation=0xb7dd20, Length=0x2cc, ReturnLength=null ) => 0
6774:651c @ 118014687 - LdrpPreprocessDllName - INFO: DLL api-ms-win-core-errorhandling-l1-1-0.dll was redirected to C:\Windows\SYSTEM32\kernelbase.dll by API set
NtQueryInformationThread( ThreadHandle=-2, ThreadInformationClass=0x1d [ThreadWow64Context], ThreadInformation=0xb7dd20, Length=0x2cc, ReturnLength=null ) => 0
6774:651c @ 118014687 - LdrpPreprocessDllName - INFO: DLL api-ms-win-eventing-provider-l1-1-0.dll was redirected to C:\Windows\SYSTEM32\kernelbase.dll by API set
NtQueryInformationThread( ThreadHandle=-2, ThreadInformationClass=0x1d [ThreadWow64Context], ThreadInformation=0xb7dd20, Length=0x2cc, ReturnLength=null ) => 0
6774:651c @ 118014687 - LdrpPreprocessDllName - INFO: DLL api-ms-win-core-processenvironment-l1-1-0.dll was redirected to C:\Windows\SYSTEM32\kernelbase.dll by API set
NtQueryInformationThread( ThreadHandle=-2, ThreadInformationClass=0x1d [ThreadWow64Context], ThreadInformation=0xb7dd20, Length=0x2cc, ReturnLength=null ) => 0
6774:651c @ 118014687 - LdrpPreprocessDllName - INFO: DLL api-ms-win-core-file-l1-1-0.dll was redirected to C:\Windows\SYSTEM32\kernelbase.dll by API set
NtQueryInformationThread( ThreadHandle=-2, ThreadInformationClass=0x1d [ThreadWow64Context], ThreadInformation=0xb7dd20, Length=0x2cc, ReturnLength=null ) => 0
6774:651c @ 118014687 - LdrpPreprocessDllName - INFO: DLL api-ms-win-core-handle-l1-1-0.dll was redirected to C:\Windows\SYSTEM32\kernelbase.dll by API set
NtQueryInformationThread( ThreadHandle=-2, ThreadInformationClass=0x1d [ThreadWow64Context], ThreadInformation=0xb7dd20, Length=0x2cc, ReturnLength=null ) => 0
6774:651c @ 118014687 - LdrpPreprocessDllName - INFO: DLL api-ms-win-core-registry-l1-1-0.dll was redirected to C:\Windows\SYSTEM32\kernelbase.dll by API set
NtQueryInformationThread( ThreadHandle=-2, ThreadInformationClass=0x1d [ThreadWow64Context], ThreadInformation=0xb7dd20, Length=0x2cc, ReturnLength=null ) => 0
6774:651c @ 118014687 - LdrpPreprocessDllName - INFO: DLL api-ms-win-core-file-l1-2-0.dll was redirected to C:\Windows\SYSTEM32\kernelbase.dll by API set
NtQueryInformationThread( ThreadHandle=-2, ThreadInformationClass=0x1d [ThreadWow64Context], ThreadInformation=0xb7dd20, Length=0x2cc, ReturnLength=null ) => 0
6774:651c @ 118014687 - LdrpPreprocessDllName - INFO: DLL api-ms-win-core-file-l2-1-0.dll was redirected to C:\Windows\SYSTEM32\kernelbase.dll by API set
NtQueryInformationThread( ThreadHandle=-2, ThreadInformationClass=0x1d [ThreadWow64Context], ThreadInformation=0xb7dd20, Length=0x2cc, ReturnLength=null ) => 0
6774:651c @ 118014687 - LdrpPreprocessDllName - INFO: DLL api-ms-win-core-memory-l1-1-0.dll was redirected to C:\Windows\SYSTEM32\kernelbase.dll by API set
NtQueryInformationThread( ThreadHandle=-2, ThreadInformationClass=0x1d [ThreadWow64Context], ThreadInformation=0xb7dd20, Length=0x2cc, ReturnLength=null ) => 0
6774:651c @ 118014687 - LdrpPreprocessDllName - INFO: DLL api-ms-win-core-synch-l1-1-0.dll was redirected to C:\Windows\SYSTEM32\kernelbase.dll by API set
NtQueryInformationThread( ThreadHandle=-2, ThreadInformationClass=0x1d [ThreadWow64Context], ThreadInformation=0xb7dd20, Length=0x2cc, ReturnLength=null ) => 0
6774:651c @ 118014687 - LdrpPreprocessDllName - INFO: DLL api-ms-win-core-heap-l1-1-0.dll was redirected to C:\Windows\SYSTEM32\kernelbase.dll by API set
NtQueryInformationThread( ThreadHandle=-2, ThreadInformationClass=0x1d [ThreadWow64Context], ThreadInformation=0xb7dd20, Length=0x2cc, ReturnLength=null ) => 0
6774:651c @ 118014687 - LdrpPreprocessDllName - INFO: DLL api-ms-win-core-threadpool-l1-2-0.dll was redirected to C:\Windows\SYSTEM32\kernelbase.dll by API set
NtQueryInformationThread( ThreadHandle=-2, ThreadInformationClass=0x1d [ThreadWow64Context], ThreadInformation=0xb7dd20, Length=0x2cc, ReturnLength=null ) => 0
6774:651c @ 118014687 - LdrpPreprocessDllName - INFO: DLL api-ms-win-core-processthreads-l1-1-0.dll was redirected to C:\Windows\SYSTEM32\kernel32.dll by API set
NtQueryInformationThread( ThreadHandle=-2, ThreadInformationClass=0x1d [ThreadWow64Context], ThreadInformation=0xb7dd20, Length=0x2cc, ReturnLength=null ) => 0
6774:651c @ 118014687 - LdrpPreprocessDllName - INFO: DLL api-ms-win-core-debug-l1-1-0.dll was redirected to C:\Windows\SYSTEM32\kernelbase.dll by API set
NtQueryInformationThread( ThreadHandle=-2, ThreadInformationClass=0x1d [ThreadWow64Context], ThreadInformation=0xb7dd20, Length=0x2cc, ReturnLength=null ) => 0
6774:651c @ 118014687 - LdrpPreprocessDllName - INFO: DLL api-ms-win-core-string-l2-1-0.dll was redirected to C:\Windows\SYSTEM32\kernelbase.dll by API set
NtQueryInformationThread( ThreadHandle=-2, ThreadInformationClass=0x1d [ThreadWow64Context], ThreadInformation=0xb7dd20, Length=0x2cc, ReturnLength=null ) => 0
6774:651c @ 118014687 - LdrpPreprocessDllName - INFO: DLL api-ms-win-security-base-l1-1-0.dll was redirected to C:\Windows\SYSTEM32\kernelbase.dll by API set
NtQueryInformationThread( ThreadHandle=-2, ThreadInformationClass=0x1d [ThreadWow64Context], ThreadInformation=0xb7dd20, Length=0x2cc, ReturnLength=null ) => 0
6774:651c @ 118014687 - LdrpPreprocessDllName - INFO: DLL api-ms-win-core-synch-l1-2-0.dll was redirected to C:\Windows\SYSTEM32\kernelbase.dll by API set
NtQueryInformationThread( ThreadHandle=-2, ThreadInformationClass=0x1d [ThreadWow64Context], ThreadInformation=0xb7dd20, Length=0x2cc, ReturnLength=null ) => 0
6774:651c @ 118014703 - LdrpPreprocessDllName - INFO: DLL api-ms-win-core-version-l1-1-1.dll was redirected to C:\Windows\SYSTEM32\kernelbase.dll by API set
NtQueryInformationThread( ThreadHandle=-2, ThreadInformationClass=0x1d [ThreadWow64Context], ThreadInformation=0xb7dd20, Length=0x2cc, ReturnLength=null ) => 0
6774:651c @ 118014703 - LdrpPreprocessDllName - INFO: DLL api-ms-win-core-version-l1-1-0.dll was redirected to C:\Windows\SYSTEM32\kernelbase.dll by API set
NtQueryInformationThread( ThreadHandle=-2, ThreadInformationClass=0x1d [ThreadWow64Context], ThreadInformation=0xb7dd20, Length=0x2cc, ReturnLength=null ) => 0
6774:651c @ 118014703 - LdrpPreprocessDllName - INFO: DLL api-ms-win-core-wow64-l1-1-1.dll was redirected to C:\Windows\SYSTEM32\kernelbase.dll by API set
NtQueryInformationThread( ThreadHandle=-2, ThreadInformationClass=0x1d [ThreadWow64Context], ThreadInformation=0xb7dd20, Length=0x2cc, ReturnLength=null ) => 0
6774:651c @ 118014703 - LdrpPreprocessDllName - INFO: DLL api-ms-win-core-psapi-l1-1-0.dll was redirected to C:\Windows\SYSTEM32\kernelbase.dll by API set
NtQueryInformationThread( ThreadHandle=-2, ThreadInformationClass=0x1d [ThreadWow64Context], ThreadInformation=0xb7dd20, Length=0x2cc, ReturnLength=null ) => 0
6774:651c @ 118014703 - LdrpPreprocessDllName - INFO: DLL api-ms-win-core-processthreads-l1-1-1.dll was redirected to C:\Windows\SYSTEM32\kernel32.dll by API set
NtQueryInformationThread( ThreadHandle=-2, ThreadInformationClass=0x1d [ThreadWow64Context], ThreadInformation=0xb7dd20, Length=0x2cc, ReturnLength=null ) => 0
6774:651c @ 118014703 - LdrpPreprocessDllName - INFO: DLL api-ms-win-core-profile-l1-1-0.dll was redirected to C:\Windows\SYSTEM32\kernelbase.dll by API set
NtQueryInformationThread( ThreadHandle=-2, ThreadInformationClass=0x1d [ThreadWow64Context], ThreadInformation=0xb7dd20, Length=0x2cc, ReturnLength=null ) => 0
6774:651c @ 118014703 - LdrpPreprocessDllName - INFO: DLL api-ms-win-core-interlocked-l1-1-0.dll was redirected to C:\Windows\SYSTEM32\kernelbase.dll by API set
NtQueryInformationThread( ThreadHandle=-2, ThreadInformationClass=0x1d [ThreadWow64Context], ThreadInformation=0xb7dd20, Length=0x2cc, ReturnLength=null ) => 0
6774:651c @ 118014703 - LdrpPreprocessDllName - INFO: DLL api-ms-win-core-kernel32-legacy-l1-1-0.dll was redirected to C:\Windows\SYSTEM32\kernel32.dll by API set
NtQueryInformationThread( ThreadHandle=-2, ThreadInformationClass=0x1d [ThreadWow64Context], ThreadInformation=0xb7dd20, Length=0x2cc, ReturnLength=null ) => 0
6774:651c @ 118014703 - LdrpPreprocessDllName - INFO: DLL api-ms-win-core-heap-obsolete-l1-1-0.dll was redirected to C:\Windows\SYSTEM32\kernel32.dll by API set
NtQueryInformationThread( ThreadHandle=-2, ThreadInformationClass=0x1d [ThreadWow64Context], ThreadInformation=0xb7dd20, Length=0x2cc, ReturnLength=null ) => 0
6774:651c @ 118014703 - LdrpPreprocessDllName - INFO: DLL api-ms-win-core-string-obsolete-l1-1-0.dll was redirected to C:\Windows\SYSTEM32\kernel32.dll by API set
NtQueryInformationThread( ThreadHandle=-2, ThreadInformationClass=0x1d [ThreadWow64Context], ThreadInformation=0xb7dd20, Length=0x2cc, ReturnLength=null ) => 0
6774:651c @ 118014703 - LdrpPreprocessDllName - INFO: DLL api-ms-win-core-stringansi-l1-1-0.dll was redirected to C:\Windows\SYSTEM32\kernelbase.dll by API set
NtQueryInformationThread( ThreadHandle=-2, ThreadInformationClass=0x1d [ThreadWow64Context], ThreadInformation=0xb7dd20, Length=0x2cc, ReturnLength=null ) => 0
6774:651c @ 118014703 - LdrpPreprocessDllName - INFO: DLL api-ms-win-core-windowserrorreporting-l1-1-0.dll was redirected to C:\Windows\SYSTEM32\kernelbase.dll by API set
NtQueryInformationThread( ThreadHandle=-2, ThreadInformationClass=0x1d [ThreadWow64Context], ThreadInformation=0xb7dd20, Length=0x2cc, ReturnLength=null ) => 0
6774:651c @ 118014703 - LdrpFindKnownDll - ENTER: DLL name: USER32.dll
NtQueryObject( ObjectHandle=0x90, ObjectInformationClass=1 [ObjectNameInformation], ObjectInformation=0xb7e060, Length=0x210, ReturnLength=null ) => 0
NtOpenSection( SectionHandle=0xb7e2f8 [0xe8], DesiredAccess=0xd, ObjectAttributes=0x90:"USER32.dll" ) => 0
NtQueryInformationThread( ThreadHandle=-2, ThreadInformationClass=0x1d [ThreadWow64Context], ThreadInformation=0xb7dd20, Length=0x2cc, ReturnLength=null ) => 0
6774:651c @ 118014703 - LdrpFindKnownDll - RETURN: Status: 0x00000000
NtQueryInformationThread( ThreadHandle=-2, ThreadInformationClass=0x1d [ThreadWow64Context], ThreadInformation=0xb7dd20, Length=0x2cc, ReturnLength=null ) => 0
6774:651c @ 118014703 - LdrpMinimalMapModule - ENTER: DLL name: C:\Windows\System32\USER32.dll
Loaded DLL at 00000000765A0000 C:\Windows\SysWOW64\USER32.dll
NtMapViewOfSection( SectionHandle=0xe8, ProcessHandle=-1, BaseAddress=0xb7e2b0 [0x765a0000], ZeroBits=0x7ffeffff, CommitSize=0, SectionOffset=null, ViewSize=0xb7e260 [0x0019d000], InheritDisposition=1 [ViewShare], AllocationType=0x00800000, Protect=0x80 ) => 0
NtQuerySection( SectionHandle=0xe8, SectionInformationClass=1 [SectionImageInformation], SectionInformation=0xb7e270, Length=0x40, ReturnLength=null ) => 0
NtQueryVirtualMemory( ProcessHandle=-1, BaseAddress=0x765a0000, MemoryInformationClass=6 [MemoryImageInformation], MemoryInformation=0xb7e180, Length=0x18, ReturnLength=null ) => 0
NtProtectVirtualMemory( ProcessHandle=-1, BaseAddress=0xb7e168 [0x7664b000], Size=0xb7e160 [0x1000], NewProtect=4, OldProtect=0xb7e158 [2] ) => 0
NtProtectVirtualMemory( ProcessHandle=-1, BaseAddress=0xb7e168 [0x7664b000], Size=0xb7e160 [0x1000], NewProtect=2, OldProtect=0xb7e158 [4] ) => 0
NtQueryInformationThread( ThreadHandle=-2, ThreadInformationClass=0x1d [ThreadWow64Context], ThreadInformation=0xb7dd20, Length=0x2cc, ReturnLength=null ) => 0
6774:651c @ 118014703 - LdrpMinimalMapModule - RETURN: Status: 0x00000000
NtProtectVirtualMemory( ProcessHandle=-1, BaseAddress=0xb7e2a8 [0x76653000], Size=0xb7e298 [0x1000], NewProtect=2, OldProtect=0xb7e238 [4] ) => 0
NtProtectVirtualMemory( ProcessHandle=-1, BaseAddress=0xb7e2a8 [0x77439000], Size=0xb7e298 [0x3000], NewProtect=4, OldProtect=0xb7e238 [2] ) => 0
NtProtectVirtualMemory( ProcessHandle=-1, BaseAddress=0xb7e2a8 [0x77439000], Size=0xb7e298 [0x3000], NewProtect=2, OldProtect=0xb7e238 [4] ) => 0
NtQueryInformationThread( ThreadHandle=-2, ThreadInformationClass=0x1d [ThreadWow64Context], ThreadInformation=0xb7dd20, Length=0x2cc, ReturnLength=null ) => 0
6774:651c @ 118014703 - LdrpFindDllActivationContext - INFO: Probing for the manifest of DLL "C:\Windows\System32\USER32.dll" failed with status 0xc000008a
NtProtectVirtualMemory( ProcessHandle=-1, BaseAddress=0xb7e2a8 [0x7664a000], Size=0xb7e298 [0x2000], NewProtect=4, OldProtect=0xb7e238 [2] ) => 0
NtQueryInformationThread( ThreadHandle=-2, ThreadInformationClass=0x1d [ThreadWow64Context], ThreadInformation=0xb7dd20, Length=0x2cc, ReturnLength=null ) => 0
6774:651c @ 118014703 - LdrpPreprocessDllName - INFO: DLL api-ms-win-core-localization-l1-2-0.dll was redirected to C:\Windows\SYSTEM32\kernelbase.dll by API set
NtQueryInformationThread( ThreadHandle=-2, ThreadInformationClass=0x1d [ThreadWow64Context], ThreadInformation=0xb7dd20, Length=0x2cc, ReturnLength=null ) => 0
6774:651c @ 118014703 - LdrpPreprocessDllName - INFO: DLL api-ms-win-core-registry-l1-1-0.dll was redirected to C:\Windows\SYSTEM32\kernelbase.dll by API set
NtQueryInformationThread( ThreadHandle=-2, ThreadInformationClass=0x1d [ThreadWow64Context], ThreadInformation=0xb7dd20, Length=0x2cc, ReturnLength=null ) => 0
6774:651c @ 118014703 - LdrpPreprocessDllName - INFO: DLL api-ms-win-core-heap-l2-1-0.dll was redirected to C:\Windows\SYSTEM32\kernelbase.dll by API set
NtQueryInformationThread( ThreadHandle=-2, ThreadInformationClass=0x1d [ThreadWow64Context], ThreadInformation=0xb7dd20, Length=0x2cc, ReturnLength=null ) => 0
6774:651c @ 118014703 - LdrpPreprocessDllName - INFO: DLL api-ms-win-core-libraryloader-l1-2-0.dll was redirected to C:\Windows\SYSTEM32\kernelbase.dll by API set
NtQueryInformationThread( ThreadHandle=-2, ThreadInformationClass=0x1d [ThreadWow64Context], ThreadInformation=0xb7dd20, Length=0x2cc, ReturnLength=null ) => 0
6774:651c @ 118014703 - LdrpPreprocessDllName - INFO: DLL api-ms-win-core-heap-l1-1-0.dll was redirected to C:\Windows\SYSTEM32\kernelbase.dll by API set
NtQueryInformationThread( ThreadHandle=-2, ThreadInformationClass=0x1d [ThreadWow64Context], ThreadInformation=0xb7dd20, Length=0x2cc, ReturnLength=null ) => 0
6774:651c @ 118014703 - LdrpPreprocessDllName - INFO: DLL api-ms-win-core-synch-l1-1-0.dll was redirected to C:\Windows\SYSTEM32\kernelbase.dll by API set
NtQueryInformationThread( ThreadHandle=-2, ThreadInformationClass=0x1d [ThreadWow64Context], ThreadInformation=0xb7dd20, Length=0x2cc, ReturnLength=null ) => 0
6774:651c @ 118014703 - LdrpPreprocessDllName - INFO: DLL api-ms-win-eventing-provider-l1-1-0.dll was redirected to C:\Windows\SYSTEM32\kernelbase.dll by API set
NtQueryInformationThread( ThreadHandle=-2, ThreadInformationClass=0x1d [ThreadWow64Context], ThreadInformation=0xb7dd20, Length=0x2cc, ReturnLength=null ) => 0
6774:651c @ 118014703 - LdrpPreprocessDllName - INFO: DLL api-ms-win-core-processthreads-l1-1-0.dll was redirected to C:\Windows\SYSTEM32\kernel32.dll by API set
NtQueryInformationThread( ThreadHandle=-2, ThreadInformationClass=0x1d [ThreadWow64Context], ThreadInformation=0xb7dd20, Length=0x2cc, ReturnLength=null ) => 0
6774:651c @ 118014703 - LdrpPreprocessDllName - INFO: DLL api-ms-win-core-string-l1-1-0.dll was redirected to C:\Windows\SYSTEM32\kernelbase.dll by API set
NtQueryInformationThread( ThreadHandle=-2, ThreadInformationClass=0x1d [ThreadWow64Context], ThreadInformation=0xb7dd20, Length=0x2cc, ReturnLength=null ) => 0
6774:651c @ 118014703 - LdrpPreprocessDllName - INFO: DLL api-ms-win-core-sysinfo-l1-1-0.dll was redirected to C:\Windows\SYSTEM32\kernelbase.dll by API set
NtQueryInformationThread( ThreadHandle=-2, ThreadInformationClass=0x1d [ThreadWow64Context], ThreadInformation=0xb7dd20, Length=0x2cc, ReturnLength=null ) => 0
6774:651c @ 118014703 - LdrpPreprocessDllName - INFO: DLL api-ms-win-security-base-l1-1-0.dll was redirected to C:\Windows\SYSTEM32\kernelbase.dll by API set
NtQueryInformationThread( ThreadHandle=-2, ThreadInformationClass=0x1d [ThreadWow64Context], ThreadInformation=0xb7dd20, Length=0x2cc, ReturnLength=null ) => 0
6774:651c @ 118014703 - LdrpPreprocessDllName - INFO: DLL api-ms-win-core-handle-l1-1-0.dll was redirected to C:\Windows\SYSTEM32\kernelbase.dll by API set
NtQueryInformationThread( ThreadHandle=-2, ThreadInformationClass=0x1d [ThreadWow64Context], ThreadInformation=0xb7dd20, Length=0x2cc, ReturnLength=null ) => 0
6774:651c @ 118014703 - LdrpPreprocessDllName - INFO: DLL api-ms-win-core-errorhandling-l1-1-0.dll was redirected to C:\Windows\SYSTEM32\kernelbase.dll by API set
NtQueryInformationThread( ThreadHandle=-2, ThreadInformationClass=0x1d [ThreadWow64Context], ThreadInformation=0xb7dd20, Length=0x2cc, ReturnLength=null ) => 0
6774:651c @ 118014703 - LdrpPreprocessDllName - INFO: DLL api-ms-win-core-string-l2-1-0.dll was redirected to C:\Windows\SYSTEM32\kernelbase.dll by API set
NtQueryInformationThread( ThreadHandle=-2, ThreadInformationClass=0x1d [ThreadWow64Context], ThreadInformation=0xb7dd20, Length=0x2cc, ReturnLength=null ) => 0
6774:651c @ 118014703 - LdrpPreprocessDllName - INFO: DLL api-ms-win-core-synch-l1-2-0.dll was redirected to C:\Windows\SYSTEM32\kernelbase.dll by API set
NtQueryInformationThread( ThreadHandle=-2, ThreadInformationClass=0x1d [ThreadWow64Context], ThreadInformation=0xb7dd20, Length=0x2cc, ReturnLength=null ) => 0
6774:651c @ 118014703 - LdrpPreprocessDllName - INFO: DLL api-ms-win-core-processenvironment-l1-1-0.dll was redirected to C:\Windows\SYSTEM32\kernelbase.dll by API set
NtQueryInformationThread( ThreadHandle=-2, ThreadInformationClass=0x1d [ThreadWow64Context], ThreadInformation=0xb7dd20, Length=0x2cc, ReturnLength=null ) => 0
6774:651c @ 118014703 - LdrpPreprocessDllName - INFO: DLL api-ms-win-core-file-l1-1-0.dll was redirected to C:\Windows\SYSTEM32\kernelbase.dll by API set
NtQueryInformationThread( ThreadHandle=-2, ThreadInformationClass=0x1d [ThreadWow64Context], ThreadInformation=0xb7dd20, Length=0x2cc, ReturnLength=null ) => 0
6774:651c @ 118014703 - LdrpPreprocessDllName - INFO: DLL api-ms-win-core-debug-l1-1-0.dll was redirected to C:\Windows\SYSTEM32\kernelbase.dll by API set
NtQueryInformationThread( ThreadHandle=-2, ThreadInformationClass=0x1d [ThreadWow64Context], ThreadInformation=0xb7dd20, Length=0x2cc, ReturnLength=null ) => 0
6774:651c @ 118014703 - LdrpPreprocessDllName - INFO: DLL api-ms-win-core-threadpool-l1-2-0.dll was redirected to C:\Windows\SYSTEM32\kernelbase.dll by API set
NtQueryInformationThread( ThreadHandle=-2, ThreadInformationClass=0x1d [ThreadWow64Context], ThreadInformation=0xb7dd20, Length=0x2cc, ReturnLength=null ) => 0
6774:651c @ 118014703 - LdrpPreprocessDllName - INFO: DLL api-ms-win-core-processthreads-l1-1-1.dll was redirected to C:\Windows\SYSTEM32\kernel32.dll by API set
NtQueryInformationThread( ThreadHandle=-2, ThreadInformationClass=0x1d [ThreadWow64Context], ThreadInformation=0xb7dd20, Length=0x2cc, ReturnLength=null ) => 0
6774:651c @ 118014703 - LdrpPreprocessDllName - INFO: DLL api-ms-win-core-memory-l1-1-0.dll was redirected to C:\Windows\SYSTEM32\kernelbase.dll by API set
NtQueryInformationThread( ThreadHandle=-2, ThreadInformationClass=0x1d [ThreadWow64Context], ThreadInformation=0xb7dd20, Length=0x2cc, ReturnLength=null ) => 0
6774:651c @ 118014703 - LdrpPreprocessDllName - INFO: DLL api-ms-win-core-profile-l1-1-0.dll was redirected to C:\Windows\SYSTEM32\kernelbase.dll by API set
NtQueryInformationThread( ThreadHandle=-2, ThreadInformationClass=0x1d [ThreadWow64Context], ThreadInformation=0xb7dd20, Length=0x2cc, ReturnLength=null ) => 0
6774:651c @ 118014703 - LdrpPreprocessDllName - INFO: DLL api-ms-win-core-memory-l1-1-3.dll was redirected to C:\Windows\SYSTEM32\kernelbase.dll by API set
NtQueryInformationThread( ThreadHandle=-2, ThreadInformationClass=0x1d [ThreadWow64Context], ThreadInformation=0xb7dd20, Length=0x2cc, ReturnLength=null ) => 0
6774:651c @ 118014703 - LdrpPreprocessDllName - INFO: DLL api-ms-win-core-privateprofile-l1-1-0.dll was redirected to C:\Windows\SYSTEM32\kernel32.dll by API set
NtQueryInformationThread( ThreadHandle=-2, ThreadInformationClass=0x1d [ThreadWow64Context], ThreadInformation=0xb7dd20, Length=0x2cc, ReturnLength=null ) => 0
6774:651c @ 118014703 - LdrpPreprocessDllName - INFO: DLL api-ms-win-core-atoms-l1-1-0.dll was redirected to C:\Windows\SYSTEM32\kernel32.dll by API set
NtQueryInformationThread( ThreadHandle=-2, ThreadInformationClass=0x1d [ThreadWow64Context], ThreadInformation=0xb7dd20, Length=0x2cc, ReturnLength=null ) => 0
6774:651c @ 118014703 - LdrpPreprocessDllName - INFO: DLL api-ms-win-core-heap-obsolete-l1-1-0.dll was redirected to C:\Windows\SYSTEM32\kernel32.dll by API set
NtQueryInformationThread( ThreadHandle=-2, ThreadInformationClass=0x1d [ThreadWow64Context], ThreadInformation=0xb7dd20, Length=0x2cc, ReturnLength=null ) => 0
6774:651c @ 118014703 - LdrpPreprocessDllName - INFO: DLL api-ms-win-core-string-obsolete-l1-1-0.dll was redirected to C:\Windows\SYSTEM32\kernel32.dll by API set
NtQueryInformationThread( ThreadHandle=-2, ThreadInformationClass=0x1d [ThreadWow64Context], ThreadInformation=0xb7dd20, Length=0x2cc, ReturnLength=null ) => 0
6774:651c @ 118014703 - LdrpPreprocessDllName - INFO: DLL api-ms-win-core-localization-obsolete-l1-2-0.dll was redirected to C:\Windows\SYSTEM32\kernelbase.dll by API set
NtQueryInformationThread( ThreadHandle=-2, ThreadInformationClass=0x1d [ThreadWow64Context], ThreadInformation=0xb7dd20, Length=0x2cc, ReturnLength=null ) => 0
6774:651c @ 118014703 - LdrpPreprocessDllName - INFO: DLL api-ms-win-core-stringansi-l1-1-0.dll was redirected to C:\Windows\SYSTEM32\kernelbase.dll by API set
NtQueryInformationThread( ThreadHandle=-2, ThreadInformationClass=0x1d [ThreadWow64Context], ThreadInformation=0xb7dd20, Length=0x2cc, ReturnLength=null ) => 0
6774:651c @ 118014703 - LdrpPreprocessDllName - INFO: DLL api-ms-win-core-sidebyside-l1-1-0.dll was redirected to C:\Windows\SYSTEM32\kernelbase.dll by API set
NtQueryInformationThread( ThreadHandle=-2, ThreadInformationClass=0x1d [ThreadWow64Context], ThreadInformation=0xb7dd20, Length=0x2cc, ReturnLength=null ) => 0
6774:651c @ 118014703 - LdrpPreprocessDllName - INFO: DLL api-ms-win-core-kernel32-private-l1-1-0.dll was redirected to C:\Windows\SYSTEM32\kernel32.dll by API set
NtQueryInformationThread( ThreadHandle=-2, ThreadInformationClass=0x1d [ThreadWow64Context], ThreadInformation=0xb7dd20, Length=0x2cc, ReturnLength=null ) => 0
6774:651c @ 118014703 - LdrpPreprocessDllName - INFO: DLL api-ms-win-core-kernel32-legacy-l1-1-0.dll was redirected to C:\Windows\SYSTEM32\kernel32.dll by API set
NtQueryInformationThread( ThreadHandle=-2, ThreadInformationClass=0x1d [ThreadWow64Context], ThreadInformation=0xb7dd20, Length=0x2cc, ReturnLength=null ) => 0
6774:651c @ 118014703 - LdrpPreprocessDllName - INFO: DLL api-ms-win-core-kernel32-legacy-l1-1-1.dll was redirected to C:\Windows\SYSTEM32\kernel32.dll by API set
NtQueryInformationThread( ThreadHandle=-2, ThreadInformationClass=0x1d [ThreadWow64Context], ThreadInformation=0xb7dd20, Length=0x2cc, ReturnLength=null ) => 0
6774:651c @ 118014703 - LdrpPreprocessDllName - INFO: DLL api-ms-win-core-appinit-l1-1-0.dll was redirected to C:\Windows\SYSTEM32\kernel32.dll by API set
NtQueryInformationThread( ThreadHandle=-2, ThreadInformationClass=0x1d [ThreadWow64Context], ThreadInformation=0xb7dd20, Length=0x2cc, ReturnLength=null ) => 0
6774:651c @ 118014703 - LdrpPreprocessDllName - INFO: DLL api-ms-win-core-apiquery-l2-1-0.dll was redirected to C:\Windows\SYSTEM32\kernelbase.dll by API set
NtQueryInformationThread( ThreadHandle=-2, ThreadInformationClass=0x1d [ThreadWow64Context], ThreadInformation=0xb7dd20, Length=0x2cc, ReturnLength=null ) => 0
6774:651c @ 118014703 - LdrpPreprocessDllName - INFO: DLL api-ms-win-core-delayload-l1-1-1.dll was redirected to C:\Windows\SYSTEM32\kernelbase.dll by API set
NtQueryInformationThread( ThreadHandle=-2, ThreadInformationClass=0x1d [ThreadWow64Context], ThreadInformation=0xb7dd20, Length=0x2cc, ReturnLength=null ) => 0
6774:651c @ 118014703 - LdrpPreprocessDllName - INFO: DLL api-ms-win-core-delayload-l1-1-0.dll was redirected to C:\Windows\SYSTEM32\kernelbase.dll by API set
NtQueryInformationThread( ThreadHandle=-2, ThreadInformationClass=0x1d [ThreadWow64Context], ThreadInformation=0xb7dd20, Length=0x2cc, ReturnLength=null ) => 0
6774:651c @ 118014703 - LdrpPreprocessDllName - INFO: DLL api-ms-win-core-apiquery-l1-1-0.dll was redirected to C:\Windows\SYSTEM32\ntdll.dll by API set
NtWaitForWorkViaWorkerFactory( WorkerFactoryHandle=0xc8, MiniPacket=0x110efe0 ) => 0
NtQueryInformationThread( ThreadHandle=-2, ThreadInformationClass=0x1d [ThreadWow64Context], ThreadInformation=0xb7dd20, Length=0x2cc, ReturnLength=null ) => 0
6774:651c @ 118014703 - LdrpPreprocessDllName - INFO: DLL api-ms-win-core-delayload-l1-1-1.dll was redirected to C:\Windows\SYSTEM32\kernelbase.dll by API set
NtQueryInformationThread( ThreadHandle=-2, ThreadInformationClass=0x1d [ThreadWow64Context], ThreadInformation=0xb7dd20, Length=0x2cc, ReturnLength=null ) => 0
6774:651c @ 118014703 - LdrpPreprocessDllName - INFO: DLL api-ms-win-core-delayload-l1-1-0.dll was redirected to C:\Windows\SYSTEM32\kernelbase.dll by API set
NtQueryInformationThread( ThreadHandle=-2, ThreadInformationClass=0x1d [ThreadWow64Context], ThreadInformation=0xb7dd20, Length=0x2cc, ReturnLength=null ) => 0
6774:651c @ 118014703 - LdrpPreprocessDllName - INFO: DLL api-ms-win-core-privateprofile-l1-1-0.dll was redirected to C:\Windows\SYSTEM32\kernel32.dll by API set
NtQueryInformationThread( ThreadHandle=-2, ThreadInformationClass=0x1d [ThreadWow64Context], ThreadInformation=0xb7dd20, Length=0x2cc, ReturnLength=null ) => 0
6774:651c @ 118014703 - LdrpPreprocessDllName - INFO: DLL api-ms-win-core-localization-private-l1-1-0.dll was redirected to C:\Windows\SYSTEM32\kernelbase.dll by API set
NtWaitForWorkViaWorkerFactory( WorkerFactoryHandle=0xc8, MiniPacket=0x11de9a0 ) => 0
NtQueryInformationThread( ThreadHandle=-2, ThreadInformationClass=0x1d [ThreadWow64Context], ThreadInformation=0xb7dd20, Length=0x2cc, ReturnLength=null ) => 0
6774:651c @ 118014703 - LdrpPreprocessDllName - INFO: DLL api-ms-win-eventing-provider-l1-1-0.dll was redirected to C:\Windows\SYSTEM32\kernelbase.dll by API set
NtQueryInformationThread( ThreadHandle=-2, ThreadInformationClass=0x1d [ThreadWow64Context], ThreadInformation=0xb7dd20, Length=0x2cc, ReturnLength=null ) => 0
NtQueryInformationThread( ThreadHandle=-2, ThreadInformationClass=0x1d [ThreadWow64Context], ThreadInformation=0x11ddd40, Length=0x2cc, ReturnLength=null ) => 0
6774:6ca8 @ 118014703 - LdrpGetProcedureAddress - INFO: Locating procedure "RtlSetLastWin32Error" by name
NtQueryInformationThread( ThreadHandle=-2, ThreadInformationClass=0x1d [ThreadWow64Context], ThreadInformation=0x110e380, Length=0x2cc, ReturnLength=null ) => 0
6774:23f8 @ 118014703 - LdrpGetProcedureAddress - INFO: Locating procedure "RtlFreeHeap" by name
NtQueryInformationThread( ThreadHandle=-2, ThreadInformationClass=0x1d [ThreadWow64Context], ThreadInformation=0x11ddd40, Length=0x2cc, ReturnLength=null ) => 0
6774:6ca8 @ 118014703 - LdrpGetProcedureAddress - INFO: Locating procedure "EtwEventRegister" by name
NtQueryInformationThread( ThreadHandle=-2, ThreadInformationClass=0x1d [ThreadWow64Context], ThreadInformation=0x110e380, Length=0x2cc, ReturnLength=null ) => 0
NtQueryInformationThread( ThreadHandle=-2, ThreadInformationClass=0x1d [ThreadWow64Context], ThreadInformation=0x11ddd40, Length=0x2cc, ReturnLength=null ) => 0
6774:23f8 @ 118014703 - LdrpGetProcedureAddress - INFO: Locating procedure "RtlAllocateHeap" by name
6774:6ca8 @ 118014703 - LdrpGetProcedureAddress - INFO: Locating procedure "EtwEventSetInformation" by name
6774:651c @ 118014703 - LdrpPreprocessDllName - INFO: DLL api-ms-win-core-synch-l1-1-0.dll was redirected to C:\Windows\SYSTEM32\kernelbase.dll by API set
NtQueryInformationThread( ThreadHandle=-2, ThreadInformationClass=0x1d [ThreadWow64Context], ThreadInformation=0x110e380, Length=0x2cc, ReturnLength=null ) => 0
NtQueryInformationThread( ThreadHandle=-2, ThreadInformationClass=0x1d [ThreadWow64Context], ThreadInformation=0x11ddd40, Length=0x2cc, ReturnLength=null ) => 0
6774:23f8 @ 118014703 - LdrpGetProcedureAddress - INFO: Locating procedure "RtlDeleteCriticalSection" by name
6774:6ca8 @ 118014703 - LdrpGetProcedureAddress - INFO: Locating procedure "EtwEventWriteTransfer" by name
NtQueryInformationThread( ThreadHandle=-2, ThreadInformationClass=0x1d [ThreadWow64Context], ThreadInformation=0x11ddd40, Length=0x2cc, ReturnLength=null ) => 0
6774:6ca8 @ 118014703 - LdrpGetProcedureAddress - INFO: Locating procedure "EtwEventUnregister" by name
NtQueryInformationThread( ThreadHandle=-2, ThreadInformationClass=0x1d [ThreadWow64Context], ThreadInformation=0x110e380, Length=0x2cc, ReturnLength=null ) => 0
6774:23f8 @ 118014703 - LdrpGetProcedureAddress - INFO: Locating procedure "RtlReleaseSRWLockShared" by name
NtQueryInformationThread( ThreadHandle=-2, ThreadInformationClass=0x1d [ThreadWow64Context], ThreadInformation=0x11ddd40, Length=0x2cc, ReturnLength=null ) => 0
6774:6ca8 @ 118014703 - LdrpGetProcedureAddress - INFO: Locating procedure "EtwEventProviderEnabled" by name
NtQueryInformationThread( ThreadHandle=-2, ThreadInformationClass=0x1d [ThreadWow64Context], ThreadInformation=0x110e380, Length=0x2cc, ReturnLength=null ) => 0
6774:23f8 @ 118014703 - LdrpGetProcedureAddress - INFO: Locating procedure "RtlInitializeSRWLock" by name
NtQueryInformationThread( ThreadHandle=-2, ThreadInformationClass=0x1d [ThreadWow64Context], ThreadInformation=0x110e380, Length=0x2cc, ReturnLength=null ) => 0
6774:23f8 @ 118014703 - LdrpGetProcedureAddress - INFO: Locating procedure "RtlEnterCriticalSection" by name
NtQueryInformationThread( ThreadHandle=-2, ThreadInformationClass=0x1d [ThreadWow64Context], ThreadInformation=0x11ddd40, Length=0x2cc, ReturnLength=null ) => 0
6774:6ca8 @ 118014703 - LdrpGetProcedureAddress - INFO: Locating procedure "RtlInitializeCriticalSection" by name
NtQueryInformationThread( ThreadHandle=-2, ThreadInformationClass=0x1d [ThreadWow64Context], ThreadInformation=0x110e380, Length=0x2cc, ReturnLength=null ) => 0
NtQueryInformationThread( ThreadHandle=-2, ThreadInformationClass=0x1d [ThreadWow64Context], ThreadInformation=0x11ddd40, Length=0x2cc, ReturnLength=null ) => 0
6774:23f8 @ 118014703 - LdrpGetProcedureAddress - INFO: Locating procedure "RtlLeaveCriticalSection" by name
6774:6ca8 @ 118014703 - LdrpGetProcedureAddress - INFO: Locating procedure "RtlInitializeSRWLock" by name
NtQueryInformationThread( ThreadHandle=-2, ThreadInformationClass=0x1d [ThreadWow64Context], ThreadInformation=0x110e380, Length=0x2cc, ReturnLength=null ) => 0
6774:23f8 @ 118014703 - LdrpGetProcedureAddress - INFO: Locating procedure "RtlAcquireSRWLockExclusive" by name
NtQueryInformationThread( ThreadHandle=-2, ThreadInformationClass=0x1d [ThreadWow64Context], ThreadInformation=0x11ddd40, Length=0x2cc, ReturnLength=null ) => 0
6774:6ca8 @ 118014703 - LdrpGetProcedureAddress - INFO: Locating procedure "RtlDeleteCriticalSection" by name
NtQueryInformationThread( ThreadHandle=-2, ThreadInformationClass=0x1d [ThreadWow64Context], ThreadInformation=0x11ddd40, Length=0x2cc, ReturnLength=null ) => 0
NtQueryInformationThread( ThreadHandle=-2, ThreadInformationClass=0x1d [ThreadWow64Context], ThreadInformation=0x110e380, Length=0x2cc, ReturnLength=null ) => 0
6774:6ca8 @ 118014703 - LdrpGetProcedureAddress - INFO: Locating procedure "RtlAcquireSRWLockShared" by name
6774:23f8 @ 118014703 - LdrpGetProcedureAddress - INFO: Locating procedure "RtlReleaseSRWLockExclusive" by name
NtQueryInformationThread( ThreadHandle=-2, ThreadInformationClass=0x1d [ThreadWow64Context], ThreadInformation=0x11ddd40, Length=0x2cc, ReturnLength=null ) => 0
NtQueryInformationThread( ThreadHandle=-2, ThreadInformationClass=0x1d [ThreadWow64Context], ThreadInformation=0x110e380, Length=0x2cc, ReturnLength=null ) => 0
6774:23f8 @ 118014703 - LdrpGetProcedureAddress - INFO: Locating procedure "RtlAcquireSRWLockShared" by name
6774:6ca8 @ 118014703 - LdrpGetProcedureAddress - INFO: Locating procedure "RtlReleaseSRWLockShared" by name
NtQueryInformationThread( ThreadHandle=-2, ThreadInformationClass=0x1d [ThreadWow64Context], ThreadInformation=0x110e380, Length=0x2cc, ReturnLength=null ) => 0
NtQueryInformationThread( ThreadHandle=-2, ThreadInformationClass=0x1d [ThreadWow64Context], ThreadInformation=0x11ddd40, Length=0x2cc, ReturnLength=null ) => 0
6774:6ca8 @ 118014703 - LdrpGetProcedureAddress - INFO: Locating procedure "RtlAcquireSRWLockExclusive" by name
6774:23f8 @ 118014703 - LdrpGetProcedureAddress - INFO: Locating procedure "EtwEventProviderEnabled" by name
NtQueryInformationThread( ThreadHandle=-2, ThreadInformationClass=0x1d [ThreadWow64Context], ThreadInformation=0x110e380, Length=0x2cc, ReturnLength=null ) => 0
NtQueryInformationThread( ThreadHandle=-2, ThreadInformationClass=0x1d [ThreadWow64Context], ThreadInformation=0x11ddd40, Length=0x2cc, ReturnLength=null ) => 0
6774:23f8 @ 118014703 - LdrpGetProcedureAddress - INFO: Locating procedure "EtwEventUnregister" by name
6774:6ca8 @ 118014703 - LdrpGetProcedureAddress - INFO: Locating procedure "RtlReleaseSRWLockExclusive" by name
NtQueryInformationThread( ThreadHandle=-2, ThreadInformationClass=0x1d [ThreadWow64Context], ThreadInformation=0x11ddd40, Length=0x2cc, ReturnLength=null ) => 0
NtQueryInformationThread( ThreadHandle=-2, ThreadInformationClass=0x1d [ThreadWow64Context], ThreadInformation=0x110e380, Length=0x2cc, ReturnLength=null ) => 0
6774:6ca8 @ 118014703 - LdrpGetProcedureAddress - INFO: Locating procedure "RtlLeaveCriticalSection" by name
6774:23f8 @ 118014703 - LdrpGetProcedureAddress - INFO: Locating procedure "EtwEventWriteTransfer" by name
NtQueryInformationThread( ThreadHandle=-2, ThreadInformationClass=0x1d [ThreadWow64Context], ThreadInformation=0x110e380, Length=0x2cc, ReturnLength=null ) => 0
NtQueryInformationThread( ThreadHandle=-2, ThreadInformationClass=0x1d [ThreadWow64Context], ThreadInformation=0x11ddd40, Length=0x2cc, ReturnLength=null ) => 0
6774:23f8 @ 118014703 - LdrpGetProcedureAddress - INFO: Locating procedure "EtwEventActivityIdControl" by name
6774:6ca8 @ 118014703 - LdrpGetProcedureAddress - INFO: Locating procedure "RtlEnterCriticalSection" by name
NtQueryInformationThread( ThreadHandle=-2, ThreadInformationClass=0x1d [ThreadWow64Context], ThreadInformation=0xb7dd20, Length=0x2cc, ReturnLength=null ) => 0
NtQueryInformationThread( ThreadHandle=-2, ThreadInformationClass=0x1d [ThreadWow64Context], ThreadInformation=0x110e380, Length=0x2cc, ReturnLength=null ) => 0
NtQueryInformationThread( ThreadHandle=-2, ThreadInformationClass=0x1d [ThreadWow64Context], ThreadInformation=0x11ddd40, Length=0x2cc, ReturnLength=null ) => 0
6774:23f8 @ 118014703 - LdrpGetProcedureAddress - INFO: Locating procedure "EtwEventRegister" by name
6774:6ca8 @ 118014703 - LdrpGetProcedureAddress - INFO: Locating procedure "RtlSizeHeap" by name
NtQueryInformationThread( ThreadHandle=-2, ThreadInformationClass=0x1d [ThreadWow64Context], ThreadInformation=0x110e380, Length=0x2cc, ReturnLength=null ) => 0
NtQueryInformationThread( ThreadHandle=-2, ThreadInformationClass=0x1d [ThreadWow64Context], ThreadInformation=0x11ddd40, Length=0x2cc, ReturnLength=null ) => 0
6774:23f8 @ 118014703 - LdrpGetProcedureAddress - INFO: Locating procedure "EtwEventSetInformation" by name
6774:6ca8 @ 118014703 - LdrpGetProcedureAddress - INFO: Locating procedure "RtlAllocateHeap" by name
NtQueryInformationThread( ThreadHandle=-2, ThreadInformationClass=0x1d [ThreadWow64Context], ThreadInformation=0x110e380, Length=0x2cc, ReturnLength=null ) => 0
6774:23f8 @ 118014703 - LdrpGetProcedureAddress - INFO: Locating procedure "EtwEventWrite" by name
NtQueryInformationThread( ThreadHandle=-2, ThreadInformationClass=0x1d [ThreadWow64Context], ThreadInformation=0x11ddd40, Length=0x2cc, ReturnLength=null ) => 0
6774:651c @ 118014703 - LdrpPreprocessDllName - INFO: DLL api-ms-win-core-delayload-l1-1-1.dll was redirected to C:\Windows\SYSTEM32\kernelbase.dll by API set
6774:6ca8 @ 118014703 - LdrpGetProcedureAddress - INFO: Locating procedure "RtlFreeHeap" by name
NtQueryInformationThread( ThreadHandle=-2, ThreadInformationClass=0x1d [ThreadWow64Context], ThreadInformation=0x110e380, Length=0x2cc, ReturnLength=null ) => 0
NtQueryInformationThread( ThreadHandle=-2, ThreadInformationClass=0x1d [ThreadWow64Context], ThreadInformation=0x11ddd40, Length=0x2cc, ReturnLength=null ) => 0
6774:23f8 @ 118014703 - LdrpPreprocessDllName - INFO: DLL api-ms-win-core-processthreads-l1-1-0 was redirected to C:\Windows\SYSTEM32\kernelbase.dll by API set
6774:6ca8 @ 118014703 - LdrpGetProcedureAddress - INFO: Locating procedure "TpWaitForTimer" by name
NtQueryInformationThread( ThreadHandle=-2, ThreadInformationClass=0x1d [ThreadWow64Context], ThreadInformation=0x110e380, Length=0x2cc, ReturnLength=null ) => 0
NtQueryInformationThread( ThreadHandle=-2, ThreadInformationClass=0x1d [ThreadWow64Context], ThreadInformation=0x11ddd40, Length=0x2cc, ReturnLength=null ) => 0
6774:23f8 @ 118014703 - LdrpGetProcedureAddress - INFO: Locating procedure "OpenProcessToken" by name
6774:6ca8 @ 118014703 - LdrpGetProcedureAddress - INFO: Locating procedure "TpReleaseTimer" by name
NtQueryInformationThread( ThreadHandle=-2, ThreadInformationClass=0x1d [ThreadWow64Context], ThreadInformation=0x110e380, Length=0x2cc, ReturnLength=null ) => 0
NtQueryInformationThread( ThreadHandle=-2, ThreadInformationClass=0x1d [ThreadWow64Context], ThreadInformation=0x11ddd40, Length=0x2cc, ReturnLength=null ) => 0
6774:23f8 @ 118014703 - LdrpPreprocessDllName - INFO: DLL api-ms-win-core-processthreads-l1-1-0 was redirected to C:\Windows\SYSTEM32\kernelbase.dll by API set
NtQueryInformationThread( ThreadHandle=-2, ThreadInformationClass=0x1d [ThreadWow64Context], ThreadInformation=0xb7dd20, Length=0x2cc, ReturnLength=null ) => 0
6774:6ca8 @ 118014703 - LdrpGetProcedureAddress - INFO: Locating procedure "TpSetTimer" by name
6774:651c @ 118014703 - LdrpPreprocessDllName - INFO: DLL api-ms-win-core-delayload-l1-1-0.dll was redirected to C:\Windows\SYSTEM32\kernelbase.dll by API set
NtQueryInformationThread( ThreadHandle=-2, ThreadInformationClass=0x1d [ThreadWow64Context], ThreadInformation=0x110e380, Length=0x2cc, ReturnLength=null ) => 0
NtQueryInformationThread( ThreadHandle=-2, ThreadInformationClass=0x1d [ThreadWow64Context], ThreadInformation=0x11ddd40, Length=0x2cc, ReturnLength=null ) => 0
6774:23f8 @ 118014703 - LdrpGetProcedureAddress - INFO: Locating procedure "OpenThreadToken" by name
6774:6ca8 @ 118014703 - LdrpGetProcedureAddress - INFO: Locating procedure "RtlQueryPerformanceCounter" by name
NtQueryInformationThread( ThreadHandle=-2, ThreadInformationClass=0x1d [ThreadWow64Context], ThreadInformation=0xb7dd20, Length=0x2cc, ReturnLength=null ) => 0
NtQueryInformationThread( ThreadHandle=-2, ThreadInformationClass=0x1d [ThreadWow64Context], ThreadInformation=0x11ddd40, Length=0x2cc, ReturnLength=null ) => 0
NtQueryInformationThread( ThreadHandle=-2, ThreadInformationClass=0x1d [ThreadWow64Context], ThreadInformation=0x110e380, Length=0x2cc, ReturnLength=null ) => 0
6774:6ca8 @ 118014703 - LdrpGetProcedureAddress - INFO: Locating procedure "RtlInitializeSListHead" by name
6774:23f8 @ 118014703 - LdrpGetProcedureAddress - INFO: Locating procedure "RtlExitUserThread" by name
6774:651c @ 118014703 - LdrpPreprocessDllName - INFO: DLL api-ms-win-core-apiquery-l1-1-0.dll was redirected to C:\Windows\SYSTEM32\ntdll.dll by API set
NtWaitForWorkViaWorkerFactory( WorkerFactoryHandle=0xc8, MiniPacket=0xbdeae0 ) => 0
NtQueryInformationThread( ThreadHandle=-2, ThreadInformationClass=0x1d [ThreadWow64Context], ThreadInformation=0xbdde80, Length=0x2cc, ReturnLength=null ) => 0
NtQueryInformationThread( ThreadHandle=-2, ThreadInformationClass=0x1d [ThreadWow64Context], ThreadInformation=0x110e380, Length=0x2cc, ReturnLength=null ) => 0
6774:23f8 @ 118014703 - LdrpGetProcedureAddress - INFO: Locating procedure "RtlSetLastWin32Error" by name
6774:6054 @ 118014703 - LdrpPreprocessDllName - INFO: DLL api-ms-win-core-processthreads-l1-1-1 was redirected to C:\Windows\SYSTEM32\kernelbase.dll by API set
NtQueryInformationThread( ThreadHandle=-2, ThreadInformationClass=0x1d [ThreadWow64Context], ThreadInformation=0xbdde80, Length=0x2cc, ReturnLength=null ) => 0
NtProtectVirtualMemory( ProcessHandle=-1, BaseAddress=0x11de2c8 [0x764f6000], Size=0x11de2b8 [0x1000], NewProtect=2, OldProtect=0x11de258 [4] ) => 0
NtQueryInformationThread( ThreadHandle=-2, ThreadInformationClass=0x1d [ThreadWow64Context], ThreadInformation=0x110e380, Length=0x2cc, ReturnLength=null ) => 0
6774:23f8 @ 118014703 - LdrpGetProcedureAddress - INFO: Locating procedure "TpWaitForTimer" by name
6774:6054 @ 118014703 - LdrpGetProcedureAddress - INFO: Locating procedure "GetProcessMitigationPolicy" by name
NtQueryInformationThread( ThreadHandle=-2, ThreadInformationClass=0x1d [ThreadWow64Context], ThreadInformation=0x110e380, Length=0x2cc, ReturnLength=null ) => 0
6774:23f8 @ 118014703 - LdrpGetProcedureAddress - INFO: Locating procedure "TpReleaseTimer" by name
NtQueryInformationThread( ThreadHandle=-2, ThreadInformationClass=0x1d [ThreadWow64Context], ThreadInformation=0xbdde80, Length=0x2cc, ReturnLength=null ) => 0
6774:6054 @ 118014703 - LdrpGetProcedureAddress - INFO: Locating procedure "RtlQueryPerformanceCounter" by name
NtQueryInformationThread( ThreadHandle=-2, ThreadInformationClass=0x1d [ThreadWow64Context], ThreadInformation=0x110e380, Length=0x2cc, ReturnLength=null ) => 0
6774:23f8 @ 118014703 - LdrpGetProcedureAddress - INFO: Locating procedure "TpSetTimer" by name
NtQueryInformationThread( ThreadHandle=-2, ThreadInformationClass=0x1d [ThreadWow64Context], ThreadInformation=0x110e380, Length=0x2cc, ReturnLength=null ) => 0
6774:23f8 @ 118014703 - LdrpPreprocessDllName - INFO: DLL api-ms-win-core-processthreads-l1-1-1 was redirected to C:\Windows\SYSTEM32\kernelbase.dll by API set
NtQueryInformationThread( ThreadHandle=-2, ThreadInformationClass=0x1d [ThreadWow64Context], ThreadInformation=0x110e380, Length=0x2cc, ReturnLength=null ) => 0
6774:23f8 @ 118014703 - LdrpGetProcedureAddress - INFO: Locating procedure "GetProcessMitigationPolicy" by name
NtQueryInformationThread( ThreadHandle=-2, ThreadInformationClass=0x1d [ThreadWow64Context], ThreadInformation=0xbdde80, Length=0x2cc, ReturnLength=null ) => 0
6774:6054 @ 118014703 - LdrpGetProcedureAddress - INFO: Locating procedure "EtwEventRegister" by name
NtQueryInformationThread( ThreadHandle=-2, ThreadInformationClass=0x1d [ThreadWow64Context], ThreadInformation=0x110e380, Length=0x2cc, ReturnLength=null ) => 0
6774:23f8 @ 118014703 - LdrpGetProcedureAddress - INFO: Locating procedure "RtlQueryPerformanceFrequency" by name
NtQueryInformationThread( ThreadHandle=-2, ThreadInformationClass=0x1d [ThreadWow64Context], ThreadInformation=0xbdde80, Length=0x2cc, ReturnLength=null ) => 0
6774:6054 @ 118014703 - LdrpGetProcedureAddress - INFO: Locating procedure "EtwEventSetInformation" by name
NtQueryInformationThread( ThreadHandle=-2, ThreadInformationClass=0x1d [ThreadWow64Context], ThreadInformation=0x110e380, Length=0x2cc, ReturnLength=null ) => 0
6774:23f8 @ 118014703 - LdrpGetProcedureAddress - INFO: Locating procedure "RtlQueryPerformanceCounter" by name
NtQueryInformationThread( ThreadHandle=-2, ThreadInformationClass=0x1d [ThreadWow64Context], ThreadInformation=0xbdde80, Length=0x2cc, ReturnLength=null ) => 0
6774:6054 @ 118014703 - LdrpGetProcedureAddress - INFO: Locating procedure "EtwEventUnregister" by name
NtQueryInformationThread( ThreadHandle=-2, ThreadInformationClass=0x1d [ThreadWow64Context], ThreadInformation=0xbdde80, Length=0x2cc, ReturnLength=null ) => 0
6774:6054 @ 118014703 - LdrpGetProcedureAddress - INFO: Locating procedure "EtwEventWriteTransfer" by name
NtQueryInformationThread( ThreadHandle=-2, ThreadInformationClass=0x1d [ThreadWow64Context], ThreadInformation=0xb7dd20, Length=0x2cc, ReturnLength=null ) => 0
NtQueryInformationThread( ThreadHandle=-2, ThreadInformationClass=0x1d [ThreadWow64Context], ThreadInformation=0xbdde80, Length=0x2cc, ReturnLength=null ) => 0
6774:651c @ 118014703 - LdrpPreprocessDllName - INFO: DLL api-ms-win-core-psm-key-l1-1-0.dll was redirected to C:\Windows\SYSTEM32\kernelbase.dll by API set
6774:6054 @ 118014703 - LdrpGetProcedureAddress - INFO: Locating procedure "EtwEventProviderEnabled" by name
NtProtectVirtualMemory( ProcessHandle=-1, BaseAddress=0x110e908 [0x7664a000], Size=0x110e8f8 [0x2000], NewProtect=2, OldProtect=0x110e898 [4] ) => 0
NtQueryInformationThread( ThreadHandle=-2, ThreadInformationClass=0x1d [ThreadWow64Context], ThreadInformation=0xbdde80, Length=0x2cc, ReturnLength=null ) => 0
6774:6054 @ 118014703 - LdrpGetProcedureAddress - INFO: Locating procedure "RtlAcquireSRWLockExclusive" by name
NtQueryInformationThread( ThreadHandle=-2, ThreadInformationClass=0x1d [ThreadWow64Context], ThreadInformation=0xb7dd20, Length=0x2cc, ReturnLength=null ) => 0
6774:651c @ 118014703 - LdrpPreprocessDllName - INFO: DLL api-ms-win-core-quirks-l1-1-0.dll was redirected to C:\Windows\SYSTEM32\kernelbase.dll by API set
NtQueryInformationThread( ThreadHandle=-2, ThreadInformationClass=0x1d [ThreadWow64Context], ThreadInformation=0xbdde80, Length=0x2cc, ReturnLength=null ) => 0
NtQueryInformationThread( ThreadHandle=-2, ThreadInformationClass=0x1d [ThreadWow64Context], ThreadInformation=0xb7dd20, Length=0x2cc, ReturnLength=null ) => 0
6774:651c @ 118014703 - LdrpPreprocessDllName - INFO: DLL api-ms-win-core-apiquery-l1-1-0.dll was redirected to C:\Windows\SYSTEM32\ntdll.dll by API set
6774:6054 @ 118014703 - LdrpGetProcedureAddress - INFO: Locating procedure "RtlReleaseSRWLockExclusive" by name
NtWaitForWorkViaWorkerFactory( WorkerFactoryHandle=0xc8, MiniPacket=0x110efe0 ) => 0
NtQueryInformationThread( ThreadHandle=-2, ThreadInformationClass=0x1d [ThreadWow64Context], ThreadInformation=0xb7dd20, Length=0x2cc, ReturnLength=null ) => 0
NtProtectVirtualMemory( ProcessHandle=-1, BaseAddress=0xbde408 [0x76ffd000], Size=0xbde3f8 [0x1000], NewProtect=2, OldProtect=0xbde398 [4] ) => 0
6774:651c @ 118014718 - LdrpFindKnownDll - ENTER: DLL name: ADVAPI32.dll
NtQueryObject( ObjectHandle=0x90, ObjectInformationClass=1 [ObjectNameInformation], ObjectInformation=0xb7e060, Length=0x210, ReturnLength=null ) => 0
NtOpenSection( SectionHandle=0xb7e2f8 [0xec], DesiredAccess=0xd, ObjectAttributes=0x90:"ADVAPI32.dll" ) => 0
NtQueryInformationThread( ThreadHandle=-2, ThreadInformationClass=0x1d [ThreadWow64Context], ThreadInformation=0x110e380, Length=0x2cc, ReturnLength=null ) => 0
6774:23f8 @ 118014718 - LdrpGetProcedureAddress - INFO: Locating procedure "RtlInitializeSRWLock" by name
NtQueryInformationThread( ThreadHandle=-2, ThreadInformationClass=0x1d [ThreadWow64Context], ThreadInformation=0x110e380, Length=0x2cc, ReturnLength=null ) => 0
NtQueryInformationThread( ThreadHandle=-2, ThreadInformationClass=0x1d [ThreadWow64Context], ThreadInformation=0xb7dd20, Length=0x2cc, ReturnLength=null ) => 0
6774:651c @ 118014718 - LdrpFindKnownDll - RETURN: Status: 0x00000000
6774:23f8 @ 118014718 - LdrpGetProcedureAddress - INFO: Locating procedure "RtlReleaseSRWLockShared" by name
NtQueryInformationThread( ThreadHandle=-2, ThreadInformationClass=0x1d [ThreadWow64Context], ThreadInformation=0x110e380, Length=0x2cc, ReturnLength=null ) => 0
NtQueryInformationThread( ThreadHandle=-2, ThreadInformationClass=0x1d [ThreadWow64Context], ThreadInformation=0xb7dd20, Length=0x2cc, ReturnLength=null ) => 0
6774:23f8 @ 118014718 - LdrpGetProcedureAddress - INFO: Locating procedure "RtlReleaseSRWLockExclusive" by name
NtQueryInformationThread( ThreadHandle=-2, ThreadInformationClass=0x1d [ThreadWow64Context], ThreadInformation=0x110e380, Length=0x2cc, ReturnLength=null ) => 0
6774:651c @ 118014718 - LdrpMinimalMapModule - ENTER: DLL name: C:\Windows\System32\ADVAPI32.dll
6774:23f8 @ 118014718 - LdrpGetProcedureAddress - INFO: Locating procedure "RtlLeaveCriticalSection" by name
NtQueryInformationThread( ThreadHandle=-2, ThreadInformationClass=0x1d [ThreadWow64Context], ThreadInformation=0x110e380, Length=0x2cc, ReturnLength=null ) => 0
6774:23f8 @ 118014718 - LdrpGetProcedureAddress - INFO: Locating procedure "RtlDeleteCriticalSection" by name
NtQueryInformationThread( ThreadHandle=-2, ThreadInformationClass=0x1d [ThreadWow64Context], ThreadInformation=0x110e380, Length=0x2cc, ReturnLength=null ) => 0
6774:23f8 @ 118014718 - LdrpGetProcedureAddress - INFO: Locating procedure "RtlEnterCriticalSection" by name
NtQueryInformationThread( ThreadHandle=-2, ThreadInformationClass=0x1d [ThreadWow64Context], ThreadInformation=0x110e380, Length=0x2cc, ReturnLength=null ) => 0
6774:23f8 @ 118014718 - LdrpGetProcedureAddress - INFO: Locating procedure "RtlAcquireSRWLockExclusive" by name
NtQueryInformationThread( ThreadHandle=-2, ThreadInformationClass=0x1d [ThreadWow64Context], ThreadInformation=0x110e380, Length=0x2cc, ReturnLength=null ) => 0
6774:23f8 @ 118014718 - LdrpGetProcedureAddress - INFO: Locating procedure "RtlAcquireSRWLockShared" by name
NtQueryInformationThread( ThreadHandle=-2, ThreadInformationClass=0x1d [ThreadWow64Context], ThreadInformation=0x110e380, Length=0x2cc, ReturnLength=null ) => 0
6774:23f8 @ 118014718 - LdrpGetProcedureAddress - INFO: Locating procedure "RtlFreeHeap" by name
NtQueryInformationThread( ThreadHandle=-2, ThreadInformationClass=0x1d [ThreadWow64Context], ThreadInformation=0x110e380, Length=0x2cc, ReturnLength=null ) => 0
6774:23f8 @ 118014718 - LdrpGetProcedureAddress - INFO: Locating procedure "RtlAllocateHeap" by name
NtQueryInformationThread( ThreadHandle=-2, ThreadInformationClass=0x1d [ThreadWow64Context], ThreadInformation=0x110e380, Length=0x2cc, ReturnLength=null ) => 0
6774:23f8 @ 118014718 - LdrpGetProcedureAddress - INFO: Locating procedure "RtlSetLastWin32Error" by name
Loaded DLL at 0000000075BC0000 C:\Windows\SysWOW64\ADVAPI32.dll
NtMapViewOfSection( SectionHandle=0xec, ProcessHandle=-1, BaseAddress=0xb7e2b0 [0x75bc0000], ZeroBits=0x7ffeffff, CommitSize=0, SectionOffset=null, ViewSize=0xb7e260 [0x0007d000], InheritDisposition=1 [ViewShare], AllocationType=0x00800000, Protect=0x80 ) => 0
NtQuerySection( SectionHandle=0xec, SectionInformationClass=1 [SectionImageInformation], SectionInformation=0xb7e270, Length=0x40, ReturnLength=null ) => 0
NtQueryVirtualMemory( ProcessHandle=-1, BaseAddress=0x75bc0000, MemoryInformationClass=6 [MemoryImageInformation], MemoryInformation=0xb7e180, Length=0x18, ReturnLength=null ) => 0
NtQueryInformationThread( ThreadHandle=-2, ThreadInformationClass=0x1d [ThreadWow64Context], ThreadInformation=0x110e380, Length=0x2cc, ReturnLength=null ) => 0
6774:23f8 @ 118014718 - LdrpPreprocessDllName - INFO: DLL api-ms-win-core-processthreads-l1-1-0 was redirected to C:\Windows\SYSTEM32\kernelbase.dll by API set
NtQueryInformationThread( ThreadHandle=-2, ThreadInformationClass=0x1d [ThreadWow64Context], ThreadInformation=0x110e380, Length=0x2cc, ReturnLength=null ) => 0
6774:23f8 @ 118014718 - LdrpGetProcedureAddress - INFO: Locating procedure "OpenThreadToken" by name
NtQueryInformationThread( ThreadHandle=-2, ThreadInformationClass=0x1d [ThreadWow64Context], ThreadInformation=0xb7dd20, Length=0x2cc, ReturnLength=null ) => 0
6774:651c @ 118014718 - LdrpMinimalMapModule - RETURN: Status: 0x00000000
NtQueryInformationThread( ThreadHandle=-2, ThreadInformationClass=0x1d [ThreadWow64Context], ThreadInformation=0x110e380, Length=0x2cc, ReturnLength=null ) => 0
6774:23f8 @ 118014718 - LdrpPreprocessDllName - INFO: DLL api-ms-win-core-processthreads-l1-1-0 was redirected to C:\Windows\SYSTEM32\kernelbase.dll by API set
NtQueryInformationThread( ThreadHandle=-2, ThreadInformationClass=0x1d [ThreadWow64Context], ThreadInformation=0x110e380, Length=0x2cc, ReturnLength=null ) => 0
6774:23f8 @ 118014718 - LdrpGetProcedureAddress - INFO: Locating procedure "SetThreadToken" by name
NtQueryInformationThread( ThreadHandle=-2, ThreadInformationClass=0x1d [ThreadWow64Context], ThreadInformation=0x110e380, Length=0x2cc, ReturnLength=null ) => 0
6774:23f8 @ 118014718 - LdrpPreprocessDllName - INFO: DLL api-ms-win-core-processthreads-l1-1-0 was redirected to C:\Windows\SYSTEM32\kernelbase.dll by API set
NtQueryInformationThread( ThreadHandle=-2, ThreadInformationClass=0x1d [ThreadWow64Context], ThreadInformation=0x110e380, Length=0x2cc, ReturnLength=null ) => 0
6774:23f8 @ 118014718 - LdrpGetProcedureAddress - INFO: Locating procedure "OpenProcessToken" by name
NtProtectVirtualMemory( ProcessHandle=-1, BaseAddress=0xb7e2a8 [0x75c36000], Size=0xb7e298 [0x1000], NewProtect=2, OldProtect=0xb7e238 [4] ) => 0
NtProtectVirtualMemory( ProcessHandle=-1, BaseAddress=0xb7e2a8 [0x77439000], Size=0xb7e298 [0x3000], NewProtect=4, OldProtect=0xb7e238 [2] ) => 0
NtProtectVirtualMemory( ProcessHandle=-1, BaseAddress=0xb7e2a8 [0x77439000], Size=0xb7e298 [0x3000], NewProtect=2, OldProtect=0xb7e238 [4] ) => 0
NtQueryInformationThread( ThreadHandle=-2, ThreadInformationClass=0x1d [ThreadWow64Context], ThreadInformation=0x110e380, Length=0x2cc, ReturnLength=null ) => 0
6774:23f8 @ 118014718 - LdrpGetProcedureAddress - INFO: Locating procedure "RtlInterlockedPushEntrySList" by name
NtQueryInformationThread( ThreadHandle=-2, ThreadInformationClass=0x1d [ThreadWow64Context], ThreadInformation=0x110e380, Length=0x2cc, ReturnLength=null ) => 0
NtQueryInformationThread( ThreadHandle=-2, ThreadInformationClass=0x1d [ThreadWow64Context], ThreadInformation=0xb7dd20, Length=0x2cc, ReturnLength=null ) => 0
6774:23f8 @ 118014718 - LdrpGetProcedureAddress - INFO: Locating procedure "RtlInterlockedPopEntrySList" by name
6774:651c @ 118014718 - LdrpFindDllActivationContext - INFO: Probing for the manifest of DLL "C:\Windows\System32\ADVAPI32.dll" failed with status 0xc000008a
NtProtectVirtualMemory( ProcessHandle=-1, BaseAddress=0xb7e2a8 [0x75c30000], Size=0xb7e298 [0x1000], NewProtect=4, OldProtect=0xb7e238 [2] ) => 0
NtQueryInformationThread( ThreadHandle=-2, ThreadInformationClass=0x1d [ThreadWow64Context], ThreadInformation=0x110e380, Length=0x2cc, ReturnLength=null ) => 0
6774:23f8 @ 118014718 - LdrpGetProcedureAddress - INFO: Locating procedure "RtlInitializeSListHead" by name
NtQueryInformationThread( ThreadHandle=-2, ThreadInformationClass=0x1d [ThreadWow64Context], ThreadInformation=0x110e380, Length=0x2cc, ReturnLength=null ) => 0
6774:23f8 @ 118014718 - LdrpGetProcedureAddress - INFO: Locating procedure "EtwEventActivityIdControl" by name
NtQueryInformationThread( ThreadHandle=-2, ThreadInformationClass=0x1d [ThreadWow64Context], ThreadInformation=0xb7dd20, Length=0x2cc, ReturnLength=null ) => 0
6774:651c @ 118014718 - LdrpFindKnownDll - ENTER: DLL name: msvcrt.dll
NtQueryObject( ObjectHandle=0x90, ObjectInformationClass=1 [ObjectNameInformation], ObjectInformation=0xb7e060, Length=0x210, ReturnLength=null ) => 0
NtQueryInformationThread( ThreadHandle=-2, ThreadInformationClass=0x1d [ThreadWow64Context], ThreadInformation=0x110e380, Length=0x2cc, ReturnLength=null ) => 0
6774:23f8 @ 118014718 - LdrpGetProcedureAddress - INFO: Locating procedure "EtwEventUnregister" by name
NtQueryInformationThread( ThreadHandle=-2, ThreadInformationClass=0x1d [ThreadWow64Context], ThreadInformation=0x110e380, Length=0x2cc, ReturnLength=null ) => 0
6774:23f8 @ 118014718 - LdrpGetProcedureAddress - INFO: Locating procedure "EtwEventRegister" by name
NtQueryInformationThread( ThreadHandle=-2, ThreadInformationClass=0x1d [ThreadWow64Context], ThreadInformation=0x110e380, Length=0x2cc, ReturnLength=null ) => 0
6774:23f8 @ 118014718 - LdrpGetProcedureAddress - INFO: Locating procedure "EtwEventWriteTransfer" by name
NtQueryInformationThread( ThreadHandle=-2, ThreadInformationClass=0x1d [ThreadWow64Context], ThreadInformation=0x110e380, Length=0x2cc, ReturnLength=null ) => 0
6774:23f8 @ 118014718 - LdrpGetProcedureAddress - INFO: Locating procedure "EtwEventProviderEnabled" by name
NtQueryInformationThread( ThreadHandle=-2, ThreadInformationClass=0x1d [ThreadWow64Context], ThreadInformation=0x110e380, Length=0x2cc, ReturnLength=null ) => 0
6774:23f8 @ 118014718 - LdrpGetProcedureAddress - INFO: Locating procedure "EtwEventSetInformation" by name
NtOpenSection( SectionHandle=0xb7e2f8 [0xd8], DesiredAccess=0xd, ObjectAttributes=0x90:"msvcrt.dll" ) => 0
NtQueryInformationThread( ThreadHandle=-2, ThreadInformationClass=0x1d [ThreadWow64Context], ThreadInformation=0x110e380, Length=0x2cc, ReturnLength=null ) => 0
NtQueryInformationThread( ThreadHandle=-2, ThreadInformationClass=0x1d [ThreadWow64Context], ThreadInformation=0xb7dd20, Length=0x2cc, ReturnLength=null ) => 0
6774:651c @ 118014718 - LdrpFindKnownDll - RETURN: Status: 0x00000000
6774:23f8 @ 118014718 - LdrpGetProcedureAddress - INFO: Locating procedure "TpSetWait" by name
NtQueryInformationThread( ThreadHandle=-2, ThreadInformationClass=0x1d [ThreadWow64Context], ThreadInformation=0x110e380, Length=0x2cc, ReturnLength=null ) => 0
6774:23f8 @ 118014718 - LdrpGetProcedureAddress - INFO: Locating procedure "TpReleaseTimer" by name
NtQueryInformationThread( ThreadHandle=-2, ThreadInformationClass=0x1d [ThreadWow64Context], ThreadInformation=0xb7dd20, Length=0x2cc, ReturnLength=null ) => 0
6774:651c @ 118014718 - LdrpMinimalMapModule - ENTER: DLL name: C:\Windows\System32\msvcrt.dll
NtQueryInformationThread( ThreadHandle=-2, ThreadInformationClass=0x1d [ThreadWow64Context], ThreadInformation=0x110e380, Length=0x2cc, ReturnLength=null ) => 0
6774:23f8 @ 118014718 - LdrpGetProcedureAddress - INFO: Locating procedure "TpWaitForTimer" by name
NtQueryInformationThread( ThreadHandle=-2, ThreadInformationClass=0x1d [ThreadWow64Context], ThreadInformation=0x110e380, Length=0x2cc, ReturnLength=null ) => 0
6774:23f8 @ 118014718 - LdrpGetProcedureAddress - INFO: Locating procedure "TpSetTimer" by name
NtQueryInformationThread( ThreadHandle=-2, ThreadInformationClass=0x1d [ThreadWow64Context], ThreadInformation=0x110e380, Length=0x2cc, ReturnLength=null ) => 0
Loaded DLL at 0000000077090000 C:\Windows\SysWOW64\msvcrt.dll
NtMapViewOfSection( SectionHandle=0xd8, ProcessHandle=-1, BaseAddress=0xb7e2b0 [0x77090000], ZeroBits=0x7ffeffff, CommitSize=0, SectionOffset=null, ViewSize=0xb7e260 [0x000bf000], InheritDisposition=1 [ViewShare], AllocationType=0x00800000, Protect=0x80 ) => 0
6774:23f8 @ 118014718 - LdrpGetProcedureAddress - INFO: Locating procedure "TpReleaseWait" by name
NtQueryInformationThread( ThreadHandle=-2, ThreadInformationClass=0x1d [ThreadWow64Context], ThreadInformation=0x110e380, Length=0x2cc, ReturnLength=null ) => 0
NtQuerySection( SectionHandle=0xd8, SectionInformationClass=1 [SectionImageInformation], SectionInformation=0xb7e270, Length=0x40, ReturnLength=null ) => 0
6774:23f8 @ 118014718 - LdrpGetProcedureAddress - INFO: Locating procedure "TpWaitForWork" by name
NtQueryInformationThread( ThreadHandle=-2, ThreadInformationClass=0x1d [ThreadWow64Context], ThreadInformation=0x110e380, Length=0x2cc, ReturnLength=null ) => 0
NtQueryVirtualMemory( ProcessHandle=-1, BaseAddress=0x77090000, MemoryInformationClass=6 [MemoryImageInformation], MemoryInformation=0xb7e180, Length=0x18, ReturnLength=null ) => 0
6774:23f8 @ 118014718 - LdrpGetProcedureAddress - INFO: Locating procedure "TpPostWork" by name
NtQueryInformationThread( ThreadHandle=-2, ThreadInformationClass=0x1d [ThreadWow64Context], ThreadInformation=0x110e380, Length=0x2cc, ReturnLength=null ) => 0
6774:23f8 @ 118014718 - LdrpGetProcedureAddress - INFO: Locating procedure "TpReleaseWork" by name
NtQueryInformationThread( ThreadHandle=-2, ThreadInformationClass=0x1d [ThreadWow64Context], ThreadInformation=0x110e380, Length=0x2cc, ReturnLength=null ) => 0
6774:23f8 @ 118014718 - LdrpGetProcedureAddress - INFO: Locating procedure "RtlQueryPerformanceCounter" by name
NtQueryInformationThread( ThreadHandle=-2, ThreadInformationClass=0x1d [ThreadWow64Context], ThreadInformation=0x110e380, Length=0x2cc, ReturnLength=null ) => 0
6774:23f8 @ 118014718 - LdrpGetProcedureAddress - INFO: Locating procedure "RtlTryAcquireSRWLockExclusive" by name
NtQueryInformationThread( ThreadHandle=-2, ThreadInformationClass=0x1d [ThreadWow64Context], ThreadInformation=0xb7dd20, Length=0x2cc, ReturnLength=null ) => 0
6774:651c @ 118014718 - LdrpMinimalMapModule - RETURN: Status: 0x00000000
NtQueryInformationThread( ThreadHandle=-2, ThreadInformationClass=0x1d [ThreadWow64Context], ThreadInformation=0x110e380, Length=0x2cc, ReturnLength=null ) => 0
6774:23f8 @ 118014718 - LdrpGetProcedureAddress - INFO: Locating procedure "NtdllDefWindowProc_W" by name
NtProtectVirtualMemory( ProcessHandle=-1, BaseAddress=0x110e908 [0x7688d000], Size=0x110e8f8 [0x1000], NewProtect=2, OldProtect=0x110e898 [4] ) => 0
NtSetInformationProcess( ProcessHandle=-1, ProcessInformationClass=0x23 [ProcessTlsInformation], ProcessInformation=0x110f1b0, Length=0x28 ) => 0
NtProtectVirtualMemory( ProcessHandle=-1, BaseAddress=0xb7e2a8 [0x77439000], Size=0xb7e298 [0x3000], NewProtect=4, OldProtect=0xb7e238 [2] ) => 0
NtProtectVirtualMemory( ProcessHandle=-1, BaseAddress=0xb7e2a8 [0x77439000], Size=0xb7e298 [0x3000], NewProtect=2, OldProtect=0xb7e238 [4] ) => 0
NtQueryInformationThread( ThreadHandle=-2, ThreadInformationClass=0x1d [ThreadWow64Context], ThreadInformation=0xb7dd20, Length=0x2cc, ReturnLength=null ) => 0
6774:651c @ 118014718 - LdrpFindDllActivationContext - INFO: Probing for the manifest of DLL "C:\Windows\System32\msvcrt.dll" failed with status 0xc000008a
NtProtectVirtualMemory( ProcessHandle=-1, BaseAddress=0xb7e2a8 [0x77148000], Size=0xb7e298 [0x1000], NewProtect=4, OldProtect=0xb7e238 [2] ) => 0
NtQueryInformationThread( ThreadHandle=-2, ThreadInformationClass=0x1d [ThreadWow64Context], ThreadInformation=0xb7dd20, Length=0x2cc, ReturnLength=null ) => 0
6774:651c @ 118014718 - LdrpPreprocessDllName - INFO: DLL api-ms-win-core-console-l1-1-0.dll was redirected to C:\Windows\SYSTEM32\kernelbase.dll by API set
NtQueryInformationThread( ThreadHandle=-2, ThreadInformationClass=0x1d [ThreadWow64Context], ThreadInformation=0xb7dd20, Length=0x2cc, ReturnLength=null ) => 0
6774:651c @ 118014718 - LdrpPreprocessDllName - INFO: DLL api-ms-win-core-console-l1-2-0.dll was redirected to C:\Windows\SYSTEM32\kernelbase.dll by API set
NtQueryInformationThread( ThreadHandle=-2, ThreadInformationClass=0x1d [ThreadWow64Context], ThreadInformation=0xb7dd20, Length=0x2cc, ReturnLength=null ) => 0
6774:651c @ 118014718 - LdrpPreprocessDllName - INFO: DLL api-ms-win-core-datetime-l1-1-0.dll was redirected to C:\Windows\SYSTEM32\kernelbase.dll by API set
NtQueryInformationThread( ThreadHandle=-2, ThreadInformationClass=0x1d [ThreadWow64Context], ThreadInformation=0xb7dd20, Length=0x2cc, ReturnLength=null ) => 0
6774:651c @ 118014718 - LdrpPreprocessDllName - INFO: DLL api-ms-win-core-debug-l1-1-0.dll was redirected to C:\Windows\SYSTEM32\kernelbase.dll by API set
NtQueryInformationThread( ThreadHandle=-2, ThreadInformationClass=0x1d [ThreadWow64Context], ThreadInformation=0xb7dd20, Length=0x2cc, ReturnLength=null ) => 0
6774:651c @ 118014718 - LdrpPreprocessDllName - INFO: DLL api-ms-win-core-errorhandling-l1-1-0.dll was redirected to C:\Windows\SYSTEM32\kernelbase.dll by API set
NtQueryInformationThread( ThreadHandle=-2, ThreadInformationClass=0x1d [ThreadWow64Context], ThreadInformation=0xb7dd20, Length=0x2cc, ReturnLength=null ) => 0
6774:651c @ 118014718 - LdrpPreprocessDllName - INFO: DLL api-ms-win-core-fibers-l1-1-0.dll was redirected to C:\Windows\SYSTEM32\kernelbase.dll by API set
NtQueryInformationThread( ThreadHandle=-2, ThreadInformationClass=0x1d [ThreadWow64Context], ThreadInformation=0xb7dd20, Length=0x2cc, ReturnLength=null ) => 0
6774:651c @ 118014718 - LdrpPreprocessDllName - INFO: DLL api-ms-win-core-file-l1-1-0.dll was redirected to C:\Windows\SYSTEM32\kernelbase.dll by API set
NtQueryInformationThread( ThreadHandle=-2, ThreadInformationClass=0x1d [ThreadWow64Context], ThreadInformation=0xb7dd20, Length=0x2cc, ReturnLength=null ) => 0
6774:651c @ 118014718 - LdrpPreprocessDllName - INFO: DLL api-ms-win-core-handle-l1-1-0.dll was redirected to C:\Windows\SYSTEM32\kernelbase.dll by API set
NtQueryInformationThread( ThreadHandle=-2, ThreadInformationClass=0x1d [ThreadWow64Context], ThreadInformation=0xb7dd20, Length=0x2cc, ReturnLength=null ) => 0
6774:651c @ 118014718 - LdrpPreprocessDllName - INFO: DLL api-ms-win-core-heap-l1-1-0.dll was redirected to C:\Windows\SYSTEM32\kernelbase.dll by API set
NtQueryInformationThread( ThreadHandle=-2, ThreadInformationClass=0x1d [ThreadWow64Context], ThreadInformation=0xb7dd20, Length=0x2cc, ReturnLength=null ) => 0
6774:651c @ 118014718 - LdrpPreprocessDllName - INFO: DLL api-ms-win-core-localization-l1-2-0.dll was redirected to C:\Windows\SYSTEM32\kernelbase.dll by API set
NtQueryInformationThread( ThreadHandle=-2, ThreadInformationClass=0x1d [ThreadWow64Context], ThreadInformation=0xb7dd20, Length=0x2cc, ReturnLength=null ) => 0
6774:651c @ 118014718 - LdrpPreprocessDllName - INFO: DLL api-ms-win-core-libraryloader-l1-2-0.dll was redirected to C:\Windows\SYSTEM32\kernelbase.dll by API set
NtQueryInformationThread( ThreadHandle=-2, ThreadInformationClass=0x1d [ThreadWow64Context], ThreadInformation=0xb7dd20, Length=0x2cc, ReturnLength=null ) => 0
6774:651c @ 118014718 - LdrpPreprocessDllName - INFO: DLL api-ms-win-core-memory-l1-1-0.dll was redirected to C:\Windows\SYSTEM32\kernelbase.dll by API set
NtQueryInformationThread( ThreadHandle=-2, ThreadInformationClass=0x1d [ThreadWow64Context], ThreadInformation=0xb7dd20, Length=0x2cc, ReturnLength=null ) => 0
6774:651c @ 118014718 - LdrpPreprocessDllName - INFO: DLL api-ms-win-core-namedpipe-l1-1-0.dll was redirected to C:\Windows\SYSTEM32\kernelbase.dll by API set
NtQueryInformationThread( ThreadHandle=-2, ThreadInformationClass=0x1d [ThreadWow64Context], ThreadInformation=0xb7dd20, Length=0x2cc, ReturnLength=null ) => 0
6774:651c @ 118014718 - LdrpPreprocessDllName - INFO: DLL api-ms-win-core-processenvironment-l1-1-0.dll was redirected to C:\Windows\SYSTEM32\kernelbase.dll by API set
NtQueryInformationThread( ThreadHandle=-2, ThreadInformationClass=0x1d [ThreadWow64Context], ThreadInformation=0xb7dd20, Length=0x2cc, ReturnLength=null ) => 0
6774:651c @ 118014718 - LdrpPreprocessDllName - INFO: DLL api-ms-win-core-processthreads-l1-1-0.dll was redirected to C:\Windows\SYSTEM32\kernel32.dll by API set
NtQueryInformationThread( ThreadHandle=-2, ThreadInformationClass=0x1d [ThreadWow64Context], ThreadInformation=0xb7dd20, Length=0x2cc, ReturnLength=null ) => 0
6774:651c @ 118014718 - LdrpPreprocessDllName - INFO: DLL api-ms-win-core-profile-l1-1-0.dll was redirected to C:\Windows\SYSTEM32\kernelbase.dll by API set
NtQueryInformationThread( ThreadHandle=-2, ThreadInformationClass=0x1d [ThreadWow64Context], ThreadInformation=0xb7dd20, Length=0x2cc, ReturnLength=null ) => 0
6774:651c @ 118014718 - LdrpPreprocessDllName - INFO: DLL api-ms-win-core-string-l1-1-0.dll was redirected to C:\Windows\SYSTEM32\kernelbase.dll by API set
NtQueryInformationThread( ThreadHandle=-2, ThreadInformationClass=0x1d [ThreadWow64Context], ThreadInformation=0xb7dd20, Length=0x2cc, ReturnLength=null ) => 0
6774:651c @ 118014718 - LdrpPreprocessDllName - INFO: DLL api-ms-win-core-synch-l1-1-0.dll was redirected to C:\Windows\SYSTEM32\kernelbase.dll by API set
NtQueryInformationThread( ThreadHandle=-2, ThreadInformationClass=0x1d [ThreadWow64Context], ThreadInformation=0xb7dd20, Length=0x2cc, ReturnLength=null ) => 0
6774:651c @ 118014718 - LdrpPreprocessDllName - INFO: DLL api-ms-win-core-synch-l1-2-0.dll was redirected to C:\Windows\SYSTEM32\kernelbase.dll by API set
NtQueryInformationThread( ThreadHandle=-2, ThreadInformationClass=0x1d [ThreadWow64Context], ThreadInformation=0xb7dd20, Length=0x2cc, ReturnLength=null ) => 0
6774:651c @ 118014718 - LdrpPreprocessDllName - INFO: DLL api-ms-win-core-sysinfo-l1-1-0.dll was redirected to C:\Windows\SYSTEM32\kernelbase.dll by API set
NtQueryInformationThread( ThreadHandle=-2, ThreadInformationClass=0x1d [ThreadWow64Context], ThreadInformation=0xb7dd20, Length=0x2cc, ReturnLength=null ) => 0
6774:651c @ 118014718 - LdrpPreprocessDllName - INFO: DLL api-ms-win-core-util-l1-1-0.dll was redirected to C:\Windows\SYSTEM32\kernel32.dll by API set
NtWaitForWorkViaWorkerFactory( WorkerFactoryHandle=0xc8, MiniPacket=0xbdeae0 ) => 0
NtQueryInformationThread( ThreadHandle=-2, ThreadInformationClass=0x1d [ThreadWow64Context], ThreadInformation=0xb7dd20, Length=0x2cc, ReturnLength=null ) => 0
6774:651c @ 118014718 - LdrpPreprocessDllName - INFO: DLL api-ms-win-eventing-controller-l1-1-0.dll was redirected to C:\Windows\SYSTEM32\sechost.dll by API set
NtQueryInformationThread( ThreadHandle=-2, ThreadInformationClass=0x1d [ThreadWow64Context], ThreadInformation=0xb7dd20, Length=0x2cc, ReturnLength=null ) => 0
6774:651c @ 118014718 - LdrpFindKnownDll - ENTER: DLL name: sechost.dll
NtQueryInformationThread( ThreadHandle=-2, ThreadInformationClass=0x1d [ThreadWow64Context], ThreadInformation=0xbdde80, Length=0x2cc, ReturnLength=null ) => 0
6774:6054 @ 118014718 - LdrpGetProcedureAddress - INFO: Locating procedure "RtlSetLastWin32Error" by name
NtQueryObject( ObjectHandle=0x90, ObjectInformationClass=1 [ObjectNameInformation], ObjectInformation=0xb7e060, Length=0x210, ReturnLength=null ) => 0
NtOpenSection( SectionHandle=0xb7e2f8 [0xf0], DesiredAccess=0xd, ObjectAttributes=0x90:"sechost.dll" ) => 0
NtQueryInformationThread( ThreadHandle=-2, ThreadInformationClass=0x1d [ThreadWow64Context], ThreadInformation=0xb7dd20, Length=0x2cc, ReturnLength=null ) => 0
NtQueryInformationThread( ThreadHandle=-2, ThreadInformationClass=0x1d [ThreadWow64Context], ThreadInformation=0xbdde80, Length=0x2cc, ReturnLength=null ) => 0
6774:6054 @ 118014718 - LdrpGetProcedureAddress - INFO: Locating procedure "RtlReAllocateHeap" by name
6774:651c @ 118014718 - LdrpFindKnownDll - RETURN: Status: 0x00000000
NtQueryInformationThread( ThreadHandle=-2, ThreadInformationClass=0x1d [ThreadWow64Context], ThreadInformation=0xb7dd20, Length=0x2cc, ReturnLength=null ) => 0
6774:651c @ 118014718 - LdrpMinimalMapModule - ENTER: DLL name: C:\Windows\System32\sechost.dll
NtQueryInformationThread( ThreadHandle=-2, ThreadInformationClass=0x1d [ThreadWow64Context], ThreadInformation=0xbdde80, Length=0x2cc, ReturnLength=null ) => 0
6774:6054 @ 118014718 - LdrpGetProcedureAddress - INFO: Locating procedure "RtlAllocateHeap" by name
NtQueryInformationThread( ThreadHandle=-2, ThreadInformationClass=0x1d [ThreadWow64Context], ThreadInformation=0xbdde80, Length=0x2cc, ReturnLength=null ) => 0
6774:6054 @ 118014718 - LdrpGetProcedureAddress - INFO: Locating procedure "RtlSizeHeap" by name
NtQueryInformationThread( ThreadHandle=-2, ThreadInformationClass=0x1d [ThreadWow64Context], ThreadInformation=0xbdde80, Length=0x2cc, ReturnLength=null ) => 0
6774:6054 @ 118014718 - LdrpGetProcedureAddress - INFO: Locating procedure "RtlFreeHeap" by name
NtQueryInformationThread( ThreadHandle=-2, ThreadInformationClass=0x1d [ThreadWow64Context], ThreadInformation=0xbdde80, Length=0x2cc, ReturnLength=null ) => 0
6774:6054 @ 118014718 - LdrpGetProcedureAddress - INFO: Locating procedure "RtlExitUserThread" by name
NtQueryInformationThread( ThreadHandle=-2, ThreadInformationClass=0x1d [ThreadWow64Context], ThreadInformation=0xbdde80, Length=0x2cc, ReturnLength=null ) => 0
6774:6054 @ 118014718 - LdrpGetProcedureAddress - INFO: Locating procedure "RtlQueryPerformanceCounter" by name
NtQueryInformationThread( ThreadHandle=-2, ThreadInformationClass=0x1d [ThreadWow64Context], ThreadInformation=0xbdde80, Length=0x2cc, ReturnLength=null ) => 0
6774:6054 @ 118014718 - LdrpGetProcedureAddress - INFO: Locating procedure "RtlDeleteCriticalSection" by name
NtQueryInformationThread( ThreadHandle=-2, ThreadInformationClass=0x1d [ThreadWow64Context], ThreadInformation=0xbdde80, Length=0x2cc, ReturnLength=null ) => 0
6774:6054 @ 118014718 - LdrpGetProcedureAddress - INFO: Locating procedure "RtlEnterCriticalSection" by name
NtQueryInformationThread( ThreadHandle=-2, ThreadInformationClass=0x1d [ThreadWow64Context], ThreadInformation=0xbdde80, Length=0x2cc, ReturnLength=null ) => 0
6774:6054 @ 118014718 - LdrpGetProcedureAddress - INFO: Locating procedure "RtlLeaveCriticalSection" by name
NtQueryInformationThread( ThreadHandle=-2, ThreadInformationClass=0x1d [ThreadWow64Context], ThreadInformation=0xbdde80, Length=0x2cc, ReturnLength=null ) => 0
6774:6054 @ 118014718 - LdrpGetProcedureAddress - INFO: Locating procedure "RtlEncodePointer" by name
NtQueryInformationThread( ThreadHandle=-2, ThreadInformationClass=0x1d [ThreadWow64Context], ThreadInformation=0xbdde80, Length=0x2cc, ReturnLength=null ) => 0
6774:6054 @ 118014718 - LdrpGetProcedureAddress - INFO: Locating procedure "RtlDecodePointer" by name
NtProtectVirtualMemory( ProcessHandle=-1, BaseAddress=0xbde408 [0x77148000], Size=0xbde3f8 [0x1000], NewProtect=2, OldProtect=0xbde398 [4] ) => 0
NtSetInformationProcess( ProcessHandle=-1, ProcessInformationClass=0x23 [ProcessTlsInformation], ProcessInformation=0xbdecb0, Length=0x28 ) => 0
Loaded DLL at 0000000077010000 C:\Windows\SysWOW64\sechost.dll
NtMapViewOfSection( SectionHandle=0xf0, ProcessHandle=-1, BaseAddress=0xb7e2b0 [0x77010000], ZeroBits=0x7ffeffff, CommitSize=0, SectionOffset=null, ViewSize=0xb7e260 [0x00078000], InheritDisposition=1 [ViewShare], AllocationType=0x00800000, Protect=0x80 ) => 0
NtQuerySection( SectionHandle=0xf0, SectionInformationClass=1 [SectionImageInformation], SectionInformation=0xb7e270, Length=0x40, ReturnLength=null ) => 0
NtQueryVirtualMemory( ProcessHandle=-1, BaseAddress=0x77010000, MemoryInformationClass=6 [MemoryImageInformation], MemoryInformation=0xb7e180, Length=0x18, ReturnLength=null ) => 0
NtQueryInformationThread( ThreadHandle=-2, ThreadInformationClass=0x1d [ThreadWow64Context], ThreadInformation=0xb7dd20, Length=0x2cc, ReturnLength=null ) => 0
6774:651c @ 118014718 - LdrpMinimalMapModule - RETURN: Status: 0x00000000
NtProtectVirtualMemory( ProcessHandle=-1, BaseAddress=0xb7e2a8 [0x77080000], Size=0xb7e298 [0x1000], NewProtect=2, OldProtect=0xb7e238 [4] ) => 0
NtProtectVirtualMemory( ProcessHandle=-1, BaseAddress=0xb7e2a8 [0x77439000], Size=0xb7e298 [0x3000], NewProtect=4, OldProtect=0xb7e238 [2] ) => 0
NtProtectVirtualMemory( ProcessHandle=-1, BaseAddress=0xb7e2a8 [0x77439000], Size=0xb7e298 [0x3000], NewProtect=2, OldProtect=0xb7e238 [4] ) => 0
NtQueryInformationThread( ThreadHandle=-2, ThreadInformationClass=0x1d [ThreadWow64Context], ThreadInformation=0xb7dd20, Length=0x2cc, ReturnLength=null ) => 0
6774:651c @ 118014718 - LdrpFindDllActivationContext - INFO: Probing for the manifest of DLL "C:\Windows\System32\sechost.dll" failed with status 0xc000008b
NtProtectVirtualMemory( ProcessHandle=-1, BaseAddress=0xb7e2a8 [0x7707d000], Size=0xb7e298 [0x1000], NewProtect=4, OldProtect=0xb7e238 [2] ) => 0
NtQueryInformationThread( ThreadHandle=-2, ThreadInformationClass=0x1d [ThreadWow64Context], ThreadInformation=0xb7dd20, Length=0x2cc, ReturnLength=null ) => 0
6774:651c @ 118014718 - LdrpPreprocessDllName - INFO: DLL api-ms-win-core-crt-l1-1-0.dll was redirected to C:\Windows\SYSTEM32\ntdll.dll by API set
NtQueryInformationThread( ThreadHandle=-2, ThreadInformationClass=0x1d [ThreadWow64Context], ThreadInformation=0xb7dd20, Length=0x2cc, ReturnLength=null ) => 0
6774:651c @ 118014718 - LdrpPreprocessDllName - INFO: DLL api-ms-win-core-crt-l2-1-0.dll was redirected to C:\Windows\SYSTEM32\kernelbase.dll by API set
NtQueryInformationThread( ThreadHandle=-2, ThreadInformationClass=0x1d [ThreadWow64Context], ThreadInformation=0xb7dd20, Length=0x2cc, ReturnLength=null ) => 0
6774:651c @ 118014718 - LdrpPreprocessDllName - INFO: DLL api-ms-win-core-libraryloader-l1-2-0.dll was redirected to C:\Windows\SYSTEM32\kernelbase.dll by API set
NtQueryInformationThread( ThreadHandle=-2, ThreadInformationClass=0x1d [ThreadWow64Context], ThreadInformation=0xb7dd20, Length=0x2cc, ReturnLength=null ) => 0
6774:651c @ 118014718 - LdrpPreprocessDllName - INFO: DLL api-ms-win-core-debug-l1-1-0.dll was redirected to C:\Windows\SYSTEM32\kernelbase.dll by API set
NtQueryInformationThread( ThreadHandle=-2, ThreadInformationClass=0x1d [ThreadWow64Context], ThreadInformation=0xb7dd20, Length=0x2cc, ReturnLength=null ) => 0
6774:651c @ 118014718 - LdrpPreprocessDllName - INFO: DLL api-ms-win-core-errorhandling-l1-1-0.dll was redirected to C:\Windows\SYSTEM32\kernelbase.dll by API set
NtQueryInformationThread( ThreadHandle=-2, ThreadInformationClass=0x1d [ThreadWow64Context], ThreadInformation=0xb7dd20, Length=0x2cc, ReturnLength=null ) => 0
6774:651c @ 118014718 - LdrpPreprocessDllName - INFO: DLL api-ms-win-core-handle-l1-1-0.dll was redirected to C:\Windows\SYSTEM32\kernelbase.dll by API set
NtQueryInformationThread( ThreadHandle=-2, ThreadInformationClass=0x1d [ThreadWow64Context], ThreadInformation=0xb7dd20, Length=0x2cc, ReturnLength=null ) => 0
6774:651c @ 118014718 - LdrpPreprocessDllName - INFO: DLL api-ms-win-core-heap-l1-1-0.dll was redirected to C:\Windows\SYSTEM32\kernelbase.dll by API set
NtQueryInformationThread( ThreadHandle=-2, ThreadInformationClass=0x1d [ThreadWow64Context], ThreadInformation=0xb7dd20, Length=0x2cc, ReturnLength=null ) => 0
6774:651c @ 118014718 - LdrpPreprocessDllName - INFO: DLL api-ms-win-core-processthreads-l1-1-0.dll was redirected to C:\Windows\SYSTEM32\kernel32.dll by API set
NtQueryInformationThread( ThreadHandle=-2, ThreadInformationClass=0x1d [ThreadWow64Context], ThreadInformation=0xb7dd20, Length=0x2cc, ReturnLength=null ) => 0
6774:651c @ 118014718 - LdrpPreprocessDllName - INFO: DLL api-ms-win-core-synch-l1-1-0.dll was redirected to C:\Windows\SYSTEM32\kernelbase.dll by API set
NtQueryInformationThread( ThreadHandle=-2, ThreadInformationClass=0x1d [ThreadWow64Context], ThreadInformation=0xb7dd20, Length=0x2cc, ReturnLength=null ) => 0
6774:651c @ 118014718 - LdrpPreprocessDllName - INFO: DLL api-ms-win-core-util-l1-1-0.dll was redirected to C:\Windows\SYSTEM32\kernel32.dll by API set
NtQueryInformationThread( ThreadHandle=-2, ThreadInformationClass=0x1d [ThreadWow64Context], ThreadInformation=0xb7dd20, Length=0x2cc, ReturnLength=null ) => 0
6774:651c @ 118014718 - LdrpPreprocessDllName - INFO: DLL api-ms-win-core-localization-l1-2-0.dll was redirected to C:\Windows\SYSTEM32\kernelbase.dll by API set
NtQueryInformationThread( ThreadHandle=-2, ThreadInformationClass=0x1d [ThreadWow64Context], ThreadInformation=0xb7dd20, Length=0x2cc, ReturnLength=null ) => 0
6774:651c @ 118014718 - LdrpPreprocessDllName - INFO: DLL api-ms-win-core-registry-l1-1-0.dll was redirected to C:\Windows\SYSTEM32\kernelbase.dll by API set
NtQueryInformationThread( ThreadHandle=-2, ThreadInformationClass=0x1d [ThreadWow64Context], ThreadInformation=0xb7dd20, Length=0x2cc, ReturnLength=null ) => 0
6774:651c @ 118014718 - LdrpPreprocessDllName - INFO: DLL api-ms-win-core-heap-l2-1-0.dll was redirected to C:\Windows\SYSTEM32\kernelbase.dll by API set
NtQueryInformationThread( ThreadHandle=-2, ThreadInformationClass=0x1d [ThreadWow64Context], ThreadInformation=0xb7dd20, Length=0x2cc, ReturnLength=null ) => 0
6774:651c @ 118014718 - LdrpPreprocessDllName - INFO: DLL api-ms-win-security-base-l1-1-0.dll was redirected to C:\Windows\SYSTEM32\kernelbase.dll by API set
NtQueryInformationThread( ThreadHandle=-2, ThreadInformationClass=0x1d [ThreadWow64Context], ThreadInformation=0xb7dd20, Length=0x2cc, ReturnLength=null ) => 0
6774:651c @ 118014734 - LdrpPreprocessDllName - INFO: DLL api-ms-win-core-string-l1-1-0.dll was redirected to C:\Windows\SYSTEM32\kernelbase.dll by API set
NtQueryInformationThread( ThreadHandle=-2, ThreadInformationClass=0x1d [ThreadWow64Context], ThreadInformation=0xb7dd20, Length=0x2cc, ReturnLength=null ) => 0
6774:651c @ 118014734 - LdrpPreprocessDllName - INFO: DLL api-ms-win-core-wow64-l1-1-1.dll was redirected to C:\Windows\SYSTEM32\kernelbase.dll by API set
NtQueryInformationThread( ThreadHandle=-2, ThreadInformationClass=0x1d [ThreadWow64Context], ThreadInformation=0xb7dd20, Length=0x2cc, ReturnLength=null ) => 0
6774:651c @ 118014734 - LdrpPreprocessDllName - INFO: DLL api-ms-win-core-synch-l1-2-0.dll was redirected to C:\Windows\SYSTEM32\kernelbase.dll by API set
NtQueryInformationThread( ThreadHandle=-2, ThreadInformationClass=0x1d [ThreadWow64Context], ThreadInformation=0xb7dd20, Length=0x2cc, ReturnLength=null ) => 0
6774:651c @ 118014734 - LdrpPreprocessDllName - INFO: DLL api-ms-win-core-threadpool-l1-2-0.dll was redirected to C:\Windows\SYSTEM32\kernelbase.dll by API set
NtQueryInformationThread( ThreadHandle=-2, ThreadInformationClass=0x1d [ThreadWow64Context], ThreadInformation=0xb7dd20, Length=0x2cc, ReturnLength=null ) => 0
6774:651c @ 118014734 - LdrpPreprocessDllName - INFO: DLL api-ms-win-core-sysinfo-l1-1-0.dll was redirected to C:\Windows\SYSTEM32\kernelbase.dll by API set
NtQueryInformationThread( ThreadHandle=-2, ThreadInformationClass=0x1d [ThreadWow64Context], ThreadInformation=0xb7dd20, Length=0x2cc, ReturnLength=null ) => 0
6774:651c @ 118014734 - LdrpPreprocessDllName - INFO: DLL api-ms-win-core-file-l1-1-0.dll was redirected to C:\Windows\SYSTEM32\kernelbase.dll by API set
NtQueryInformationThread( ThreadHandle=-2, ThreadInformationClass=0x1d [ThreadWow64Context], ThreadInformation=0xb7dd20, Length=0x2cc, ReturnLength=null ) => 0
6774:651c @ 118014734 - LdrpPreprocessDllName - INFO: DLL api-ms-win-core-memory-l1-1-0.dll was redirected to C:\Windows\SYSTEM32\kernelbase.dll by API set
NtQueryInformationThread( ThreadHandle=-2, ThreadInformationClass=0x1d [ThreadWow64Context], ThreadInformation=0xb7dd20, Length=0x2cc, ReturnLength=null ) => 0
6774:651c @ 118014734 - LdrpPreprocessDllName - INFO: DLL api-ms-win-core-io-l1-1-0.dll was redirected to C:\Windows\SYSTEM32\kernel32.dll by API set
NtQueryInformationThread( ThreadHandle=-2, ThreadInformationClass=0x1d [ThreadWow64Context], ThreadInformation=0xb7dd20, Length=0x2cc, ReturnLength=null ) => 0
6774:651c @ 118014734 - LdrpFindKnownDll - ENTER: DLL name: bcrypt.dll
NtQueryObject( ObjectHandle=0x90, ObjectInformationClass=1 [ObjectNameInformation], ObjectInformation=0xb7e060, Length=0x210, ReturnLength=null ) => 0
NtOpenSection( SectionHandle=0xb7e2f8 [0xd8], DesiredAccess=0xd, ObjectAttributes=0x90:"bcrypt.dll" ) => 0
NtQueryInformationThread( ThreadHandle=-2, ThreadInformationClass=0x1d [ThreadWow64Context], ThreadInformation=0xb7dd20, Length=0x2cc, ReturnLength=null ) => 0
6774:651c @ 118014734 - LdrpFindKnownDll - RETURN: Status: 0x00000000
NtQueryInformationThread( ThreadHandle=-2, ThreadInformationClass=0x1d [ThreadWow64Context], ThreadInformation=0xb7dd20, Length=0x2cc, ReturnLength=null ) => 0
6774:651c @ 118014734 - LdrpMinimalMapModule - ENTER: DLL name: C:\Windows\System32\bcrypt.dll
Loaded DLL at 0000000077150000 C:\Windows\SysWOW64\bcrypt.dll
NtMapViewOfSection( SectionHandle=0xd8, ProcessHandle=-1, BaseAddress=0xb7e2b0 [0x77150000], ZeroBits=0x7ffeffff, CommitSize=0, SectionOffset=null, ViewSize=0xb7e260 [0x00019000], InheritDisposition=1 [ViewShare], AllocationType=0x00800000, Protect=0x80 ) => 0
NtQuerySection( SectionHandle=0xd8, SectionInformationClass=1 [SectionImageInformation], SectionInformation=0xb7e270, Length=0x40, ReturnLength=null ) => 0
NtQueryVirtualMemory( ProcessHandle=-1, BaseAddress=0x77150000, MemoryInformationClass=6 [MemoryImageInformation], MemoryInformation=0xb7e180, Length=0x18, ReturnLength=null ) => 0
NtQueryInformationThread( ThreadHandle=-2, ThreadInformationClass=0x1d [ThreadWow64Context], ThreadInformation=0xb7dd20, Length=0x2cc, ReturnLength=null ) => 0
6774:651c @ 118014734 - LdrpMinimalMapModule - RETURN: Status: 0x00000000
NtProtectVirtualMemory( ProcessHandle=-1, BaseAddress=0xb7e2a8 [0x77166000], Size=0xb7e298 [0x1000], NewProtect=2, OldProtect=0xb7e238 [4] ) => 0
NtProtectVirtualMemory( ProcessHandle=-1, BaseAddress=0xb7e2a8 [0x77439000], Size=0xb7e298 [0x3000], NewProtect=4, OldProtect=0xb7e238 [2] ) => 0
NtProtectVirtualMemory( ProcessHandle=-1, BaseAddress=0xb7e2a8 [0x77439000], Size=0xb7e298 [0x3000], NewProtect=2, OldProtect=0xb7e238 [4] ) => 0
NtQueryInformationThread( ThreadHandle=-2, ThreadInformationClass=0x1d [ThreadWow64Context], ThreadInformation=0xb7dd20, Length=0x2cc, ReturnLength=null ) => 0
6774:651c @ 118014734 - LdrpFindDllActivationContext - INFO: Probing for the manifest of DLL "C:\Windows\System32\bcrypt.dll" failed with status 0xc000008a
NtProtectVirtualMemory( ProcessHandle=-1, BaseAddress=0xb7e2a8 [0x77165000], Size=0xb7e298 [0x1000], NewProtect=4, OldProtect=0xb7e238 [2] ) => 0
NtQueryInformationThread( ThreadHandle=-2, ThreadInformationClass=0x1d [ThreadWow64Context], ThreadInformation=0xb7dd20, Length=0x2cc, ReturnLength=null ) => 0
6774:651c @ 118014734 - LdrpPreprocessDllName - INFO: DLL api-ms-win-core-libraryloader-l1-2-0.dll was redirected to C:\Windows\SYSTEM32\kernelbase.dll by API set
NtQueryInformationThread( ThreadHandle=-2, ThreadInformationClass=0x1d [ThreadWow64Context], ThreadInformation=0xb7dd20, Length=0x2cc, ReturnLength=null ) => 0
6774:651c @ 118014734 - LdrpPreprocessDllName - INFO: DLL api-ms-win-core-errorhandling-l1-1-0.dll was redirected to C:\Windows\SYSTEM32\kernelbase.dll by API set
NtQueryInformationThread( ThreadHandle=-2, ThreadInformationClass=0x1d [ThreadWow64Context], ThreadInformation=0xb7dd20, Length=0x2cc, ReturnLength=null ) => 0
6774:651c @ 118014734 - LdrpPreprocessDllName - INFO: DLL api-ms-win-core-processthreads-l1-1-0.dll was redirected to C:\Windows\SYSTEM32\kernel32.dll by API set
NtQueryInformationThread( ThreadHandle=-2, ThreadInformationClass=0x1d [ThreadWow64Context], ThreadInformation=0xb7dd20, Length=0x2cc, ReturnLength=null ) => 0
6774:651c @ 118014734 - LdrpPreprocessDllName - INFO: DLL api-ms-win-core-handle-l1-1-0.dll was redirected to C:\Windows\SYSTEM32\kernelbase.dll by API set
NtQueryInformationThread( ThreadHandle=-2, ThreadInformationClass=0x1d [ThreadWow64Context], ThreadInformation=0xb7dd20, Length=0x2cc, ReturnLength=null ) => 0
6774:651c @ 118014734 - LdrpPreprocessDllName - INFO: DLL api-ms-win-security-base-l1-1-0.dll was redirected to C:\Windows\SYSTEM32\kernelbase.dll by API set
NtQueryInformationThread( ThreadHandle=-2, ThreadInformationClass=0x1d [ThreadWow64Context], ThreadInformation=0xb7dd20, Length=0x2cc, ReturnLength=null ) => 0
6774:651c @ 118014734 - LdrpPreprocessDllName - INFO: DLL api-ms-win-core-synch-l1-1-0.dll was redirected to C:\Windows\SYSTEM32\kernelbase.dll by API set
NtQueryInformationThread( ThreadHandle=-2, ThreadInformationClass=0x1d [ThreadWow64Context], ThreadInformation=0xb7dd20, Length=0x2cc, ReturnLength=null ) => 0
6774:651c @ 118014734 - LdrpPreprocessDllName - INFO: DLL api-ms-win-eventing-provider-l1-1-0.dll was redirected to C:\Windows\SYSTEM32\kernelbase.dll by API set
NtQueryInformationThread( ThreadHandle=-2, ThreadInformationClass=0x1d [ThreadWow64Context], ThreadInformation=0xb7dd20, Length=0x2cc, ReturnLength=null ) => 0
6774:651c @ 118014734 - LdrpPreprocessDllName - INFO: DLL api-ms-win-core-psapi-l1-1-0.dll was redirected to C:\Windows\SYSTEM32\kernelbase.dll by API set
NtQueryInformationThread( ThreadHandle=-2, ThreadInformationClass=0x1d [ThreadWow64Context], ThreadInformation=0xb7dd20, Length=0x2cc, ReturnLength=null ) => 0
6774:651c @ 118014734 - LdrpPreprocessDllName - INFO: DLL api-ms-win-core-sysinfo-l1-1-0.dll was redirected to C:\Windows\SYSTEM32\kernelbase.dll by API set
NtQueryInformationThread( ThreadHandle=-2, ThreadInformationClass=0x1d [ThreadWow64Context], ThreadInformation=0xb7dd20, Length=0x2cc, ReturnLength=null ) => 0
6774:651c @ 118014734 - LdrpPreprocessDllName - INFO: DLL api-ms-win-core-threadpool-private-l1-1-0.dll was redirected to C:\Windows\SYSTEM32\kernelbase.dll by API set
NtQueryInformationThread( ThreadHandle=-2, ThreadInformationClass=0x1d [ThreadWow64Context], ThreadInformation=0xb7dd20, Length=0x2cc, ReturnLength=null ) => 0
6774:651c @ 118014734 - LdrpPreprocessDllName - INFO: DLL api-ms-win-core-threadpool-legacy-l1-1-0.dll was redirected to C:\Windows\SYSTEM32\kernelbase.dll by API set
NtQueryInformationThread( ThreadHandle=-2, ThreadInformationClass=0x1d [ThreadWow64Context], ThreadInformation=0xb7dd20, Length=0x2cc, ReturnLength=null ) => 0
6774:651c @ 118014734 - LdrpPreprocessDllName - INFO: DLL api-ms-win-core-memory-l1-1-0.dll was redirected to C:\Windows\SYSTEM32\kernelbase.dll by API set
NtQueryInformationThread( ThreadHandle=-2, ThreadInformationClass=0x1d [ThreadWow64Context], ThreadInformation=0xb7dd20, Length=0x2cc, ReturnLength=null ) => 0
6774:651c @ 118014734 - LdrpPreprocessDllName - INFO: DLL api-ms-win-core-delayload-l1-1-1.dll was redirected to C:\Windows\SYSTEM32\kernelbase.dll by API set
NtQueryInformationThread( ThreadHandle=-2, ThreadInformationClass=0x1d [ThreadWow64Context], ThreadInformation=0xb7dd20, Length=0x2cc, ReturnLength=null ) => 0
6774:651c @ 118014734 - LdrpPreprocessDllName - INFO: DLL api-ms-win-core-delayload-l1-1-0.dll was redirected to C:\Windows\SYSTEM32\kernelbase.dll by API set
NtWaitForWorkViaWorkerFactory( WorkerFactoryHandle=0xc8, MiniPacket=0x110efe0 ) => 0
NtQueryInformationThread( ThreadHandle=-2, ThreadInformationClass=0x1d [ThreadWow64Context], ThreadInformation=0xb7dd20, Length=0x2cc, ReturnLength=null ) => 0
6774:651c @ 118014734 - LdrpPreprocessDllName - INFO: DLL api-ms-win-core-rtlsupport-l1-2-0.dll was redirected to C:\Windows\SYSTEM32\ntdll.dll by API set
NtQueryInformationThread( ThreadHandle=-2, ThreadInformationClass=0x1d [ThreadWow64Context], ThreadInformation=0xb7dd20, Length=0x2cc, ReturnLength=null ) => 0
6774:651c @ 118014734 - LdrpPreprocessDllName - INFO: DLL api-ms-win-core-processthreads-l1-1-1.dll was redirected to C:\Windows\SYSTEM32\kernel32.dll by API set
NtQueryInformationThread( ThreadHandle=-2, ThreadInformationClass=0x1d [ThreadWow64Context], ThreadInformation=0x110e380, Length=0x2cc, ReturnLength=null ) => 0
6774:23f8 @ 118014734 - LdrpPreprocessDllName - INFO: DLL api-ms-win-core-processthreads-l1-1-0 was redirected to C:\Windows\SYSTEM32\kernelbase.dll by API set
NtQueryInformationThread( ThreadHandle=-2, ThreadInformationClass=0x1d [ThreadWow64Context], ThreadInformation=0x110e380, Length=0x2cc, ReturnLength=null ) => 0
NtQueryInformationThread( ThreadHandle=-2, ThreadInformationClass=0x1d [ThreadWow64Context], ThreadInformation=0xb7dd20, Length=0x2cc, ReturnLength=null ) => 0
6774:651c @ 118014734 - LdrpPreprocessDllName - INFO: DLL api-ms-win-eventing-provider-l1-1-0.dll was redirected to C:\Windows\SYSTEM32\kernelbase.dll by API set
6774:23f8 @ 118014734 - LdrpGetProcedureAddress - INFO: Locating procedure "OpenProcessToken" by name
NtQueryInformationThread( ThreadHandle=-2, ThreadInformationClass=0x1d [ThreadWow64Context], ThreadInformation=0xb7dd20, Length=0x2cc, ReturnLength=null ) => 0
6774:651c @ 118014734 - LdrpPreprocessDllName - INFO: DLL api-ms-win-core-delayload-l1-1-1.dll was redirected to C:\Windows\SYSTEM32\kernelbase.dll by API set
NtQueryInformationThread( ThreadHandle=-2, ThreadInformationClass=0x1d [ThreadWow64Context], ThreadInformation=0x110e380, Length=0x2cc, ReturnLength=null ) => 0
6774:23f8 @ 118014734 - LdrpGetProcedureAddress - INFO: Locating procedure "RtlEnterCriticalSection" by name
NtQueryInformationThread( ThreadHandle=-2, ThreadInformationClass=0x1d [ThreadWow64Context], ThreadInformation=0x110e380, Length=0x2cc, ReturnLength=null ) => 0
6774:23f8 @ 118014734 - LdrpGetProcedureAddress - INFO: Locating procedure "RtlLeaveCriticalSection" by name
NtQueryInformationThread( ThreadHandle=-2, ThreadInformationClass=0x1d [ThreadWow64Context], ThreadInformation=0x110e380, Length=0x2cc, ReturnLength=null ) => 0
6774:23f8 @ 118014734 - LdrpGetProcedureAddress - INFO: Locating procedure "RtlInitializeCriticalSection" by name
NtQueryInformationThread( ThreadHandle=-2, ThreadInformationClass=0x1d [ThreadWow64Context], ThreadInformation=0xb7dd20, Length=0x2cc, ReturnLength=null ) => 0
6774:651c @ 118014734 - LdrpPreprocessDllName - INFO: DLL api-ms-win-core-delayload-l1-1-0.dll was redirected to C:\Windows\SYSTEM32\kernelbase.dll by API set
NtQueryInformationThread( ThreadHandle=-2, ThreadInformationClass=0x1d [ThreadWow64Context], ThreadInformation=0x110e380, Length=0x2cc, ReturnLength=null ) => 0
6774:23f8 @ 118014734 - LdrpGetProcedureAddress - INFO: Locating procedure "RtlDeleteCriticalSection" by name
NtQueryInformationThread( ThreadHandle=-2, ThreadInformationClass=0x1d [ThreadWow64Context], ThreadInformation=0x110e380, Length=0x2cc, ReturnLength=null ) => 0
6774:23f8 @ 118014734 - LdrpGetProcedureAddress - INFO: Locating procedure "RtlInitializeSRWLock" by name
NtQueryInformationThread( ThreadHandle=-2, ThreadInformationClass=0x1d [ThreadWow64Context], ThreadInformation=0xb7dd20, Length=0x2cc, ReturnLength=null ) => 0
6774:651c @ 118014734 - LdrpPreprocessDllName - INFO: DLL api-ms-win-core-apiquery-l1-1-0.dll was redirected to C:\Windows\SYSTEM32\ntdll.dll by API set
NtWaitForWorkViaWorkerFactory( WorkerFactoryHandle=0xc8, MiniPacket=0x11de9a0 ) => 0
NtQueryInformationThread( ThreadHandle=-2, ThreadInformationClass=0x1d [ThreadWow64Context], ThreadInformation=0x110e380, Length=0x2cc, ReturnLength=null ) => 0
6774:23f8 @ 118014734 - LdrpGetProcedureAddress - INFO: Locating procedure "RtlReleaseSRWLockExclusive" by name
NtQueryInformationThread( ThreadHandle=-2, ThreadInformationClass=0x1d [ThreadWow64Context], ThreadInformation=0x110e380, Length=0x2cc, ReturnLength=null ) => 0
NtQueryInformationThread( ThreadHandle=-2, ThreadInformationClass=0x1d [ThreadWow64Context], ThreadInformation=0xb7dd20, Length=0x2cc, ReturnLength=null ) => 0
6774:23f8 @ 118014734 - LdrpGetProcedureAddress - INFO: Locating procedure "RtlAcquireSRWLockExclusive" by name
NtQueryInformationThread( ThreadHandle=-2, ThreadInformationClass=0x1d [ThreadWow64Context], ThreadInformation=0x11ddd40, Length=0x2cc, ReturnLength=null ) => 0
6774:6ca8 @ 118014734 - LdrpGetProcedureAddress - INFO: Locating procedure "RtlSetLastWin32Error" by name
NtQueryInformationThread( ThreadHandle=-2, ThreadInformationClass=0x1d [ThreadWow64Context], ThreadInformation=0x110e380, Length=0x2cc, ReturnLength=null ) => 0
NtQueryInformationThread( ThreadHandle=-2, ThreadInformationClass=0x1d [ThreadWow64Context], ThreadInformation=0x11ddd40, Length=0x2cc, ReturnLength=null ) => 0
6774:23f8 @ 118014734 - LdrpGetProcedureAddress - INFO: Locating procedure "RtlAcquireSRWLockShared" by name
6774:6ca8 @ 118014734 - LdrpGetProcedureAddress - INFO: Locating procedure "RtlReAllocateHeap" by name
NtQueryInformationThread( ThreadHandle=-2, ThreadInformationClass=0x1d [ThreadWow64Context], ThreadInformation=0x11ddd40, Length=0x2cc, ReturnLength=null ) => 0
NtQueryInformationThread( ThreadHandle=-2, ThreadInformationClass=0x1d [ThreadWow64Context], ThreadInformation=0x110e380, Length=0x2cc, ReturnLength=null ) => 0
6774:6ca8 @ 118014734 - LdrpGetProcedureAddress - INFO: Locating procedure "RtlFreeHeap" by name
6774:23f8 @ 118014734 - LdrpGetProcedureAddress - INFO: Locating procedure "RtlReleaseSRWLockShared" by name
NtQueryInformationThread( ThreadHandle=-2, ThreadInformationClass=0x1d [ThreadWow64Context], ThreadInformation=0x110e380, Length=0x2cc, ReturnLength=null ) => 0
NtQueryInformationThread( ThreadHandle=-2, ThreadInformationClass=0x1d [ThreadWow64Context], ThreadInformation=0x11ddd40, Length=0x2cc, ReturnLength=null ) => 0
6774:6ca8 @ 118014734 - LdrpGetProcedureAddress - INFO: Locating procedure "RtlAllocateHeap" by name
6774:23f8 @ 118014734 - LdrpGetProcedureAddress - INFO: Locating procedure "EtwEventWriteTransfer" by name
NtQueryInformationThread( ThreadHandle=-2, ThreadInformationClass=0x1d [ThreadWow64Context], ThreadInformation=0x110e380, Length=0x2cc, ReturnLength=null ) => 0
NtQueryInformationThread( ThreadHandle=-2, ThreadInformationClass=0x1d [ThreadWow64Context], ThreadInformation=0x11ddd40, Length=0x2cc, ReturnLength=null ) => 0
6774:6ca8 @ 118014734 - LdrpPreprocessDllName - INFO: DLL api-ms-win-core-processthreads-l1-1-0 was redirected to C:\Windows\SYSTEM32\kernelbase.dll by API set
6774:23f8 @ 118014734 - LdrpGetProcedureAddress - INFO: Locating procedure "EtwEventSetInformation" by name
6774:651c @ 118014734 - LdrpPreprocessDllName - INFO: DLL api-ms-win-eventing-consumer-l1-1-0.dll was redirected to C:\Windows\SYSTEM32\sechost.dll by API set
NtQueryInformationThread( ThreadHandle=-2, ThreadInformationClass=0x1d [ThreadWow64Context], ThreadInformation=0x11ddd40, Length=0x2cc, ReturnLength=null ) => 0
NtQueryInformationThread( ThreadHandle=-2, ThreadInformationClass=0x1d [ThreadWow64Context], ThreadInformation=0x110e380, Length=0x2cc, ReturnLength=null ) => 0
6774:6ca8 @ 118014734 - LdrpGetProcedureAddress - INFO: Locating procedure "InitializeProcThreadAttributeList" by name
6774:23f8 @ 118014734 - LdrpGetProcedureAddress - INFO: Locating procedure "EtwEventRegister" by name
NtQueryInformationThread( ThreadHandle=-2, ThreadInformationClass=0x1d [ThreadWow64Context], ThreadInformation=0x110e380, Length=0x2cc, ReturnLength=null ) => 0
6774:23f8 @ 118014734 - LdrpGetProcedureAddress - INFO: Locating procedure "EtwEventUnregister" by name
NtQueryInformationThread( ThreadHandle=-2, ThreadInformationClass=0x1d [ThreadWow64Context], ThreadInformation=0x11ddd40, Length=0x2cc, ReturnLength=null ) => 0
6774:6ca8 @ 118014734 - LdrpPreprocessDllName - INFO: DLL api-ms-win-core-processthreads-l1-1-0 was redirected to C:\Windows\SYSTEM32\kernelbase.dll by API set
NtProtectVirtualMemory( ProcessHandle=-1, BaseAddress=0x110e908 [0x77165000], Size=0x110e8f8 [0x1000], NewProtect=2, OldProtect=0x110e898 [4] ) => 0
NtQueryInformationThread( ThreadHandle=-2, ThreadInformationClass=0x1d [ThreadWow64Context], ThreadInformation=0x11ddd40, Length=0x2cc, ReturnLength=null ) => 0
6774:6ca8 @ 118014734 - LdrpGetProcedureAddress - INFO: Locating procedure "OpenThreadToken" by name
NtQueryInformationThread( ThreadHandle=-2, ThreadInformationClass=0x1d [ThreadWow64Context], ThreadInformation=0x11ddd40, Length=0x2cc, ReturnLength=null ) => 0
6774:6ca8 @ 118014734 - LdrpPreprocessDllName - INFO: DLL api-ms-win-core-processthreads-l1-1-0 was redirected to C:\Windows\SYSTEM32\kernelbase.dll by API set
NtQueryInformationThread( ThreadHandle=-2, ThreadInformationClass=0x1d [ThreadWow64Context], ThreadInformation=0x11ddd40, Length=0x2cc, ReturnLength=null ) => 0
6774:6ca8 @ 118014734 - LdrpGetProcedureAddress - INFO: Locating procedure "UpdateProcThreadAttribute" by name
NtQueryInformationThread( ThreadHandle=-2, ThreadInformationClass=0x1d [ThreadWow64Context], ThreadInformation=0x11ddd40, Length=0x2cc, ReturnLength=null ) => 0
6774:6ca8 @ 118014734 - LdrpPreprocessDllName - INFO: DLL api-ms-win-core-processthreads-l1-1-0 was redirected to C:\Windows\SYSTEM32\kernelbase.dll by API set
NtQueryInformationThread( ThreadHandle=-2, ThreadInformationClass=0x1d [ThreadWow64Context], ThreadInformation=0xb7dd20, Length=0x2cc, ReturnLength=null ) => 0
6774:651c @ 118014734 - LdrpPreprocessDllName - INFO: DLL api-ms-win-eventing-consumer-l1-1-1.dll was redirected to C:\Windows\SYSTEM32\sechost.dll by API set
NtQueryInformationThread( ThreadHandle=-2, ThreadInformationClass=0x1d [ThreadWow64Context], ThreadInformation=0x11ddd40, Length=0x2cc, ReturnLength=null ) => 0
6774:6ca8 @ 118014734 - LdrpGetProcedureAddress - INFO: Locating procedure "OpenProcessToken" by name
NtQueryInformationThread( ThreadHandle=-2, ThreadInformationClass=0x1d [ThreadWow64Context], ThreadInformation=0x11ddd40, Length=0x2cc, ReturnLength=null ) => 0
6774:6ca8 @ 118014734 - LdrpGetProcedureAddress - INFO: Locating procedure "RtlAcquireSRWLockShared" by name
NtQueryInformationThread( ThreadHandle=-2, ThreadInformationClass=0x1d [ThreadWow64Context], ThreadInformation=0x11ddd40, Length=0x2cc, ReturnLength=null ) => 0
6774:6ca8 @ 118014734 - LdrpGetProcedureAddress - INFO: Locating procedure "RtlEnterCriticalSection" by name
NtQueryInformationThread( ThreadHandle=-2, ThreadInformationClass=0x1d [ThreadWow64Context], ThreadInformation=0x11ddd40, Length=0x2cc, ReturnLength=null ) => 0
6774:6ca8 @ 118014734 - LdrpGetProcedureAddress - INFO: Locating procedure "RtlLeaveCriticalSection" by name
NtQueryInformationThread( ThreadHandle=-2, ThreadInformationClass=0x1d [ThreadWow64Context], ThreadInformation=0x11ddd40, Length=0x2cc, ReturnLength=null ) => 0
6774:6ca8 @ 118014734 - LdrpGetProcedureAddress - INFO: Locating procedure "RtlReleaseSRWLockExclusive" by name
NtQueryInformationThread( ThreadHandle=-2, ThreadInformationClass=0x1d [ThreadWow64Context], ThreadInformation=0x11ddd40, Length=0x2cc, ReturnLength=null ) => 0
6774:6ca8 @ 118014734 - LdrpGetProcedureAddress - INFO: Locating procedure "RtlReleaseSRWLockShared" by name
NtQueryInformationThread( ThreadHandle=-2, ThreadInformationClass=0x1d [ThreadWow64Context], ThreadInformation=0x11ddd40, Length=0x2cc, ReturnLength=null ) => 0
6774:6ca8 @ 118014734 - LdrpGetProcedureAddress - INFO: Locating procedure "RtlInitializeSRWLock" by name
NtQueryInformationThread( ThreadHandle=-2, ThreadInformationClass=0x1d [ThreadWow64Context], ThreadInformation=0x11ddd40, Length=0x2cc, ReturnLength=null ) => 0
6774:6ca8 @ 118014734 - LdrpGetProcedureAddress - INFO: Locating procedure "RtlAcquireSRWLockExclusive" by name
NtQueryInformationThread( ThreadHandle=-2, ThreadInformationClass=0x1d [ThreadWow64Context], ThreadInformation=0x11ddd40, Length=0x2cc, ReturnLength=null ) => 0
6774:6ca8 @ 118014734 - LdrpGetProcedureAddress - INFO: Locating procedure "RtlDecodePointer" by name
NtQueryInformationThread( ThreadHandle=-2, ThreadInformationClass=0x1d [ThreadWow64Context], ThreadInformation=0xb7dd20, Length=0x2cc, ReturnLength=null ) => 0
NtQueryInformationThread( ThreadHandle=-2, ThreadInformationClass=0x1d [ThreadWow64Context], ThreadInformation=0x11ddd40, Length=0x2cc, ReturnLength=null ) => 0
6774:6ca8 @ 118014734 - LdrpGetProcedureAddress - INFO: Locating procedure "RtlEncodePointer" by name
6774:651c @ 118014734 - LdrpPreprocessDllName - INFO: DLL api-ms-win-service-core-l1-1-0.dll was redirected to C:\Windows\SYSTEM32\sechost.dll by API set
NtQueryInformationThread( ThreadHandle=-2, ThreadInformationClass=0x1d [ThreadWow64Context], ThreadInformation=0xb7dd20, Length=0x2cc, ReturnLength=null ) => 0
NtQueryInformationThread( ThreadHandle=-2, ThreadInformationClass=0x1d [ThreadWow64Context], ThreadInformation=0x11ddd40, Length=0x2cc, ReturnLength=null ) => 0
6774:6ca8 @ 118014734 - LdrpGetProcedureAddress - INFO: Locating procedure "TpReleaseWork" by name
6774:651c @ 118014734 - LdrpPreprocessDllName - INFO: DLL api-ms-win-service-core-l1-1-1.dll was redirected to C:\Windows\SYSTEM32\sechost.dll by API set
NtQueryInformationThread( ThreadHandle=-2, ThreadInformationClass=0x1d [ThreadWow64Context], ThreadInformation=0xb7dd20, Length=0x2cc, ReturnLength=null ) => 0
NtQueryInformationThread( ThreadHandle=-2, ThreadInformationClass=0x1d [ThreadWow64Context], ThreadInformation=0x11ddd40, Length=0x2cc, ReturnLength=null ) => 0
6774:6ca8 @ 118014734 - LdrpGetProcedureAddress - INFO: Locating procedure "TpPostWork" by name
6774:651c @ 118014734 - LdrpPreprocessDllName - INFO: DLL api-ms-win-service-core-l1-1-2.dll was redirected to C:\Windows\SYSTEM32\sechost.dll by API set
NtQueryInformationThread( ThreadHandle=-2, ThreadInformationClass=0x1d [ThreadWow64Context], ThreadInformation=0x11ddd40, Length=0x2cc, ReturnLength=null ) => 0
6774:6ca8 @ 118014734 - LdrpPreprocessDllName - INFO: DLL api-ms-win-core-processthreads-l1-1-1 was redirected to C:\Windows\SYSTEM32\kernelbase.dll by API set
NtQueryInformationThread( ThreadHandle=-2, ThreadInformationClass=0x1d [ThreadWow64Context], ThreadInformation=0x11ddd40, Length=0x2cc, ReturnLength=null ) => 0
6774:6ca8 @ 118014734 - LdrpGetProcedureAddress - INFO: Locating procedure "GetProcessMitigationPolicy" by name
NtQueryInformationThread( ThreadHandle=-2, ThreadInformationClass=0x1d [ThreadWow64Context], ThreadInformation=0xb7dd20, Length=0x2cc, ReturnLength=null ) => 0
NtQueryInformationThread( ThreadHandle=-2, ThreadInformationClass=0x1d [ThreadWow64Context], ThreadInformation=0x11ddd40, Length=0x2cc, ReturnLength=null ) => 0
6774:6ca8 @ 118014734 - LdrpGetProcedureAddress - INFO: Locating procedure "EtwEventSetInformation" by name
NtQueryInformationThread( ThreadHandle=-2, ThreadInformationClass=0x1d [ThreadWow64Context], ThreadInformation=0x11ddd40, Length=0x2cc, ReturnLength=null ) => 0
6774:651c @ 118014734 - LdrpPreprocessDllName - INFO: DLL api-ms-win-service-management-l1-1-0.dll was redirected to C:\Windows\SYSTEM32\sechost.dll by API set
6774:6ca8 @ 118014734 - LdrpGetProcedureAddress - INFO: Locating procedure "EtwEventRegister" by name
NtQueryInformationThread( ThreadHandle=-2, ThreadInformationClass=0x1d [ThreadWow64Context], ThreadInformation=0x11ddd40, Length=0x2cc, ReturnLength=null ) => 0
6774:6ca8 @ 118014734 - LdrpGetProcedureAddress - INFO: Locating procedure "EtwEventUnregister" by name
NtQueryInformationThread( ThreadHandle=-2, ThreadInformationClass=0x1d [ThreadWow64Context], ThreadInformation=0x11ddd40, Length=0x2cc, ReturnLength=null ) => 0
6774:6ca8 @ 118014734 - LdrpGetProcedureAddress - INFO: Locating procedure "EtwEventWriteTransfer" by name
NtProtectVirtualMemory( ProcessHandle=-1, BaseAddress=0x11de2c8 [0x7707d000], Size=0x11de2b8 [0x1000], NewProtect=2, OldProtect=0x11de258 [4] ) => 0
NtQueryInformationThread( ThreadHandle=-2, ThreadInformationClass=0x1d [ThreadWow64Context], ThreadInformation=0xb7dd20, Length=0x2cc, ReturnLength=null ) => 0
6774:651c @ 118014734 - LdrpPreprocessDllName - INFO: DLL api-ms-win-service-management-l2-1-0.dll was redirected to C:\Windows\SYSTEM32\sechost.dll by API set
NtQueryInformationThread( ThreadHandle=-2, ThreadInformationClass=0x1d [ThreadWow64Context], ThreadInformation=0xb7dd20, Length=0x2cc, ReturnLength=null ) => 0
6774:651c @ 118014734 - LdrpPreprocessDllName - INFO: DLL api-ms-win-service-private-l1-1-4.dll was redirected to C:\Windows\SYSTEM32\sechost.dll by API set
NtQueryInformationThread( ThreadHandle=-2, ThreadInformationClass=0x1d [ThreadWow64Context], ThreadInformation=0xb7dd20, Length=0x2cc, ReturnLength=null ) => 0
6774:651c @ 118014734 - LdrpPreprocessDllName - INFO: DLL api-ms-win-service-private-l1-1-2.dll was redirected to C:\Windows\SYSTEM32\sechost.dll by API set
NtQueryInformationThread( ThreadHandle=-2, ThreadInformationClass=0x1d [ThreadWow64Context], ThreadInformation=0xb7dd20, Length=0x2cc, ReturnLength=null ) => 0
6774:651c @ 118014734 - LdrpPreprocessDllName - INFO: DLL api-ms-win-service-private-l1-1-3.dll was redirected to C:\Windows\SYSTEM32\sechost.dll by API set
NtQueryInformationThread( ThreadHandle=-2, ThreadInformationClass=0x1d [ThreadWow64Context], ThreadInformation=0xb7dd20, Length=0x2cc, ReturnLength=null ) => 0
6774:651c @ 118014734 - LdrpPreprocessDllName - INFO: DLL api-ms-win-service-private-l1-1-0.dll was redirected to C:\Windows\SYSTEM32\sechost.dll by API set
NtQueryInformationThread( ThreadHandle=-2, ThreadInformationClass=0x1d [ThreadWow64Context], ThreadInformation=0xb7dd20, Length=0x2cc, ReturnLength=null ) => 0
6774:651c @ 118014734 - LdrpPreprocessDllName - INFO: DLL api-ms-win-service-winsvc-l1-1-0.dll was redirected to C:\Windows\SYSTEM32\sechost.dll by API set
NtQueryInformationThread( ThreadHandle=-2, ThreadInformationClass=0x1d [ThreadWow64Context], ThreadInformation=0xb7dd20, Length=0x2cc, ReturnLength=null ) => 0
6774:651c @ 118014734 - LdrpPreprocessDllName - INFO: DLL api-ms-win-core-namedpipe-l1-1-0.dll was redirected to C:\Windows\SYSTEM32\kernelbase.dll by API set
NtQueryInformationThread( ThreadHandle=-2, ThreadInformationClass=0x1d [ThreadWow64Context], ThreadInformation=0xb7dd20, Length=0x2cc, ReturnLength=null ) => 0
6774:651c @ 118014734 - LdrpPreprocessDllName - INFO: DLL api-ms-win-core-processthreads-l1-1-0.dll was redirected to C:\Windows\SYSTEM32\kernel32.dll by API set
NtQueryInformationThread( ThreadHandle=-2, ThreadInformationClass=0x1d [ThreadWow64Context], ThreadInformation=0xb7dd20, Length=0x2cc, ReturnLength=null ) => 0
6774:651c @ 118014734 - LdrpPreprocessDllName - INFO: DLL api-ms-win-core-processthreads-l1-1-1.dll was redirected to C:\Windows\SYSTEM32\kernel32.dll by API set
NtQueryInformationThread( ThreadHandle=-2, ThreadInformationClass=0x1d [ThreadWow64Context], ThreadInformation=0xb7dd20, Length=0x2cc, ReturnLength=null ) => 0
6774:651c @ 118014734 - LdrpPreprocessDllName - INFO: DLL api-ms-win-security-base-l1-1-0.dll was redirected to C:\Windows\SYSTEM32\kernelbase.dll by API set
NtQueryInformationThread( ThreadHandle=-2, ThreadInformationClass=0x1d [ThreadWow64Context], ThreadInformation=0xb7dd20, Length=0x2cc, ReturnLength=null ) => 0
6774:651c @ 118014734 - LdrpPreprocessDllName - INFO: DLL api-ms-win-security-base-private-l1-1-0.dll was redirected to C:\Windows\SYSTEM32\kernelbase.dll by API set
NtQueryInformationThread( ThreadHandle=-2, ThreadInformationClass=0x1d [ThreadWow64Context], ThreadInformation=0xb7dd20, Length=0x2cc, ReturnLength=null ) => 0
6774:651c @ 118014734 - LdrpPreprocessDllName - INFO: DLL api-ms-win-core-registry-l1-1-0.dll was redirected to C:\Windows\SYSTEM32\kernelbase.dll by API set
NtQueryInformationThread( ThreadHandle=-2, ThreadInformationClass=0x1d [ThreadWow64Context], ThreadInformation=0xb7dd20, Length=0x2cc, ReturnLength=null ) => 0
6774:651c @ 118014734 - LdrpPreprocessDllName - INFO: DLL api-ms-win-core-registry-l1-1-1.dll was redirected to C:\Windows\SYSTEM32\kernelbase.dll by API set
NtQueryInformationThread( ThreadHandle=-2, ThreadInformationClass=0x1d [ThreadWow64Context], ThreadInformation=0xb7dd20, Length=0x2cc, ReturnLength=null ) => 0
6774:651c @ 118014734 - LdrpPreprocessDllName - INFO: DLL api-ms-win-core-registry-l1-1-2.dll was redirected to C:\Windows\SYSTEM32\kernelbase.dll by API set
NtQueryInformationThread( ThreadHandle=-2, ThreadInformationClass=0x1d [ThreadWow64Context], ThreadInformation=0xb7dd20, Length=0x2cc, ReturnLength=null ) => 0
6774:651c @ 118014734 - LdrpPreprocessDllName - INFO: DLL api-ms-win-core-sysinfo-l1-1-0.dll was redirected to C:\Windows\SYSTEM32\kernelbase.dll by API set
NtQueryInformationThread( ThreadHandle=-2, ThreadInformationClass=0x1d [ThreadWow64Context], ThreadInformation=0xb7dd20, Length=0x2cc, ReturnLength=null ) => 0
6774:651c @ 118014734 - LdrpPreprocessDllName - INFO: DLL api-ms-win-core-timezone-l1-1-0.dll was redirected to C:\Windows\SYSTEM32\kernelbase.dll by API set
NtQueryInformationThread( ThreadHandle=-2, ThreadInformationClass=0x1d [ThreadWow64Context], ThreadInformation=0xb7dd20, Length=0x2cc, ReturnLength=null ) => 0
6774:651c @ 118014734 - LdrpPreprocessDllName - INFO: DLL api-ms-win-security-audit-l1-1-1.dll was redirected to C:\Windows\SYSTEM32\sechost.dll by API set
NtQueryInformationThread( ThreadHandle=-2, ThreadInformationClass=0x1d [ThreadWow64Context], ThreadInformation=0xb7dd20, Length=0x2cc, ReturnLength=null ) => 0
6774:651c @ 118014734 - LdrpPreprocessDllName - INFO: DLL api-ms-win-security-audit-l1-1-0.dll was redirected to C:\Windows\SYSTEM32\sechost.dll by API set
NtQueryInformationThread( ThreadHandle=-2, ThreadInformationClass=0x1d [ThreadWow64Context], ThreadInformation=0xb7dd20, Length=0x2cc, ReturnLength=null ) => 0
6774:651c @ 118014734 - LdrpPreprocessDllName - INFO: DLL api-ms-win-core-apiquery-l1-1-0.dll was redirected to C:\Windows\SYSTEM32\ntdll.dll by API set
NtQueryInformationThread( ThreadHandle=-2, ThreadInformationClass=0x1d [ThreadWow64Context], ThreadInformation=0xb7dd20, Length=0x2cc, ReturnLength=null ) => 0
6774:651c @ 118014734 - LdrpPreprocessDllName - INFO: DLL api-ms-win-eventing-provider-l1-1-0.dll was redirected to C:\Windows\SYSTEM32\kernelbase.dll by API set
NtQueryInformationThread( ThreadHandle=-2, ThreadInformationClass=0x1d [ThreadWow64Context], ThreadInformation=0xb7dd20, Length=0x2cc, ReturnLength=null ) => 0
6774:651c @ 118014734 - LdrpPreprocessDllName - INFO: DLL api-ms-win-core-pcw-l1-1-0.dll was redirected to C:\Windows\SYSTEM32\kernelbase.dll by API set
NtWaitForWorkViaWorkerFactory( WorkerFactoryHandle=0xc8, MiniPacket=0x110efe0 ) => 0
NtQueryInformationThread( ThreadHandle=-2, ThreadInformationClass=0x1d [ThreadWow64Context], ThreadInformation=0xb7dd20, Length=0x2cc, ReturnLength=null ) => 0
6774:651c @ 118014734 - LdrpFindKnownDll - ENTER: DLL name: mscoree.dll
NtQueryObject( ObjectHandle=0x90, ObjectInformationClass=1 [ObjectNameInformation], ObjectInformation=0xb7e060, Length=0x210, ReturnLength=null ) => 0
NtOpenSection( SectionHandle=0xb7e2f8, DesiredAccess=0xd, ObjectAttributes=0x90:"mscoree.dll" ) => 0xc0000034 [2 'The system cannot find the file specified.']
NtQueryInformationThread( ThreadHandle=-2, ThreadInformationClass=0x1d [ThreadWow64Context], ThreadInformation=0xb7dd20, Length=0x2cc, ReturnLength=null ) => 0
6774:651c @ 118014734 - LdrpFindKnownDll - RETURN: Status: 0xc0000135
NtWaitForWorkViaWorkerFactory( WorkerFactoryHandle=0xc8, MiniPacket=0x11de9a0 ) => 0
NtQueryInformationThread( ThreadHandle=-2, ThreadInformationClass=0x1d [ThreadWow64Context], ThreadInformation=0xb7dd20, Length=0x2cc, ReturnLength=null ) => 0
NtQueryInformationThread( ThreadHandle=-2, ThreadInformationClass=0x1d [ThreadWow64Context], ThreadInformation=0x11ddd40, Length=0x2cc, ReturnLength=null ) => 0
6774:6ca8 @ 118014734 - LdrpSearchPath - ENTER: DLL name: mscoree.dll
6774:651c @ 118014734 - LdrpFindKnownDll - ENTER: DLL name: MSVCP100.dll
NtQueryInformationThread( ThreadHandle=-2, ThreadInformationClass=0x1d [ThreadWow64Context], ThreadInformation=0x11ddd40, Length=0x2cc, ReturnLength=null ) => 0
6774:6ca8 @ 118014734 - LdrpResolveDllName - ENTER: DLL name: C:\Program Files (x86)\Microsoft Xbox 360 SDK\bin\win32\mscoree.dll
NtQueryObject( ObjectHandle=0x90, ObjectInformationClass=1 [ObjectNameInformation], ObjectInformation=0xb7e060, Length=0x210, ReturnLength=null ) => 0
NtOpenSection( SectionHandle=0xb7e2f8, DesiredAccess=0xd, ObjectAttributes=0x90:"MSVCP100.dll" ) => 0xc0000034 [2 'The system cannot find the file specified.']
NtQueryInformationThread( ThreadHandle=-2, ThreadInformationClass=0x1d [ThreadWow64Context], ThreadInformation=0xb7dd20, Length=0x2cc, ReturnLength=null ) => 0
NtQueryInformationThread( ThreadHandle=-2, ThreadInformationClass=0x1d [ThreadWow64Context], ThreadInformation=0x110e380, Length=0x2cc, ReturnLength=null ) => 0
6774:23f8 @ 118014734 - LdrpPreprocessDllName - INFO: DLL api-ms-win-core-processthreads-l1-1-0 was redirected to C:\Windows\SYSTEM32\kernelbase.dll by API set
NtQueryAttributesFile( ObjectAttributes="\??\C:\Program Files (x86)\Microsoft Xbox 360 SDK\bin\win32\mscoree.dll", Attributes=0x11de2c8 ) => 0xc0000034 [2 'The system cannot find the file specified.']
NtQueryInformationThread( ThreadHandle=-2, ThreadInformationClass=0x1d [ThreadWow64Context], ThreadInformation=0x110e380, Length=0x2cc, ReturnLength=null ) => 0
6774:23f8 @ 118014734 - LdrpGetProcedureAddress - INFO: Locating procedure "OpenThreadToken" by name
NtQueryInformationThread( ThreadHandle=-2, ThreadInformationClass=0x1d [ThreadWow64Context], ThreadInformation=0x11ddd40, Length=0x2cc, ReturnLength=null ) => 0
6774:6ca8 @ 118014734 - LdrpResolveDllName - RETURN: Status: 0xc0000135
NtQueryInformationThread( ThreadHandle=-2, ThreadInformationClass=0x1d [ThreadWow64Context], ThreadInformation=0x110e380, Length=0x2cc, ReturnLength=null ) => 0
6774:23f8 @ 118014734 - LdrpPreprocessDllName - INFO: DLL api-ms-win-core-processthreads-l1-1-0 was redirected to C:\Windows\SYSTEM32\kernelbase.dll by API set
NtQueryInformationThread( ThreadHandle=-2, ThreadInformationClass=0x1d [ThreadWow64Context], ThreadInformation=0x11ddd40, Length=0x2cc, ReturnLength=null ) => 0
6774:6ca8 @ 118014734 - LdrpResolveDllName - ENTER: DLL name: C:\Users\MobSlicer152\source\repos\misc\mscoree.dll
NtQueryInformationThread( ThreadHandle=-2, ThreadInformationClass=0x1d [ThreadWow64Context], ThreadInformation=0x110e380, Length=0x2cc, ReturnLength=null ) => 0
6774:651c @ 118014734 - LdrpFindKnownDll - RETURN: Status: 0xc0000135
6774:23f8 @ 118014734 - LdrpGetProcedureAddress - INFO: Locating procedure "SetThreadToken" by name
NtWaitForWorkViaWorkerFactory( WorkerFactoryHandle=0xc8, MiniPacket=0xbdeae0 ) => 0
NtQueryInformationThread( ThreadHandle=-2, ThreadInformationClass=0x1d [ThreadWow64Context], ThreadInformation=0xb7dd20, Length=0x2cc, ReturnLength=null ) => 0
NtQueryInformationThread( ThreadHandle=-2, ThreadInformationClass=0x1d [ThreadWow64Context], ThreadInformation=0x110e380, Length=0x2cc, ReturnLength=null ) => 0
6774:23f8 @ 118014734 - LdrpPreprocessDllName - INFO: DLL api-ms-win-core-processthreads-l1-1-0 was redirected to C:\Windows\SYSTEM32\kernelbase.dll by API set
NtQueryAttributesFile( ObjectAttributes="\??\C:\Users\MobSlicer152\source\repos\misc\mscoree.dll", Attributes=0x11de2c8 ) => 0xc0000034 [2 'The system cannot find the file specified.']
NtQueryInformationThread( ThreadHandle=-2, ThreadInformationClass=0x1d [ThreadWow64Context], ThreadInformation=0xbdde80, Length=0x2cc, ReturnLength=null ) => 0
6774:651c @ 118014734 - LdrpFindKnownDll - ENTER: DLL name: MSPDBXX.DLL
NtQueryInformationThread( ThreadHandle=-2, ThreadInformationClass=0x1d [ThreadWow64Context], ThreadInformation=0x11ddd40, Length=0x2cc, ReturnLength=null ) => 0
NtQueryInformationThread( ThreadHandle=-2, ThreadInformationClass=0x1d [ThreadWow64Context], ThreadInformation=0x110e380, Length=0x2cc, ReturnLength=null ) => 0
6774:6ca8 @ 118014734 - LdrpResolveDllName - RETURN: Status: 0xc0000135
6774:23f8 @ 118014734 - LdrpGetProcedureAddress - INFO: Locating procedure "OpenProcessToken" by name
6774:6054 @ 118014734 - LdrpSearchPath - ENTER: DLL name: MSVCP100.dll
NtQueryInformationThread( ThreadHandle=-2, ThreadInformationClass=0x1d [ThreadWow64Context], ThreadInformation=0x11ddd40, Length=0x2cc, ReturnLength=null ) => 0
6774:6ca8 @ 118014734 - LdrpResolveDllName - ENTER: DLL name: C:\Windows\SYSTEM32\mscoree.dll
NtQueryInformationThread( ThreadHandle=-2, ThreadInformationClass=0x1d [ThreadWow64Context], ThreadInformation=0xbdde80, Length=0x2cc, ReturnLength=null ) => 0
6774:6054 @ 118014734 - LdrpResolveDllName - ENTER: DLL name: C:\Program Files (x86)\Microsoft Xbox 360 SDK\bin\win32\MSVCP100.dll
NtQueryObject( ObjectHandle=0x90, ObjectInformationClass=1 [ObjectNameInformation], ObjectInformation=0xb7e060, Length=0x210, ReturnLength=null ) => 0
NtOpenSection( SectionHandle=0xb7e2f8, DesiredAccess=0xd, ObjectAttributes=0x90:"MSPDBXX.DLL" ) => 0xc0000034 [2 'The system cannot find the file specified.']
NtQueryInformationThread( ThreadHandle=-2, ThreadInformationClass=0x1d [ThreadWow64Context], ThreadInformation=0x110e380, Length=0x2cc, ReturnLength=null ) => 0
6774:23f8 @ 118014734 - LdrpGetProcedureAddress - INFO: Locating procedure "RtlEnterCriticalSection" by name
NtQueryInformationThread( ThreadHandle=-2, ThreadInformationClass=0x1d [ThreadWow64Context], ThreadInformation=0xb7dd20, Length=0x2cc, ReturnLength=null ) => 0
6774:651c @ 118014734 - LdrpFindKnownDll - RETURN: Status: 0xc0000135
NtQueryAttributesFile( ObjectAttributes="\??\C:\Windows\SysWOW64\mscoree.dll", Attributes=0x11de2c8 [ARCHIVE] ) => 0
NtQueryInformationThread( ThreadHandle=-2, ThreadInformationClass=0x1d [ThreadWow64Context], ThreadInformation=0x110e380, Length=0x2cc, ReturnLength=null ) => 0
NtQueryInformationThread( ThreadHandle=-2, ThreadInformationClass=0x1d [ThreadWow64Context], ThreadInformation=0x11ddd40, Length=0x2cc, ReturnLength=null ) => 0
6774:23f8 @ 118014750 - LdrpGetProcedureAddress - INFO: Locating procedure "RtlLeaveCriticalSection" by name
6774:6ca8 @ 118014750 - LdrpResolveDllName - RETURN: Status: 0x00000000
NtQueryInformationThread( ThreadHandle=-2, ThreadInformationClass=0x1d [ThreadWow64Context], ThreadInformation=0x110e380, Length=0x2cc, ReturnLength=null ) => 0
NtQueryInformationThread( ThreadHandle=-2, ThreadInformationClass=0x1d [ThreadWow64Context], ThreadInformation=0x11ddd40, Length=0x2cc, ReturnLength=null ) => 0
6774:23f8 @ 118014750 - LdrpGetProcedureAddress - INFO: Locating procedure "LdrResolveDelayLoadedAPI" by name
6774:6ca8 @ 118014750 - LdrpSearchPath - RETURN: Status: 0x00000000
NtQueryInformationThread( ThreadHandle=-2, ThreadInformationClass=0x1d [ThreadWow64Context], ThreadInformation=0x110e380, Length=0x2cc, ReturnLength=null ) => 0
NtQueryAttributesFile( ObjectAttributes="\??\C:\Program Files (x86)\Microsoft Xbox 360 SDK\bin\win32\MSVCP100.dll", Attributes=0xbde408 [NORMAL] ) => 0
6774:23f8 @ 118014750 - LdrpGetProcedureAddress - INFO: Locating procedure "RtlAllocateHeap" by name
NtQueryInformationThread( ThreadHandle=-2, ThreadInformationClass=0x1d [ThreadWow64Context], ThreadInformation=0xbdde80, Length=0x2cc, ReturnLength=null ) => 0
6774:6054 @ 118014750 - LdrpResolveDllName - RETURN: Status: 0x00000000
NtQueryInformationThread( ThreadHandle=-2, ThreadInformationClass=0x1d [ThreadWow64Context], ThreadInformation=0xb7dd20, Length=0x2cc, ReturnLength=null ) => 0
NtOpenFile( FileHandle=0x11de318 [0xd8], DesiredAccess=SYNCHRONIZE|0x21, ObjectAttributes="\??\C:\Windows\SysWOW64\mscoree.dll", IoStatusBlock=0x11de2b8 [0/1], ShareAccess=5, OpenOptions=0x60 ) => 0
NtQueryInformationThread( ThreadHandle=-2, ThreadInformationClass=0x1d [ThreadWow64Context], ThreadInformation=0x110e380, Length=0x2cc, ReturnLength=null ) => 0
6774:23f8 @ 118014750 - LdrpGetProcedureAddress - INFO: Locating procedure "RtlDeleteCriticalSection" by name
NtCreateSection( SectionHandle=0x11de318 [0xf4], DesiredAccess=0xd, ObjectAttributes=null, SectionSize=null, Protect=0x10, Attributes=0x01000000, FileHandle=0xd8 ) => 0
6774:651c @ 118014750 - LdrpSearchPath - ENTER: DLL name: MSPDBXX.DLL
NtQueryInformationThread( ThreadHandle=-2, ThreadInformationClass=0x1d [ThreadWow64Context], ThreadInformation=0x11ddd40, Length=0x2cc, ReturnLength=null ) => 0
NtQueryInformationThread( ThreadHandle=-2, ThreadInformationClass=0x1d [ThreadWow64Context], ThreadInformation=0xbdde80, Length=0x2cc, ReturnLength=null ) => 0
NtQueryInformationThread( ThreadHandle=-2, ThreadInformationClass=0x1d [ThreadWow64Context], ThreadInformation=0x110e380, Length=0x2cc, ReturnLength=null ) => 0
6774:6ca8 @ 118014750 - LdrpMinimalMapModule - ENTER: DLL name: C:\Windows\SYSTEM32\mscoree.dll
6774:6054 @ 118014750 - LdrpSearchPath - RETURN: Status: 0x00000000
6774:23f8 @ 118014750 - LdrpPreprocessDllName - INFO: DLL api-ms-win-core-synch-l1-2-0 was redirected to C:\Windows\SYSTEM32\kernelbase.dll by API set
NtQueryInformationThread( ThreadHandle=-2, ThreadInformationClass=0x1d [ThreadWow64Context], ThreadInformation=0xb7dd20, Length=0x2cc, ReturnLength=null ) => 0
6774:651c @ 118014750 - LdrpResolveDllName - ENTER: DLL name: C:\Program Files (x86)\Microsoft Xbox 360 SDK\bin\win32\MSPDBXX.DLL
NtQueryInformationThread( ThreadHandle=-2, ThreadInformationClass=0x1d [ThreadWow64Context], ThreadInformation=0x110e380, Length=0x2cc, ReturnLength=null ) => 0
6774:23f8 @ 118014750 - LdrpGetProcedureAddress - INFO: Locating procedure "InitOnceBeginInitialize" by name
NtQueryInformationThread( ThreadHandle=-2, ThreadInformationClass=0x1d [ThreadWow64Context], ThreadInformation=0x110e380, Length=0x2cc, ReturnLength=null ) => 0
Loaded DLL at 0000000059F30000 C:\Windows\SysWOW64\mscoree.dll
NtMapViewOfSection( SectionHandle=0xf4, ProcessHandle=-1, BaseAddress=0x11de2d0 [0x59f30000], ZeroBits=0x7ffeffff, CommitSize=0, SectionOffset=null, ViewSize=0x11de280 [0x00052000], InheritDisposition=1 [ViewShare], AllocationType=0x00800000, Protect=0x80 ) => 0
6774:23f8 @ 118014750 - LdrpPreprocessDllName - INFO: DLL api-ms-win-core-synch-l1-2-0 was redirected to C:\Windows\SYSTEM32\kernelbase.dll by API set
NtQuerySection( SectionHandle=0xf4, SectionInformationClass=1 [SectionImageInformation], SectionInformation=0x11de290, Length=0x40, ReturnLength=null ) => 0
NtQueryVirtualMemory( ProcessHandle=-1, BaseAddress=0x59f30000, MemoryInformationClass=6 [MemoryImageInformation], MemoryInformation=0x11de1a0, Length=0x18, ReturnLength=null ) => 0
NtQueryInformationThread( ThreadHandle=-2, ThreadInformationClass=0x1d [ThreadWow64Context], ThreadInformation=0x110e380, Length=0x2cc, ReturnLength=null ) => 0
NtQueryInformationThread( ThreadHandle=-2, ThreadInformationClass=0x1d [ThreadWow64Context], ThreadInformation=0x11ddd40, Length=0x2cc, ReturnLength=null ) => 0
6774:23f8 @ 118014750 - LdrpGetProcedureAddress - INFO: Locating procedure "InitOnceComplete" by name
6774:6ca8 @ 118014750 - LdrpMinimalMapModule - RETURN: Status: 0x00000000
NtOpenFile( FileHandle=0xbde458 [0xec], DesiredAccess=SYNCHRONIZE|0x21, ObjectAttributes="\??\C:\Program Files (x86)\Microsoft Xbox 360 SDK\bin\win32\MSVCP100.dll", IoStatusBlock=0xbde3f8 [0/1], ShareAccess=5, OpenOptions=0x60 ) => 0
NtQueryInformationThread( ThreadHandle=-2, ThreadInformationClass=0x1d [ThreadWow64Context], ThreadInformation=0x110e380, Length=0x2cc, ReturnLength=null ) => 0
6774:23f8 @ 118014750 - LdrpGetProcedureAddress - INFO: Locating procedure "RtlInitializeCriticalSection" by name
NtProtectVirtualMemory( ProcessHandle=-1, BaseAddress=0x11de2c8 [0x59f7c000], Size=0x11de2b8 [0x1000], NewProtect=2, OldProtect=0x11de258 [4] ) => 0
NtCreateSection( SectionHandle=0xbde458 [0xdc], DesiredAccess=0xd, ObjectAttributes=null, SectionSize=null, Protect=0x10, Attributes=0x01000000, FileHandle=0xec ) => 0
NtQueryInformationThread( ThreadHandle=-2, ThreadInformationClass=0x1d [ThreadWow64Context], ThreadInformation=0x110e380, Length=0x2cc, ReturnLength=null ) => 0
NtProtectVirtualMemory( ProcessHandle=-1, BaseAddress=0x11de2c8 [0x77439000], Size=0x11de2b8 [0x3000], NewProtect=4, OldProtect=0x11de258 [2] ) => 0
6774:23f8 @ 118014750 - LdrpGetProcedureAddress - INFO: Locating procedure "RtlDecodePointer" by name
NtProtectVirtualMemory( ProcessHandle=-1, BaseAddress=0x11de2c8 [0x77439000], Size=0x11de2b8 [0x3000], NewProtect=2, OldProtect=0x11de258 [4] ) => 0
NtQueryInformationThread( ThreadHandle=-2, ThreadInformationClass=0x1d [ThreadWow64Context], ThreadInformation=0xbdde80, Length=0x2cc, ReturnLength=null ) => 0
6774:6054 @ 118014750 - LdrpMinimalMapModule - ENTER: DLL name: C:\Program Files (x86)\Microsoft Xbox 360 SDK\bin\win32\MSVCP100.dll
NtQueryInformationThread( ThreadHandle=-2, ThreadInformationClass=0x1d [ThreadWow64Context], ThreadInformation=0x110e380, Length=0x2cc, ReturnLength=null ) => 0
NtQueryInformationThread( ThreadHandle=-2, ThreadInformationClass=0x1d [ThreadWow64Context], ThreadInformation=0x11ddd40, Length=0x2cc, ReturnLength=null ) => 0
6774:23f8 @ 118014750 - LdrpGetProcedureAddress - INFO: Locating procedure "RtlEncodePointer" by name
6774:6ca8 @ 118014750 - LdrpFindDllActivationContext - INFO: Probing for the manifest of DLL "C:\Windows\SYSTEM32\mscoree.dll" failed with status 0xc000008a
NtProtectVirtualMemory( ProcessHandle=-1, BaseAddress=0x11de2c8 [0x59f7b000], Size=0x11de2b8 [0x1000], NewProtect=4, OldProtect=0x11de258 [2] ) => 0
NtQueryInformationThread( ThreadHandle=-2, ThreadInformationClass=0x1d [ThreadWow64Context], ThreadInformation=0x110e380, Length=0x2cc, ReturnLength=null ) => 0
6774:23f8 @ 118014750 - LdrpGetProcedureAddress - INFO: Locating procedure "TpCallbackUnloadDllOnCompletion" by name
NtQueryInformationThread( ThreadHandle=-2, ThreadInformationClass=0x1d [ThreadWow64Context], ThreadInformation=0x11ddd40, Length=0x2cc, ReturnLength=null ) => 0
NtQueryInformationThread( ThreadHandle=-2, ThreadInformationClass=0x1d [ThreadWow64Context], ThreadInformation=0x110e380, Length=0x2cc, ReturnLength=null ) => 0
6774:6ca8 @ 118014750 - LdrpGetProcedureAddress - INFO: Locating procedure "RtlEnterCriticalSection" by name
6774:23f8 @ 118014750 - LdrpGetProcedureAddress - INFO: Locating procedure "TpReleaseIoCompletion" by name
NtQueryInformationThread( ThreadHandle=-2, ThreadInformationClass=0x1d [ThreadWow64Context], ThreadInformation=0x11ddd40, Length=0x2cc, ReturnLength=null ) => 0
NtQueryInformationThread( ThreadHandle=-2, ThreadInformationClass=0x1d [ThreadWow64Context], ThreadInformation=0x110e380, Length=0x2cc, ReturnLength=null ) => 0
6774:6ca8 @ 118014750 - LdrpGetProcedureAddress - INFO: Locating procedure "RtlLeaveCriticalSection" by name
6774:23f8 @ 118014750 - LdrpGetProcedureAddress - INFO: Locating procedure "TpCancelAsyncIoOperation" by name
NtQueryInformationThread( ThreadHandle=-2, ThreadInformationClass=0x1d [ThreadWow64Context], ThreadInformation=0x11ddd40, Length=0x2cc, ReturnLength=null ) => 0
NtQueryInformationThread( ThreadHandle=-2, ThreadInformationClass=0x1d [ThreadWow64Context], ThreadInformation=0x110e380, Length=0x2cc, ReturnLength=null ) => 0
6774:6ca8 @ 118014750 - LdrpGetProcedureAddress - INFO: Locating procedure "RtlInitializeCriticalSection" by name
6774:23f8 @ 118014750 - LdrpGetProcedureAddress - INFO: Locating procedure "TpStartAsyncIoOperation" by name
NtQueryInformationThread( ThreadHandle=-2, ThreadInformationClass=0x1d [ThreadWow64Context], ThreadInformation=0x11ddd40, Length=0x2cc, ReturnLength=null ) => 0
6774:6ca8 @ 118014750 - LdrpGetProcedureAddress - INFO: Locating procedure "RtlDeleteCriticalSection" by name
NtQueryInformationThread( ThreadHandle=-2, ThreadInformationClass=0x1d [ThreadWow64Context], ThreadInformation=0x110e380, Length=0x2cc, ReturnLength=null ) => 0
6774:23f8 @ 118014750 - LdrpGetProcedureAddress - INFO: Locating procedure "EtwEventSetInformation" by name
NtQueryInformationThread( ThreadHandle=-2, ThreadInformationClass=0x1d [ThreadWow64Context], ThreadInformation=0x11ddd40, Length=0x2cc, ReturnLength=null ) => 0
6774:6ca8 @ 118014750 - LdrpGetProcedureAddress - INFO: Locating procedure "RtlAllocateHeap" by name
NtQueryInformationThread( ThreadHandle=-2, ThreadInformationClass=0x1d [ThreadWow64Context], ThreadInformation=0x110e380, Length=0x2cc, ReturnLength=null ) => 0
6774:23f8 @ 118014750 - LdrpGetProcedureAddress - INFO: Locating procedure "EtwEventRegister" by name
NtQueryInformationThread( ThreadHandle=-2, ThreadInformationClass=0x1d [ThreadWow64Context], ThreadInformation=0x11ddd40, Length=0x2cc, ReturnLength=null ) => 0
NtQueryInformationThread( ThreadHandle=-2, ThreadInformationClass=0x1d [ThreadWow64Context], ThreadInformation=0x110e380, Length=0x2cc, ReturnLength=null ) => 0
6774:6ca8 @ 118014750 - LdrpGetProcedureAddress - INFO: Locating procedure "RtlEncodePointer" by name
6774:23f8 @ 118014750 - LdrpGetProcedureAddress - INFO: Locating procedure "EtwEventUnregister" by name
NtQueryInformationThread( ThreadHandle=-2, ThreadInformationClass=0x1d [ThreadWow64Context], ThreadInformation=0x11ddd40, Length=0x2cc, ReturnLength=null ) => 0
6774:6ca8 @ 118014750 - LdrpGetProcedureAddress - INFO: Locating procedure "RtlDecodePointer" by name
NtQueryInformationThread( ThreadHandle=-2, ThreadInformationClass=0x1d [ThreadWow64Context], ThreadInformation=0x110e380, Length=0x2cc, ReturnLength=null ) => 0
6774:23f8 @ 118014750 - LdrpGetProcedureAddress - INFO: Locating procedure "EtwEventWriteTransfer" by name
NtQueryInformationThread( ThreadHandle=-2, ThreadInformationClass=0x1d [ThreadWow64Context], ThreadInformation=0x11ddd40, Length=0x2cc, ReturnLength=null ) => 0
6774:6ca8 @ 118014750 - LdrpGetProcedureAddress - INFO: Locating procedure "RtlReleaseSRWLockExclusive" by name
NtProtectVirtualMemory( ProcessHandle=-1, BaseAddress=0x110e908 [0x75c30000], Size=0x110e8f8 [0x1000], NewProtect=2, OldProtect=0x110e898 [4] ) => 0
Loaded DLL at 0000000059290000 C:\Program Files (x86)\Microsoft Xbox 360 SDK\bin\win32\MSVCP100.dll
NtMapViewOfSection( SectionHandle=0xdc, ProcessHandle=-1, BaseAddress=0xbde410 [0x59290000], ZeroBits=0x7ffeffff, CommitSize=0, SectionOffset=null, ViewSize=0xbde3c0 [0x0006a000], InheritDisposition=1 [ViewShare], AllocationType=0x00800000, Protect=0x80 ) => 0
NtQueryInformationThread( ThreadHandle=-2, ThreadInformationClass=0x1d [ThreadWow64Context], ThreadInformation=0x11ddd40, Length=0x2cc, ReturnLength=null ) => 0
6774:6ca8 @ 118014750 - LdrpGetProcedureAddress - INFO: Locating procedure "RtlReAllocateHeap" by name
NtWaitForWorkViaWorkerFactory( WorkerFactoryHandle=0xc8, MiniPacket=0x110efe0 ) => 0
NtQueryInformationThread( ThreadHandle=-2, ThreadInformationClass=0x1d [ThreadWow64Context], ThreadInformation=0x11ddd40, Length=0x2cc, ReturnLength=null ) => 0
NtQuerySection( SectionHandle=0xdc, SectionInformationClass=1 [SectionImageInformation], SectionInformation=0xbde3d0, Length=0x40, ReturnLength=null ) => 0
6774:6ca8 @ 118014750 - LdrpGetProcedureAddress - INFO: Locating procedure "RtlSizeHeap" by name
NtQueryVirtualMemory( ProcessHandle=-1, BaseAddress=0x59290000, MemoryInformationClass=6 [MemoryImageInformation], MemoryInformation=0xbde2e0, Length=0x18, ReturnLength=null ) => 0
NtQueryInformationThread( ThreadHandle=-2, ThreadInformationClass=0x1d [ThreadWow64Context], ThreadInformation=0x11ddd40, Length=0x2cc, ReturnLength=null ) => 0
6774:6ca8 @ 118014750 - LdrpGetProcedureAddress - INFO: Locating procedure "RtlAcquireSRWLockExclusive" by name
NtQueryInformationThread( ThreadHandle=-2, ThreadInformationClass=0x1d [ThreadWow64Context], ThreadInformation=0xbdde80, Length=0x2cc, ReturnLength=null ) => 0
NtProtectVirtualMemory( ProcessHandle=-1, BaseAddress=0x11de2c8 [0x59f7b000], Size=0x11de2b8 [0x1000], NewProtect=2, OldProtect=0x11de258 [4] ) => 0
6774:6054 @ 118014750 - LdrpMinimalMapModule - RETURN: Status: 0x00000000
NtProtectVirtualMemory( ProcessHandle=-1, BaseAddress=0xbde408 [0x77439000], Size=0xbde3f8 [0x3000], NewProtect=4, OldProtect=0xbde398 [2] ) => 0
NtProtectVirtualMemory( ProcessHandle=-1, BaseAddress=0xbde408 [0x77439000], Size=0xbde3f8 [0x3000], NewProtect=2, OldProtect=0xbde398 [4] ) => 0
NtQueryAttributesFile( ObjectAttributes="\??\C:\Program Files (x86)\Microsoft Xbox 360 SDK\bin\win32\MSPDBXX.DLL", Attributes=0xb7e2a8 [NORMAL] ) => 0
NtQueryInformationThread( ThreadHandle=-2, ThreadInformationClass=0x1d [ThreadWow64Context], ThreadInformation=0xb7dd20, Length=0x2cc, ReturnLength=null ) => 0
6774:651c @ 118014750 - LdrpResolveDllName - RETURN: Status: 0x00000000
NtQueryInformationThread( ThreadHandle=-2, ThreadInformationClass=0x1d [ThreadWow64Context], ThreadInformation=0xb7dd20, Length=0x2cc, ReturnLength=null ) => 0
6774:651c @ 118014750 - LdrpSearchPath - RETURN: Status: 0x00000000
NtQueryInformationThread( ThreadHandle=-2, ThreadInformationClass=0x1d [ThreadWow64Context], ThreadInformation=0xbdde80, Length=0x2cc, ReturnLength=null ) => 0
6774:6054 @ 118014750 - LdrpFindDllActivationContext - INFO: Probing for the manifest of DLL "C:\Program Files (x86)\Microsoft Xbox 360 SDK\bin\win32\MSVCP100.dll" failed with status 0xc000008a
NtProtectVirtualMemory( ProcessHandle=-1, BaseAddress=0xbde408 [0x59291000], Size=0xbde3f8 [0x1000], NewProtect=4, OldProtect=0xbde398 [0x20] ) => 0
NtOpenFile( FileHandle=0xb7e2f8 [0xf8], DesiredAccess=SYNCHRONIZE|0x21, ObjectAttributes="\??\C:\Program Files (x86)\Microsoft Xbox 360 SDK\bin\win32\MSPDBXX.DLL", IoStatusBlock=0xb7e298 [0/1], ShareAccess=5, OpenOptions=0x60 ) => 0
NtWaitForWorkViaWorkerFactory( WorkerFactoryHandle=0xc8, MiniPacket=0x110efe0 ) => 0
NtCreateSection( SectionHandle=0xb7e2f8 [0xfc], DesiredAccess=0xd, ObjectAttributes=null, SectionSize=null, Protect=0x10, Attributes=0x01000000, FileHandle=0xf8 ) => 0
NtQueryInformationThread( ThreadHandle=-2, ThreadInformationClass=0x1d [ThreadWow64Context], ThreadInformation=0xb7dd20, Length=0x2cc, ReturnLength=null ) => 0
6774:651c @ 118014750 - LdrpMinimalMapModule - ENTER: DLL name: C:\Program Files (x86)\Microsoft Xbox 360 SDK\bin\win32\MSPDBXX.DLL
NtQueryInformationThread( ThreadHandle=-2, ThreadInformationClass=0x1d [ThreadWow64Context], ThreadInformation=0x110e380, Length=0x2cc, ReturnLength=null ) => 0
6774:23f8 @ 118014750 - LdrpGetProcedureAddress - INFO: Locating procedure "RtlDecodePointer" by name
NtQueryInformationThread( ThreadHandle=-2, ThreadInformationClass=0x1d [ThreadWow64Context], ThreadInformation=0x110e380, Length=0x2cc, ReturnLength=null ) => 0
6774:23f8 @ 118014750 - LdrpGetProcedureAddress - INFO: Locating procedure "RtlEncodePointer" by name
NtQueryInformationThread( ThreadHandle=-2, ThreadInformationClass=0x1d [ThreadWow64Context], ThreadInformation=0x110e380, Length=0x2cc, ReturnLength=null ) => 0
6774:23f8 @ 118014750 - LdrpGetProcedureAddress - INFO: Locating procedure "RtlLeaveCriticalSection" by name
Loaded DLL at 0000000010300000 C:\Program Files (x86)\Microsoft Xbox 360 SDK\bin\win32\MSPDBXX.DLL
NtMapViewOfSection( SectionHandle=0xfc, ProcessHandle=-1, BaseAddress=0xb7e2b0 [0x10300000], ZeroBits=0x7ffeffff, CommitSize=0, SectionOffset=null, ViewSize=0xb7e260 [0x0002f000], InheritDisposition=1 [ViewShare], AllocationType=0x00800000, Protect=0x80 ) => 0
NtQuerySection( SectionHandle=0xfc, SectionInformationClass=1 [SectionImageInformation], SectionInformation=0xb7e270, Length=0x40, ReturnLength=null ) => 0
NtQueryVirtualMemory( ProcessHandle=-1, BaseAddress=0x10300000, MemoryInformationClass=6 [MemoryImageInformation], MemoryInformation=0xb7e180, Length=0x18, ReturnLength=null ) => 0
NtQueryInformationThread( ThreadHandle=-2, ThreadInformationClass=0x1d [ThreadWow64Context], ThreadInformation=0x110e380, Length=0x2cc, ReturnLength=null ) => 0
6774:23f8 @ 118014750 - LdrpGetProcedureAddress - INFO: Locating procedure "RtlEnterCriticalSection" by name
NtQueryInformationThread( ThreadHandle=-2, ThreadInformationClass=0x1d [ThreadWow64Context], ThreadInformation=0xb7dd20, Length=0x2cc, ReturnLength=null ) => 0
6774:651c @ 118014750 - LdrpMinimalMapModule - RETURN: Status: 0x00000000
NtQueryInformationThread( ThreadHandle=-2, ThreadInformationClass=0x1d [ThreadWow64Context], ThreadInformation=0x110e380, Length=0x2cc, ReturnLength=null ) => 0
6774:23f8 @ 118014750 - LdrpGetProcedureAddress - INFO: Locating procedure "RtlDeleteCriticalSection" by name
NtQueryInformationThread( ThreadHandle=-2, ThreadInformationClass=0x1d [ThreadWow64Context], ThreadInformation=0x110e380, Length=0x2cc, ReturnLength=null ) => 0
NtProtectVirtualMemory( ProcessHandle=-1, BaseAddress=0xb7e2a8 [0x77439000], Size=0xb7e298 [0x3000], NewProtect=4, OldProtect=0xb7e238 [2] ) => 0
6774:23f8 @ 118014750 - LdrpGetProcedureAddress - INFO: Locating procedure "RtlInitializeCriticalSection" by name
NtProtectVirtualMemory( ProcessHandle=-1, BaseAddress=0x110e908 [0x59291000], Size=0x110e8f8 [0x1000], NewProtect=0x20, OldProtect=0x110e898 [4] ) => 0
NtProtectVirtualMemory( ProcessHandle=-1, BaseAddress=0xb7e2a8 [0x77439000], Size=0xb7e298 [0x3000], NewProtect=2, OldProtect=0xb7e238 [4] ) => 0
NtWaitForWorkViaWorkerFactory( WorkerFactoryHandle=0xc8, MiniPacket=0xbdeae0 ) => 0
NtQueryInformationThread( ThreadHandle=-2, ThreadInformationClass=0x1d [ThreadWow64Context], ThreadInformation=0xb7dd20, Length=0x2cc, ReturnLength=null ) => 0
6774:651c @ 118014750 - LdrpFindDllActivationContext - INFO: Probing for the manifest of DLL "C:\Program Files (x86)\Microsoft Xbox 360 SDK\bin\win32\MSPDBXX.DLL" failed with status 0xc000008a
NtProtectVirtualMemory( ProcessHandle=-1, BaseAddress=0xb7e2a8 [0x10301000], Size=0xb7e298 [0x1000], NewProtect=4, OldProtect=0xb7e238 [0x20] ) => 0
NtQueryInformationThread( ThreadHandle=-2, ThreadInformationClass=0x1d [ThreadWow64Context], ThreadInformation=0xbdde80, Length=0x2cc, ReturnLength=null ) => 0
6774:6054 @ 118014750 - LdrpGetProcedureAddress - INFO: Locating procedure "RtlDecodePointer" by name
NtQueryInformationThread( ThreadHandle=-2, ThreadInformationClass=0x1d [ThreadWow64Context], ThreadInformation=0xbdde80, Length=0x2cc, ReturnLength=null ) => 0
6774:6054 @ 118014750 - LdrpGetProcedureAddress - INFO: Locating procedure "RtlEncodePointer" by name
NtQueryInformationThread( ThreadHandle=-2, ThreadInformationClass=0x1d [ThreadWow64Context], ThreadInformation=0xb7dd20, Length=0x2cc, ReturnLength=null ) => 0
6774:651c @ 118014750 - LdrpFindKnownDll - ENTER: DLL name: VERSION.dll
NtQueryObject( ObjectHandle=0x90, ObjectInformationClass=1 [ObjectNameInformation], ObjectInformation=0xb7e060, Length=0x210, ReturnLength=null ) => 0
NtOpenSection( SectionHandle=0xb7e2f8, DesiredAccess=0xd, ObjectAttributes=0x90:"VERSION.dll" ) => 0xc0000034 [2 'The system cannot find the file specified.']
NtQueryInformationThread( ThreadHandle=-2, ThreadInformationClass=0x1d [ThreadWow64Context], ThreadInformation=0xb7dd20, Length=0x2cc, ReturnLength=null ) => 0
6774:651c @ 118014750 - LdrpFindKnownDll - RETURN: Status: 0xc0000135
NtWaitForWorkViaWorkerFactory( WorkerFactoryHandle=0xc8, MiniPacket=0x110efe0 ) => 0
NtQueryInformationThread( ThreadHandle=-2, ThreadInformationClass=0x1d [ThreadWow64Context], ThreadInformation=0x110e380, Length=0x2cc, ReturnLength=null ) => 0
NtQueryInformationThread( ThreadHandle=-2, ThreadInformationClass=0x1d [ThreadWow64Context], ThreadInformation=0xbdde80, Length=0x2cc, ReturnLength=null ) => 0
6774:6054 @ 118014750 - LdrpPreprocessDllName - INFO: DLL api-ms-win-core-com-l1-1-0 was redirected to C:\Windows\SYSTEM32\combase.dll by API set
6774:23f8 @ 118014750 - LdrpSearchPath - ENTER: DLL name: VERSION.dll
NtQueryInformationThread( ThreadHandle=-2, ThreadInformationClass=0x1d [ThreadWow64Context], ThreadInformation=0xbdde80, Length=0x2cc, ReturnLength=null ) => 0
6774:6054 @ 118014750 - LdrpGetProcedureAddress - INFO: Locating procedure "CoCreateInstance" by name
NtQueryInformationThread( ThreadHandle=-2, ThreadInformationClass=0x1d [ThreadWow64Context], ThreadInformation=0x110e380, Length=0x2cc, ReturnLength=null ) => 0
6774:23f8 @ 118014750 - LdrpResolveDllName - ENTER: DLL name: C:\Program Files (x86)\Microsoft Xbox 360 SDK\bin\win32\VERSION.dll
NtQueryInformationThread( ThreadHandle=-2, ThreadInformationClass=0x1d [ThreadWow64Context], ThreadInformation=0xbdde80, Length=0x2cc, ReturnLength=null ) => 0
6774:6054 @ 118014750 - LdrpPreprocessDllName - INFO: DLL api-ms-win-core-com-l1-1-0 was redirected to C:\Windows\SYSTEM32\combase.dll by API set
NtQueryInformationThread( ThreadHandle=-2, ThreadInformationClass=0x1d [ThreadWow64Context], ThreadInformation=0xbdde80, Length=0x2cc, ReturnLength=null ) => 0
6774:6054 @ 118014750 - LdrpGetProcedureAddress - INFO: Locating procedure "CoUninitialize" by name
NtProtectVirtualMemory( ProcessHandle=-1, BaseAddress=0xbde408 [0x10a01000], Size=0xbde3f8 [0x1000], NewProtect=0x20, OldProtect=0xbde398 [4] ) => 0
NtQueryAttributesFile( ObjectAttributes="\??\C:\Program Files (x86)\Microsoft Xbox 360 SDK\bin\win32\VERSION.dll", Attributes=0x110e908 ) => 0xc0000034 [2 'The system cannot find the file specified.']
NtQueryInformationThread( ThreadHandle=-2, ThreadInformationClass=0x1d [ThreadWow64Context], ThreadInformation=0x110e380, Length=0x2cc, ReturnLength=null ) => 0
6774:23f8 @ 118014750 - LdrpResolveDllName - RETURN: Status: 0xc0000135
NtQueryInformationThread( ThreadHandle=-2, ThreadInformationClass=0x1d [ThreadWow64Context], ThreadInformation=0x110e380, Length=0x2cc, ReturnLength=null ) => 0
6774:23f8 @ 118014750 - LdrpResolveDllName - ENTER: DLL name: C:\Users\MobSlicer152\source\repos\misc\VERSION.dll
NtQueryAttributesFile( ObjectAttributes="\??\C:\Users\MobSlicer152\source\repos\misc\VERSION.dll", Attributes=0x110e908 ) => 0xc0000034 [2 'The system cannot find the file specified.']
NtQueryInformationThread( ThreadHandle=-2, ThreadInformationClass=0x1d [ThreadWow64Context], ThreadInformation=0x110e380, Length=0x2cc, ReturnLength=null ) => 0
6774:23f8 @ 118014750 - LdrpResolveDllName - RETURN: Status: 0xc0000135
NtQueryInformationThread( ThreadHandle=-2, ThreadInformationClass=0x1d [ThreadWow64Context], ThreadInformation=0x110e380, Length=0x2cc, ReturnLength=null ) => 0
6774:23f8 @ 118014750 - LdrpResolveDllName - ENTER: DLL name: C:\Windows\SYSTEM32\VERSION.dll
NtQueryAttributesFile( ObjectAttributes="\??\C:\Windows\SysWOW64\VERSION.dll", Attributes=0x110e908 [ARCHIVE] ) => 0
NtQueryInformationThread( ThreadHandle=-2, ThreadInformationClass=0x1d [ThreadWow64Context], ThreadInformation=0x110e380, Length=0x2cc, ReturnLength=null ) => 0
6774:23f8 @ 118014750 - LdrpResolveDllName - RETURN: Status: 0x00000000
NtQueryInformationThread( ThreadHandle=-2, ThreadInformationClass=0x1d [ThreadWow64Context], ThreadInformation=0x110e380, Length=0x2cc, ReturnLength=null ) => 0
6774:23f8 @ 118014750 - LdrpSearchPath - RETURN: Status: 0x00000000
NtOpenFile( FileHandle=0x110e958 [0xf8], DesiredAccess=SYNCHRONIZE|0x21, ObjectAttributes="\??\C:\Windows\SysWOW64\VERSION.dll", IoStatusBlock=0x110e8f8 [0/1], ShareAccess=5, OpenOptions=0x60 ) => 0
NtCreateSection( SectionHandle=0x110e958 [0xd8], DesiredAccess=0xd, ObjectAttributes=null, SectionSize=null, Protect=0x10, Attributes=0x01000000, FileHandle=0xf8 ) => 0
NtQueryInformationThread( ThreadHandle=-2, ThreadInformationClass=0x1d [ThreadWow64Context], ThreadInformation=0x110e380, Length=0x2cc, ReturnLength=null ) => 0
6774:23f8 @ 118014750 - LdrpMinimalMapModule - ENTER: DLL name: C:\Windows\SYSTEM32\VERSION.dll
Loaded DLL at 0000000074540000 C:\Windows\SysWOW64\VERSION.dll
NtMapViewOfSection( SectionHandle=0xd8, ProcessHandle=-1, BaseAddress=0x110e910 [0x74540000], ZeroBits=0x7ffeffff, CommitSize=0, SectionOffset=null, ViewSize=0x110e8c0 [0x8000], InheritDisposition=1 [ViewShare], AllocationType=0x00800000, Protect=0x80 ) => 0
NtQuerySection( SectionHandle=0xd8, SectionInformationClass=1 [SectionImageInformation], SectionInformation=0x110e8d0, Length=0x40, ReturnLength=null ) => 0
NtQueryVirtualMemory( ProcessHandle=-1, BaseAddress=0x74540000, MemoryInformationClass=6 [MemoryImageInformation], MemoryInformation=0x110e7e0, Length=0x18, ReturnLength=null ) => 0
NtQueryInformationThread( ThreadHandle=-2, ThreadInformationClass=0x1d [ThreadWow64Context], ThreadInformation=0x110e380, Length=0x2cc, ReturnLength=null ) => 0
6774:23f8 @ 118014750 - LdrpMinimalMapModule - RETURN: Status: 0x00000000
NtProtectVirtualMemory( ProcessHandle=-1, BaseAddress=0x110e908 [0x77439000], Size=0x110e8f8 [0x3000], NewProtect=4, OldProtect=0x110e898 [2] ) => 0
NtProtectVirtualMemory( ProcessHandle=-1, BaseAddress=0x110e908 [0x77439000], Size=0x110e8f8 [0x3000], NewProtect=2, OldProtect=0x110e898 [4] ) => 0
NtWaitForWorkViaWorkerFactory( WorkerFactoryHandle=0xc8, MiniPacket=0xbdeae0 ) => 0
NtQueryInformationThread( ThreadHandle=-2, ThreadInformationClass=0x1d [ThreadWow64Context], ThreadInformation=0xbdde80, Length=0x2cc, ReturnLength=null ) => 0
6774:6054 @ 118014750 - LdrpGetProcedureAddress - INFO: Locating procedure "RtlDecodePointer" by name
NtQueryInformationThread( ThreadHandle=-2, ThreadInformationClass=0x1d [ThreadWow64Context], ThreadInformation=0xbdde80, Length=0x2cc, ReturnLength=null ) => 0
6774:6054 @ 118014750 - LdrpGetProcedureAddress - INFO: Locating procedure "RtlEncodePointer" by name
NtQueryInformationThread( ThreadHandle=-2, ThreadInformationClass=0x1d [ThreadWow64Context], ThreadInformation=0x110e380, Length=0x2cc, ReturnLength=null ) => 0
6774:23f8 @ 118014750 - LdrpFindDllActivationContext - INFO: Probing for the manifest of DLL "C:\Windows\SYSTEM32\VERSION.dll" failed with status 0xc000008a
NtQueryInformationThread( ThreadHandle=-2, ThreadInformationClass=0x1d [ThreadWow64Context], ThreadInformation=0xbdde80, Length=0x2cc, ReturnLength=null ) => 0
6774:6054 @ 118014750 - LdrpGetProcedureAddress - INFO: Locating procedure "RtlAllocateHeap" by name
NtProtectVirtualMemory( ProcessHandle=-1, BaseAddress=0x110e908 [0x74545000], Size=0x110e8f8 [0x1000], NewProtect=4, OldProtect=0x110e898 [2] ) => 0
NtQueryInformationThread( ThreadHandle=-2, ThreadInformationClass=0x1d [ThreadWow64Context], ThreadInformation=0xbdde80, Length=0x2cc, ReturnLength=null ) => 0
6774:6054 @ 118014750 - LdrpGetProcedureAddress - INFO: Locating procedure "RtlLeaveCriticalSection" by name
NtQueryInformationThread( ThreadHandle=-2, ThreadInformationClass=0x1d [ThreadWow64Context], ThreadInformation=0xbdde80, Length=0x2cc, ReturnLength=null ) => 0
6774:6054 @ 118014750 - LdrpGetProcedureAddress - INFO: Locating procedure "RtlEnterCriticalSection" by name
NtQueryInformationThread( ThreadHandle=-2, ThreadInformationClass=0x1d [ThreadWow64Context], ThreadInformation=0xbdde80, Length=0x2cc, ReturnLength=null ) => 0
6774:6054 @ 118014750 - LdrpGetProcedureAddress - INFO: Locating procedure "RtlDeleteCriticalSection" by name
NtProtectVirtualMemory( ProcessHandle=-1, BaseAddress=0xbde408 [0x10301000], Size=0xbde3f8 [0x1000], NewProtect=0x20, OldProtect=0xbde398 [4] ) => 0
NtQueryInformationThread( ThreadHandle=-2, ThreadInformationClass=0x1d [ThreadWow64Context], ThreadInformation=0x110e380, Length=0x2cc, ReturnLength=null ) => 0
6774:23f8 @ 118014750 - LdrpPreprocessDllName - INFO: DLL api-ms-win-core-errorhandling-l1-1-0.dll was redirected to C:\Windows\SYSTEM32\kernelbase.dll by API set
NtQueryInformationThread( ThreadHandle=-2, ThreadInformationClass=0x1d [ThreadWow64Context], ThreadInformation=0x110e380, Length=0x2cc, ReturnLength=null ) => 0
6774:23f8 @ 118014750 - LdrpPreprocessDllName - INFO: DLL api-ms-win-core-version-l1-1-0.dll was redirected to C:\Windows\SYSTEM32\kernelbase.dll by API set
NtQueryInformationThread( ThreadHandle=-2, ThreadInformationClass=0x1d [ThreadWow64Context], ThreadInformation=0x110e380, Length=0x2cc, ReturnLength=null ) => 0
6774:23f8 @ 118014750 - LdrpPreprocessDllName - INFO: DLL api-ms-win-core-localization-l1-2-0.dll was redirected to C:\Windows\SYSTEM32\kernelbase.dll by API set
NtQueryInformationThread( ThreadHandle=-2, ThreadInformationClass=0x1d [ThreadWow64Context], ThreadInformation=0x110e380, Length=0x2cc, ReturnLength=null ) => 0
6774:23f8 @ 118014750 - LdrpPreprocessDllName - INFO: DLL api-ms-win-core-version-l1-1-1.dll was redirected to C:\Windows\SYSTEM32\kernelbase.dll by API set
NtQueryInformationThread( ThreadHandle=-2, ThreadInformationClass=0x1d [ThreadWow64Context], ThreadInformation=0x110e380, Length=0x2cc, ReturnLength=null ) => 0
6774:23f8 @ 118014750 - LdrpPreprocessDllName - INFO: DLL api-ms-win-core-file-l1-1-0.dll was redirected to C:\Windows\SYSTEM32\kernelbase.dll by API set
NtQueryInformationThread( ThreadHandle=-2, ThreadInformationClass=0x1d [ThreadWow64Context], ThreadInformation=0x110e380, Length=0x2cc, ReturnLength=null ) => 0
6774:23f8 @ 118014750 - LdrpPreprocessDllName - INFO: DLL api-ms-win-core-handle-l1-1-0.dll was redirected to C:\Windows\SYSTEM32\kernelbase.dll by API set
NtQueryInformationThread( ThreadHandle=-2, ThreadInformationClass=0x1d [ThreadWow64Context], ThreadInformation=0x110e380, Length=0x2cc, ReturnLength=null ) => 0
6774:23f8 @ 118014750 - LdrpPreprocessDllName - INFO: DLL api-ms-win-core-processthreads-l1-1-0.dll was redirected to C:\Windows\SYSTEM32\kernel32.dll by API set
NtQueryInformationThread( ThreadHandle=-2, ThreadInformationClass=0x1d [ThreadWow64Context], ThreadInformation=0x110e380, Length=0x2cc, ReturnLength=null ) => 0
6774:23f8 @ 118014750 - LdrpPreprocessDllName - INFO: DLL api-ms-win-core-libraryloader-l1-2-0.dll was redirected to C:\Windows\SYSTEM32\kernelbase.dll by API set
NtQueryInformationThread( ThreadHandle=-2, ThreadInformationClass=0x1d [ThreadWow64Context], ThreadInformation=0x110e380, Length=0x2cc, ReturnLength=null ) => 0
6774:23f8 @ 118014750 - LdrpPreprocessDllName - INFO: DLL api-ms-win-core-heap-l2-1-0.dll was redirected to C:\Windows\SYSTEM32\kernelbase.dll by API set
NtQueryInformationThread( ThreadHandle=-2, ThreadInformationClass=0x1d [ThreadWow64Context], ThreadInformation=0x110e380, Length=0x2cc, ReturnLength=null ) => 0
6774:23f8 @ 118014750 - LdrpPreprocessDllName - INFO: DLL api-ms-win-core-libraryloader-l1-2-1.dll was redirected to C:\Windows\SYSTEM32\kernelbase.dll by API set
NtQueryInformationThread( ThreadHandle=-2, ThreadInformationClass=0x1d [ThreadWow64Context], ThreadInformation=0x110e380, Length=0x2cc, ReturnLength=null ) => 0
6774:23f8 @ 118014750 - LdrpPreprocessDllName - INFO: DLL api-ms-win-core-string-l1-1-0.dll was redirected to C:\Windows\SYSTEM32\kernelbase.dll by API set
NtQueryInformationThread( ThreadHandle=-2, ThreadInformationClass=0x1d [ThreadWow64Context], ThreadInformation=0x110e380, Length=0x2cc, ReturnLength=null ) => 0
6774:23f8 @ 118014750 - LdrpPreprocessDllName - INFO: DLL api-ms-win-core-synch-l1-2-0.dll was redirected to C:\Windows\SYSTEM32\kernelbase.dll by API set
NtQueryInformationThread( ThreadHandle=-2, ThreadInformationClass=0x1d [ThreadWow64Context], ThreadInformation=0x110e380, Length=0x2cc, ReturnLength=null ) => 0
6774:23f8 @ 118014750 - LdrpPreprocessDllName - INFO: DLL api-ms-win-core-profile-l1-1-0.dll was redirected to C:\Windows\SYSTEM32\kernelbase.dll by API set
NtQueryInformationThread( ThreadHandle=-2, ThreadInformationClass=0x1d [ThreadWow64Context], ThreadInformation=0x110e380, Length=0x2cc, ReturnLength=null ) => 0
6774:23f8 @ 118014750 - LdrpPreprocessDllName - INFO: DLL api-ms-win-core-sysinfo-l1-1-0.dll was redirected to C:\Windows\SYSTEM32\kernelbase.dll by API set
NtQueryInformationThread( ThreadHandle=-2, ThreadInformationClass=0x1d [ThreadWow64Context], ThreadInformation=0x110e380, Length=0x2cc, ReturnLength=null ) => 0
6774:23f8 @ 118014750 - LdrpPreprocessDllName - INFO: DLL api-ms-win-core-versionansi-l1-1-0.dll was redirected to C:\Windows\SYSTEM32\kernelbase.dll by API set
NtQueryInformationThread( ThreadHandle=-2, ThreadInformationClass=0x1d [ThreadWow64Context], ThreadInformation=0x110e380, Length=0x2cc, ReturnLength=null ) => 0
6774:23f8 @ 118014750 - LdrpPreprocessDllName - INFO: DLL api-ms-win-core-versionansi-l1-1-1.dll was redirected to C:\Windows\SYSTEM32\kernelbase.dll by API set
NtQueryInformationThread( ThreadHandle=-2, ThreadInformationClass=0x1d [ThreadWow64Context], ThreadInformation=0x110e380, Length=0x2cc, ReturnLength=null ) => 0
6774:23f8 @ 118014750 - LdrpPreprocessDllName - INFO: DLL api-ms-win-core-version-private-l1-1-0.dll was redirected to C:\Windows\SYSTEM32\kernelbase.dll by API set
NtWaitForWorkViaWorkerFactory( WorkerFactoryHandle=0xc8, MiniPacket=0xbdeae0 ) => 0
NtQueryInformationThread( ThreadHandle=-2, ThreadInformationClass=0x1d [ThreadWow64Context], ThreadInformation=0xbdde80, Length=0x2cc, ReturnLength=null ) => 0
6774:6054 @ 118014765 - LdrpGetProcedureAddress - INFO: Locating procedure "RtlSetLastWin32Error" by name
NtQueryInformationThread( ThreadHandle=-2, ThreadInformationClass=0x1d [ThreadWow64Context], ThreadInformation=0xbdde80, Length=0x2cc, ReturnLength=null ) => 0
6774:6054 @ 118014765 - LdrpGetProcedureAddress - INFO: Locating procedure "RtlQueryPerformanceCounter" by name
NtProtectVirtualMemory( ProcessHandle=-1, BaseAddress=0xbde408 [0x74545000], Size=0xbde3f8 [0x1000], NewProtect=2, OldProtect=0xbde398 [4] ) => 0
NtQueryInformationThread( ThreadHandle=-2, ThreadInformationClass=0x1d [ThreadWow64Context], ThreadInformation=0xb7dd20, Length=0x2cc, ReturnLength=null ) => 0
6774:651c @ 118014765 - LdrpMergeNodes - INFO: Merging a cycle rooted at GDI32.dll.
NtQueryInformationThread( ThreadHandle=-2, ThreadInformationClass=0x1d [ThreadWow64Context], ThreadInformation=0xb7dd20, Length=0x2cc, ReturnLength=null ) => 0
6774:651c @ 118014765 - LdrpMergeNodes - INFO: Adding cyclic module gdi32full.dll.
NtQueryInformationThread( ThreadHandle=-2, ThreadInformationClass=0x1d [ThreadWow64Context], ThreadInformation=0xb7dd20, Length=0x2cc, ReturnLength=null ) => 0
6774:651c @ 118014765 - LdrpMergeNodes - INFO: Adding cyclic module USER32.dll.
NtApphelpCacheControl( ServiceClass=6, ServiceData="" ) => 0
NtApphelpCacheControl( ServiceClass=6, ServiceData="" ) => 0
NtApphelpCacheControl( ServiceClass=6, ServiceData="" ) => 0
NtApphelpCacheControl( ServiceClass=6, ServiceData="" ) => 0
NtApphelpCacheControl( ServiceClass=6, ServiceData="" ) => 0
NtApphelpCacheControl( ServiceClass=6, ServiceData="" ) => 0
NtApphelpCacheControl( ServiceClass=6, ServiceData="" ) => 0
NtApphelpCacheControl( ServiceClass=6, ServiceData="" ) => 0
NtApphelpCacheControl( ServiceClass=6, ServiceData="" ) => 0
NtApphelpCacheControl( ServiceClass=6, ServiceData="" ) => 0
NtApphelpCacheControl( ServiceClass=6, ServiceData="" ) => 0
NtApphelpCacheControl( ServiceClass=6, ServiceData="" ) => 0
NtApphelpCacheControl( ServiceClass=6, ServiceData="" ) => 0
NtApphelpCacheControl( ServiceClass=6, ServiceData="" ) => 0
NtApphelpCacheControl( ServiceClass=6, ServiceData="" ) => 0
NtApphelpCacheControl( ServiceClass=6, ServiceData="" ) => 0
NtApphelpCacheControl( ServiceClass=6, ServiceData="" ) => 0
NtApphelpCacheControl( ServiceClass=6, ServiceData="" ) => 0
NtApphelpCacheControl( ServiceClass=6, ServiceData="" ) => 0
NtSetInformationVirtualMemory( ProcessHandle=-1, VmInformationClass=4, NumberOfEntries=1, VirtualAddresses=0xb7eb70, VmInformation=0xd7f7b4, VmInformationLength=4 ) => 0xc00000bb [50 'The request is not supported.']
NtQueryInformationThread( ThreadHandle=-2, ThreadInformationClass=0x1d [ThreadWow64Context], ThreadInformation=0xb7dd20, Length=0x2cc, ReturnLength=null ) => 0
6774:651c @ 118014765 - LdrpInitializeNode - INFO: Calling init routine 5933CB13 for DLL "C:\Program Files (x86)\Microsoft Xbox 360 SDK\bin\win32\MSVCR100.dll"
NtAllocateVirtualMemory( ProcessHandle=-1, lpAddress=0xb7e2b0 [0x00b00000], ZeroBits=0x7ffeffff, pSize=0xb7e2a0 [0x00010000], flAllocationType=0x2000, flProtect=4 ) => 0
NtAllocateVirtualMemory( ProcessHandle=-1, lpAddress=0xb7e2b0 [0x00b00000], ZeroBits=0, pSize=0xb7e2a0 [0x1000], flAllocationType=0x1000, flProtect=4 ) => 0
NtQueryInformationThread( ThreadHandle=-2, ThreadInformationClass=0x1d [ThreadWow64Context], ThreadInformation=0xb7dd20, Length=0x2cc, ReturnLength=null ) => 0
6774:651c @ 118014765 - LdrGetDllHandleEx - ENTER: DLL name: KERNEL32.DLL
NtQueryInformationThread( ThreadHandle=-2, ThreadInformationClass=0x1d [ThreadWow64Context], ThreadInformation=0xb7dd20, Length=0x2cc, ReturnLength=null ) => 0
6774:651c @ 118014765 - LdrpFindLoadedDllInternal - RETURN: Status: 0x00000000
NtQueryInformationThread( ThreadHandle=-2, ThreadInformationClass=0x1d [ThreadWow64Context], ThreadInformation=0xb7dd20, Length=0x2cc, ReturnLength=null ) => 0
6774:651c @ 118014765 - LdrGetDllHandleEx - RETURN: Status: 0x00000000
NtQueryInformationThread( ThreadHandle=-2, ThreadInformationClass=0x1d [ThreadWow64Context], ThreadInformation=0xb7dd20, Length=0x2cc, ReturnLength=null ) => 0
6774:651c @ 118014765 - LdrpGetProcedureAddress - INFO: Locating procedure "FlsAlloc" by name
NtQueryInformationThread( ThreadHandle=-2, ThreadInformationClass=0x1d [ThreadWow64Context], ThreadInformation=0xb7dd20, Length=0x2cc, ReturnLength=null ) => 0
6774:651c @ 118014765 - LdrpGetProcedureAddress - INFO: Locating procedure "FlsGetValue" by name
NtQueryInformationThread( ThreadHandle=-2, ThreadInformationClass=0x1d [ThreadWow64Context], ThreadInformation=0xb7dd20, Length=0x2cc, ReturnLength=null ) => 0
6774:651c @ 118014765 - LdrpGetProcedureAddress - INFO: Locating procedure "FlsSetValue" by name
NtQueryInformationThread( ThreadHandle=-2, ThreadInformationClass=0x1d [ThreadWow64Context], ThreadInformation=0xb7dd20, Length=0x2cc, ReturnLength=null ) => 0
6774:651c @ 118014765 - LdrpGetProcedureAddress - INFO: Locating procedure "FlsFree" by name
NtQueryInformationThread( ThreadHandle=-2, ThreadInformationClass=0x1d [ThreadWow64Context], ThreadInformation=0xb7dd20, Length=0x2cc, ReturnLength=null ) => 0
6774:651c @ 118014765 - LdrGetDllHandleEx - ENTER: DLL name: KERNEL32.DLL
NtQueryInformationThread( ThreadHandle=-2, ThreadInformationClass=0x1d [ThreadWow64Context], ThreadInformation=0xb7dd20, Length=0x2cc, ReturnLength=null ) => 0
6774:651c @ 118014765 - LdrpFindLoadedDllInternal - RETURN: Status: 0x00000000
NtQueryInformationThread( ThreadHandle=-2, ThreadInformationClass=0x1d [ThreadWow64Context], ThreadInformation=0xb7dd20, Length=0x2cc, ReturnLength=null ) => 0
6774:651c @ 118014765 - LdrGetDllHandleEx - RETURN: Status: 0x00000000
NtQueryVolumeInformationFile( FileHandle=0x58, IoStatusBlock=0xb7e2c8 [0/8], FsInformation=0xd7f630, Length=8, FsInformationClass=4 [FsDeviceInformation] ) => 0
NtQueryVolumeInformationFile( FileHandle=0x1ac, IoStatusBlock=0xb7e2c8 [0/8], FsInformation=0xd7f630, Length=8, FsInformationClass=4 [FsDeviceInformation] ) => 0
NtQueryVolumeInformationFile( FileHandle=0x60, IoStatusBlock=0xb7e2c8 [0/8], FsInformation=0xd7f630, Length=8, FsInformationClass=4 [FsDeviceInformation] ) => 0
NtAllocateVirtualMemory( ProcessHandle=-1, lpAddress=0xb7e2b0 [0x0127a000], ZeroBits=0, pSize=0xb7e2a0 [0x5000], flAllocationType=0x1000, flProtect=4 ) => 0
NtAllocateVirtualMemory( ProcessHandle=-1, lpAddress=0xb7e2b0 [0x00b01000], ZeroBits=0, pSize=0xb7e2a0 [0x3000], flAllocationType=0x1000, flProtect=4 ) => 0
NtAllocateVirtualMemory( ProcessHandle=-1, lpAddress=0xb7e2b0 [0x00b04000], ZeroBits=0, pSize=0xb7e2a0 [0x1000], flAllocationType=0x1000, flProtect=4 ) => 0
NtAllocateVirtualMemory( ProcessHandle=-1, lpAddress=0xb7e2b0 [0x00b05000], ZeroBits=0, pSize=0xb7e2a0 [0x1000], flAllocationType=0x1000, flProtect=4 ) => 0
NtAllocateVirtualMemory( ProcessHandle=-1, lpAddress=0xb7e2b0 [0x00b06000], ZeroBits=0, pSize=0xb7e2a0 [0x2000], flAllocationType=0x1000, flProtect=4 ) => 0
NtAllocateVirtualMemory( ProcessHandle=-1, lpAddress=0xb7e2b0 [0x00b08000], ZeroBits=0, pSize=0xb7e2a0 [0x2000], flAllocationType=0x1000, flProtect=4 ) => 0
NtOpenKeyEx( KeyHandle=0xb7e228 [0xf4], DesiredAccess=0x9, ObjectAttributes="\Registry\Machine\SYSTEM\CurrentControlSet\Control\Session Manager", OpenOptions=0 ) => 0
NtSetInformationKey( KeyHandle=0xf4, KeySetInformationClass=5 [KeySetHandleTagsInformation], KeyInformation=0xb7e220, Length=4 ) => 0
NtQueryValueKey( KeyHandle=0xf4, ValueName="ResourcePolicies", KeyValueInformationClass=2 [KeyValuePartialInformation], KeyValueInformation=0xd7f320, Length=0x18, ResultLength=0xd7f300 ) => 0xc0000034 [2 'The system cannot find the file specified.']
NtAllocateVirtualMemory( ProcessHandle=-1, lpAddress=0xb7e2b0 [0x011e0000], ZeroBits=0x7ffeffff, pSize=0xb7e2a0 [0x0006a000], flAllocationType=0x2000, flProtect=4 ) => 0
NtAllocateVirtualMemory( ProcessHandle=-1, lpAddress=0xb7e2b0 [0x011e0000], ZeroBits=0, pSize=0xb7e2a0 [0x1000], flAllocationType=0x1000, flProtect=4 ) => 0
NtQueryInformationThread( ThreadHandle=-2, ThreadInformationClass=1 [ThreadTimes], ThreadInformation=0xb7eb60, Length=0x20, ReturnLength=0xb7e2b8 [0x20] ) => 0
NtSetInformationVirtualMemory( ProcessHandle=-1, VmInformationClass=4, NumberOfEntries=1, VirtualAddresses=0xb7eb70, VmInformation=0xd7f78c, VmInformationLength=4 ) => 0xc00000bb [50 'The request is not supported.']
NtQueryInformationThread( ThreadHandle=-2, ThreadInformationClass=0x1d [ThreadWow64Context], ThreadInformation=0xb7dd20, Length=0x2cc, ReturnLength=null ) => 0
6774:651c @ 118014765 - LdrpInitializeNode - INFO: Calling init routine 76A0BA30 for DLL "C:\Windows\System32\ucrtbase.dll"
NtQueryInformationThread( ThreadHandle=-2, ThreadInformationClass=0x1d [ThreadWow64Context], ThreadInformation=0xb7dd20, Length=0x2cc, ReturnLength=null ) => 0
6774:651c @ 118014765 - LdrLoadDll - ENTER: DLL name: api-ms-win-core-synch-l1-2-0
NtQueryInformationThread( ThreadHandle=-2, ThreadInformationClass=0x1d [ThreadWow64Context], ThreadInformation=0xb7dd20, Length=0x2cc, ReturnLength=null ) => 0
6774:651c @ 118014765 - LdrpPreprocessDllName - INFO: DLL api-ms-win-core-synch-l1-2-0 was redirected to C:\Windows\SYSTEM32\kernelbase.dll by API set
NtQueryInformationThread( ThreadHandle=-2, ThreadInformationClass=0x1d [ThreadWow64Context], ThreadInformation=0xb7dd20, Length=0x2cc, ReturnLength=null ) => 0
6774:651c @ 118014765 - LdrpLoadDllInternal - ENTER: DLL name: C:\Windows\SYSTEM32\kernelbase.dll
NtQueryInformationThread( ThreadHandle=-2, ThreadInformationClass=0x1d [ThreadWow64Context], ThreadInformation=0xb7dd20, Length=0x2cc, ReturnLength=null ) => 0
6774:651c @ 118014765 - LdrpLoadDllInternal - RETURN: Status: 0x00000000
NtQueryInformationThread( ThreadHandle=-2, ThreadInformationClass=0x1d [ThreadWow64Context], ThreadInformation=0xb7dd20, Length=0x2cc, ReturnLength=null ) => 0
6774:651c @ 118014765 - LdrLoadDll - RETURN: Status: 0x00000000
NtQueryInformationThread( ThreadHandle=-2, ThreadInformationClass=0x1d [ThreadWow64Context], ThreadInformation=0xb7dd20, Length=0x2cc, ReturnLength=null ) => 0
6774:651c @ 118014765 - LdrpGetProcedureAddress - INFO: Locating procedure "InitializeCriticalSectionEx" by name
NtQueryInformationThread( ThreadHandle=-2, ThreadInformationClass=0x1d [ThreadWow64Context], ThreadInformation=0xb7dd20, Length=0x2cc, ReturnLength=null ) => 0
6774:651c @ 118014765 - LdrLoadDll - ENTER: DLL name: api-ms-win-core-fibers-l1-1-1
NtQueryInformationThread( ThreadHandle=-2, ThreadInformationClass=0x1d [ThreadWow64Context], ThreadInformation=0xb7dd20, Length=0x2cc, ReturnLength=null ) => 0
6774:651c @ 118014765 - LdrpPreprocessDllName - INFO: DLL api-ms-win-core-fibers-l1-1-1 was redirected to C:\Windows\SYSTEM32\kernelbase.dll by API set
NtQueryInformationThread( ThreadHandle=-2, ThreadInformationClass=0x1d [ThreadWow64Context], ThreadInformation=0xb7dd20, Length=0x2cc, ReturnLength=null ) => 0
6774:651c @ 118014765 - LdrpLoadDllInternal - ENTER: DLL name: C:\Windows\SYSTEM32\kernelbase.dll
NtQueryInformationThread( ThreadHandle=-2, ThreadInformationClass=0x1d [ThreadWow64Context], ThreadInformation=0xb7dd20, Length=0x2cc, ReturnLength=null ) => 0
6774:651c @ 118014765 - LdrpLoadDllInternal - RETURN: Status: 0x00000000
NtQueryInformationThread( ThreadHandle=-2, ThreadInformationClass=0x1d [ThreadWow64Context], ThreadInformation=0xb7dd20, Length=0x2cc, ReturnLength=null ) => 0
6774:651c @ 118014765 - LdrLoadDll - RETURN: Status: 0x00000000
NtQueryInformationThread( ThreadHandle=-2, ThreadInformationClass=0x1d [ThreadWow64Context], ThreadInformation=0xb7dd20, Length=0x2cc, ReturnLength=null ) => 0
6774:651c @ 118014765 - LdrpGetProcedureAddress - INFO: Locating procedure "FlsAlloc" by name
NtQueryInformationThread( ThreadHandle=-2, ThreadInformationClass=0x1d [ThreadWow64Context], ThreadInformation=0xb7dd20, Length=0x2cc, ReturnLength=null ) => 0
6774:651c @ 118014765 - LdrpGetProcedureAddress - INFO: Locating procedure "FlsSetValue" by name
NtQueryInformationThread( ThreadHandle=-2, ThreadInformationClass=0x1d [ThreadWow64Context], ThreadInformation=0xb7dd20, Length=0x2cc, ReturnLength=null ) => 0
6774:651c @ 118014765 - LdrLoadDll - ENTER: DLL name: api-ms-win-core-fibers-l1-1-1
NtQueryInformationThread( ThreadHandle=-2, ThreadInformationClass=0x1d [ThreadWow64Context], ThreadInformation=0xb7dd20, Length=0x2cc, ReturnLength=null ) => 0
6774:651c @ 118014765 - LdrpPreprocessDllName - INFO: DLL api-ms-win-core-fibers-l1-1-1 was redirected to C:\Windows\SYSTEM32\kernelbase.dll by API set
NtQueryInformationThread( ThreadHandle=-2, ThreadInformationClass=0x1d [ThreadWow64Context], ThreadInformation=0xb7dd20, Length=0x2cc, ReturnLength=null ) => 0
6774:651c @ 118014765 - LdrpLoadDllInternal - ENTER: DLL name: C:\Windows\SYSTEM32\kernelbase.dll
NtQueryInformationThread( ThreadHandle=-2, ThreadInformationClass=0x1d [ThreadWow64Context], ThreadInformation=0xb7dd20, Length=0x2cc, ReturnLength=null ) => 0
6774:651c @ 118014765 - LdrpLoadDllInternal - RETURN: Status: 0x00000000
NtQueryInformationThread( ThreadHandle=-2, ThreadInformationClass=0x1d [ThreadWow64Context], ThreadInformation=0xb7dd20, Length=0x2cc, ReturnLength=null ) => 0
6774:651c @ 118014765 - LdrLoadDll - RETURN: Status: 0x00000000
NtQueryInformationThread( ThreadHandle=-2, ThreadInformationClass=0x1d [ThreadWow64Context], ThreadInformation=0xb7dd20, Length=0x2cc, ReturnLength=null ) => 0
6774:651c @ 118014765 - LdrpGetProcedureAddress - INFO: Locating procedure "FlsAlloc" by name
NtQueryInformationThread( ThreadHandle=-2, ThreadInformationClass=0x1d [ThreadWow64Context], ThreadInformation=0xb7dd20, Length=0x2cc, ReturnLength=null ) => 0
6774:651c @ 118014765 - LdrLoadDll - ENTER: DLL name: api-ms-win-core-synch-l1-2-0
NtQueryInformationThread( ThreadHandle=-2, ThreadInformationClass=0x1d [ThreadWow64Context], ThreadInformation=0xb7dd20, Length=0x2cc, ReturnLength=null ) => 0
6774:651c @ 118014765 - LdrpPreprocessDllName - INFO: DLL api-ms-win-core-synch-l1-2-0 was redirected to C:\Windows\SYSTEM32\kernelbase.dll by API set
NtQueryInformationThread( ThreadHandle=-2, ThreadInformationClass=0x1d [ThreadWow64Context], ThreadInformation=0xb7dd20, Length=0x2cc, ReturnLength=null ) => 0
6774:651c @ 118014765 - LdrpLoadDllInternal - ENTER: DLL name: C:\Windows\SYSTEM32\kernelbase.dll
NtQueryInformationThread( ThreadHandle=-2, ThreadInformationClass=0x1d [ThreadWow64Context], ThreadInformation=0xb7dd20, Length=0x2cc, ReturnLength=null ) => 0
6774:651c @ 118014765 - LdrpLoadDllInternal - RETURN: Status: 0x00000000
NtQueryInformationThread( ThreadHandle=-2, ThreadInformationClass=0x1d [ThreadWow64Context], ThreadInformation=0xb7dd20, Length=0x2cc, ReturnLength=null ) => 0
6774:651c @ 118014765 - LdrLoadDll - RETURN: Status: 0x00000000
NtQueryInformationThread( ThreadHandle=-2, ThreadInformationClass=0x1d [ThreadWow64Context], ThreadInformation=0xb7dd20, Length=0x2cc, ReturnLength=null ) => 0
6774:651c @ 118014765 - LdrpGetProcedureAddress - INFO: Locating procedure "InitializeCriticalSectionEx" by name
NtQueryInformationThread( ThreadHandle=-2, ThreadInformationClass=0x1d [ThreadWow64Context], ThreadInformation=0xb7dd20, Length=0x2cc, ReturnLength=null ) => 0
6774:651c @ 118014765 - LdrpGetProcedureAddress - INFO: Locating procedure "FlsGetValue" by name
NtQueryInformationThread( ThreadHandle=-2, ThreadInformationClass=0x1d [ThreadWow64Context], ThreadInformation=0xb7dd20, Length=0x2cc, ReturnLength=null ) => 0
6774:651c @ 118014765 - LdrpGetProcedureAddress - INFO: Locating procedure "FlsSetValue" by name
NtQueryVolumeInformationFile( FileHandle=0x58, IoStatusBlock=0xb7e2c8 [0/8], FsInformation=0xd7f630, Length=8, FsInformationClass=4 [FsDeviceInformation] ) => 0
NtQueryVolumeInformationFile( FileHandle=0x1ac, IoStatusBlock=0xb7e2c8 [0/8], FsInformation=0xd7f630, Length=8, FsInformationClass=4 [FsDeviceInformation] ) => 0
NtQueryVolumeInformationFile( FileHandle=0x60, IoStatusBlock=0xb7e2c8 [0/8], FsInformation=0xd7f630, Length=8, FsInformationClass=4 [FsDeviceInformation] ) => 0
NtQueryInformationThread( ThreadHandle=-2, ThreadInformationClass=0x1d [ThreadWow64Context], ThreadInformation=0xb7dd20, Length=0x2cc, ReturnLength=null ) => 0
6774:651c @ 118014765 - LdrLoadDll - ENTER: DLL name: api-ms-win-core-localization-l1-2-1
NtQueryInformationThread( ThreadHandle=-2, ThreadInformationClass=0x1d [ThreadWow64Context], ThreadInformation=0xb7dd20, Length=0x2cc, ReturnLength=null ) => 0
6774:651c @ 118014765 - LdrpPreprocessDllName - INFO: DLL api-ms-win-core-localization-l1-2-1 was redirected to C:\Windows\SYSTEM32\kernelbase.dll by API set
NtQueryInformationThread( ThreadHandle=-2, ThreadInformationClass=0x1d [ThreadWow64Context], ThreadInformation=0xb7dd20, Length=0x2cc, ReturnLength=null ) => 0
6774:651c @ 118014765 - LdrpLoadDllInternal - ENTER: DLL name: C:\Windows\SYSTEM32\kernelbase.dll
NtQueryInformationThread( ThreadHandle=-2, ThreadInformationClass=0x1d [ThreadWow64Context], ThreadInformation=0xb7dd20, Length=0x2cc, ReturnLength=null ) => 0
6774:651c @ 118014765 - LdrpLoadDllInternal - RETURN: Status: 0x00000000
NtQueryInformationThread( ThreadHandle=-2, ThreadInformationClass=0x1d [ThreadWow64Context], ThreadInformation=0xb7dd20, Length=0x2cc, ReturnLength=null ) => 0
6774:651c @ 118014765 - LdrLoadDll - RETURN: Status: 0x00000000
NtQueryInformationThread( ThreadHandle=-2, ThreadInformationClass=0x1d [ThreadWow64Context], ThreadInformation=0xb7dd20, Length=0x2cc, ReturnLength=null ) => 0
6774:651c @ 118014765 - LdrpGetProcedureAddress - INFO: Locating procedure "LCMapStringEx" by name
NtAllocateVirtualMemory( ProcessHandle=-1, lpAddress=0xb7e2b0 [0x0127f000], ZeroBits=0, pSize=0xb7e2a0 [0x3000], flAllocationType=0x1000, flProtect=4 ) => 0
NtAllocateVirtualMemory( ProcessHandle=-1, lpAddress=0xb7e2b0 [0x00d81000], ZeroBits=0, pSize=0xb7e2a0 [0x1000], flAllocationType=0x1000, flProtect=4 ) => 0
NtSetInformationVirtualMemory( ProcessHandle=-1, VmInformationClass=4, NumberOfEntries=1, VirtualAddresses=0xb7eb70, VmInformation=0xd7f78c, VmInformationLength=4 ) => 0xc00000bb [50 'The request is not supported.']
NtQueryInformationThread( ThreadHandle=-2, ThreadInformationClass=0x1d [ThreadWow64Context], ThreadInformation=0xb7dd20, Length=0x2cc, ReturnLength=null ) => 0
6774:651c @ 118014765 - LdrpInitializeNode - INFO: Calling init routine 76CAAC50 for DLL "C:\Windows\System32\RPCRT4.dll"
NtSetInformationVirtualMemory( ProcessHandle=-1, VmInformationClass=4, NumberOfEntries=1, VirtualAddresses=0xb7eb70, VmInformation=0xd7f78c, VmInformationLength=4 ) => 0xc00000bb [50 'The request is not supported.']
NtQueryInformationThread( ThreadHandle=-2, ThreadInformationClass=0x1d [ThreadWow64Context], ThreadInformation=0xb7dd20, Length=0x2cc, ReturnLength=null ) => 0
6774:651c @ 118014765 - LdrpInitializeNode - INFO: Calling init routine 752CB510 for DLL "C:\Windows\System32\combase.dll"
NtQueryInformationThread( ThreadHandle=-2, ThreadInformationClass=0x1d [ThreadWow64Context], ThreadInformation=0xb7dd20, Length=0x2cc, ReturnLength=null ) => 0
6774:651c @ 118014765 - LdrGetDllHandleEx - ENTER: DLL name: api-ms-win-core-synch-l1-2-0.dll
NtQueryInformationThread( ThreadHandle=-2, ThreadInformationClass=0x1d [ThreadWow64Context], ThreadInformation=0xb7dd20, Length=0x2cc, ReturnLength=null ) => 0
6774:651c @ 118014765 - LdrpPreprocessDllName - INFO: DLL api-ms-win-core-synch-l1-2-0.dll was redirected to C:\Windows\SYSTEM32\kernelbase.dll by API set
NtQueryInformationThread( ThreadHandle=-2, ThreadInformationClass=0x1d [ThreadWow64Context], ThreadInformation=0xb7dd20, Length=0x2cc, ReturnLength=null ) => 0
6774:651c @ 118014765 - LdrpFindLoadedDllInternal - RETURN: Status: 0x00000000
NtQueryInformationThread( ThreadHandle=-2, ThreadInformationClass=0x1d [ThreadWow64Context], ThreadInformation=0xb7dd20, Length=0x2cc, ReturnLength=null ) => 0
6774:651c @ 118014765 - LdrGetDllHandleEx - RETURN: Status: 0x00000000
NtQueryInformationThread( ThreadHandle=-2, ThreadInformationClass=0x1d [ThreadWow64Context], ThreadInformation=0xb7dd20, Length=0x2cc, ReturnLength=null ) => 0
6774:651c @ 118014765 - LdrpGetProcedureAddress - INFO: Locating procedure "InitializeConditionVariable" by name
NtQueryInformationThread( ThreadHandle=-2, ThreadInformationClass=0x1d [ThreadWow64Context], ThreadInformation=0xb7dd20, Length=0x2cc, ReturnLength=null ) => 0
6774:651c @ 118014765 - LdrpLoadDllInternal - ENTER: DLL name: NTDLL.DLL
NtQueryInformationThread( ThreadHandle=-2, ThreadInformationClass=0x1d [ThreadWow64Context], ThreadInformation=0xb7dd20, Length=0x2cc, ReturnLength=null ) => 0
6774:651c @ 118014765 - LdrpLoadDllInternal - RETURN: Status: 0x00000000
NtQueryInformationThread( ThreadHandle=-2, ThreadInformationClass=0x1d [ThreadWow64Context], ThreadInformation=0xb7dd20, Length=0x2cc, ReturnLength=null ) => 0
6774:651c @ 118014765 - LdrpGetProcedureAddress - INFO: Locating procedure "RtlInitializeConditionVariable" by name
NtQueryInformationThread( ThreadHandle=-2, ThreadInformationClass=0x1d [ThreadWow64Context], ThreadInformation=0xb7dd20, Length=0x2cc, ReturnLength=null ) => 0
6774:651c @ 118014765 - LdrpGetProcedureAddress - INFO: Locating procedure "SleepConditionVariableCS" by name
NtQueryInformationThread( ThreadHandle=-2, ThreadInformationClass=0x1d [ThreadWow64Context], ThreadInformation=0xb7dd20, Length=0x2cc, ReturnLength=null ) => 0
6774:651c @ 118014765 - LdrpGetProcedureAddress - INFO: Locating procedure "WakeAllConditionVariable" by name
NtQueryInformationThread( ThreadHandle=-2, ThreadInformationClass=0x1d [ThreadWow64Context], ThreadInformation=0xb7dd20, Length=0x2cc, ReturnLength=null ) => 0
6774:651c @ 118014765 - LdrpLoadDllInternal - ENTER: DLL name: NTDLL.DLL
NtQueryInformationThread( ThreadHandle=-2, ThreadInformationClass=0x1d [ThreadWow64Context], ThreadInformation=0xb7dd20, Length=0x2cc, ReturnLength=null ) => 0
6774:651c @ 118014765 - LdrpLoadDllInternal - RETURN: Status: 0x00000000
NtQueryInformationThread( ThreadHandle=-2, ThreadInformationClass=0x1d [ThreadWow64Context], ThreadInformation=0xb7dd20, Length=0x2cc, ReturnLength=null ) => 0
6774:651c @ 118014765 - LdrpGetProcedureAddress - INFO: Locating procedure "RtlWakeAllConditionVariable" by name
NtOpenKeyEx( KeyHandle=0xb7e228 [0xe4], DesiredAccess=MAXIMUM_ALLOWED, ObjectAttributes="\REGISTRY\MACHINE", OpenOptions=0 ) => 0
NtQueryObject( ObjectHandle=0xe4, ObjectInformationClass=1 [ObjectNameInformation], ObjectInformation=0xb7dfd0, Length=0x210, ReturnLength=null ) => 0
NtQueryKey( KeyHandle=0xe4, KeyInformationClass=7 [KeyHandleTagsInformation], KeyInformation=0xb7e228, Length=4, ResultLength=0xb7e1c4 [4] ) => 0
NtQueryKey( KeyHandle=0xe4, KeyInformationClass=3 [KeyNameInformation], KeyInformation=0x1127270, Length=0x818, ResultLength=0xb7e1c0 [0x26] ) => 0
NtOpenKeyEx( KeyHandle=0xb7e240 [0xf4], DesiredAccess=KEY_READ, ObjectAttributes="\REGISTRY\MACHINE\SOFTWARE\WOW6432Node\Microsoft\OLE", OpenOptions=0 ) => 0
NtSetInformationKey( KeyHandle=0xf4, KeySetInformationClass=5 [KeySetHandleTagsInformation], KeyInformation=0xb7e2f8, Length=4 ) => 0
NtQueryValueKey( KeyHandle=0xf4, ValueName="PageAllocatorUseSystemHeap", KeyValueInformationClass=2 [KeyValuePartialInformation], KeyValueInformation=0x1126910, Length=0x14, ResultLength=0xd7f47c ) => 0xc0000034 [2 'The system cannot find the file specified.']
NtQueryObject( ObjectHandle=0xe4, ObjectInformationClass=1 [ObjectNameInformation], ObjectInformation=0xb7dfd0, Length=0x210, ReturnLength=null ) => 0
NtQueryKey( KeyHandle=0xe4, KeyInformationClass=7 [KeyHandleTagsInformation], KeyInformation=0xb7e228, Length=4, ResultLength=0xb7e1c4 [4] ) => 0
NtQueryKey( KeyHandle=0xe4, KeyInformationClass=3 [KeyNameInformation], KeyInformation=0x1127270, Length=0x818, ResultLength=0xb7e1c0 [0x26] ) => 0
NtOpenKeyEx( KeyHandle=0xb7e240 [0xf4], DesiredAccess=KEY_READ, ObjectAttributes="\REGISTRY\MACHINE\SOFTWARE\WOW6432Node\Microsoft\OLE", OpenOptions=0 ) => 0
NtSetInformationKey( KeyHandle=0xf4, KeySetInformationClass=5 [KeySetHandleTagsInformation], KeyInformation=0xb7e2f8, Length=4 ) => 0
NtQueryValueKey( KeyHandle=0xf4, ValueName="PageAllocatorSystemHeapIsPrivate", KeyValueInformationClass=2 [KeyValuePartialInformation], KeyValueInformation=0x1126910, Length=0x14, ResultLength=0xd7f47c ) => 0xc0000034 [2 'The system cannot find the file specified.']
NtQueryObject( ObjectHandle=0xe4, ObjectInformationClass=1 [ObjectNameInformation], ObjectInformation=0xb7dfd0, Length=0x210, ReturnLength=null ) => 0
NtQueryKey( KeyHandle=0xe4, KeyInformationClass=7 [KeyHandleTagsInformation], KeyInformation=0xb7e228, Length=4, ResultLength=0xb7e1c4 [4] ) => 0
NtQueryKey( KeyHandle=0xe4, KeyInformationClass=3 [KeyNameInformation], KeyInformation=0x1127270, Length=0x818, ResultLength=0xb7e1c0 [0x26] ) => 0
NtOpenKeyEx( KeyHandle=0xb7e240 [0xec], DesiredAccess=KEY_READ, ObjectAttributes="\REGISTRY\MACHINE\SOFTWARE\WOW6432Node\Microsoft\OLE", OpenOptions=0 ) => 0
NtSetInformationKey( KeyHandle=0xec, KeySetInformationClass=5 [KeySetHandleTagsInformation], KeyInformation=0xb7e2f8, Length=4 ) => 0
NtQueryValueKey( KeyHandle=0xec, ValueName="AggressiveMTATesting", KeyValueInformationClass=2 [KeyValuePartialInformation], KeyValueInformation=0xd7f4a8, Length=0x10, ResultLength=0xd7f488 ) => 0xc0000034 [2 'The system cannot find the file specified.']
NtQueryInformationThread( ThreadHandle=-2, ThreadInformationClass=0x1d [ThreadWow64Context], ThreadInformation=0xb7dd20, Length=0x2cc, ReturnLength=null ) => 0
6774:651c @ 118014765 - LdrGetDllHandleEx - ENTER: DLL name: ntdll.dll
NtQueryInformationThread( ThreadHandle=-2, ThreadInformationClass=0x1d [ThreadWow64Context], ThreadInformation=0xb7dd20, Length=0x2cc, ReturnLength=null ) => 0
6774:651c @ 118014765 - LdrpFindLoadedDllInternal - RETURN: Status: 0x00000000
NtQueryInformationThread( ThreadHandle=-2, ThreadInformationClass=0x1d [ThreadWow64Context], ThreadInformation=0xb7dd20, Length=0x2cc, ReturnLength=null ) => 0
6774:651c @ 118014765 - LdrGetDllHandleEx - RETURN: Status: 0x00000000
NtQueryInformationThread( ThreadHandle=-2, ThreadInformationClass=0x1d [ThreadWow64Context], ThreadInformation=0xb7dd20, Length=0x2cc, ReturnLength=null ) => 0
6774:651c @ 118014765 - LdrpGetProcedureAddress - INFO: Locating procedure "RtlRegisterFeatureConfigurationChangeNotification" by name
NtQueryWnfStateData( StateName=0xd7f504 [0xa3bc0875], TypeId=0xd7f554, ExplicitScope=null, ChangeStamp=0xd7f4fc [0x10], Buffer=0xd7e4e0, BufferSize=0xd7f500 [8] ) => 0
NtCreateEvent( EventHandle=0xb7e2f8 [0xec], DesiredAccess=DELETE|READ_CONTROL|WRITE_DAC|WRITE_OWNER|SYNCHRONIZE|0x3, ObjectAttributes=null, EventType=1 [SynchronizationEvent], InitialState=false ) => 0
NtCreateWaitCompletionPacket( WaitCompletionPacketHandle=0xb7e2f8 [0xdc], DesiredAccess=0x1, ObjectAttributes=null ) => 0
NtSetWnfProcessNotificationEvent( NotificationEvent=0xec ) => 0
NtAssociateWaitCompletionPacket( WaitCompletionPacketHandle=0xdc, IoCompletionHandle=0x6c, TargetObjectHandle=0xec, KeyContext=0x1278760, ApcContext=0x1278668, IoStatus=0, IoStatusInformation=0, AlreadySignaled=0xd7f473 [0xd7f49400] ) => 0
NtSubscribeWnfStateChange( StateName=0x127a7b8 [0xa3bc0875], ChangeStamp=0x10, EventMask=0x11, SubscriptionId=0xb7e2d0 [0x00029a52] ) => 0
NtQueryInformationThread( ThreadHandle=-2, ThreadInformationClass=0x1d [ThreadWow64Context], ThreadInformation=0xb7dd20, Length=0x2cc, ReturnLength=null ) => 0
6774:651c @ 118014765 - LdrpGetProcedureAddress - INFO: Locating procedure "NtQueryWnfStateData" by name
NtQueryWnfStateData( StateName=0xd7f590 [0xa3bc7c75], TypeId=null, ExplicitScope=null, ChangeStamp=0xd7f58c [0], Buffer=null, BufferSize=0xd7f588 [0] ) => 0
NtQueryInformationThread( ThreadHandle=-2, ThreadInformationClass=0x1d [ThreadWow64Context], ThreadInformation=0xb7dd20, Length=0x2cc, ReturnLength=null ) => 0
6774:651c @ 118014765 - LdrpGetProcedureAddress - INFO: Locating procedure "RtlSubscribeWnfStateChangeNotification" by name
NtSubscribeWnfStateChange( StateName=0x127a8c8 [0xa3bc7c75], ChangeStamp=0, EventMask=0x11, SubscriptionId=0xb7e2d0 [0x00029a53] ) => 0
NtQueryWnfStateData( StateName=0xd7f590 [0xa3bc88f5], TypeId=null, ExplicitScope=null, ChangeStamp=0xd7f58c [0], Buffer=null, BufferSize=0xd7f588 [0] ) => 0
NtSubscribeWnfStateChange( StateName=0x127a940 [0xa3bc88f5], ChangeStamp=0, EventMask=0x11, SubscriptionId=0xb7e2d0 [0x00029a54] ) => 0
NtQueryInformationThread( ThreadHandle=-2, ThreadInformationClass=0x1d [ThreadWow64Context], ThreadInformation=0xb7dd20, Length=0x2cc, ReturnLength=null ) => 0
6774:651c @ 118014765 - LdrpGetProcedureAddress - INFO: Locating procedure "RtlDisownModuleHeapAllocation" by name
NtQueryInformationThread( ThreadHandle=-2, ThreadInformationClass=0x1d [ThreadWow64Context], ThreadInformation=0xb7dd20, Length=0x2cc, ReturnLength=null ) => 0
6774:651c @ 118014765 - LdrpGetProcedureAddress - INFO: Locating procedure "RtlQueryFeatureConfiguration" by name
NtQuerySystemInformationEx( SystemInformationClass=0xd3, QueryType=0xd7f400 [0], Alignment=0x18, SystemInformation=0xb7eb30, Length=0x50, ReturnLength=0xb7e2b8 [0x50] ) => 0
NtMapViewOfSection( SectionHandle=0xf4, ProcessHandle=-1, BaseAddress=0xb7e2b0 [0x00b10000], ZeroBits=0x7ffeffff, CommitSize=0, SectionOffset=null, ViewSize=0xb7e260 [0x1000], InheritDisposition=2 [ViewUnmap], AllocationType=0, Protect=2 ) => 0
NtMapViewOfSection( SectionHandle=0xf8, ProcessHandle=-1, BaseAddress=0xb7e2b0 [0x00be0000], ZeroBits=0x7ffeffff, CommitSize=0, SectionOffset=null, ViewSize=0xb7e260 [0x1000], InheritDisposition=2 [ViewUnmap], AllocationType=0, Protect=2 ) => 0
NtMapViewOfSection( SectionHandle=0xd8, ProcessHandle=-1, BaseAddress=0xb7e2b0 [0x00bf0000], ZeroBits=0x7ffeffff, CommitSize=0, SectionOffset=null, ViewSize=0xb7e260 [0x1000], InheritDisposition=2 [ViewUnmap], AllocationType=0, Protect=2 ) => 0
NtQueryWnfStateData( StateName=0xd7f3ec [0xa3bc7c75], TypeId=null, ExplicitScope=null, ChangeStamp=0xd7f430 [0], Buffer=0xd7f460, BufferSize=0xd7f3e8 [0] ) => 0
NtQueryInformationToken( TokenHandle=-4, TokenInformationClass=0x14 [TokenElevation], TokenInformation=0xd7f584, Length=4, ReturnLength=0xd7f594 [4] ) => 0
NtQueryInformationToken( TokenHandle=-4, TokenInformationClass=0x12 [TokenElevationType], TokenInformation=0xd7f588, Length=4, ReturnLength=0xd7f56c [4] ) => 0
NtQueryObject( ObjectHandle=0xe4, ObjectInformationClass=1 [ObjectNameInformation], ObjectInformation=0xb7dfd0, Length=0x210, ReturnLength=null ) => 0
NtQueryKey( KeyHandle=0xe4, KeyInformationClass=7 [KeyHandleTagsInformation], KeyInformation=0xb7e228, Length=4, ResultLength=0xb7e1c4 [4] ) => 0
NtOpenKeyEx( KeyHandle=0xb7e240 [0xd8], DesiredAccess=READ_CONTROL|0x119, ObjectAttributes=0xe4:"", OpenOptions=0 ) => 0
NtSetInformationKey( KeyHandle=0xd8, KeySetInformationClass=5 [KeySetHandleTagsInformation], KeyInformation=0xb7e2f8, Length=4 ) => 0
NtQueryObject( ObjectHandle=0xd8, ObjectInformationClass=1 [ObjectNameInformation], ObjectInformation=0xb7dfd0, Length=0x210, ReturnLength=null ) => 0
NtQueryKey( KeyHandle=0xd8, KeyInformationClass=7 [KeyHandleTagsInformation], KeyInformation=0xb7e228, Length=4, ResultLength=0xb7e1c4 [4] ) => 0
NtOpenKeyEx( KeyHandle=0xb7e240, DesiredAccess=KEY_READ, ObjectAttributes=0xd8:"Software\Microsoft\Ole\FeatureDevelopmentProperties", OpenOptions=0 ) => 0xc0000034 [2 'The system cannot find the file specified.']
NtOpenKeyEx( KeyHandle=0xb7e228, DesiredAccess=GENERIC_READ|0x100, ObjectAttributes="\Registry\Machine\SOFTWARE\Microsoft\AppModel\Lookaside\Packages", OpenOptions=0 ) => 0xc0000034 [2 'The system cannot find the file specified.']
NtQueryObject( ObjectHandle=0xd8, ObjectInformationClass=1 [ObjectNameInformation], ObjectInformation=0xb7dfd0, Length=0x210, ReturnLength=null ) => 0
NtQueryKey( KeyHandle=0xd8, KeyInformationClass=7 [KeyHandleTagsInformation], KeyInformation=0xb7e228, Length=4, ResultLength=0xb7e1c4 [4] ) => 0
NtOpenKeyEx( KeyHandle=0xb7e240, DesiredAccess=KEY_READ, ObjectAttributes=0xd8:"Software\Microsoft\Ole\FeatureDevelopmentProperties", OpenOptions=0 ) => 0xc0000034 [2 'The system cannot find the file specified.']
NtQueryObject( ObjectHandle=0xd8, ObjectInformationClass=1 [ObjectNameInformation], ObjectInformation=0xb7dfd0, Length=0x210, ReturnLength=null ) => 0
NtQueryKey( KeyHandle=0xd8, KeyInformationClass=7 [KeyHandleTagsInformation], KeyInformation=0xb7e228, Length=4, ResultLength=0xb7e1c4 [4] ) => 0
NtOpenKeyEx( KeyHandle=0xb7e240 [0xf0], DesiredAccess=KEY_READ, ObjectAttributes=0xd8:"Software\Microsoft\Ole", OpenOptions=0 ) => 0
NtCreateEvent( EventHandle=0xb7e2f8 [0xe8], DesiredAccess=DELETE|READ_CONTROL|WRITE_DAC|WRITE_OWNER|SYNCHRONIZE|0x3, ObjectAttributes=null, EventType=0 [NotificationEvent], InitialState=false ) => 0
NtNotifyChangeKey( KeyHandle=0xf0, Event=0xe8, ApcRoutine=null, ApcContext=null, IoStatusBlock=0x7627da98 [0/-1], CompletionFilter=0x10000001, WatchTree=false, Buffer=null, BufferSize=0, Asynchronous=true ) => 0x103 [997 'Overlapped I/O operation is in progress.']
NtQueryInformationThread( ThreadHandle=-2, ThreadInformationClass=0x1d [ThreadWow64Context], ThreadInformation=0xb7dd20, Length=0x2cc, ReturnLength=null ) => 0
6774:651c @ 118014781 - LdrGetDllHandleEx - ENTER: DLL name: rpcrt4.dll
NtQueryInformationThread( ThreadHandle=-2, ThreadInformationClass=0x1d [ThreadWow64Context], ThreadInformation=0xb7dd20, Length=0x2cc, ReturnLength=null ) => 0
6774:651c @ 118014781 - LdrpFindLoadedDllInternal - RETURN: Status: 0x00000000
NtQueryInformationThread( ThreadHandle=-2, ThreadInformationClass=0x1d [ThreadWow64Context], ThreadInformation=0xb7dd20, Length=0x2cc, ReturnLength=null ) => 0
6774:651c @ 118014781 - LdrGetDllHandleEx - RETURN: Status: 0x00000000
NtQueryInformationThread( ThreadHandle=-2, ThreadInformationClass=0x1d [ThreadWow64Context], ThreadInformation=0xb7dd20, Length=0x2cc, ReturnLength=null ) => 0
6774:651c @ 118014781 - LdrpGetProcedureAddress - INFO: Locating procedure "I_RpcInitNdrImports" by name
NtQueryObject( ObjectHandle=0xe4, ObjectInformationClass=1 [ObjectNameInformation], ObjectInformation=0xb7dfd0, Length=0x210, ReturnLength=null ) => 0
NtQueryKey( KeyHandle=0xe4, KeyInformationClass=7 [KeyHandleTagsInformation], KeyInformation=0xb7e228, Length=4, ResultLength=0xb7e1c4 [4] ) => 0
NtQueryKey( KeyHandle=0xe4, KeyInformationClass=3 [KeyNameInformation], KeyInformation=0x1127270, Length=0x818, ResultLength=0xb7e1c0 [0x26] ) => 0
NtOpenKeyEx( KeyHandle=0xb7e240, DesiredAccess=KEY_READ, ObjectAttributes="\REGISTRY\MACHINE\Software\WOW6432Node\Microsoft\OLE\Tracing", OpenOptions=0 ) => 0xc0000034 [2 'The system cannot find the file specified.']
NtTraceControl( CtrlCode=0x8000000f, InputBuffer=0xd7f278, InputBufferLength=0xa0, OutputBuffer=0xd7f278, OutputBufferLength=0xa0, ReturnLength=0xd7f270 [0xa0] ) => 0
NtTraceControl( CtrlCode=0x8000000f, InputBuffer=0xd7f2a0, InputBufferLength=0xa0, OutputBuffer=0xd7f2a0, OutputBufferLength=0xa0, ReturnLength=0xd7f298 [0xa0] ) => 0
NtTraceControl( CtrlCode=0x8000001e, InputBuffer=0xd7f368, InputBufferLength=0x18, OutputBuffer=0xd7f2f0, OutputBufferLength=0x78, ReturnLength=0xd7f2e8 [0] ) => 0
NtTraceControl( CtrlCode=0x8000000f, InputBuffer=0xd7f2a0, InputBufferLength=0xa0, OutputBuffer=0xd7f2a0, OutputBufferLength=0xa0, ReturnLength=0xd7f298 [0xa0] ) => 0
NtTraceControl( CtrlCode=0x8000001e, InputBuffer=0xd7f368, InputBufferLength=0x18, OutputBuffer=0xd7f2f0, OutputBufferLength=0x78, ReturnLength=0xd7f2e8 [0] ) => 0
NtCreateEvent( EventHandle=0xb7e2f8 [0xf4], DesiredAccess=DELETE|READ_CONTROL|WRITE_DAC|WRITE_OWNER|SYNCHRONIZE|0x3, ObjectAttributes=null, EventType=0 [NotificationEvent], InitialState=false ) => 0
NtCreateEvent( EventHandle=0xb7e2f8 [0x100], DesiredAccess=DELETE|READ_CONTROL|WRITE_DAC|WRITE_OWNER|SYNCHRONIZE|0x3, ObjectAttributes=null, EventType=1 [SynchronizationEvent], InitialState=false ) => 0
NtCreateEvent( EventHandle=0xb7e2f8 [0x104], DesiredAccess=DELETE|READ_CONTROL|WRITE_DAC|WRITE_OWNER|SYNCHRONIZE|0x3, ObjectAttributes=null, EventType=0 [NotificationEvent], InitialState=false ) => 0
NtCreateEvent( EventHandle=0xb7e2f8 [0x108], DesiredAccess=DELETE|READ_CONTROL|WRITE_DAC|WRITE_OWNER|SYNCHRONIZE|0x3, ObjectAttributes=null, EventType=1 [SynchronizationEvent], InitialState=false ) => 0
NtCreateEvent( EventHandle=0xb7e2f8 [0x10c], DesiredAccess=DELETE|READ_CONTROL|WRITE_DAC|WRITE_OWNER|SYNCHRONIZE|0x3, ObjectAttributes=null, EventType=0 [NotificationEvent], InitialState=false ) => 0
NtCreateEvent( EventHandle=0xb7e2f8 [0x110], DesiredAccess=DELETE|READ_CONTROL|WRITE_DAC|WRITE_OWNER|SYNCHRONIZE|0x3, ObjectAttributes=null, EventType=1 [SynchronizationEvent], InitialState=false ) => 0
NtQueryObject( ObjectHandle=0xb0, ObjectInformationClass=1 [ObjectNameInformation], ObjectInformation=0xb7e060, Length=0x210, ReturnLength=null ) => 0
NtOpenEvent( EventHandle=0xb7e2f8, DesiredAccess=SYNCHRONIZE, ObjectAttributes=0xb0:"HookSwitchHookEnabledEvent" ) => 0xc0000034 [2 'The system cannot find the file specified.']
NtTraceControl( CtrlCode=0x8000000f, InputBuffer=0xd7f530, InputBufferLength=0xa0, OutputBuffer=0xd7f530, OutputBufferLength=0xa0, ReturnLength=0xd7f528 [0xa0] ) => 0
NtTraceControl( CtrlCode=0x8000000f, InputBuffer=0xd7f538, InputBufferLength=0xa0, OutputBuffer=0xd7f538, OutputBufferLength=0xa0, ReturnLength=0xd7f530 [0xa0] ) => 0
NtTraceControl( CtrlCode=0x8000000f, InputBuffer=0xd7f530, InputBufferLength=0xa0, OutputBuffer=0xd7f530, OutputBufferLength=0xa0, ReturnLength=0xd7f528 [0xa0] ) => 0
NtTraceControl( CtrlCode=0x8000000f, InputBuffer=0xd7f530, InputBufferLength=0xa0, OutputBuffer=0xd7f530, OutputBufferLength=0xa0, ReturnLength=0xd7f528 [0xa0] ) => 0
NtTraceControl( CtrlCode=0x8000000f, InputBuffer=0xd7f530, InputBufferLength=0xa0, OutputBuffer=0xd7f530, OutputBufferLength=0xa0, ReturnLength=0xd7f528 [0xa0] ) => 0
NtTraceControl( CtrlCode=0x8000000f, InputBuffer=0xd7f500, InputBufferLength=0xa0, OutputBuffer=0xd7f500, OutputBufferLength=0xa0, ReturnLength=0xd7f4f8 [0xa0] ) => 0
NtTraceControl( CtrlCode=0x8000001e, InputBuffer=0xd7f5c8, InputBufferLength=0x18, OutputBuffer=0xd7f550, OutputBufferLength=0x78, ReturnLength=0xd7f548 [0] ) => 0
NtTraceControl( CtrlCode=0x8000000f, InputBuffer=0xd7f500, InputBufferLength=0xa0, OutputBuffer=0xd7f500, OutputBufferLength=0xa0, ReturnLength=0xd7f4f8 [0xa0] ) => 0
NtTraceControl( CtrlCode=0x8000001e, InputBuffer=0xd7f5c8, InputBufferLength=0x18, OutputBuffer=0xd7f550, OutputBufferLength=0x78, ReturnLength=0xd7f548 [0] ) => 0
NtSetInformationVirtualMemory( ProcessHandle=-1, VmInformationClass=4, NumberOfEntries=1, VirtualAddresses=0xb7eb70, VmInformation=0xd7f764, VmInformationLength=4 ) => 0xc00000bb [50 'The request is not supported.']
NtQueryInformationThread( ThreadHandle=-2, ThreadInformationClass=0x1d [ThreadWow64Context], ThreadInformation=0xb7dd20, Length=0x2cc, ReturnLength=null ) => 0
6774:651c @ 118014781 - LdrpInitializeNode - INFO: Calling init routine 00000000 for DLL "C:\Windows\System32\win32u.dll"
NtSetInformationVirtualMemory( ProcessHandle=-1, VmInformationClass=4, NumberOfEntries=1, VirtualAddresses=0xb7eb70, VmInformation=0xd7f764, VmInformationLength=4 ) => 0xc00000bb [50 'The request is not supported.']
NtQueryInformationThread( ThreadHandle=-2, ThreadInformationClass=0x1d [ThreadWow64Context], ThreadInformation=0xb7dd20, Length=0x2cc, ReturnLength=null ) => 0
6774:651c @ 118014781 - LdrpInitializeNode - INFO: Calling init routine 76767800 for DLL "C:\Windows\System32\msvcp_win.dll"
NtQueryInformationThread( ThreadHandle=-2, ThreadInformationClass=0x1d [ThreadWow64Context], ThreadInformation=0xb7dd20, Length=0x2cc, ReturnLength=null ) => 0
6774:651c @ 118014781 - LdrLoadDll - ENTER: DLL name: kernel32
NtQueryInformationThread( ThreadHandle=-2, ThreadInformationClass=0x1d [ThreadWow64Context], ThreadInformation=0xb7dd20, Length=0x2cc, ReturnLength=null ) => 0
6774:651c @ 118014781 - LdrpLoadDllInternal - ENTER: DLL name: kernel32.DLL
NtQueryInformationThread( ThreadHandle=-2, ThreadInformationClass=0x1d [ThreadWow64Context], ThreadInformation=0xb7dd20, Length=0x2cc, ReturnLength=null ) => 0
6774:651c @ 118014781 - LdrpLoadDllInternal - RETURN: Status: 0x00000000
NtQueryInformationThread( ThreadHandle=-2, ThreadInformationClass=0x1d [ThreadWow64Context], ThreadInformation=0xb7dd20, Length=0x2cc, ReturnLength=null ) => 0
6774:651c @ 118014781 - LdrLoadDll - RETURN: Status: 0x00000000
NtQueryInformationThread( ThreadHandle=-2, ThreadInformationClass=0x1d [ThreadWow64Context], ThreadInformation=0xb7dd20, Length=0x2cc, ReturnLength=null ) => 0
6774:651c @ 118014781 - LdrpGetProcedureAddress - INFO: Locating procedure "AreFileApisANSI" by name
NtQueryInformationThread( ThreadHandle=-2, ThreadInformationClass=0x1d [ThreadWow64Context], ThreadInformation=0xb7dd20, Length=0x2cc, ReturnLength=null ) => 0
6774:651c @ 118014781 - LdrLoadDll - ENTER: DLL name: api-ms-win-core-string-l1-1-0
NtQueryInformationThread( ThreadHandle=-2, ThreadInformationClass=0x1d [ThreadWow64Context], ThreadInformation=0xb7dd20, Length=0x2cc, ReturnLength=null ) => 0
6774:651c @ 118014781 - LdrpPreprocessDllName - INFO: DLL api-ms-win-core-string-l1-1-0 was redirected to C:\Windows\SYSTEM32\kernelbase.dll by API set
NtQueryInformationThread( ThreadHandle=-2, ThreadInformationClass=0x1d [ThreadWow64Context], ThreadInformation=0xb7dd20, Length=0x2cc, ReturnLength=null ) => 0
6774:651c @ 118014781 - LdrpLoadDllInternal - ENTER: DLL name: C:\Windows\SYSTEM32\kernelbase.dll
NtQueryInformationThread( ThreadHandle=-2, ThreadInformationClass=0x1d [ThreadWow64Context], ThreadInformation=0xb7dd20, Length=0x2cc, ReturnLength=null ) => 0
6774:651c @ 118014781 - LdrpLoadDllInternal - RETURN: Status: 0x00000000
NtQueryInformationThread( ThreadHandle=-2, ThreadInformationClass=0x1d [ThreadWow64Context], ThreadInformation=0xb7dd20, Length=0x2cc, ReturnLength=null ) => 0
6774:651c @ 118014781 - LdrLoadDll - RETURN: Status: 0x00000000
NtQueryInformationThread( ThreadHandle=-2, ThreadInformationClass=0x1d [ThreadWow64Context], ThreadInformation=0xb7dd20, Length=0x2cc, ReturnLength=null ) => 0
6774:651c @ 118014781 - LdrpGetProcedureAddress - INFO: Locating procedure "CompareStringEx" by name
NtQueryInformationThread( ThreadHandle=-2, ThreadInformationClass=0x1d [ThreadWow64Context], ThreadInformation=0xb7dd20, Length=0x2cc, ReturnLength=null ) => 0
6774:651c @ 118014781 - LdrpGetProcedureAddress - INFO: Locating procedure "EnumSystemLocalesEx" by name
NtQueryInformationThread( ThreadHandle=-2, ThreadInformationClass=0x1d [ThreadWow64Context], ThreadInformation=0xb7dd20, Length=0x2cc, ReturnLength=null ) => 0
6774:651c @ 118014781 - LdrLoadDll - ENTER: DLL name: api-ms-win-core-datetime-l1-1-1
NtQueryInformationThread( ThreadHandle=-2, ThreadInformationClass=0x1d [ThreadWow64Context], ThreadInformation=0xb7dd20, Length=0x2cc, ReturnLength=null ) => 0
6774:651c @ 118014781 - LdrpPreprocessDllName - INFO: DLL api-ms-win-core-datetime-l1-1-1 was redirected to C:\Windows\SYSTEM32\kernelbase.dll by API set
NtQueryInformationThread( ThreadHandle=-2, ThreadInformationClass=0x1d [ThreadWow64Context], ThreadInformation=0xb7dd20, Length=0x2cc, ReturnLength=null ) => 0
6774:651c @ 118014781 - LdrpLoadDllInternal - ENTER: DLL name: C:\Windows\SYSTEM32\kernelbase.dll
NtQueryInformationThread( ThreadHandle=-2, ThreadInformationClass=0x1d [ThreadWow64Context], ThreadInformation=0xb7dd20, Length=0x2cc, ReturnLength=null ) => 0
6774:651c @ 118014781 - LdrpLoadDllInternal - RETURN: Status: 0x00000000
NtQueryInformationThread( ThreadHandle=-2, ThreadInformationClass=0x1d [ThreadWow64Context], ThreadInformation=0xb7dd20, Length=0x2cc, ReturnLength=null ) => 0
6774:651c @ 118014781 - LdrLoadDll - RETURN: Status: 0x00000000
NtQueryInformationThread( ThreadHandle=-2, ThreadInformationClass=0x1d [ThreadWow64Context], ThreadInformation=0xb7dd20, Length=0x2cc, ReturnLength=null ) => 0
6774:651c @ 118014781 - LdrpGetProcedureAddress - INFO: Locating procedure "GetDateFormatEx" by name
NtQueryInformationThread( ThreadHandle=-2, ThreadInformationClass=0x1d [ThreadWow64Context], ThreadInformation=0xb7dd20, Length=0x2cc, ReturnLength=null ) => 0
6774:651c @ 118014781 - LdrpGetProcedureAddress - INFO: Locating procedure "GetLocaleInfoEx" by name
NtQueryInformationThread( ThreadHandle=-2, ThreadInformationClass=0x1d [ThreadWow64Context], ThreadInformation=0xb7dd20, Length=0x2cc, ReturnLength=null ) => 0
6774:651c @ 118014781 - LdrpGetProcedureAddress - INFO: Locating procedure "GetTimeFormatEx" by name
NtQueryInformationThread( ThreadHandle=-2, ThreadInformationClass=0x1d [ThreadWow64Context], ThreadInformation=0xb7dd20, Length=0x2cc, ReturnLength=null ) => 0
6774:651c @ 118014781 - LdrpGetProcedureAddress - INFO: Locating procedure "GetUserDefaultLocaleName" by name
NtQueryInformationThread( ThreadHandle=-2, ThreadInformationClass=0x1d [ThreadWow64Context], ThreadInformation=0xb7dd20, Length=0x2cc, ReturnLength=null ) => 0
6774:651c @ 118014781 - LdrpGetProcedureAddress - INFO: Locating procedure "IsValidLocaleName" by name
NtQueryInformationThread( ThreadHandle=-2, ThreadInformationClass=0x1d [ThreadWow64Context], ThreadInformation=0xb7dd20, Length=0x2cc, ReturnLength=null ) => 0
6774:651c @ 118014781 - LdrLoadDll - ENTER: DLL name: api-ms-win-core-localization-obsolete-l1-2-0
NtQueryInformationThread( ThreadHandle=-2, ThreadInformationClass=0x1d [ThreadWow64Context], ThreadInformation=0xb7dd20, Length=0x2cc, ReturnLength=null ) => 0
6774:651c @ 118014781 - LdrpPreprocessDllName - INFO: DLL api-ms-win-core-localization-obsolete-l1-2-0 was redirected to C:\Windows\SYSTEM32\kernelbase.dll by API set
NtQueryInformationThread( ThreadHandle=-2, ThreadInformationClass=0x1d [ThreadWow64Context], ThreadInformation=0xb7dd20, Length=0x2cc, ReturnLength=null ) => 0
6774:651c @ 118014781 - LdrpLoadDllInternal - ENTER: DLL name: C:\Windows\SYSTEM32\kernelbase.dll
NtQueryInformationThread( ThreadHandle=-2, ThreadInformationClass=0x1d [ThreadWow64Context], ThreadInformation=0xb7dd20, Length=0x2cc, ReturnLength=null ) => 0
6774:651c @ 118014781 - LdrpLoadDllInternal - RETURN: Status: 0x00000000
NtQueryInformationThread( ThreadHandle=-2, ThreadInformationClass=0x1d [ThreadWow64Context], ThreadInformation=0xb7dd20, Length=0x2cc, ReturnLength=null ) => 0
6774:651c @ 118014781 - LdrLoadDll - RETURN: Status: 0x00000000
NtQueryInformationThread( ThreadHandle=-2, ThreadInformationClass=0x1d [ThreadWow64Context], ThreadInformation=0xb7dd20, Length=0x2cc, ReturnLength=null ) => 0
6774:651c @ 118014781 - LdrpGetProcedureAddress - INFO: Locating procedure "LCIDToLocaleName" by name
NtQueryInformationThread( ThreadHandle=-2, ThreadInformationClass=0x1d [ThreadWow64Context], ThreadInformation=0xb7dd20, Length=0x2cc, ReturnLength=null ) => 0
6774:651c @ 118014781 - LdrpGetProcedureAddress - INFO: Locating procedure "LocaleNameToLCID" by name
NtSetInformationVirtualMemory( ProcessHandle=-1, VmInformationClass=4, NumberOfEntries=1, VirtualAddresses=0xb7eb70, VmInformation=0xd7f78c, VmInformationLength=4 ) => 0xc00000bb [50 'The request is not supported.']
NtQueryInformationThread( ThreadHandle=-2, ThreadInformationClass=0x1d [ThreadWow64Context], ThreadInformation=0xb7dd20, Length=0x2cc, ReturnLength=null ) => 0
6774:651c @ 118014781 - LdrpInitializeNode - INFO: Calling init routine 765DD6E0 for DLL "C:\Windows\System32\USER32.dll"
NtQuerySystemInformation( SystemInformationClass=0x3e [SystemEmulationBasicInformation], SystemInformation=0xb7eb40, Length=0x40, ReturnLength=0xb7e2b8 [0x40] ) => 0
NtProtectVirtualMemory( ProcessHandle=-1, BaseAddress=0xb7e2a8 [0x77439000], Size=0xb7e298 [0x3000], NewProtect=4, OldProtect=0xb7e238 [2] ) => 0
NtProtectVirtualMemory( ProcessHandle=-1, BaseAddress=0xb7e2a8 [0x77439000], Size=0xb7e298 [0x3000], NewProtect=2, OldProtect=0xb7e238 [4] ) => 0
NtQueryInformationProcess( ProcessHandle=-1, ProcessInformationClass=0x34 [ProcessMitigationPolicy], ProcessInformation=0xd7eea8, Length=8, ReturnLength=null ) => 0
NtProtectVirtualMemory( ProcessHandle=-1, BaseAddress=0xb7e2a8 [0x7663e000], Size=0xb7e298 [0x1000], NewProtect=4, OldProtect=0xb7e238 [0x20] ) => 0
NtProtectVirtualMemory( ProcessHandle=-1, BaseAddress=0xb7e2a8 [0x7663e000], Size=0xb7e298 [0x1000], NewProtect=0x20, OldProtect=0xb7e238 [4] ) => 0
NtAlpcSendWaitReceivePort( PortHandle=0xa8, SendFlags=0x00020000, SendMessage=0xb7dbf0 [2 [LPC_REPLY] (48b)], InMessageBuffer=null, ReceiveBuffer=0xb7dbf0, ReceiveBufferSize=0xb7dbb0 [0x58], OutMessageBuffer=null, Timeout=null ) => 0
NtQueryInformationThread( ThreadHandle=-2, ThreadInformationClass=0x1d [ThreadWow64Context], ThreadInformation=0xb7dd20, Length=0x2cc, ReturnLength=null ) => 0
6774:651c @ 118014781 - LdrGetDllHandleEx - ENTER: DLL name: C:\Windows\system32\IMM32.DLL
NtQueryInformationThread( ThreadHandle=-2, ThreadInformationClass=0x1d [ThreadWow64Context], ThreadInformation=0xb7dd20, Length=0x2cc, ReturnLength=null ) => 0
6774:651c @ 118014781 - LdrpResolveDllName - ENTER: DLL name: C:\Windows\system32\IMM32.DLL
NtQueryAttributesFile( ObjectAttributes="\??\C:\Windows\SysWOW64\IMM32.DLL", Attributes=0xb7e2a8 [ARCHIVE] ) => 0
NtQueryInformationThread( ThreadHandle=-2, ThreadInformationClass=0x1d [ThreadWow64Context], ThreadInformation=0xb7dd20, Length=0x2cc, ReturnLength=null ) => 0
6774:651c @ 118014781 - LdrpResolveDllName - RETURN: Status: 0x00000000
NtOpenFile( FileHandle=0xb7e2f8 [0x130], DesiredAccess=SYNCHRONIZE|0x1, ObjectAttributes="\??\C:\Windows\SysWOW64\IMM32.DLL", IoStatusBlock=0xb7e298 [0/1], ShareAccess=5, OpenOptions=0x60 ) => 0
NtCreateSection( SectionHandle=0xb7e2f8 [0x134], DesiredAccess=0x4, ObjectAttributes=null, SectionSize=null, Protect=2, Attributes=0x08000000, FileHandle=0x130 ) => 0
NtMapViewOfSection( SectionHandle=0x134, ProcessHandle=-1, BaseAddress=0xb7e2b0 [0x01850000], ZeroBits=0x7ffeffff, CommitSize=0, SectionOffset=null, ViewSize=0xb7e260 [0x00025000], InheritDisposition=1 [ViewShare], AllocationType=0, Protect=2 ) => 0
NtUnmapViewOfSection( ProcessHandle=-1, BaseAddress=0x1850000 ) => 0
NtQueryInformationThread( ThreadHandle=-2, ThreadInformationClass=0x1d [ThreadWow64Context], ThreadInformation=0xb7dd20, Length=0x2cc, ReturnLength=null ) => 0
6774:651c @ 118014781 - LdrpFindLoadedDllInternal - RETURN: Status: 0xc0000135
NtQueryInformationThread( ThreadHandle=-2, ThreadInformationClass=0x1d [ThreadWow64Context], ThreadInformation=0xb7dd20, Length=0x2cc, ReturnLength=null ) => 0
6774:651c @ 118014781 - LdrGetDllHandleEx - RETURN: Status: 0xc0000135
NtQuerySecurityAttributesToken( TokenHandle=-6, Attributes="WIN://SYSAPPID", NumberOfAttributes=2, Buffer=0xb7e870, Length=0x2f0, ReturnLength=0xd7ea1c ) => 0xc0000225 [1168 'Element not found.']
NtQuerySecurityAttributesToken( TokenHandle=-6, Attributes="WIN://SYSAPPID", NumberOfAttributes=1, Buffer=0xb7e880, Length=0x2f0, ReturnLength=0xd7ea1c ) => 0xc0000225 [1168 'Element not found.']
NtQueryInformationThread( ThreadHandle=-2, ThreadInformationClass=0x1d [ThreadWow64Context], ThreadInformation=0xb7dd20, Length=0x2cc, ReturnLength=null ) => 0
6774:651c @ 118014781 - LdrLoadDll - ENTER: DLL name: C:\Windows\system32\IMM32.DLL
NtQueryInformationThread( ThreadHandle=-2, ThreadInformationClass=0x1d [ThreadWow64Context], ThreadInformation=0xb7dd20, Length=0x2cc, ReturnLength=null ) => 0
6774:651c @ 118014781 - LdrpLoadDllInternal - ENTER: DLL name: C:\Windows\system32\IMM32.DLL
NtQueryInformationThread( ThreadHandle=-2, ThreadInformationClass=0x2a [ThreadDynamicCodePolicyInfo], ThreadInformation=0xd7eb64, Length=4, ReturnLength=null ) => 0
NtQueryInformationThread( ThreadHandle=-2, ThreadInformationClass=0x1d [ThreadWow64Context], ThreadInformation=0xb7dd20, Length=0x2cc, ReturnLength=null ) => 0
6774:651c @ 118014781 - LdrpFindKnownDll - ENTER: DLL name: IMM32.DLL
NtQueryObject( ObjectHandle=0x90, ObjectInformationClass=1 [ObjectNameInformation], ObjectInformation=0xb7e060, Length=0x210, ReturnLength=null ) => 0
NtOpenSection( SectionHandle=0xb7e2f8 [0x138], DesiredAccess=0xd, ObjectAttributes=0x90:"IMM32.DLL" ) => 0
NtQueryInformationThread( ThreadHandle=-2, ThreadInformationClass=0x1d [ThreadWow64Context], ThreadInformation=0xb7dd20, Length=0x2cc, ReturnLength=null ) => 0
6774:651c @ 118014781 - LdrpFindKnownDll - RETURN: Status: 0x00000000
NtQueryInformationThread( ThreadHandle=-2, ThreadInformationClass=0x1d [ThreadWow64Context], ThreadInformation=0xb7dd20, Length=0x2cc, ReturnLength=null ) => 0
6774:651c @ 118014781 - LdrpMinimalMapModule - ENTER: DLL name: C:\Windows\System32\IMM32.DLL
Loaded DLL at 00000000763A0000 C:\Windows\SysWOW64\IMM32.DLL
NtMapViewOfSection( SectionHandle=0x138, ProcessHandle=-1, BaseAddress=0xb7e2b0 [0x763a0000], ZeroBits=0x7ffeffff, CommitSize=0, SectionOffset=null, ViewSize=0xb7e260 [0x00026000], InheritDisposition=1 [ViewShare], AllocationType=0x00800000, Protect=0x80 ) => 0
NtQuerySection( SectionHandle=0x138, SectionInformationClass=1 [SectionImageInformation], SectionInformation=0xb7e270, Length=0x40, ReturnLength=null ) => 0
NtQueryVirtualMemory( ProcessHandle=-1, BaseAddress=0x763a0000, MemoryInformationClass=6 [MemoryImageInformation], MemoryInformation=0xb7e180, Length=0x18, ReturnLength=null ) => 0
NtQueryInformationThread( ThreadHandle=-2, ThreadInformationClass=0x1d [ThreadWow64Context], ThreadInformation=0xb7dd20, Length=0x2cc, ReturnLength=null ) => 0
6774:651c @ 118014781 - LdrpMinimalMapModule - RETURN: Status: 0x00000000
NtProtectVirtualMemory( ProcessHandle=-1, BaseAddress=0xb7e2a8 [0x763be000], Size=0xb7e298 [0x1000], NewProtect=2, OldProtect=0xb7e238 [4] ) => 0
NtProtectVirtualMemory( ProcessHandle=-1, BaseAddress=0xb7e2a8 [0x77439000], Size=0xb7e298 [0x3000], NewProtect=4, OldProtect=0xb7e238 [2] ) => 0
NtProtectVirtualMemory( ProcessHandle=-1, BaseAddress=0xb7e2a8 [0x77439000], Size=0xb7e298 [0x3000], NewProtect=2, OldProtect=0xb7e238 [4] ) => 0
NtQueryInformationThread( ThreadHandle=-2, ThreadInformationClass=0x1d [ThreadWow64Context], ThreadInformation=0xb7dd20, Length=0x2cc, ReturnLength=null ) => 0
6774:651c @ 118014781 - LdrpFindDllActivationContext - INFO: Probing for the manifest of DLL "C:\Windows\System32\IMM32.DLL" failed with status 0xc000008a
NtProtectVirtualMemory( ProcessHandle=-1, BaseAddress=0xb7e2a8 [0x763bc000], Size=0xb7e298 [0x1000], NewProtect=4, OldProtect=0xb7e238 [2] ) => 0
NtQueryInformationThread( ThreadHandle=-2, ThreadInformationClass=0x1d [ThreadWow64Context], ThreadInformation=0xb7dd20, Length=0x2cc, ReturnLength=null ) => 0
6774:651c @ 118014781 - LdrpPreprocessDllName - INFO: DLL api-ms-win-core-registry-l1-1-0.dll was redirected to C:\Windows\SYSTEM32\kernelbase.dll by API set
NtQueryInformationThread( ThreadHandle=-2, ThreadInformationClass=0x1d [ThreadWow64Context], ThreadInformation=0xb7dd20, Length=0x2cc, ReturnLength=null ) => 0
6774:651c @ 118014781 - LdrpPreprocessDllName - INFO: DLL api-ms-win-security-base-l1-1-0.dll was redirected to C:\Windows\SYSTEM32\kernelbase.dll by API set
NtQueryInformationThread( ThreadHandle=-2, ThreadInformationClass=0x1d [ThreadWow64Context], ThreadInformation=0xb7dd20, Length=0x2cc, ReturnLength=null ) => 0
6774:651c @ 118014781 - LdrpPreprocessDllName - INFO: DLL api-ms-win-security-base-l1-2-0.dll was redirected to C:\Windows\SYSTEM32\kernelbase.dll by API set
NtQueryInformationThread( ThreadHandle=-2, ThreadInformationClass=0x1d [ThreadWow64Context], ThreadInformation=0xb7dd20, Length=0x2cc, ReturnLength=null ) => 0
6774:651c @ 118014781 - LdrpGetProcedureAddress - INFO: Locating procedure "RtlAllocateHeap" by name
NtQueryInformationThread( ThreadHandle=-2, ThreadInformationClass=0x1d [ThreadWow64Context], ThreadInformation=0xb7dd20, Length=0x2cc, ReturnLength=null ) => 0
6774:651c @ 118014781 - LdrpPreprocessDllName - INFO: DLL api-ms-win-core-processthreads-l1-1-1 was redirected to C:\Windows\SYSTEM32\kernelbase.dll by API set
NtQueryInformationThread( ThreadHandle=-2, ThreadInformationClass=0x1d [ThreadWow64Context], ThreadInformation=0xb7dd20, Length=0x2cc, ReturnLength=null ) => 0
6774:651c @ 118014781 - LdrpGetProcedureAddress - INFO: Locating procedure "GetProcessMitigationPolicy" by name
NtQueryInformationThread( ThreadHandle=-2, ThreadInformationClass=0x1d [ThreadWow64Context], ThreadInformation=0xb7dd20, Length=0x2cc, ReturnLength=null ) => 0
6774:651c @ 118014781 - LdrpGetProcedureAddress - INFO: Locating procedure "LdrResolveDelayLoadedAPI" by name
NtProtectVirtualMemory( ProcessHandle=-1, BaseAddress=0xb7e2a8 [0x763bc000], Size=0xb7e298 [0x1000], NewProtect=2, OldProtect=0xb7e238 [4] ) => 0
NtApphelpCacheControl( ServiceClass=6, ServiceData="" ) => 0
NtSetInformationVirtualMemory( ProcessHandle=-1, VmInformationClass=4, NumberOfEntries=1, VirtualAddresses=0xb7eb70, VmInformation=0xd7eb04, VmInformationLength=4 ) => 0xc00000bb [50 'The request is not supported.']
NtQueryInformationThread( ThreadHandle=-2, ThreadInformationClass=0x1d [ThreadWow64Context], ThreadInformation=0xb7dd20, Length=0x2cc, ReturnLength=null ) => 0
6774:651c @ 118014781 - LdrpInitializeNode - INFO: Calling init routine 763A4E70 for DLL "C:\Windows\System32\IMM32.DLL"
NtQuerySystemInformation( SystemInformationClass=0x3e [SystemEmulationBasicInformation], SystemInformation=0xb7eb40, Length=0x40, ReturnLength=0xb7e2b8 [0x40] ) => 0
NtQueryInformationProcess( ProcessHandle=-1, ProcessInformationClass=0x34 [ProcessMitigationPolicy], ProcessInformation=0xd7e960, Length=8, ReturnLength=null ) => 0
NtQueryInformationThread( ThreadHandle=-2, ThreadInformationClass=0x1d [ThreadWow64Context], ThreadInformation=0xb7dd20, Length=0x2cc, ReturnLength=null ) => 0
6774:651c @ 118014781 - LdrGetDllHandleEx - ENTER: DLL name: C:\Windows\system32\IMM32.DLL
NtQueryInformationThread( ThreadHandle=-2, ThreadInformationClass=0x1d [ThreadWow64Context], ThreadInformation=0xb7dd20, Length=0x2cc, ReturnLength=null ) => 0
6774:651c @ 118014781 - LdrpFindLoadedDllInternal - RETURN: Status: 0x00000000
NtQueryInformationThread( ThreadHandle=-2, ThreadInformationClass=0x1d [ThreadWow64Context], ThreadInformation=0xb7dd20, Length=0x2cc, ReturnLength=null ) => 0
6774:651c @ 118014781 - LdrGetDllHandleEx - RETURN: Status: 0x00000000
NtQueryInformationThread( ThreadHandle=-2, ThreadInformationClass=0x1d [ThreadWow64Context], ThreadInformation=0xb7dd20, Length=0x2cc, ReturnLength=null ) => 0
6774:651c @ 118014781 - LdrpGetProcedureAddress - INFO: Locating procedure "ImmWINNLSEnableIME" by name
NtQueryInformationThread( ThreadHandle=-2, ThreadInformationClass=0x1d [ThreadWow64Context], ThreadInformation=0xb7dd20, Length=0x2cc, ReturnLength=null ) => 0
6774:651c @ 118014781 - LdrpGetProcedureAddress - INFO: Locating procedure "ImmWINNLSGetEnableStatus" by name
NtQueryInformationThread( ThreadHandle=-2, ThreadInformationClass=0x1d [ThreadWow64Context], ThreadInformation=0xb7dd20, Length=0x2cc, ReturnLength=null ) => 0
6774:651c @ 118014781 - LdrpGetProcedureAddress - INFO: Locating procedure "ImmSendIMEMessageExW" by name
NtQueryInformationThread( ThreadHandle=-2, ThreadInformationClass=0x1d [ThreadWow64Context], ThreadInformation=0xb7dd20, Length=0x2cc, ReturnLength=null ) => 0
6774:651c @ 118014781 - LdrpGetProcedureAddress - INFO: Locating procedure "ImmSendIMEMessageExA" by name
NtQueryInformationThread( ThreadHandle=-2, ThreadInformationClass=0x1d [ThreadWow64Context], ThreadInformation=0xb7dd20, Length=0x2cc, ReturnLength=null ) => 0
6774:651c @ 118014781 - LdrpGetProcedureAddress - INFO: Locating procedure "ImmIMPGetIMEW" by name
NtQueryInformationThread( ThreadHandle=-2, ThreadInformationClass=0x1d [ThreadWow64Context], ThreadInformation=0xb7dd20, Length=0x2cc, ReturnLength=null ) => 0
6774:651c @ 118014781 - LdrpGetProcedureAddress - INFO: Locating procedure "ImmIMPGetIMEA" by name
NtQueryInformationThread( ThreadHandle=-2, ThreadInformationClass=0x1d [ThreadWow64Context], ThreadInformation=0xb7dd20, Length=0x2cc, ReturnLength=null ) => 0
6774:651c @ 118014781 - LdrpGetProcedureAddress - INFO: Locating procedure "ImmIMPQueryIMEW" by name
NtQueryInformationThread( ThreadHandle=-2, ThreadInformationClass=0x1d [ThreadWow64Context], ThreadInformation=0xb7dd20, Length=0x2cc, ReturnLength=null ) => 0
6774:651c @ 118014781 - LdrpGetProcedureAddress - INFO: Locating procedure "ImmIMPQueryIMEA" by name
NtQueryInformationThread( ThreadHandle=-2, ThreadInformationClass=0x1d [ThreadWow64Context], ThreadInformation=0xb7dd20, Length=0x2cc, ReturnLength=null ) => 0
6774:651c @ 118014781 - LdrpGetProcedureAddress - INFO: Locating procedure "ImmIMPSetIMEW" by name
NtQueryInformationThread( ThreadHandle=-2, ThreadInformationClass=0x1d [ThreadWow64Context], ThreadInformation=0xb7dd20, Length=0x2cc, ReturnLength=null ) => 0
6774:651c @ 118014781 - LdrpGetProcedureAddress - INFO: Locating procedure "ImmIMPSetIMEA" by name
NtQueryInformationThread( ThreadHandle=-2, ThreadInformationClass=0x1d [ThreadWow64Context], ThreadInformation=0xb7dd20, Length=0x2cc, ReturnLength=null ) => 0
6774:651c @ 118014781 - LdrpGetProcedureAddress - INFO: Locating procedure "ImmAssociateContext" by name
NtQueryInformationThread( ThreadHandle=-2, ThreadInformationClass=0x1d [ThreadWow64Context], ThreadInformation=0xb7dd20, Length=0x2cc, ReturnLength=null ) => 0
6774:651c @ 118014781 - LdrpGetProcedureAddress - INFO: Locating procedure "ImmEscapeA" by name
NtQueryInformationThread( ThreadHandle=-2, ThreadInformationClass=0x1d [ThreadWow64Context], ThreadInformation=0xb7dd20, Length=0x2cc, ReturnLength=null ) => 0
6774:651c @ 118014781 - LdrpGetProcedureAddress - INFO: Locating procedure "ImmEscapeW" by name
NtQueryInformationThread( ThreadHandle=-2, ThreadInformationClass=0x1d [ThreadWow64Context], ThreadInformation=0xb7dd20, Length=0x2cc, ReturnLength=null ) => 0
6774:651c @ 118014781 - LdrpGetProcedureAddress - INFO: Locating procedure "ImmGetCompositionStringA" by name
NtQueryInformationThread( ThreadHandle=-2, ThreadInformationClass=0x1d [ThreadWow64Context], ThreadInformation=0xb7dd20, Length=0x2cc, ReturnLength=null ) => 0
6774:651c @ 118014781 - LdrpGetProcedureAddress - INFO: Locating procedure "ImmGetCompositionStringW" by name
NtQueryInformationThread( ThreadHandle=-2, ThreadInformationClass=0x1d [ThreadWow64Context], ThreadInformation=0xb7dd20, Length=0x2cc, ReturnLength=null ) => 0
6774:651c @ 118014781 - LdrpGetProcedureAddress - INFO: Locating procedure "ImmGetCompositionWindow" by name
NtQueryInformationThread( ThreadHandle=-2, ThreadInformationClass=0x1d [ThreadWow64Context], ThreadInformation=0xb7dd20, Length=0x2cc, ReturnLength=null ) => 0
6774:651c @ 118014781 - LdrpGetProcedureAddress - INFO: Locating procedure "ImmGetContext" by name
NtQueryInformationThread( ThreadHandle=-2, ThreadInformationClass=0x1d [ThreadWow64Context], ThreadInformation=0xb7dd20, Length=0x2cc, ReturnLength=null ) => 0
6774:651c @ 118014781 - LdrpGetProcedureAddress - INFO: Locating procedure "ImmGetDefaultIMEWnd" by name
NtQueryInformationThread( ThreadHandle=-2, ThreadInformationClass=0x1d [ThreadWow64Context], ThreadInformation=0xb7dd20, Length=0x2cc, ReturnLength=null ) => 0
6774:651c @ 118014781 - LdrpGetProcedureAddress - INFO: Locating procedure "ImmIsIME" by name
NtQueryInformationThread( ThreadHandle=-2, ThreadInformationClass=0x1d [ThreadWow64Context], ThreadInformation=0xb7dd20, Length=0x2cc, ReturnLength=null ) => 0
6774:651c @ 118014781 - LdrpGetProcedureAddress - INFO: Locating procedure "ImmReleaseContext" by name
NtQueryInformationThread( ThreadHandle=-2, ThreadInformationClass=0x1d [ThreadWow64Context], ThreadInformation=0xb7dd20, Length=0x2cc, ReturnLength=null ) => 0
6774:651c @ 118014781 - LdrpGetProcedureAddress - INFO: Locating procedure "ImmRegisterClient" by name
NtQueryInformationThread( ThreadHandle=-2, ThreadInformationClass=0x1d [ThreadWow64Context], ThreadInformation=0xb7dd20, Length=0x2cc, ReturnLength=null ) => 0
6774:651c @ 118014781 - LdrpGetProcedureAddress - INFO: Locating procedure "ImmGetCompositionFontW" by name
NtQueryInformationThread( ThreadHandle=-2, ThreadInformationClass=0x1d [ThreadWow64Context], ThreadInformation=0xb7dd20, Length=0x2cc, ReturnLength=null ) => 0
6774:651c @ 118014781 - LdrpGetProcedureAddress - INFO: Locating procedure "ImmGetCompositionFontA" by name
NtQueryInformationThread( ThreadHandle=-2, ThreadInformationClass=0x1d [ThreadWow64Context], ThreadInformation=0xb7dd20, Length=0x2cc, ReturnLength=null ) => 0
6774:651c @ 118014781 - LdrpGetProcedureAddress - INFO: Locating procedure "ImmSetCompositionFontW" by name
NtQueryInformationThread( ThreadHandle=-2, ThreadInformationClass=0x1d [ThreadWow64Context], ThreadInformation=0xb7dd20, Length=0x2cc, ReturnLength=null ) => 0
6774:651c @ 118014781 - LdrpGetProcedureAddress - INFO: Locating procedure "ImmSetCompositionFontA" by name
NtQueryInformationThread( ThreadHandle=-2, ThreadInformationClass=0x1d [ThreadWow64Context], ThreadInformation=0xb7dd20, Length=0x2cc, ReturnLength=null ) => 0
6774:651c @ 118014781 - LdrpGetProcedureAddress - INFO: Locating procedure "ImmSetCompositionWindow" by name
NtQueryInformationThread( ThreadHandle=-2, ThreadInformationClass=0x1d [ThreadWow64Context], ThreadInformation=0xb7dd20, Length=0x2cc, ReturnLength=null ) => 0
6774:651c @ 118014781 - LdrpGetProcedureAddress - INFO: Locating procedure "ImmNotifyIME" by name
NtQueryInformationThread( ThreadHandle=-2, ThreadInformationClass=0x1d [ThreadWow64Context], ThreadInformation=0xb7dd20, Length=0x2cc, ReturnLength=null ) => 0
6774:651c @ 118014781 - LdrpGetProcedureAddress - INFO: Locating procedure "ImmLockIMC" by name
NtQueryInformationThread( ThreadHandle=-2, ThreadInformationClass=0x1d [ThreadWow64Context], ThreadInformation=0xb7dd20, Length=0x2cc, ReturnLength=null ) => 0
6774:651c @ 118014796 - LdrpGetProcedureAddress - INFO: Locating procedure "ImmUnlockIMC" by name
NtQueryInformationThread( ThreadHandle=-2, ThreadInformationClass=0x1d [ThreadWow64Context], ThreadInformation=0xb7dd20, Length=0x2cc, ReturnLength=null ) => 0
6774:651c @ 118014796 - LdrpGetProcedureAddress - INFO: Locating procedure "ImmLoadIME" by name
NtQueryInformationThread( ThreadHandle=-2, ThreadInformationClass=0x1d [ThreadWow64Context], ThreadInformation=0xb7dd20, Length=0x2cc, ReturnLength=null ) => 0
6774:651c @ 118014796 - LdrpGetProcedureAddress - INFO: Locating procedure "ImmSetOpenStatus" by name
NtQueryInformationThread( ThreadHandle=-2, ThreadInformationClass=0x1d [ThreadWow64Context], ThreadInformation=0xb7dd20, Length=0x2cc, ReturnLength=null ) => 0
6774:651c @ 118014796 - LdrpGetProcedureAddress - INFO: Locating procedure "ImmFreeLayout" by name
NtQueryInformationThread( ThreadHandle=-2, ThreadInformationClass=0x1d [ThreadWow64Context], ThreadInformation=0xb7dd20, Length=0x2cc, ReturnLength=null ) => 0
6774:651c @ 118014796 - LdrpGetProcedureAddress - INFO: Locating procedure "ImmActivateLayout" by name
NtQueryInformationThread( ThreadHandle=-2, ThreadInformationClass=0x1d [ThreadWow64Context], ThreadInformation=0xb7dd20, Length=0x2cc, ReturnLength=null ) => 0
6774:651c @ 118014796 - LdrpGetProcedureAddress - INFO: Locating procedure "ImmGetCandidateWindow" by name
NtQueryInformationThread( ThreadHandle=-2, ThreadInformationClass=0x1d [ThreadWow64Context], ThreadInformation=0xb7dd20, Length=0x2cc, ReturnLength=null ) => 0
6774:651c @ 118014796 - LdrpGetProcedureAddress - INFO: Locating procedure "ImmSetCandidateWindow" by name
NtQueryInformationThread( ThreadHandle=-2, ThreadInformationClass=0x1d [ThreadWow64Context], ThreadInformation=0xb7dd20, Length=0x2cc, ReturnLength=null ) => 0
6774:651c @ 118014796 - LdrpGetProcedureAddress - INFO: Locating procedure "ImmConfigureIMEW" by name
NtQueryInformationThread( ThreadHandle=-2, ThreadInformationClass=0x1d [ThreadWow64Context], ThreadInformation=0xb7dd20, Length=0x2cc, ReturnLength=null ) => 0
6774:651c @ 118014796 - LdrpGetProcedureAddress - INFO: Locating procedure "ImmGetConversionStatus" by name
NtQueryInformationThread( ThreadHandle=-2, ThreadInformationClass=0x1d [ThreadWow64Context], ThreadInformation=0xb7dd20, Length=0x2cc, ReturnLength=null ) => 0
6774:651c @ 118014796 - LdrpGetProcedureAddress - INFO: Locating procedure "ImmSetConversionStatus" by name
NtQueryInformationThread( ThreadHandle=-2, ThreadInformationClass=0x1d [ThreadWow64Context], ThreadInformation=0xb7dd20, Length=0x2cc, ReturnLength=null ) => 0
6774:651c @ 118014796 - LdrpGetProcedureAddress - INFO: Locating procedure "ImmSetStatusWindowPos" by name
NtQueryInformationThread( ThreadHandle=-2, ThreadInformationClass=0x1d [ThreadWow64Context], ThreadInformation=0xb7dd20, Length=0x2cc, ReturnLength=null ) => 0
6774:651c @ 118014796 - LdrpGetProcedureAddress - INFO: Locating procedure "ImmGetImeInfoEx" by name
NtQueryInformationThread( ThreadHandle=-2, ThreadInformationClass=0x1d [ThreadWow64Context], ThreadInformation=0xb7dd20, Length=0x2cc, ReturnLength=null ) => 0
6774:651c @ 118014796 - LdrpGetProcedureAddress - INFO: Locating procedure "ImmLockImeDpi" by name
NtQueryInformationThread( ThreadHandle=-2, ThreadInformationClass=0x1d [ThreadWow64Context], ThreadInformation=0xb7dd20, Length=0x2cc, ReturnLength=null ) => 0
6774:651c @ 118014796 - LdrpGetProcedureAddress - INFO: Locating procedure "ImmUnlockImeDpi" by name
NtQueryInformationThread( ThreadHandle=-2, ThreadInformationClass=0x1d [ThreadWow64Context], ThreadInformation=0xb7dd20, Length=0x2cc, ReturnLength=null ) => 0
6774:651c @ 118014796 - LdrpGetProcedureAddress - INFO: Locating procedure "ImmGetOpenStatus" by name
NtQueryInformationThread( ThreadHandle=-2, ThreadInformationClass=0x1d [ThreadWow64Context], ThreadInformation=0xb7dd20, Length=0x2cc, ReturnLength=null ) => 0
6774:651c @ 118014796 - LdrpGetProcedureAddress - INFO: Locating procedure "ImmSetActiveContext" by name
NtQueryInformationThread( ThreadHandle=-2, ThreadInformationClass=0x1d [ThreadWow64Context], ThreadInformation=0xb7dd20, Length=0x2cc, ReturnLength=null ) => 0
6774:651c @ 118014796 - LdrpGetProcedureAddress - INFO: Locating procedure "ImmTranslateMessage" by name
NtQueryInformationThread( ThreadHandle=-2, ThreadInformationClass=0x1d [ThreadWow64Context], ThreadInformation=0xb7dd20, Length=0x2cc, ReturnLength=null ) => 0
6774:651c @ 118014796 - LdrpGetProcedureAddress - INFO: Locating procedure "ImmLoadLayout" by name
NtQueryInformationThread( ThreadHandle=-2, ThreadInformationClass=0x1d [ThreadWow64Context], ThreadInformation=0xb7dd20, Length=0x2cc, ReturnLength=null ) => 0
6774:651c @ 118014796 - LdrpGetProcedureAddress - INFO: Locating procedure "ImmProcessKey" by name
NtQueryInformationThread( ThreadHandle=-2, ThreadInformationClass=0x1d [ThreadWow64Context], ThreadInformation=0xb7dd20, Length=0x2cc, ReturnLength=null ) => 0
6774:651c @ 118014796 - LdrpGetProcedureAddress - INFO: Locating procedure "ImmPutImeMenuItemsIntoMappedFile" by name
NtQueryInformationThread( ThreadHandle=-2, ThreadInformationClass=0x1d [ThreadWow64Context], ThreadInformation=0xb7dd20, Length=0x2cc, ReturnLength=null ) => 0
6774:651c @ 118014796 - LdrpGetProcedureAddress - INFO: Locating procedure "ImmGetProperty" by name
NtQueryInformationThread( ThreadHandle=-2, ThreadInformationClass=0x1d [ThreadWow64Context], ThreadInformation=0xb7dd20, Length=0x2cc, ReturnLength=null ) => 0
6774:651c @ 118014796 - LdrpGetProcedureAddress - INFO: Locating procedure "ImmSetCompositionStringA" by name
NtQueryInformationThread( ThreadHandle=-2, ThreadInformationClass=0x1d [ThreadWow64Context], ThreadInformation=0xb7dd20, Length=0x2cc, ReturnLength=null ) => 0
6774:651c @ 118014796 - LdrpGetProcedureAddress - INFO: Locating procedure "ImmSetCompositionStringW" by name
NtQueryInformationThread( ThreadHandle=-2, ThreadInformationClass=0x1d [ThreadWow64Context], ThreadInformation=0xb7dd20, Length=0x2cc, ReturnLength=null ) => 0
6774:651c @ 118014796 - LdrpGetProcedureAddress - INFO: Locating procedure "ImmEnumInputContext" by name
NtQueryInformationThread( ThreadHandle=-2, ThreadInformationClass=0x1d [ThreadWow64Context], ThreadInformation=0xb7dd20, Length=0x2cc, ReturnLength=null ) => 0
6774:651c @ 118014796 - LdrpGetProcedureAddress - INFO: Locating procedure "ImmSystemHandler" by name
NtQueryInformationThread( ThreadHandle=-2, ThreadInformationClass=0x1d [ThreadWow64Context], ThreadInformation=0xb7dd20, Length=0x2cc, ReturnLength=null ) => 0
6774:651c @ 118014796 - LdrpGetProcedureAddress - INFO: Locating procedure "CtfImmTIMActivate" by name
NtQueryInformationThread( ThreadHandle=-2, ThreadInformationClass=0x1d [ThreadWow64Context], ThreadInformation=0xb7dd20, Length=0x2cc, ReturnLength=null ) => 0
6774:651c @ 118014796 - LdrpGetProcedureAddress - INFO: Locating procedure "CtfImmRestoreToolbarWnd" by name
NtQueryInformationThread( ThreadHandle=-2, ThreadInformationClass=0x1d [ThreadWow64Context], ThreadInformation=0xb7dd20, Length=0x2cc, ReturnLength=null ) => 0
6774:651c @ 118014796 - LdrpGetProcedureAddress - INFO: Locating procedure "CtfImmHideToolbarWnd" by name
NtQueryInformationThread( ThreadHandle=-2, ThreadInformationClass=0x1d [ThreadWow64Context], ThreadInformation=0xb7dd20, Length=0x2cc, ReturnLength=null ) => 0
6774:651c @ 118014796 - LdrpGetProcedureAddress - INFO: Locating procedure "CtfImmDispatchDefImeMessage" by name
NtQueryInformationThread( ThreadHandle=-2, ThreadInformationClass=0x1d [ThreadWow64Context], ThreadInformation=0xb7dd20, Length=0x2cc, ReturnLength=null ) => 0
6774:651c @ 118014796 - LdrpGetProcedureAddress - INFO: Locating procedure "CtfImmNotify" by name
NtQueryInformationThread( ThreadHandle=-2, ThreadInformationClass=0x1d [ThreadWow64Context], ThreadInformation=0xb7dd20, Length=0x2cc, ReturnLength=null ) => 0
6774:651c @ 118014796 - LdrpGetProcedureAddress - INFO: Locating procedure "CtfImmSetDefaultRemoteKeyboardLayout" by name
NtQueryInformationThread( ThreadHandle=-2, ThreadInformationClass=0x1d [ThreadWow64Context], ThreadInformation=0xb7dd20, Length=0x2cc, ReturnLength=null ) => 0
6774:651c @ 118014796 - LdrpGetProcedureAddress - INFO: Locating procedure "CtfImmGetCompatibleKeyboardLayout" by name
NtQueryInformationThread( ThreadHandle=-2, ThreadInformationClass=0x1d [ThreadWow64Context], ThreadInformation=0xb7dd20, Length=0x2cc, ReturnLength=null ) => 0
6774:651c @ 118014796 - LdrpLoadDllInternal - RETURN: Status: 0x00000000
NtQueryInformationThread( ThreadHandle=-2, ThreadInformationClass=0x1d [ThreadWow64Context], ThreadInformation=0xb7dd20, Length=0x2cc, ReturnLength=null ) => 0
6774:651c @ 118014796 - LdrLoadDll - RETURN: Status: 0x00000000
NtQueryInformationThread( ThreadHandle=-2, ThreadInformationClass=0x1d [ThreadWow64Context], ThreadInformation=0xb7dd20, Length=0x2cc, ReturnLength=null ) => 0
6774:651c @ 118014796 - LdrGetDllHandleEx - ENTER: DLL name: C:\Windows\system32\IMM32.DLL
NtQueryInformationThread( ThreadHandle=-2, ThreadInformationClass=0x1d [ThreadWow64Context], ThreadInformation=0xb7dd20, Length=0x2cc, ReturnLength=null ) => 0
6774:651c @ 118014796 - LdrpFindLoadedDllInternal - RETURN: Status: 0x00000000
NtQueryInformationThread( ThreadHandle=-2, ThreadInformationClass=0x1d [ThreadWow64Context], ThreadInformation=0xb7dd20, Length=0x2cc, ReturnLength=null ) => 0
6774:651c @ 118014796 - LdrGetDllHandleEx - RETURN: Status: 0x00000000
NtQueryInformationProcess( ProcessHandle=-1, ProcessInformationClass=0x34 [ProcessMitigationPolicy], ProcessInformation=0xd7ef68, Length=8, ReturnLength=null ) => 0
NtOpenKeyEx( KeyHandle=0xb7e228, DesiredAccess=KEY_READ, ObjectAttributes="\Registry\Machine\System\CurrentControlSet\Control\Error Message Instrument\", OpenOptions=0 ) => 0xc0000034 [2 'The system cannot find the file specified.']
NtTraceControl( CtrlCode=0x8000000f, InputBuffer=0xd7ee90, InputBufferLength=0xa0, OutputBuffer=0xd7ee90, OutputBufferLength=0xa0, ReturnLength=0xd7ee88 [0xa0] ) => 0
NtTraceControl( CtrlCode=0x8000001e, InputBuffer=0xd7ef58, InputBufferLength=0x18, OutputBuffer=0xd7eee0, OutputBufferLength=0x78, ReturnLength=0xd7eed8 [0] ) => 0
NtTraceControl( CtrlCode=0x8000000f, InputBuffer=0xd7ee90, InputBufferLength=0xa0, OutputBuffer=0xd7ee90, OutputBufferLength=0xa0, ReturnLength=0xd7ee88 [0xa0] ) => 0
NtTraceControl( CtrlCode=0x8000001e, InputBuffer=0xd7ef58, InputBufferLength=0x18, OutputBuffer=0xd7eee0, OutputBufferLength=0x78, ReturnLength=0xd7eed8 [0] ) => 0
NtTraceControl( CtrlCode=0x8000000f, InputBuffer=0xd7ee90, InputBufferLength=0xa0, OutputBuffer=0xd7ee90, OutputBufferLength=0xa0, ReturnLength=0xd7ee88 [0xa0] ) => 0
NtTraceControl( CtrlCode=0x8000001e, InputBuffer=0xd7ef58, InputBufferLength=0x18, OutputBuffer=0xd7eee0, OutputBufferLength=0x78, ReturnLength=0xd7eed8 [0] ) => 0
NtQueryObject( ObjectHandle=0x54, ObjectInformationClass=1 [ObjectNameInformation], ObjectInformation=0xb7e050, Length=0x210, ReturnLength=null ) => 0
NtQueryKey( KeyHandle=0x54, KeyInformationClass=7 [KeyHandleTagsInformation], KeyInformation=0xb7e208, Length=4, ResultLength=0xb7e1a4 [4] ) => 0
NtOpenKeyEx( KeyHandle=0xb7e228 [0x13c], DesiredAccess=0x9, ObjectAttributes=0x54:"test.exe", OpenOptions=0 ) => 0
NtQueryValueKey( KeyHandle=0x13c, ValueName="UseFilter", KeyValueInformationClass=2 [KeyValuePartialInformation], KeyValueInformation=0xd7ece0, Length=0x220, ResultLength=0xd7ecd4 ) => 0xc0000034 [2 'The system cannot find the file specified.']
NtQueryValueKey( KeyHandle=0x13c, ValueName="GdiScaling", KeyValueInformationClass=2 [KeyValuePartialInformation], KeyValueInformation=0xd7eb40, Length=0x400, ResultLength=0xd7eb28 ) => 0xc0000034 [2 'The system cannot find the file specified.']
NtOpenKeyEx( KeyHandle=0xb7e228, DesiredAccess=KEY_READ, ObjectAttributes="\Registry\Machine\Software\WOW6432Node\Policies\Microsoft\Windows\Display", OpenOptions=0 ) => 0xc0000034 [2 'The system cannot find the file specified.']
NtOpenKeyEx( KeyHandle=0xb7e228, DesiredAccess=KEY_READ, ObjectAttributes="\Registry\Machine\Software\WOW6432Node\Policies\Microsoft\Windows\Display", OpenOptions=0 ) => 0xc0000034 [2 'The system cannot find the file specified.']
NtQueryObject( ObjectHandle=0x54, ObjectInformationClass=1 [ObjectNameInformation], ObjectInformation=0xb7e050, Length=0x210, ReturnLength=null ) => 0
NtQueryKey( KeyHandle=0x54, KeyInformationClass=7 [KeyHandleTagsInformation], KeyInformation=0xb7e208, Length=4, ResultLength=0xb7e1a4 [4] ) => 0
NtOpenKeyEx( KeyHandle=0xb7e228 [0x140], DesiredAccess=0x9, ObjectAttributes=0x54:"test.exe", OpenOptions=0 ) => 0
NtQueryValueKey( KeyHandle=0x140, ValueName="UseFilter", KeyValueInformationClass=2 [KeyValuePartialInformation], KeyValueInformation=0xd7ece0, Length=0x220, ResultLength=0xd7ecd4 ) => 0xc0000034 [2 'The system cannot find the file specified.']
NtQueryValueKey( KeyHandle=0x140, ValueName="PerProcessSystemDpi", KeyValueInformationClass=2 [KeyValuePartialInformation], KeyValueInformation=0xd7eb40, Length=0x400, ResultLength=0xd7eb28 ) => 0xc0000034 [2 'The system cannot find the file specified.']
NtOpenKeyEx( KeyHandle=0xb7e228, DesiredAccess=KEY_READ, ObjectAttributes="\Registry\Machine\Software\WOW6432Node\Policies\Microsoft\Windows\Display", OpenOptions=0 ) => 0xc0000034 [2 'The system cannot find the file specified.']
NtOpenKeyEx( KeyHandle=0xb7e228, DesiredAccess=KEY_READ, ObjectAttributes="\Registry\Machine\Software\WOW6432Node\Policies\Microsoft\Windows\Display", OpenOptions=0 ) => 0xc0000034 [2 'The system cannot find the file specified.']
NtOpenKeyEx( KeyHandle=0xb7e228 [0x13c], DesiredAccess=KEY_READ, ObjectAttributes="\Registry\Machine\Software\WOW6432Node\Microsoft\Windows NT\CurrentVersion\GRE_Initialize", OpenOptions=0 ) => 0
NtSetInformationKey( KeyHandle=0x13c, KeySetInformationClass=5 [KeySetHandleTagsInformation], KeyInformation=0xb7e220, Length=4 ) => 0
NtQueryValueKey( KeyHandle=0x13c, ValueName="DisableMetaFiles", KeyValueInformationClass=2 [KeyValuePartialInformation], KeyValueInformation=0x1126910, Length=0x14, ResultLength=0xd7eee4 ) => 0xc0000034 [2 'The system cannot find the file specified.']
NtOpenKeyEx( KeyHandle=0xb7e228 [0x13c], DesiredAccess=KEY_READ, ObjectAttributes="\Registry\Machine\Software\WOW6432Node\Microsoft\Windows NT\CurrentVersion\GRE_Initialize", OpenOptions=0 ) => 0
NtSetInformationKey( KeyHandle=0x13c, KeySetInformationClass=5 [KeySetHandleTagsInformation], KeyInformation=0xb7e220, Length=4 ) => 0
NtQueryValueKey( KeyHandle=0x13c, ValueName="DisableUmpdBufferSizeCheck", KeyValueInformationClass=2 [KeyValuePartialInformation], KeyValueInformation=0x1126910, Length=0x14, ResultLength=0xd7eee4 ) => 0xc0000034 [2 'The system cannot find the file specified.']
NtQueryInformationThread( ThreadHandle=-2, ThreadInformationClass=0x1d [ThreadWow64Context], ThreadInformation=0xb7cd40, Length=0x2cc, ReturnLength=null ) => 0
6774:651c @ 118014796 - LdrpPreprocessDllName - INFO: DLL ext-ms-win-gdi-internal-desktop-l1-1-0.dll was redirected to C:\Windows\SYSTEM32\gdi32full.dll by API set
NtQueryInformationThread( ThreadHandle=-2, ThreadInformationClass=0x1d [ThreadWow64Context], ThreadInformation=0xb7cd40, Length=0x2cc, ReturnLength=null ) => 0
6774:651c @ 118014796 - LdrpLoadDllInternal - ENTER: DLL name: C:\Windows\SYSTEM32\gdi32full.dll
NtQueryInformationThread( ThreadHandle=-2, ThreadInformationClass=0x2a [ThreadDynamicCodePolicyInfo], ThreadInformation=0xd7e66c, Length=4, ReturnLength=null ) => 0
NtQueryInformationThread( ThreadHandle=-2, ThreadInformationClass=0x1d [ThreadWow64Context], ThreadInformation=0xb7cd40, Length=0x2cc, ReturnLength=null ) => 0
6774:651c @ 118014796 - LdrpLoadDllInternal - RETURN: Status: 0x00000000
NtQueryInformationThread( ThreadHandle=-2, ThreadInformationClass=0x1d [ThreadWow64Context], ThreadInformation=0xb7cd40, Length=0x2cc, ReturnLength=null ) => 0
6774:651c @ 118014796 - LdrpGetProcedureAddress - INFO: Locating procedure "RemoveFontResourceA" by name
NtQueryInformationThread( ThreadHandle=-2, ThreadInformationClass=0x1d [ThreadWow64Context], ThreadInformation=0xb7cd40, Length=0x2cc, ReturnLength=null ) => 0
6774:651c @ 118014796 - LdrpGetProcedureAddress - INFO: Locating procedure "Polygon" by name
NtQueryInformationThread( ThreadHandle=-2, ThreadInformationClass=0x1d [ThreadWow64Context], ThreadInformation=0xb7cd40, Length=0x2cc, ReturnLength=null ) => 0
6774:651c @ 118014796 - LdrpGetProcedureAddress - INFO: Locating procedure "PolyPolygon" by name
NtQueryInformationThread( ThreadHandle=-2, ThreadInformationClass=0x1d [ThreadWow64Context], ThreadInformation=0xb7cd40, Length=0x2cc, ReturnLength=null ) => 0
6774:651c @ 118014796 - LdrpGetProcedureAddress - INFO: Locating procedure "PolyBezier" by name
NtQueryInformationThread( ThreadHandle=-2, ThreadInformationClass=0x1d [ThreadWow64Context], ThreadInformation=0xb7cd40, Length=0x2cc, ReturnLength=null ) => 0
6774:651c @ 118014796 - LdrpGetProcedureAddress - INFO: Locating procedure "Pie" by name
NtQueryInformationThread( ThreadHandle=-2, ThreadInformationClass=0x1d [ThreadWow64Context], ThreadInformation=0xb7cd40, Length=0x2cc, ReturnLength=null ) => 0
6774:651c @ 118014796 - LdrpGetProcedureAddress - INFO: Locating procedure "InvertRgn" by name
NtQueryInformationThread( ThreadHandle=-2, ThreadInformationClass=0x1d [ThreadWow64Context], ThreadInformation=0xb7cd40, Length=0x2cc, ReturnLength=null ) => 0
6774:651c @ 118014796 - LdrpGetProcedureAddress - INFO: Locating procedure "GetTextExtentPointI" by name
NtQueryInformationThread( ThreadHandle=-2, ThreadInformationClass=0x1d [ThreadWow64Context], ThreadInformation=0xb7cd40, Length=0x2cc, ReturnLength=null ) => 0
6774:651c @ 118014796 - LdrpGetProcedureAddress - INFO: Locating procedure "GetTextExtentPointA" by name
NtQueryInformationThread( ThreadHandle=-2, ThreadInformationClass=0x1d [ThreadWow64Context], ThreadInformation=0xb7cd40, Length=0x2cc, ReturnLength=null ) => 0
6774:651c @ 118014796 - LdrpGetProcedureAddress - INFO: Locating procedure "GetTextExtentPoint32A" by name
NtQueryInformationThread( ThreadHandle=-2, ThreadInformationClass=0x1d [ThreadWow64Context], ThreadInformation=0xb7cd40, Length=0x2cc, ReturnLength=null ) => 0
6774:651c @ 118014796 - LdrpGetProcedureAddress - INFO: Locating procedure "GetTextExtentExPointA" by name
NtQueryInformationThread( ThreadHandle=-2, ThreadInformationClass=0x1d [ThreadWow64Context], ThreadInformation=0xb7cd40, Length=0x2cc, ReturnLength=null ) => 0
6774:651c @ 118014796 - LdrpGetProcedureAddress - INFO: Locating procedure "GetTextCharacterExtra" by name
NtQueryInformationThread( ThreadHandle=-2, ThreadInformationClass=0x1d [ThreadWow64Context], ThreadInformation=0xb7cd40, Length=0x2cc, ReturnLength=null ) => 0
6774:651c @ 118014796 - LdrpGetProcedureAddress - INFO: Locating procedure "GetRasterizerCaps" by name
NtQueryInformationThread( ThreadHandle=-2, ThreadInformationClass=0x1d [ThreadWow64Context], ThreadInformation=0xb7cd40, Length=0x2cc, ReturnLength=null ) => 0
6774:651c @ 118014796 - LdrpGetProcedureAddress - INFO: Locating procedure "SetPaletteEntries" by name
NtQueryInformationThread( ThreadHandle=-2, ThreadInformationClass=0x1d [ThreadWow64Context], ThreadInformation=0xb7cd40, Length=0x2cc, ReturnLength=null ) => 0
6774:651c @ 118014796 - LdrpGetProcedureAddress - INFO: Locating procedure "GetEnhMetaFileDescriptionA" by name
NtQueryInformationThread( ThreadHandle=-2, ThreadInformationClass=0x1d [ThreadWow64Context], ThreadInformation=0xb7cd40, Length=0x2cc, ReturnLength=null ) => 0
6774:651c @ 118014796 - LdrpGetProcedureAddress - INFO: Locating procedure "GetEnhMetaFileA" by name
NtQueryInformationThread( ThreadHandle=-2, ThreadInformationClass=0x1d [ThreadWow64Context], ThreadInformation=0xb7cd40, Length=0x2cc, ReturnLength=null ) => 0
6774:651c @ 118014796 - LdrpGetProcedureAddress - INFO: Locating procedure "GetCurrentPositionEx" by name
NtQueryInformationThread( ThreadHandle=-2, ThreadInformationClass=0x1d [ThreadWow64Context], ThreadInformation=0xb7cd40, Length=0x2cc, ReturnLength=null ) => 0
6774:651c @ 118014796 - LdrpGetProcedureAddress - INFO: Locating procedure "GdiComment" by name
NtQueryInformationThread( ThreadHandle=-2, ThreadInformationClass=0x1d [ThreadWow64Context], ThreadInformation=0xb7cd40, Length=0x2cc, ReturnLength=null ) => 0
6774:651c @ 118014796 - LdrpGetProcedureAddress - INFO: Locating procedure "RoundRect" by name
NtQueryInformationThread( ThreadHandle=-2, ThreadInformationClass=0x1d [ThreadWow64Context], ThreadInformation=0xb7cd40, Length=0x2cc, ReturnLength=null ) => 0
6774:651c @ 118014796 - LdrpGetProcedureAddress - INFO: Locating procedure "EnumEnhMetaFile" by name
NtQueryInformationThread( ThreadHandle=-2, ThreadInformationClass=0x1d [ThreadWow64Context], ThreadInformation=0xb7cd40, Length=0x2cc, ReturnLength=null ) => 0
6774:651c @ 118014796 - LdrpGetProcedureAddress - INFO: Locating procedure "Ellipse" by name
NtQueryInformationThread( ThreadHandle=-2, ThreadInformationClass=0x1d [ThreadWow64Context], ThreadInformation=0xb7cd40, Length=0x2cc, ReturnLength=null ) => 0
6774:651c @ 118014796 - LdrpGetProcedureAddress - INFO: Locating procedure "CreatePolyPolygonRgn" by name
NtQueryInformationThread( ThreadHandle=-2, ThreadInformationClass=0x1d [ThreadWow64Context], ThreadInformation=0xb7cd40, Length=0x2cc, ReturnLength=null ) => 0
6774:651c @ 118014796 - LdrpGetProcedureAddress - INFO: Locating procedure "CreatePenIndirect" by name
NtQueryInformationThread( ThreadHandle=-2, ThreadInformationClass=0x1d [ThreadWow64Context], ThreadInformation=0xb7cd40, Length=0x2cc, ReturnLength=null ) => 0
6774:651c @ 118014796 - LdrpGetProcedureAddress - INFO: Locating procedure "CreateFontA" by name
NtQueryInformationThread( ThreadHandle=-2, ThreadInformationClass=0x1d [ThreadWow64Context], ThreadInformation=0xb7cd40, Length=0x2cc, ReturnLength=null ) => 0
6774:651c @ 118014796 - LdrpGetProcedureAddress - INFO: Locating procedure "CreateEllipticRgnIndirect" by name
NtQueryInformationThread( ThreadHandle=-2, ThreadInformationClass=0x1d [ThreadWow64Context], ThreadInformation=0xb7cd40, Length=0x2cc, ReturnLength=null ) => 0
6774:651c @ 118014796 - LdrpGetProcedureAddress - INFO: Locating procedure "CreateBrushIndirect" by name
NtQueryInformationThread( ThreadHandle=-2, ThreadInformationClass=0x1d [ThreadWow64Context], ThreadInformation=0xb7cd40, Length=0x2cc, ReturnLength=null ) => 0
6774:651c @ 118014796 - LdrpGetProcedureAddress - INFO: Locating procedure "Arc" by name
NtQueryInformationThread( ThreadHandle=-2, ThreadInformationClass=0x1d [ThreadWow64Context], ThreadInformation=0xb7cd40, Length=0x2cc, ReturnLength=null ) => 0
6774:651c @ 118014796 - LdrpGetProcedureAddress - INFO: Locating procedure "AnimatePalette" by name
NtQueryInformationThread( ThreadHandle=-2, ThreadInformationClass=0x1d [ThreadWow64Context], ThreadInformation=0xb7cd40, Length=0x2cc, ReturnLength=null ) => 0
6774:651c @ 118014796 - LdrpGetProcedureAddress - INFO: Locating procedure "AddFontResourceA" by name
NtQueryInformationThread( ThreadHandle=-2, ThreadInformationClass=0x1d [ThreadWow64Context], ThreadInformation=0xb7cd40, Length=0x2cc, ReturnLength=null ) => 0
6774:651c @ 118014796 - LdrpGetProcedureAddress - INFO: Locating procedure "CreateFontIndirectWImpl" by name
NtQueryInformationThread( ThreadHandle=-2, ThreadInformationClass=0x1d [ThreadWow64Context], ThreadInformation=0xb7cd40, Length=0x2cc, ReturnLength=null ) => 0
6774:651c @ 118014796 - LdrpGetProcedureAddress - INFO: Locating procedure "GetGlyphOutlineA" by name
NtQueryInformationThread( ThreadHandle=-2, ThreadInformationClass=0x1d [ThreadWow64Context], ThreadInformation=0xb7cd40, Length=0x2cc, ReturnLength=null ) => 0
6774:651c @ 118014796 - LdrpGetProcedureAddress - INFO: Locating procedure "StrokePathImpl" by name
NtQueryInformationThread( ThreadHandle=-2, ThreadInformationClass=0x1d [ThreadWow64Context], ThreadInformation=0xb7cd40, Length=0x2cc, ReturnLength=null ) => 0
6774:651c @ 118014796 - LdrpGetProcedureAddress - INFO: Locating procedure "StretchDIBitsImpl" by name
NtQueryInformationThread( ThreadHandle=-2, ThreadInformationClass=0x1d [ThreadWow64Context], ThreadInformation=0xb7cd40, Length=0x2cc, ReturnLength=null ) => 0
6774:651c @ 118014796 - LdrpGetProcedureAddress - INFO: Locating procedure "SetROP2" by name
NtQueryInformationThread( ThreadHandle=-2, ThreadInformationClass=0x1d [ThreadWow64Context], ThreadInformation=0xb7cd40, Length=0x2cc, ReturnLength=null ) => 0
6774:651c @ 118014796 - LdrpGetProcedureAddress - INFO: Locating procedure "TextOutA" by name
NtQueryInformationThread( ThreadHandle=-2, ThreadInformationClass=0x1d [ThreadWow64Context], ThreadInformation=0xb7cd40, Length=0x2cc, ReturnLength=null ) => 0
6774:651c @ 118014796 - LdrpGetProcedureAddress - INFO: Locating procedure "UnrealizeObject" by name
NtQueryInformationThread( ThreadHandle=-2, ThreadInformationClass=0x1d [ThreadWow64Context], ThreadInformation=0xb7cd40, Length=0x2cc, ReturnLength=null ) => 0
6774:651c @ 118014796 - LdrpGetProcedureAddress - INFO: Locating procedure "ResizePalette" by name
NtQueryInformationThread( ThreadHandle=-2, ThreadInformationClass=0x1d [ThreadWow64Context], ThreadInformation=0xb7cd40, Length=0x2cc, ReturnLength=null ) => 0
6774:651c @ 118014796 - LdrpGetProcedureAddress - INFO: Locating procedure "FrameRgn" by name
NtQueryInformationThread( ThreadHandle=-2, ThreadInformationClass=0x1d [ThreadWow64Context], ThreadInformation=0xb7cd40, Length=0x2cc, ReturnLength=null ) => 0
6774:651c @ 118014796 - LdrpGetProcedureAddress - INFO: Locating procedure "SetBitmapBits" by name
NtQueryInformationThread( ThreadHandle=-2, ThreadInformationClass=0x1d [ThreadWow64Context], ThreadInformation=0xb7cd40, Length=0x2cc, ReturnLength=null ) => 0
6774:651c @ 118014796 - LdrpGetProcedureAddress - INFO: Locating procedure "GetROP2" by name
NtQueryInformationThread( ThreadHandle=-2, ThreadInformationClass=0x1d [ThreadWow64Context], ThreadInformation=0xb7cd40, Length=0x2cc, ReturnLength=null ) => 0
6774:651c @ 118014796 - LdrpGetProcedureAddress - INFO: Locating procedure "AbortPath" by name
NtQueryInformationThread( ThreadHandle=-2, ThreadInformationClass=0x1d [ThreadWow64Context], ThreadInformation=0xb7cd40, Length=0x2cc, ReturnLength=null ) => 0
6774:651c @ 118014796 - LdrpGetProcedureAddress - INFO: Locating procedure "StartPageImpl" by name
NtQueryInformationThread( ThreadHandle=-2, ThreadInformationClass=0x1d [ThreadWow64Context], ThreadInformation=0xb7cd40, Length=0x2cc, ReturnLength=null ) => 0
6774:651c @ 118014796 - LdrpGetProcedureAddress - INFO: Locating procedure "AddFontResourceExA" by name
NtQueryInformationThread( ThreadHandle=-2, ThreadInformationClass=0x1d [ThreadWow64Context], ThreadInformation=0xb7cd40, Length=0x2cc, ReturnLength=null ) => 0
6774:651c @ 118014796 - LdrpGetProcedureAddress - INFO: Locating procedure "AddFontResourceExW" by name
NtQueryInformationThread( ThreadHandle=-2, ThreadInformationClass=0x1d [ThreadWow64Context], ThreadInformation=0xb7cd40, Length=0x2cc, ReturnLength=null ) => 0
6774:651c @ 118014796 - LdrpGetProcedureAddress - INFO: Locating procedure "AddFontResourceTracking" by name
NtQueryInformationThread( ThreadHandle=-2, ThreadInformationClass=0x1d [ThreadWow64Context], ThreadInformation=0xb7cd40, Length=0x2cc, ReturnLength=null ) => 0
6774:651c @ 118014796 - LdrpGetProcedureAddress - INFO: Locating procedure "AngleArc" by name
NtQueryInformationThread( ThreadHandle=-2, ThreadInformationClass=0x1d [ThreadWow64Context], ThreadInformation=0xb7cd40, Length=0x2cc, ReturnLength=null ) => 0
6774:651c @ 118014796 - LdrpGetProcedureAddress - INFO: Locating procedure "AnyLinkedFonts" by name
NtQueryInformationThread( ThreadHandle=-2, ThreadInformationClass=0x1d [ThreadWow64Context], ThreadInformation=0xb7cd40, Length=0x2cc, ReturnLength=null ) => 0
6774:651c @ 118014796 - LdrpGetProcedureAddress - INFO: Locating procedure "ArcTo" by name
NtQueryInformationThread( ThreadHandle=-2, ThreadInformationClass=0x1d [ThreadWow64Context], ThreadInformation=0xb7cd40, Length=0x2cc, ReturnLength=null ) => 0
6774:651c @ 118014796 - LdrpGetProcedureAddress - INFO: Locating procedure "CancelDC" by name
NtQueryInformationThread( ThreadHandle=-2, ThreadInformationClass=0x1d [ThreadWow64Context], ThreadInformation=0xb7cd40, Length=0x2cc, ReturnLength=null ) => 0
6774:651c @ 118014796 - LdrpGetProcedureAddress - INFO: Locating procedure "CheckColorsInGamut" by name
NtQueryInformationThread( ThreadHandle=-2, ThreadInformationClass=0x1d [ThreadWow64Context], ThreadInformation=0xb7cd40, Length=0x2cc, ReturnLength=null ) => 0
6774:651c @ 118014796 - LdrpGetProcedureAddress - INFO: Locating procedure "Chord" by name
NtQueryInformationThread( ThreadHandle=-2, ThreadInformationClass=0x1d [ThreadWow64Context], ThreadInformation=0xb7cd40, Length=0x2cc, ReturnLength=null ) => 0
6774:651c @ 118014796 - LdrpGetProcedureAddress - INFO: Locating procedure "ClearBitmapAttributes" by name
NtQueryInformationThread( ThreadHandle=-2, ThreadInformationClass=0x1d [ThreadWow64Context], ThreadInformation=0xb7cd40, Length=0x2cc, ReturnLength=null ) => 0
6774:651c @ 118014796 - LdrpGetProcedureAddress - INFO: Locating procedure "ClearBrushAttributes" by name
NtQueryInformationThread( ThreadHandle=-2, ThreadInformationClass=0x1d [ThreadWow64Context], ThreadInformation=0xb7cd40, Length=0x2cc, ReturnLength=null ) => 0
6774:651c @ 118014796 - LdrpGetProcedureAddress - INFO: Locating procedure "ColorCorrectPalette" by name
NtQueryInformationThread( ThreadHandle=-2, ThreadInformationClass=0x1d [ThreadWow64Context], ThreadInformation=0xb7cd40, Length=0x2cc, ReturnLength=null ) => 0
6774:651c @ 118014796 - LdrpGetProcedureAddress - INFO: Locating procedure "ColorMatchToTarget" by name
NtQueryInformationThread( ThreadHandle=-2, ThreadInformationClass=0x1d [ThreadWow64Context], ThreadInformation=0xb7cd40, Length=0x2cc, ReturnLength=null ) => 0
6774:651c @ 118014796 - LdrpGetProcedureAddress - INFO: Locating procedure "CombineTransform" by name
NtQueryInformationThread( ThreadHandle=-2, ThreadInformationClass=0x1d [ThreadWow64Context], ThreadInformation=0xb7cd40, Length=0x2cc, ReturnLength=null ) => 0
6774:651c @ 118014796 - LdrpGetProcedureAddress - INFO: Locating procedure "CopyEnhMetaFileA" by name
NtQueryInformationThread( ThreadHandle=-2, ThreadInformationClass=0x1d [ThreadWow64Context], ThreadInformation=0xb7cd40, Length=0x2cc, ReturnLength=null ) => 0
6774:651c @ 118014796 - LdrpGetProcedureAddress - INFO: Locating procedure "CopyEnhMetaFileW" by name
NtQueryInformationThread( ThreadHandle=-2, ThreadInformationClass=0x1d [ThreadWow64Context], ThreadInformation=0xb7cd40, Length=0x2cc, ReturnLength=null ) => 0
6774:651c @ 118014796 - LdrpGetProcedureAddress - INFO: Locating procedure "CopyMetaFileA" by name
NtQueryInformationThread( ThreadHandle=-2, ThreadInformationClass=0x1d [ThreadWow64Context], ThreadInformation=0xb7cd40, Length=0x2cc, ReturnLength=null ) => 0
6774:651c @ 118014796 - LdrpGetProcedureAddress - INFO: Locating procedure "CopyMetaFileW" by name
NtQueryInformationThread( ThreadHandle=-2, ThreadInformationClass=0x1d [ThreadWow64Context], ThreadInformation=0xb7cd40, Length=0x2cc, ReturnLength=null ) => 0
6774:651c @ 118014796 - LdrpGetProcedureAddress - INFO: Locating procedure "CreateColorSpaceA" by name
NtQueryInformationThread( ThreadHandle=-2, ThreadInformationClass=0x1d [ThreadWow64Context], ThreadInformation=0xb7cd40, Length=0x2cc, ReturnLength=null ) => 0
6774:651c @ 118014796 - LdrpGetProcedureAddress - INFO: Locating procedure "CreateColorSpaceW" by name
NtQueryInformationThread( ThreadHandle=-2, ThreadInformationClass=0x1d [ThreadWow64Context], ThreadInformation=0xb7cd40, Length=0x2cc, ReturnLength=null ) => 0
6774:651c @ 118014796 - LdrpGetProcedureAddress - INFO: Locating procedure "CreateDCExW" by name
NtQueryInformationThread( ThreadHandle=-2, ThreadInformationClass=0x1d [ThreadWow64Context], ThreadInformation=0xb7cd40, Length=0x2cc, ReturnLength=null ) => 0
6774:651c @ 118014796 - LdrpGetProcedureAddress - INFO: Locating procedure "CreateDIBPatternBrush" by name
NtQueryInformationThread( ThreadHandle=-2, ThreadInformationClass=0x1d [ThreadWow64Context], ThreadInformation=0xb7cd40, Length=0x2cc, ReturnLength=null ) => 0
6774:651c @ 118014796 - LdrpGetProcedureAddress - INFO: Locating procedure "StartDocWImpl" by name
NtQueryInformationThread( ThreadHandle=-2, ThreadInformationClass=0x1d [ThreadWow64Context], ThreadInformation=0xb7cd40, Length=0x2cc, ReturnLength=null ) => 0
6774:651c @ 118014796 - LdrpGetProcedureAddress - INFO: Locating procedure "SetWorldTransformImpl" by name
NtQueryInformationThread( ThreadHandle=-2, ThreadInformationClass=0x1d [ThreadWow64Context], ThreadInformation=0xb7cd40, Length=0x2cc, ReturnLength=null ) => 0
6774:651c @ 118014796 - LdrpGetProcedureAddress - INFO: Locating procedure "CreateDiscardableBitmap" by name
NtQueryInformationThread( ThreadHandle=-2, ThreadInformationClass=0x1d [ThreadWow64Context], ThreadInformation=0xb7cd40, Length=0x2cc, ReturnLength=null ) => 0
6774:651c @ 118014796 - LdrpGetProcedureAddress - INFO: Locating procedure "CreateEllipticRgn" by name
NtQueryInformationThread( ThreadHandle=-2, ThreadInformationClass=0x1d [ThreadWow64Context], ThreadInformation=0xb7cd40, Length=0x2cc, ReturnLength=null ) => 0
6774:651c @ 118014796 - LdrpGetProcedureAddress - INFO: Locating procedure "CreateFontIndirectExA" by name
NtQueryInformationThread( ThreadHandle=-2, ThreadInformationClass=0x1d [ThreadWow64Context], ThreadInformation=0xb7cd40, Length=0x2cc, ReturnLength=null ) => 0
6774:651c @ 118014796 - LdrpGetProcedureAddress - INFO: Locating procedure "CreateFontIndirectExW" by name
NtQueryInformationThread( ThreadHandle=-2, ThreadInformationClass=0x1d [ThreadWow64Context], ThreadInformation=0xb7cd40, Length=0x2cc, ReturnLength=null ) => 0
6774:651c @ 118014796 - LdrpGetProcedureAddress - INFO: Locating procedure "CreateHatchBrush" by name
NtQueryInformationThread( ThreadHandle=-2, ThreadInformationClass=0x1d [ThreadWow64Context], ThreadInformation=0xb7cd40, Length=0x2cc, ReturnLength=null ) => 0
6774:651c @ 118014796 - LdrpGetProcedureAddress - INFO: Locating procedure "CreateICA" by name
NtQueryInformationThread( ThreadHandle=-2, ThreadInformationClass=0x1d [ThreadWow64Context], ThreadInformation=0xb7cd40, Length=0x2cc, ReturnLength=null ) => 0
6774:651c @ 118014812 - LdrpGetProcedureAddress - INFO: Locating procedure "CreateScalableFontResourceA" by name
NtQueryInformationThread( ThreadHandle=-2, ThreadInformationClass=0x1d [ThreadWow64Context], ThreadInformation=0xb7cd40, Length=0x2cc, ReturnLength=null ) => 0
6774:651c @ 118014812 - LdrpGetProcedureAddress - INFO: Locating procedure "SetStretchBltModeImpl" by name
NtQueryInformationThread( ThreadHandle=-2, ThreadInformationClass=0x1d [ThreadWow64Context], ThreadInformation=0xb7cd40, Length=0x2cc, ReturnLength=null ) => 0
6774:651c @ 118014812 - LdrpGetProcedureAddress - INFO: Locating procedure "SetMiterLimitImpl" by name
NtQueryInformationThread( ThreadHandle=-2, ThreadInformationClass=0x1d [ThreadWow64Context], ThreadInformation=0xb7cd40, Length=0x2cc, ReturnLength=null ) => 0
6774:651c @ 118014812 - LdrpGetProcedureAddress - INFO: Locating procedure "CreateSessionMappedDIBSection" by name
NtQueryInformationThread( ThreadHandle=-2, ThreadInformationClass=0x1d [ThreadWow64Context], ThreadInformation=0xb7cd40, Length=0x2cc, ReturnLength=null ) => 0
6774:651c @ 118014812 - LdrpGetProcedureAddress - INFO: Locating procedure "NtGdiDxgGenericThunk" by name
NtQueryInformationThread( ThreadHandle=-2, ThreadInformationClass=0x1d [ThreadWow64Context], ThreadInformation=0xb7cd40, Length=0x2cc, ReturnLength=null ) => 0
6774:651c @ 118014812 - LdrpGetProcedureAddress - INFO: Locating procedure "NtGdiDdBeginMoCompFrame" by name
NtQueryInformationThread( ThreadHandle=-2, ThreadInformationClass=0x1d [ThreadWow64Context], ThreadInformation=0xb7cd40, Length=0x2cc, ReturnLength=null ) => 0
6774:651c @ 118014812 - LdrpGetProcedureAddress - INFO: Locating procedure "NtGdiDdBlt" by name
NtQueryInformationThread( ThreadHandle=-2, ThreadInformationClass=0x1d [ThreadWow64Context], ThreadInformation=0xb7cd40, Length=0x2cc, ReturnLength=null ) => 0
6774:651c @ 118014812 - LdrpGetProcedureAddress - INFO: Locating procedure "NtGdiDdCanCreateSurface" by name
NtQueryInformationThread( ThreadHandle=-2, ThreadInformationClass=0x1d [ThreadWow64Context], ThreadInformation=0xb7cd40, Length=0x2cc, ReturnLength=null ) => 0
6774:651c @ 118014812 - LdrpGetProcedureAddress - INFO: Locating procedure "NtGdiDdCanCreateD3DBuffer" by name
NtQueryInformationThread( ThreadHandle=-2, ThreadInformationClass=0x1d [ThreadWow64Context], ThreadInformation=0xb7cd40, Length=0x2cc, ReturnLength=null ) => 0
6774:651c @ 118014812 - LdrpGetProcedureAddress - INFO: Locating procedure "NtGdiDdColorControl" by name
NtQueryInformationThread( ThreadHandle=-2, ThreadInformationClass=0x1d [ThreadWow64Context], ThreadInformation=0xb7cd40, Length=0x2cc, ReturnLength=null ) => 0
6774:651c @ 118014812 - LdrpGetProcedureAddress - INFO: Locating procedure "NtGdiDdCreateDirectDrawObject" by name
NtQueryInformationThread( ThreadHandle=-2, ThreadInformationClass=0x1d [ThreadWow64Context], ThreadInformation=0xb7cd40, Length=0x2cc, ReturnLength=null ) => 0
6774:651c @ 118014812 - LdrpGetProcedureAddress - INFO: Locating procedure "NtGdiDdCreateSurface" by name
NtQueryInformationThread( ThreadHandle=-2, ThreadInformationClass=0x1d [ThreadWow64Context], ThreadInformation=0xb7cd40, Length=0x2cc, ReturnLength=null ) => 0
6774:651c @ 118014812 - LdrpGetProcedureAddress - INFO: Locating procedure "NtGdiDdCreateD3DBuffer" by name
NtQueryInformationThread( ThreadHandle=-2, ThreadInformationClass=0x1d [ThreadWow64Context], ThreadInformation=0xb7cd40, Length=0x2cc, ReturnLength=null ) => 0
6774:651c @ 118014812 - LdrpGetProcedureAddress - INFO: Locating procedure "NtGdiDdCreateMoComp" by name
NtQueryInformationThread( ThreadHandle=-2, ThreadInformationClass=0x1d [ThreadWow64Context], ThreadInformation=0xb7cd40, Length=0x2cc, ReturnLength=null ) => 0
6774:651c @ 118014812 - LdrpGetProcedureAddress - INFO: Locating procedure "NtGdiDdCreateSurfaceObject" by name
NtQueryInformationThread( ThreadHandle=-2, ThreadInformationClass=0x1d [ThreadWow64Context], ThreadInformation=0xb7cd40, Length=0x2cc, ReturnLength=null ) => 0
6774:651c @ 118014812 - LdrpGetProcedureAddress - INFO: Locating procedure "NtGdiD3dContextCreate" by name
NtQueryInformationThread( ThreadHandle=-2, ThreadInformationClass=0x1d [ThreadWow64Context], ThreadInformation=0xb7cd40, Length=0x2cc, ReturnLength=null ) => 0
6774:651c @ 118014812 - LdrpGetProcedureAddress - INFO: Locating procedure "NtGdiDdDeleteDirectDrawObject" by name
NtQueryInformationThread( ThreadHandle=-2, ThreadInformationClass=0x1d [ThreadWow64Context], ThreadInformation=0xb7cd40, Length=0x2cc, ReturnLength=null ) => 0
6774:651c @ 118014812 - LdrpGetProcedureAddress - INFO: Locating procedure "NtGdiDdDeleteSurfaceObject" by name
NtQueryInformationThread( ThreadHandle=-2, ThreadInformationClass=0x1d [ThreadWow64Context], ThreadInformation=0xb7cd40, Length=0x2cc, ReturnLength=null ) => 0
6774:651c @ 118014812 - LdrpGetProcedureAddress - INFO: Locating procedure "NtGdiDdDestroyMoComp" by name
NtQueryInformationThread( ThreadHandle=-2, ThreadInformationClass=0x1d [ThreadWow64Context], ThreadInformation=0xb7cd40, Length=0x2cc, ReturnLength=null ) => 0
6774:651c @ 118014812 - LdrpGetProcedureAddress - INFO: Locating procedure "NtGdiDdDestroySurface" by name
NtQueryInformationThread( ThreadHandle=-2, ThreadInformationClass=0x1d [ThreadWow64Context], ThreadInformation=0xb7cd40, Length=0x2cc, ReturnLength=null ) => 0
6774:651c @ 118014812 - LdrpGetProcedureAddress - INFO: Locating procedure "NtGdiDdDestroyD3DBuffer" by name
NtQueryInformationThread( ThreadHandle=-2, ThreadInformationClass=0x1d [ThreadWow64Context], ThreadInformation=0xb7cd40, Length=0x2cc, ReturnLength=null ) => 0
6774:651c @ 118014812 - LdrpGetProcedureAddress - INFO: Locating procedure "NtGdiDdEndMoCompFrame" by name
NtQueryInformationThread( ThreadHandle=-2, ThreadInformationClass=0x1d [ThreadWow64Context], ThreadInformation=0xb7cd40, Length=0x2cc, ReturnLength=null ) => 0
6774:651c @ 118014812 - LdrpGetProcedureAddress - INFO: Locating procedure "NtGdiDdFlip" by name
NtQueryInformationThread( ThreadHandle=-2, ThreadInformationClass=0x1d [ThreadWow64Context], ThreadInformation=0xb7cd40, Length=0x2cc, ReturnLength=null ) => 0
6774:651c @ 118014812 - LdrpGetProcedureAddress - INFO: Locating procedure "NtGdiDdFlipToGDISurface" by name
NtQueryInformationThread( ThreadHandle=-2, ThreadInformationClass=0x1d [ThreadWow64Context], ThreadInformation=0xb7cd40, Length=0x2cc, ReturnLength=null ) => 0
6774:651c @ 118014812 - LdrpGetProcedureAddress - INFO: Locating procedure "NtGdiDdGetAvailDriverMemory" by name
NtQueryInformationThread( ThreadHandle=-2, ThreadInformationClass=0x1d [ThreadWow64Context], ThreadInformation=0xb7cd40, Length=0x2cc, ReturnLength=null ) => 0
6774:651c @ 118014812 - LdrpGetProcedureAddress - INFO: Locating procedure "NtGdiDdGetBltStatus" by name
NtQueryInformationThread( ThreadHandle=-2, ThreadInformationClass=0x1d [ThreadWow64Context], ThreadInformation=0xb7cd40, Length=0x2cc, ReturnLength=null ) => 0
6774:651c @ 118014812 - LdrpGetProcedureAddress - INFO: Locating procedure "NtGdiD3dContextDestroy" by name
NtQueryInformationThread( ThreadHandle=-2, ThreadInformationClass=0x1d [ThreadWow64Context], ThreadInformation=0xb7cd40, Length=0x2cc, ReturnLength=null ) => 0
6774:651c @ 118014812 - LdrpGetProcedureAddress - INFO: Locating procedure "NtGdiDdGetDC" by name
NtQueryInformationThread( ThreadHandle=-2, ThreadInformationClass=0x1d [ThreadWow64Context], ThreadInformation=0xb7cd40, Length=0x2cc, ReturnLength=null ) => 0
6774:651c @ 118014812 - LdrpGetProcedureAddress - INFO: Locating procedure "NtGdiDdGetDriverInfo" by name
NtQueryInformationThread( ThreadHandle=-2, ThreadInformationClass=0x1d [ThreadWow64Context], ThreadInformation=0xb7cd40, Length=0x2cc, ReturnLength=null ) => 0
6774:651c @ 118014812 - LdrpGetProcedureAddress - INFO: Locating procedure "NtGdiDdGetDxHandle" by name
NtQueryInformationThread( ThreadHandle=-2, ThreadInformationClass=0x1d [ThreadWow64Context], ThreadInformation=0xb7cd40, Length=0x2cc, ReturnLength=null ) => 0
6774:651c @ 118014812 - LdrpGetProcedureAddress - INFO: Locating procedure "NtGdiDdGetFlipStatus" by name
NtQueryInformationThread( ThreadHandle=-2, ThreadInformationClass=0x1d [ThreadWow64Context], ThreadInformation=0xb7cd40, Length=0x2cc, ReturnLength=null ) => 0
6774:651c @ 118014812 - LdrpGetProcedureAddress - INFO: Locating procedure "NtGdiDdGetInternalMoCompInfo" by name
NtQueryInformationThread( ThreadHandle=-2, ThreadInformationClass=0x1d [ThreadWow64Context], ThreadInformation=0xb7cd40, Length=0x2cc, ReturnLength=null ) => 0
6774:651c @ 118014812 - LdrpGetProcedureAddress - INFO: Locating procedure "NtGdiDdGetMoCompBuffInfo" by name
NtQueryInformationThread( ThreadHandle=-2, ThreadInformationClass=0x1d [ThreadWow64Context], ThreadInformation=0xb7cd40, Length=0x2cc, ReturnLength=null ) => 0
6774:651c @ 118014812 - LdrpGetProcedureAddress - INFO: Locating procedure "NtGdiDdGetMoCompGuids" by name
NtQueryInformationThread( ThreadHandle=-2, ThreadInformationClass=0x1d [ThreadWow64Context], ThreadInformation=0xb7cd40, Length=0x2cc, ReturnLength=null ) => 0
6774:651c @ 118014812 - LdrpGetProcedureAddress - INFO: Locating procedure "NtGdiDdGetMoCompFormats" by name
NtQueryInformationThread( ThreadHandle=-2, ThreadInformationClass=0x1d [ThreadWow64Context], ThreadInformation=0xb7cd40, Length=0x2cc, ReturnLength=null ) => 0
6774:651c @ 118014812 - LdrpGetProcedureAddress - INFO: Locating procedure "NtGdiDdGetScanLine" by name
NtQueryInformationThread( ThreadHandle=-2, ThreadInformationClass=0x1d [ThreadWow64Context], ThreadInformation=0xb7cd40, Length=0x2cc, ReturnLength=null ) => 0
6774:651c @ 118014812 - LdrpGetProcedureAddress - INFO: Locating procedure "NtGdiDdLock" by name
NtQueryInformationThread( ThreadHandle=-2, ThreadInformationClass=0x1d [ThreadWow64Context], ThreadInformation=0xb7cd40, Length=0x2cc, ReturnLength=null ) => 0
6774:651c @ 118014812 - LdrpGetProcedureAddress - INFO: Locating procedure "NtGdiD3dContextDestroyAll" by name
NtQueryInformationThread( ThreadHandle=-2, ThreadInformationClass=0x1d [ThreadWow64Context], ThreadInformation=0xb7cd40, Length=0x2cc, ReturnLength=null ) => 0
6774:651c @ 118014812 - LdrpGetProcedureAddress - INFO: Locating procedure "NtGdiDdLockD3D" by name
NtQueryInformationThread( ThreadHandle=-2, ThreadInformationClass=0x1d [ThreadWow64Context], ThreadInformation=0xb7cd40, Length=0x2cc, ReturnLength=null ) => 0
6774:651c @ 118014812 - LdrpGetProcedureAddress - INFO: Locating procedure "NtGdiDdQueryDirectDrawObject" by name
NtQueryInformationThread( ThreadHandle=-2, ThreadInformationClass=0x1d [ThreadWow64Context], ThreadInformation=0xb7cd40, Length=0x2cc, ReturnLength=null ) => 0
6774:651c @ 118014812 - LdrpGetProcedureAddress - INFO: Locating procedure "NtGdiDdQueryMoCompStatus" by name
NtQueryInformationThread( ThreadHandle=-2, ThreadInformationClass=0x1d [ThreadWow64Context], ThreadInformation=0xb7cd40, Length=0x2cc, ReturnLength=null ) => 0
6774:651c @ 118014812 - LdrpGetProcedureAddress - INFO: Locating procedure "NtGdiDdReenableDirectDrawObject" by name
NtQueryInformationThread( ThreadHandle=-2, ThreadInformationClass=0x1d [ThreadWow64Context], ThreadInformation=0xb7cd40, Length=0x2cc, ReturnLength=null ) => 0
6774:651c @ 118014812 - LdrpGetProcedureAddress - INFO: Locating procedure "NtGdiDdReleaseDC" by name
NtQueryInformationThread( ThreadHandle=-2, ThreadInformationClass=0x1d [ThreadWow64Context], ThreadInformation=0xb7cd40, Length=0x2cc, ReturnLength=null ) => 0
6774:651c @ 118014812 - LdrpGetProcedureAddress - INFO: Locating procedure "NtGdiDdRenderMoComp" by name
NtQueryInformationThread( ThreadHandle=-2, ThreadInformationClass=0x1d [ThreadWow64Context], ThreadInformation=0xb7cd40, Length=0x2cc, ReturnLength=null ) => 0
6774:651c @ 118014812 - LdrpGetProcedureAddress - INFO: Locating procedure "NtGdiDdResetVisrgn" by name
NtQueryInformationThread( ThreadHandle=-2, ThreadInformationClass=0x1d [ThreadWow64Context], ThreadInformation=0xb7cd40, Length=0x2cc, ReturnLength=null ) => 0
6774:651c @ 118014812 - LdrpGetProcedureAddress - INFO: Locating procedure "NtGdiDdSetColorKey" by name
NtQueryInformationThread( ThreadHandle=-2, ThreadInformationClass=0x1d [ThreadWow64Context], ThreadInformation=0xb7cd40, Length=0x2cc, ReturnLength=null ) => 0
6774:651c @ 118014812 - LdrpGetProcedureAddress - INFO: Locating procedure "NtGdiDdSetExclusiveMode" by name
NtQueryInformationThread( ThreadHandle=-2, ThreadInformationClass=0x1d [ThreadWow64Context], ThreadInformation=0xb7cd40, Length=0x2cc, ReturnLength=null ) => 0
6774:651c @ 118014812 - LdrpGetProcedureAddress - INFO: Locating procedure "NtGdiDdSetGammaRamp" by name
NtQueryInformationThread( ThreadHandle=-2, ThreadInformationClass=0x1d [ThreadWow64Context], ThreadInformation=0xb7cd40, Length=0x2cc, ReturnLength=null ) => 0
6774:651c @ 118014812 - LdrpGetProcedureAddress - INFO: Locating procedure "NtGdiD3dValidateTextureStageState" by name
NtQueryInformationThread( ThreadHandle=-2, ThreadInformationClass=0x1d [ThreadWow64Context], ThreadInformation=0xb7cd40, Length=0x2cc, ReturnLength=null ) => 0
6774:651c @ 118014812 - LdrpGetProcedureAddress - INFO: Locating procedure "NtGdiDdCreateSurfaceEx" by name
NtQueryInformationThread( ThreadHandle=-2, ThreadInformationClass=0x1d [ThreadWow64Context], ThreadInformation=0xb7cd40, Length=0x2cc, ReturnLength=null ) => 0
6774:651c @ 118014812 - LdrpGetProcedureAddress - INFO: Locating procedure "NtGdiDdSetOverlayPosition" by name
NtQueryInformationThread( ThreadHandle=-2, ThreadInformationClass=0x1d [ThreadWow64Context], ThreadInformation=0xb7cd40, Length=0x2cc, ReturnLength=null ) => 0
6774:651c @ 118014812 - LdrpGetProcedureAddress - INFO: Locating procedure "NtGdiDdUnattachSurface" by name
NtQueryInformationThread( ThreadHandle=-2, ThreadInformationClass=0x1d [ThreadWow64Context], ThreadInformation=0xb7cd40, Length=0x2cc, ReturnLength=null ) => 0
6774:651c @ 118014812 - LdrpGetProcedureAddress - INFO: Locating procedure "NtGdiDdUnlock" by name
NtQueryInformationThread( ThreadHandle=-2, ThreadInformationClass=0x1d [ThreadWow64Context], ThreadInformation=0xb7cd40, Length=0x2cc, ReturnLength=null ) => 0
6774:651c @ 118014812 - LdrpGetProcedureAddress - INFO: Locating procedure "NtGdiDdUnlockD3D" by name
NtQueryInformationThread( ThreadHandle=-2, ThreadInformationClass=0x1d [ThreadWow64Context], ThreadInformation=0xb7cd40, Length=0x2cc, ReturnLength=null ) => 0
6774:651c @ 118014812 - LdrpGetProcedureAddress - INFO: Locating procedure "NtGdiDdUpdateOverlay" by name
NtQueryInformationThread( ThreadHandle=-2, ThreadInformationClass=0x1d [ThreadWow64Context], ThreadInformation=0xb7cd40, Length=0x2cc, ReturnLength=null ) => 0
6774:651c @ 118014812 - LdrpGetProcedureAddress - INFO: Locating procedure "NtGdiDdWaitForVerticalBlank" by name
NtQueryInformationThread( ThreadHandle=-2, ThreadInformationClass=0x1d [ThreadWow64Context], ThreadInformation=0xb7cd40, Length=0x2cc, ReturnLength=null ) => 0
6774:651c @ 118014812 - LdrpGetProcedureAddress - INFO: Locating procedure "NtGdiD3dDrawPrimitives2" by name
NtQueryInformationThread( ThreadHandle=-2, ThreadInformationClass=0x1d [ThreadWow64Context], ThreadInformation=0xb7cd40, Length=0x2cc, ReturnLength=null ) => 0
6774:651c @ 118014812 - LdrpGetProcedureAddress - INFO: Locating procedure "NtGdiDdGetDriverState" by name
NtQueryInformationThread( ThreadHandle=-2, ThreadInformationClass=0x1d [ThreadWow64Context], ThreadInformation=0xb7cd40, Length=0x2cc, ReturnLength=null ) => 0
6774:651c @ 118014812 - LdrpGetProcedureAddress - INFO: Locating procedure "NtGdiDdAddAttachedSurface" by name
NtQueryInformationThread( ThreadHandle=-2, ThreadInformationClass=0x1d [ThreadWow64Context], ThreadInformation=0xb7cd40, Length=0x2cc, ReturnLength=null ) => 0
6774:651c @ 118014812 - LdrpGetProcedureAddress - INFO: Locating procedure "NtGdiDdAlphaBlt" by name
NtQueryInformationThread( ThreadHandle=-2, ThreadInformationClass=0x1d [ThreadWow64Context], ThreadInformation=0xb7cd40, Length=0x2cc, ReturnLength=null ) => 0
6774:651c @ 118014812 - LdrpGetProcedureAddress - INFO: Locating procedure "NtGdiDdAttachSurface" by name
NtQueryInformationThread( ThreadHandle=-2, ThreadInformationClass=0x1d [ThreadWow64Context], ThreadInformation=0xb7cd40, Length=0x2cc, ReturnLength=null ) => 0
6774:651c @ 118014812 - LdrpGetProcedureAddress - INFO: Locating procedure "DescribePixelFormat" by name
NtQueryInformationThread( ThreadHandle=-2, ThreadInformationClass=0x1d [ThreadWow64Context], ThreadInformation=0xb7cd40, Length=0x2cc, ReturnLength=null ) => 0
6774:651c @ 118014812 - LdrpGetProcedureAddress - INFO: Locating procedure "DeviceCapabilitiesExA" by name
NtQueryInformationThread( ThreadHandle=-2, ThreadInformationClass=0x1d [ThreadWow64Context], ThreadInformation=0xb7cd40, Length=0x2cc, ReturnLength=null ) => 0
6774:651c @ 118014812 - LdrpGetProcedureAddress - INFO: Locating procedure "DrawEscape" by name
NtQueryInformationThread( ThreadHandle=-2, ThreadInformationClass=0x1d [ThreadWow64Context], ThreadInformation=0xb7cd40, Length=0x2cc, ReturnLength=null ) => 0
6774:651c @ 118014812 - LdrpGetProcedureAddress - INFO: Locating procedure "DwmCreatedBitmapRemotingOutput" by name
NtQueryInformationThread( ThreadHandle=-2, ThreadInformationClass=0x1d [ThreadWow64Context], ThreadInformation=0xb7cd40, Length=0x2cc, ReturnLength=null ) => 0
6774:651c @ 118014812 - LdrpGetProcedureAddress - INFO: Locating procedure "EndFormPage" by name
NtQueryInformationThread( ThreadHandle=-2, ThreadInformationClass=0x1d [ThreadWow64Context], ThreadInformation=0xb7cd40, Length=0x2cc, ReturnLength=null ) => 0
6774:651c @ 118014812 - LdrpGetProcedureAddress - INFO: Locating procedure "EngAcquireSemaphore" by name
NtQueryInformationThread( ThreadHandle=-2, ThreadInformationClass=0x1d [ThreadWow64Context], ThreadInformation=0xb7cd40, Length=0x2cc, ReturnLength=null ) => 0
6774:651c @ 118014812 - LdrpGetProcedureAddress - INFO: Locating procedure "EngComputeGlyphSet" by name
NtQueryInformationThread( ThreadHandle=-2, ThreadInformationClass=0x1d [ThreadWow64Context], ThreadInformation=0xb7cd40, Length=0x2cc, ReturnLength=null ) => 0
6774:651c @ 118014812 - LdrpGetProcedureAddress - INFO: Locating procedure "EngCreateBitmap" by name
NtQueryInformationThread( ThreadHandle=-2, ThreadInformationClass=0x1d [ThreadWow64Context], ThreadInformation=0xb7cd40, Length=0x2cc, ReturnLength=null ) => 0
6774:651c @ 118014812 - LdrpGetProcedureAddress - INFO: Locating procedure "EngCreateDeviceBitmap" by name
NtQueryInformationThread( ThreadHandle=-2, ThreadInformationClass=0x1d [ThreadWow64Context], ThreadInformation=0xb7cd40, Length=0x2cc, ReturnLength=null ) => 0
6774:651c @ 118014812 - LdrpGetProcedureAddress - INFO: Locating procedure "EngCreateDeviceSurface" by name
NtQueryInformationThread( ThreadHandle=-2, ThreadInformationClass=0x1d [ThreadWow64Context], ThreadInformation=0xb7cd40, Length=0x2cc, ReturnLength=null ) => 0
6774:651c @ 118014812 - LdrpGetProcedureAddress - INFO: Locating procedure "EngCreatePalette" by name
NtQueryInformationThread( ThreadHandle=-2, ThreadInformationClass=0x1d [ThreadWow64Context], ThreadInformation=0xb7cd40, Length=0x2cc, ReturnLength=null ) => 0
6774:651c @ 118014812 - LdrpGetProcedureAddress - INFO: Locating procedure "EngCreateSemaphore" by name
NtQueryInformationThread( ThreadHandle=-2, ThreadInformationClass=0x1d [ThreadWow64Context], ThreadInformation=0xb7cd40, Length=0x2cc, ReturnLength=null ) => 0
6774:651c @ 118014812 - LdrpGetProcedureAddress - INFO: Locating procedure "EngDeletePalette" by name
NtQueryInformationThread( ThreadHandle=-2, ThreadInformationClass=0x1d [ThreadWow64Context], ThreadInformation=0xb7cd40, Length=0x2cc, ReturnLength=null ) => 0
6774:651c @ 118014812 - LdrpGetProcedureAddress - INFO: Locating procedure "EngDeleteSemaphore" by name
NtQueryInformationThread( ThreadHandle=-2, ThreadInformationClass=0x1d [ThreadWow64Context], ThreadInformation=0xb7cd40, Length=0x2cc, ReturnLength=null ) => 0
6774:651c @ 118014812 - LdrpGetProcedureAddress - INFO: Locating procedure "EngDeleteSurface" by name
NtQueryInformationThread( ThreadHandle=-2, ThreadInformationClass=0x1d [ThreadWow64Context], ThreadInformation=0xb7cd40, Length=0x2cc, ReturnLength=null ) => 0
6774:651c @ 118014812 - LdrpGetProcedureAddress - INFO: Locating procedure "EngFindResource" by name
NtQueryInformationThread( ThreadHandle=-2, ThreadInformationClass=0x1d [ThreadWow64Context], ThreadInformation=0xb7cd40, Length=0x2cc, ReturnLength=null ) => 0
6774:651c @ 118014812 - LdrpGetProcedureAddress - INFO: Locating procedure "EngFreeModule" by name
NtQueryInformationThread( ThreadHandle=-2, ThreadInformationClass=0x1d [ThreadWow64Context], ThreadInformation=0xb7cd40, Length=0x2cc, ReturnLength=null ) => 0
6774:651c @ 118014812 - LdrpGetProcedureAddress - INFO: Locating procedure "EngGetCurrentCodePage" by name
NtQueryInformationThread( ThreadHandle=-2, ThreadInformationClass=0x1d [ThreadWow64Context], ThreadInformation=0xb7cd40, Length=0x2cc, ReturnLength=null ) => 0
6774:651c @ 118014812 - LdrpGetProcedureAddress - INFO: Locating procedure "EngGetDriverName" by name
NtQueryInformationThread( ThreadHandle=-2, ThreadInformationClass=0x1d [ThreadWow64Context], ThreadInformation=0xb7cd40, Length=0x2cc, ReturnLength=null ) => 0
6774:651c @ 118014812 - LdrpGetProcedureAddress - INFO: Locating procedure "EngGetPrinterDataFileName" by name
NtQueryInformationThread( ThreadHandle=-2, ThreadInformationClass=0x1d [ThreadWow64Context], ThreadInformation=0xb7cd40, Length=0x2cc, ReturnLength=null ) => 0
6774:651c @ 118014812 - LdrpGetProcedureAddress - INFO: Locating procedure "EngLoadModule" by name
NtQueryInformationThread( ThreadHandle=-2, ThreadInformationClass=0x1d [ThreadWow64Context], ThreadInformation=0xb7cd40, Length=0x2cc, ReturnLength=null ) => 0
6774:651c @ 118014812 - LdrpGetProcedureAddress - INFO: Locating procedure "EngMultiByteToUnicodeN" by name
NtQueryInformationThread( ThreadHandle=-2, ThreadInformationClass=0x1d [ThreadWow64Context], ThreadInformation=0xb7cd40, Length=0x2cc, ReturnLength=null ) => 0
6774:651c @ 118014812 - LdrpGetProcedureAddress - INFO: Locating procedure "EngMultiByteToWideChar" by name
NtQueryInformationThread( ThreadHandle=-2, ThreadInformationClass=0x1d [ThreadWow64Context], ThreadInformation=0xb7cd40, Length=0x2cc, ReturnLength=null ) => 0
6774:651c @ 118014812 - LdrpGetProcedureAddress - INFO: Locating procedure "EngQueryEMFInfo" by name
NtQueryInformationThread( ThreadHandle=-2, ThreadInformationClass=0x1d [ThreadWow64Context], ThreadInformation=0xb7cd40, Length=0x2cc, ReturnLength=null ) => 0
6774:651c @ 118014812 - LdrpGetProcedureAddress - INFO: Locating procedure "EngQueryLocalTime" by name
NtQueryInformationThread( ThreadHandle=-2, ThreadInformationClass=0x1d [ThreadWow64Context], ThreadInformation=0xb7cd40, Length=0x2cc, ReturnLength=null ) => 0
6774:651c @ 118014812 - LdrpGetProcedureAddress - INFO: Locating procedure "EngReleaseSemaphore" by name
NtQueryInformationThread( ThreadHandle=-2, ThreadInformationClass=0x1d [ThreadWow64Context], ThreadInformation=0xb7cd40, Length=0x2cc, ReturnLength=null ) => 0
6774:651c @ 118014812 - LdrpGetProcedureAddress - INFO: Locating procedure "EngUnicodeToMultiByteN" by name
NtQueryInformationThread( ThreadHandle=-2, ThreadInformationClass=0x1d [ThreadWow64Context], ThreadInformation=0xb7cd40, Length=0x2cc, ReturnLength=null ) => 0
6774:651c @ 118014812 - LdrpGetProcedureAddress - INFO: Locating procedure "EngWideCharToMultiByte" by name
NtQueryInformationThread( ThreadHandle=-2, ThreadInformationClass=0x1d [ThreadWow64Context], ThreadInformation=0xb7cd40, Length=0x2cc, ReturnLength=null ) => 0
6774:651c @ 118014812 - LdrpGetProcedureAddress - INFO: Locating procedure "EnumFontFamiliesW" by name
NtQueryInformationThread( ThreadHandle=-2, ThreadInformationClass=0x1d [ThreadWow64Context], ThreadInformation=0xb7cd40, Length=0x2cc, ReturnLength=null ) => 0
6774:651c @ 118014812 - LdrpGetProcedureAddress - INFO: Locating procedure "EnumFontsA" by name
NtQueryInformationThread( ThreadHandle=-2, ThreadInformationClass=0x1d [ThreadWow64Context], ThreadInformation=0xb7cd40, Length=0x2cc, ReturnLength=null ) => 0
6774:651c @ 118014812 - LdrpGetProcedureAddress - INFO: Locating procedure "EnumICMProfilesA" by name
NtQueryInformationThread( ThreadHandle=-2, ThreadInformationClass=0x1d [ThreadWow64Context], ThreadInformation=0xb7cd40, Length=0x2cc, ReturnLength=null ) => 0
6774:651c @ 118014812 - LdrpGetProcedureAddress - INFO: Locating procedure "EnumICMProfilesW" by name
NtQueryInformationThread( ThreadHandle=-2, ThreadInformationClass=0x1d [ThreadWow64Context], ThreadInformation=0xb7cd40, Length=0x2cc, ReturnLength=null ) => 0
6774:651c @ 118014812 - LdrpGetProcedureAddress - INFO: Locating procedure "EudcLoadLinkW" by name
NtQueryInformationThread( ThreadHandle=-2, ThreadInformationClass=0x1d [ThreadWow64Context], ThreadInformation=0xb7cd40, Length=0x2cc, ReturnLength=null ) => 0
6774:651c @ 118014812 - LdrpGetProcedureAddress - INFO: Locating procedure "EudcUnloadLinkW" by name
NtQueryInformationThread( ThreadHandle=-2, ThreadInformationClass=0x1d [ThreadWow64Context], ThreadInformation=0xb7cd40, Length=0x2cc, ReturnLength=null ) => 0
6774:651c @ 118014812 - LdrpGetProcedureAddress - INFO: Locating procedure "ExtCreatePen" by name
NtQueryInformationThread( ThreadHandle=-2, ThreadInformationClass=0x1d [ThreadWow64Context], ThreadInformation=0xb7cd40, Length=0x2cc, ReturnLength=null ) => 0
6774:651c @ 118014812 - LdrpGetProcedureAddress - INFO: Locating procedure "ExtFloodFill" by name
NtQueryInformationThread( ThreadHandle=-2, ThreadInformationClass=0x1d [ThreadWow64Context], ThreadInformation=0xb7cd40, Length=0x2cc, ReturnLength=null ) => 0
6774:651c @ 118014812 - LdrpGetProcedureAddress - INFO: Locating procedure "FixBrushOrgEx" by name
NtQueryInformationThread( ThreadHandle=-2, ThreadInformationClass=0x1d [ThreadWow64Context], ThreadInformation=0xb7cd40, Length=0x2cc, ReturnLength=null ) => 0
6774:651c @ 118014812 - LdrpGetProcedureAddress - INFO: Locating procedure "FlattenPath" by name
NtQueryInformationThread( ThreadHandle=-2, ThreadInformationClass=0x1d [ThreadWow64Context], ThreadInformation=0xb7cd40, Length=0x2cc, ReturnLength=null ) => 0
6774:651c @ 118014812 - LdrpGetProcedureAddress - INFO: Locating procedure "FloodFill" by name
NtQueryInformationThread( ThreadHandle=-2, ThreadInformationClass=0x1d [ThreadWow64Context], ThreadInformation=0xb7cd40, Length=0x2cc, ReturnLength=null ) => 0
6774:651c @ 118014812 - LdrpGetProcedureAddress - INFO: Locating procedure "FontIsLinked" by name
NtQueryInformationThread( ThreadHandle=-2, ThreadInformationClass=0x1d [ThreadWow64Context], ThreadInformation=0xb7cd40, Length=0x2cc, ReturnLength=null ) => 0
6774:651c @ 118014812 - LdrpGetProcedureAddress - INFO: Locating procedure "GdiAddFontResourceW" by name
NtQueryInformationThread( ThreadHandle=-2, ThreadInformationClass=0x1d [ThreadWow64Context], ThreadInformation=0xb7cd40, Length=0x2cc, ReturnLength=null ) => 0
6774:651c @ 118014812 - LdrpGetProcedureAddress - INFO: Locating procedure "GdiAddGlsBounds" by name
NtQueryInformationThread( ThreadHandle=-2, ThreadInformationClass=0x1d [ThreadWow64Context], ThreadInformation=0xb7cd40, Length=0x2cc, ReturnLength=null ) => 0
6774:651c @ 118014812 - LdrpGetProcedureAddress - INFO: Locating procedure "GdiAddGlsRecord" by name
NtQueryInformationThread( ThreadHandle=-2, ThreadInformationClass=0x1d [ThreadWow64Context], ThreadInformation=0xb7cd40, Length=0x2cc, ReturnLength=null ) => 0
6774:651c @ 118014812 - LdrpGetProcedureAddress - INFO: Locating procedure "SetICMModeImpl" by name
NtQueryInformationThread( ThreadHandle=-2, ThreadInformationClass=0x1d [ThreadWow64Context], ThreadInformation=0xb7cd40, Length=0x2cc, ReturnLength=null ) => 0
6774:651c @ 118014812 - LdrpGetProcedureAddress - INFO: Locating procedure "GdiArtificialDecrementDriver" by name
NtQueryInformationThread( ThreadHandle=-2, ThreadInformationClass=0x1d [ThreadWow64Context], ThreadInformation=0xb7cd40, Length=0x2cc, ReturnLength=null ) => 0
6774:651c @ 118014812 - LdrpGetProcedureAddress - INFO: Locating procedure "GdiCleanCacheDC" by name
NtQueryInformationThread( ThreadHandle=-2, ThreadInformationClass=0x1d [ThreadWow64Context], ThreadInformation=0xb7cd40, Length=0x2cc, ReturnLength=null ) => 0
6774:651c @ 118014812 - LdrpGetProcedureAddress - INFO: Locating procedure "GdiConsoleTextOut" by name
NtQueryInformationThread( ThreadHandle=-2, ThreadInformationClass=0x1d [ThreadWow64Context], ThreadInformation=0xb7cd40, Length=0x2cc, ReturnLength=null ) => 0
6774:651c @ 118014812 - LdrpGetProcedureAddress - INFO: Locating procedure "GdiConvertAndCheckDC" by name
NtQueryInformationThread( ThreadHandle=-2, ThreadInformationClass=0x1d [ThreadWow64Context], ThreadInformation=0xb7cd40, Length=0x2cc, ReturnLength=null ) => 0
6774:651c @ 118014812 - LdrpGetProcedureAddress - INFO: Locating procedure "GdiConvertBitmap" by name
NtQueryInformationThread( ThreadHandle=-2, ThreadInformationClass=0x1d [ThreadWow64Context], ThreadInformation=0xb7cd40, Length=0x2cc, ReturnLength=null ) => 0
6774:651c @ 118014812 - LdrpGetProcedureAddress - INFO: Locating procedure "GdiConvertBitmapV5" by name
NtQueryInformationThread( ThreadHandle=-2, ThreadInformationClass=0x1d [ThreadWow64Context], ThreadInformation=0xb7cd40, Length=0x2cc, ReturnLength=null ) => 0
6774:651c @ 118014812 - LdrpGetProcedureAddress - INFO: Locating procedure "GdiConvertBrush" by name
NtQueryInformationThread( ThreadHandle=-2, ThreadInformationClass=0x1d [ThreadWow64Context], ThreadInformation=0xb7cd40, Length=0x2cc, ReturnLength=null ) => 0
6774:651c @ 118014812 - LdrpGetProcedureAddress - INFO: Locating procedure "GdiConvertDC" by name
NtQueryInformationThread( ThreadHandle=-2, ThreadInformationClass=0x1d [ThreadWow64Context], ThreadInformation=0xb7cd40, Length=0x2cc, ReturnLength=null ) => 0
6774:651c @ 118014812 - LdrpGetProcedureAddress - INFO: Locating procedure "GdiConvertEnhMetaFile" by name
NtQueryInformationThread( ThreadHandle=-2, ThreadInformationClass=0x1d [ThreadWow64Context], ThreadInformation=0xb7cd40, Length=0x2cc, ReturnLength=null ) => 0
6774:651c @ 118014812 - LdrpGetProcedureAddress - INFO: Locating procedure "GdiConvertFont" by name
NtQueryInformationThread( ThreadHandle=-2, ThreadInformationClass=0x1d [ThreadWow64Context], ThreadInformation=0xb7cd40, Length=0x2cc, ReturnLength=null ) => 0
6774:651c @ 118014812 - LdrpGetProcedureAddress - INFO: Locating procedure "GdiConvertMetaFilePict" by name
NtQueryInformationThread( ThreadHandle=-2, ThreadInformationClass=0x1d [ThreadWow64Context], ThreadInformation=0xb7cd40, Length=0x2cc, ReturnLength=null ) => 0
6774:651c @ 118014812 - LdrpGetProcedureAddress - INFO: Locating procedure "GdiConvertPalette" by name
NtQueryInformationThread( ThreadHandle=-2, ThreadInformationClass=0x1d [ThreadWow64Context], ThreadInformation=0xb7cd40, Length=0x2cc, ReturnLength=null ) => 0
6774:651c @ 118014812 - LdrpGetProcedureAddress - INFO: Locating procedure "GdiConvertRegion" by name
NtQueryInformationThread( ThreadHandle=-2, ThreadInformationClass=0x1d [ThreadWow64Context], ThreadInformation=0xb7cd40, Length=0x2cc, ReturnLength=null ) => 0
6774:651c @ 118014812 - LdrpGetProcedureAddress - INFO: Locating procedure "GdiConvertToDevmodeW" by name
NtQueryInformationThread( ThreadHandle=-2, ThreadInformationClass=0x1d [ThreadWow64Context], ThreadInformation=0xb7cd40, Length=0x2cc, ReturnLength=null ) => 0
6774:651c @ 118014812 - LdrpGetProcedureAddress - INFO: Locating procedure "GdiCreateLocalEnhMetaFile" by name
NtQueryInformationThread( ThreadHandle=-2, ThreadInformationClass=0x1d [ThreadWow64Context], ThreadInformation=0xb7cd40, Length=0x2cc, ReturnLength=null ) => 0
6774:651c @ 118014812 - LdrpGetProcedureAddress - INFO: Locating procedure "GdiCreateLocalMetaFilePict" by name
NtQueryInformationThread( ThreadHandle=-2, ThreadInformationClass=0x1d [ThreadWow64Context], ThreadInformation=0xb7cd40, Length=0x2cc, ReturnLength=null ) => 0
6774:651c @ 118014812 - LdrpGetProcedureAddress - INFO: Locating procedure "SetTextColorImpl" by name
NtQueryInformationThread( ThreadHandle=-2, ThreadInformationClass=0x1d [ThreadWow64Context], ThreadInformation=0xb7cd40, Length=0x2cc, ReturnLength=null ) => 0
6774:651c @ 118014812 - LdrpGetProcedureAddress - INFO: Locating procedure "SetTextAlignImpl" by name
NtQueryInformationThread( ThreadHandle=-2, ThreadInformationClass=0x1d [ThreadWow64Context], ThreadInformation=0xb7cd40, Length=0x2cc, ReturnLength=null ) => 0
6774:651c @ 118014812 - LdrpGetProcedureAddress - INFO: Locating procedure "GdiDeleteLocalDC" by name
NtQueryInformationThread( ThreadHandle=-2, ThreadInformationClass=0x1d [ThreadWow64Context], ThreadInformation=0xb7cd40, Length=0x2cc, ReturnLength=null ) => 0
6774:651c @ 118014812 - LdrpGetProcedureAddress - INFO: Locating procedure "GdiDeleteSpoolFileHandle" by name
NtQueryInformationThread( ThreadHandle=-2, ThreadInformationClass=0x1d [ThreadWow64Context], ThreadInformation=0xb7cd40, Length=0x2cc, ReturnLength=null ) => 0
6774:651c @ 118014812 - LdrpGetProcedureAddress - INFO: Locating procedure "GdiDescribePixelFormat" by name
NtQueryInformationThread( ThreadHandle=-2, ThreadInformationClass=0x1d [ThreadWow64Context], ThreadInformation=0xb7cd40, Length=0x2cc, ReturnLength=null ) => 0
6774:651c @ 118014812 - LdrpGetProcedureAddress - INFO: Locating procedure "GdiDrawStream" by name
NtQueryInformationThread( ThreadHandle=-2, ThreadInformationClass=0x1d [ThreadWow64Context], ThreadInformation=0xb7cd40, Length=0x2cc, ReturnLength=null ) => 0
6774:651c @ 118014812 - LdrpGetProcedureAddress - INFO: Locating procedure "GdiEndDocEMF" by name
NtQueryInformationThread( ThreadHandle=-2, ThreadInformationClass=0x1d [ThreadWow64Context], ThreadInformation=0xb7cd40, Length=0x2cc, ReturnLength=null ) => 0
6774:651c @ 118014812 - LdrpGetProcedureAddress - INFO: Locating procedure "GdiEndPageEMF" by name
NtQueryInformationThread( ThreadHandle=-2, ThreadInformationClass=0x1d [ThreadWow64Context], ThreadInformation=0xb7cd40, Length=0x2cc, ReturnLength=null ) => 0
6774:651c @ 118014812 - LdrpGetProcedureAddress - INFO: Locating procedure "GdiEntry10" by name
NtQueryInformationThread( ThreadHandle=-2, ThreadInformationClass=0x1d [ThreadWow64Context], ThreadInformation=0xb7cd40, Length=0x2cc, ReturnLength=null ) => 0
6774:651c @ 118014812 - LdrpGetProcedureAddress - INFO: Locating procedure "GdiEntry11" by name
NtQueryInformationThread( ThreadHandle=-2, ThreadInformationClass=0x1d [ThreadWow64Context], ThreadInformation=0xb7cd40, Length=0x2cc, ReturnLength=null ) => 0
6774:651c @ 118014812 - LdrpGetProcedureAddress - INFO: Locating procedure "GdiEntry12" by name
NtQueryInformationThread( ThreadHandle=-2, ThreadInformationClass=0x1d [ThreadWow64Context], ThreadInformation=0xb7cd40, Length=0x2cc, ReturnLength=null ) => 0
6774:651c @ 118014812 - LdrpGetProcedureAddress - INFO: Locating procedure "GdiEntry14" by name
NtQueryInformationThread( ThreadHandle=-2, ThreadInformationClass=0x1d [ThreadWow64Context], ThreadInformation=0xb7cd40, Length=0x2cc, ReturnLength=null ) => 0
6774:651c @ 118014828 - LdrpGetProcedureAddress - INFO: Locating procedure "GdiEntry15" by name
NtQueryInformationThread( ThreadHandle=-2, ThreadInformationClass=0x1d [ThreadWow64Context], ThreadInformation=0xb7cd40, Length=0x2cc, ReturnLength=null ) => 0
6774:651c @ 118014828 - LdrpGetProcedureAddress - INFO: Locating procedure "GdiEntry16" by name
NtQueryInformationThread( ThreadHandle=-2, ThreadInformationClass=0x1d [ThreadWow64Context], ThreadInformation=0xb7cd40, Length=0x2cc, ReturnLength=null ) => 0
6774:651c @ 118014828 - LdrpGetProcedureAddress - INFO: Locating procedure "GdiEntry1" by name
NtQueryInformationThread( ThreadHandle=-2, ThreadInformationClass=0x1d [ThreadWow64Context], ThreadInformation=0xb7cd40, Length=0x2cc, ReturnLength=null ) => 0
6774:651c @ 118014828 - LdrpGetProcedureAddress - INFO: Locating procedure "GdiEntry2" by name
NtQueryInformationThread( ThreadHandle=-2, ThreadInformationClass=0x1d [ThreadWow64Context], ThreadInformation=0xb7cd40, Length=0x2cc, ReturnLength=null ) => 0
6774:651c @ 118014828 - LdrpGetProcedureAddress - INFO: Locating procedure "GdiEntry3" by name
NtQueryInformationThread( ThreadHandle=-2, ThreadInformationClass=0x1d [ThreadWow64Context], ThreadInformation=0xb7cd40, Length=0x2cc, ReturnLength=null ) => 0
6774:651c @ 118014828 - LdrpGetProcedureAddress - INFO: Locating procedure "GdiEntry4" by name
NtQueryInformationThread( ThreadHandle=-2, ThreadInformationClass=0x1d [ThreadWow64Context], ThreadInformation=0xb7cd40, Length=0x2cc, ReturnLength=null ) => 0
6774:651c @ 118014828 - LdrpGetProcedureAddress - INFO: Locating procedure "GdiEntry5" by name
NtQueryInformationThread( ThreadHandle=-2, ThreadInformationClass=0x1d [ThreadWow64Context], ThreadInformation=0xb7cd40, Length=0x2cc, ReturnLength=null ) => 0
6774:651c @ 118014828 - LdrpGetProcedureAddress - INFO: Locating procedure "GdiEntry6" by name
NtQueryInformationThread( ThreadHandle=-2, ThreadInformationClass=0x1d [ThreadWow64Context], ThreadInformation=0xb7cd40, Length=0x2cc, ReturnLength=null ) => 0
6774:651c @ 118014828 - LdrpGetProcedureAddress - INFO: Locating procedure "GdiEntry7" by name
NtQueryInformationThread( ThreadHandle=-2, ThreadInformationClass=0x1d [ThreadWow64Context], ThreadInformation=0xb7cd40, Length=0x2cc, ReturnLength=null ) => 0
6774:651c @ 118014828 - LdrpGetProcedureAddress - INFO: Locating procedure "GdiEntry8" by name
NtQueryInformationThread( ThreadHandle=-2, ThreadInformationClass=0x1d [ThreadWow64Context], ThreadInformation=0xb7cd40, Length=0x2cc, ReturnLength=null ) => 0
6774:651c @ 118014828 - LdrpGetProcedureAddress - INFO: Locating procedure "GdiEntry9" by name
NtQueryInformationThread( ThreadHandle=-2, ThreadInformationClass=0x1d [ThreadWow64Context], ThreadInformation=0xb7cd40, Length=0x2cc, ReturnLength=null ) => 0
6774:651c @ 118014828 - LdrpGetProcedureAddress - INFO: Locating procedure "GdiFixUpHandle" by name
NtQueryInformationThread( ThreadHandle=-2, ThreadInformationClass=0x1d [ThreadWow64Context], ThreadInformation=0xb7cd40, Length=0x2cc, ReturnLength=null ) => 0
6774:651c @ 118014828 - LdrpGetProcedureAddress - INFO: Locating procedure "GdiGetBatchLimit" by name
NtQueryInformationThread( ThreadHandle=-2, ThreadInformationClass=0x1d [ThreadWow64Context], ThreadInformation=0xb7cd40, Length=0x2cc, ReturnLength=null ) => 0
6774:651c @ 118014828 - LdrpGetProcedureAddress - INFO: Locating procedure "GdiGetBitmapBitsSize" by name
NtQueryInformationThread( ThreadHandle=-2, ThreadInformationClass=0x1d [ThreadWow64Context], ThreadInformation=0xb7cd40, Length=0x2cc, ReturnLength=null ) => 0
6774:651c @ 118014828 - LdrpGetProcedureAddress - INFO: Locating procedure "GdiGetCharDimensions" by name
NtQueryInformationThread( ThreadHandle=-2, ThreadInformationClass=0x1d [ThreadWow64Context], ThreadInformation=0xb7cd40, Length=0x2cc, ReturnLength=null ) => 0
6774:651c @ 118014828 - LdrpGetProcedureAddress - INFO: Locating procedure "GetCodePage" by name
NtQueryInformationThread( ThreadHandle=-2, ThreadInformationClass=0x1d [ThreadWow64Context], ThreadInformation=0xb7cd40, Length=0x2cc, ReturnLength=null ) => 0
6774:651c @ 118014828 - LdrpGetProcedureAddress - INFO: Locating procedure "GdiGetDC" by name
NtQueryInformationThread( ThreadHandle=-2, ThreadInformationClass=0x1d [ThreadWow64Context], ThreadInformation=0xb7cd40, Length=0x2cc, ReturnLength=null ) => 0
6774:651c @ 118014828 - LdrpGetProcedureAddress - INFO: Locating procedure "GdiGetDevmodeForPage" by name
NtQueryInformationThread( ThreadHandle=-2, ThreadInformationClass=0x1d [ThreadWow64Context], ThreadInformation=0xb7cd40, Length=0x2cc, ReturnLength=null ) => 0
6774:651c @ 118014828 - LdrpGetProcedureAddress - INFO: Locating procedure "GdiGetLocalBrush" by name
NtQueryInformationThread( ThreadHandle=-2, ThreadInformationClass=0x1d [ThreadWow64Context], ThreadInformation=0xb7cd40, Length=0x2cc, ReturnLength=null ) => 0
6774:651c @ 118014828 - LdrpGetProcedureAddress - INFO: Locating procedure "GdiGetLocalDC" by name
NtQueryInformationThread( ThreadHandle=-2, ThreadInformationClass=0x1d [ThreadWow64Context], ThreadInformation=0xb7cd40, Length=0x2cc, ReturnLength=null ) => 0
6774:651c @ 118014828 - LdrpGetProcedureAddress - INFO: Locating procedure "GdiGetLocalFont" by name
NtQueryInformationThread( ThreadHandle=-2, ThreadInformationClass=0x1d [ThreadWow64Context], ThreadInformation=0xb7cd40, Length=0x2cc, ReturnLength=null ) => 0
6774:651c @ 118014828 - LdrpGetProcedureAddress - INFO: Locating procedure "GdiGetPageCount" by name
NtQueryInformationThread( ThreadHandle=-2, ThreadInformationClass=0x1d [ThreadWow64Context], ThreadInformation=0xb7cd40, Length=0x2cc, ReturnLength=null ) => 0
6774:651c @ 118014828 - LdrpGetProcedureAddress - INFO: Locating procedure "GdiGetPageHandle" by name
NtQueryInformationThread( ThreadHandle=-2, ThreadInformationClass=0x1d [ThreadWow64Context], ThreadInformation=0xb7cd40, Length=0x2cc, ReturnLength=null ) => 0
6774:651c @ 118014828 - LdrpGetProcedureAddress - INFO: Locating procedure "GdiGetSpoolFileHandle" by name
NtQueryInformationThread( ThreadHandle=-2, ThreadInformationClass=0x1d [ThreadWow64Context], ThreadInformation=0xb7cd40, Length=0x2cc, ReturnLength=null ) => 0
6774:651c @ 118014828 - LdrpGetProcedureAddress - INFO: Locating procedure "SetBkModeImpl" by name
NtQueryInformationThread( ThreadHandle=-2, ThreadInformationClass=0x1d [ThreadWow64Context], ThreadInformation=0xb7cd40, Length=0x2cc, ReturnLength=null ) => 0
6774:651c @ 118014828 - LdrpGetProcedureAddress - INFO: Locating procedure "SelectClipPathImpl" by name
NtQueryInformationThread( ThreadHandle=-2, ThreadInformationClass=0x1d [ThreadWow64Context], ThreadInformation=0xb7cd40, Length=0x2cc, ReturnLength=null ) => 0
6774:651c @ 118014828 - LdrpGetProcedureAddress - INFO: Locating procedure "GdiInitializeLanguagePack" by name
NtQueryInformationThread( ThreadHandle=-2, ThreadInformationClass=0x1d [ThreadWow64Context], ThreadInformation=0xb7cd40, Length=0x2cc, ReturnLength=null ) => 0
6774:651c @ 118014828 - LdrpGetProcedureAddress - INFO: Locating procedure "GdiIsMetaFileDC" by name
NtQueryInformationThread( ThreadHandle=-2, ThreadInformationClass=0x1d [ThreadWow64Context], ThreadInformation=0xb7cd40, Length=0x2cc, ReturnLength=null ) => 0
6774:651c @ 118014828 - LdrpGetProcedureAddress - INFO: Locating procedure "GdiIsMetaPrintDC" by name
NtQueryInformationThread( ThreadHandle=-2, ThreadInformationClass=0x1d [ThreadWow64Context], ThreadInformation=0xb7cd40, Length=0x2cc, ReturnLength=null ) => 0
6774:651c @ 118014828 - LdrpGetProcedureAddress - INFO: Locating procedure "GdiIsPlayMetafileDC" by name
NtQueryInformationThread( ThreadHandle=-2, ThreadInformationClass=0x1d [ThreadWow64Context], ThreadInformation=0xb7cd40, Length=0x2cc, ReturnLength=null ) => 0
6774:651c @ 118014828 - LdrpGetProcedureAddress - INFO: Locating procedure "GdiIsScreenDC" by name
NtQueryInformationThread( ThreadHandle=-2, ThreadInformationClass=0x1d [ThreadWow64Context], ThreadInformation=0xb7cd40, Length=0x2cc, ReturnLength=null ) => 0
6774:651c @ 118014828 - LdrpGetProcedureAddress - INFO: Locating procedure "GdiIsUMPDSandboxingEnabled" by name
NtQueryInformationThread( ThreadHandle=-2, ThreadInformationClass=0x1d [ThreadWow64Context], ThreadInformation=0xb7cd40, Length=0x2cc, ReturnLength=null ) => 0
6774:651c @ 118014828 - LdrpGetProcedureAddress - INFO: Locating procedure "GdiLoadType1Fonts" by name
NtQueryInformationThread( ThreadHandle=-2, ThreadInformationClass=0x1d [ThreadWow64Context], ThreadInformation=0xb7cd40, Length=0x2cc, ReturnLength=null ) => 0
6774:651c @ 118014828 - LdrpGetProcedureAddress - INFO: Locating procedure "GdiPlayDCScript" by name
NtQueryInformationThread( ThreadHandle=-2, ThreadInformationClass=0x1d [ThreadWow64Context], ThreadInformation=0xb7cd40, Length=0x2cc, ReturnLength=null ) => 0
6774:651c @ 118014828 - LdrpGetProcedureAddress - INFO: Locating procedure "GdiPlayEMF" by name
NtQueryInformationThread( ThreadHandle=-2, ThreadInformationClass=0x1d [ThreadWow64Context], ThreadInformation=0xb7cd40, Length=0x2cc, ReturnLength=null ) => 0
6774:651c @ 118014828 - LdrpGetProcedureAddress - INFO: Locating procedure "GdiPlayJournal" by name
NtQueryInformationThread( ThreadHandle=-2, ThreadInformationClass=0x1d [ThreadWow64Context], ThreadInformation=0xb7cd40, Length=0x2cc, ReturnLength=null ) => 0
6774:651c @ 118014828 - LdrpGetProcedureAddress - INFO: Locating procedure "GdiPlayPageEMF" by name
NtQueryInformationThread( ThreadHandle=-2, ThreadInformationClass=0x1d [ThreadWow64Context], ThreadInformation=0xb7cd40, Length=0x2cc, ReturnLength=null ) => 0
6774:651c @ 118014828 - LdrpGetProcedureAddress - INFO: Locating procedure "GdiPlayPrivatePageEMF" by name
NtQueryInformationThread( ThreadHandle=-2, ThreadInformationClass=0x1d [ThreadWow64Context], ThreadInformation=0xb7cd40, Length=0x2cc, ReturnLength=null ) => 0
6774:651c @ 118014828 - LdrpGetProcedureAddress - INFO: Locating procedure "GdiPlayScript" by name
NtQueryInformationThread( ThreadHandle=-2, ThreadInformationClass=0x1d [ThreadWow64Context], ThreadInformation=0xb7cd40, Length=0x2cc, ReturnLength=null ) => 0
6774:651c @ 118014828 - LdrpGetProcedureAddress - INFO: Locating procedure "GdiPrinterThunk" by name
NtQueryInformationThread( ThreadHandle=-2, ThreadInformationClass=0x1d [ThreadWow64Context], ThreadInformation=0xb7cd40, Length=0x2cc, ReturnLength=null ) => 0
6774:651c @ 118014828 - LdrpGetProcedureAddress - INFO: Locating procedure "GdiProcessSetup" by name
NtQueryInformationThread( ThreadHandle=-2, ThreadInformationClass=0x1d [ThreadWow64Context], ThreadInformation=0xb7cd40, Length=0x2cc, ReturnLength=null ) => 0
6774:651c @ 118014828 - LdrpGetProcedureAddress - INFO: Locating procedure "GdiQueryTable" by name
NtQueryInformationThread( ThreadHandle=-2, ThreadInformationClass=0x1d [ThreadWow64Context], ThreadInformation=0xb7cd40, Length=0x2cc, ReturnLength=null ) => 0
6774:651c @ 118014828 - LdrpGetProcedureAddress - INFO: Locating procedure "GdiRealizationInfo" by name
NtQueryInformationThread( ThreadHandle=-2, ThreadInformationClass=0x1d [ThreadWow64Context], ThreadInformation=0xb7cd40, Length=0x2cc, ReturnLength=null ) => 0
6774:651c @ 118014828 - LdrpGetProcedureAddress - INFO: Locating procedure "GdiReleaseLocalDC" by name
NtQueryInformationThread( ThreadHandle=-2, ThreadInformationClass=0x1d [ThreadWow64Context], ThreadInformation=0xb7cd40, Length=0x2cc, ReturnLength=null ) => 0
6774:651c @ 118014828 - LdrpGetProcedureAddress - INFO: Locating procedure "GdiResetDCEMF" by name
NtQueryInformationThread( ThreadHandle=-2, ThreadInformationClass=0x1d [ThreadWow64Context], ThreadInformation=0xb7cd40, Length=0x2cc, ReturnLength=null ) => 0
6774:651c @ 118014828 - LdrpGetProcedureAddress - INFO: Locating procedure "GdiSetAttrs" by name
NtQueryInformationThread( ThreadHandle=-2, ThreadInformationClass=0x1d [ThreadWow64Context], ThreadInformation=0xb7cd40, Length=0x2cc, ReturnLength=null ) => 0
6774:651c @ 118014828 - LdrpGetProcedureAddress - INFO: Locating procedure "GdiSetBatchLimit" by name
NtQueryInformationThread( ThreadHandle=-2, ThreadInformationClass=0x1d [ThreadWow64Context], ThreadInformation=0xb7cd40, Length=0x2cc, ReturnLength=null ) => 0
6774:651c @ 118014828 - LdrpGetProcedureAddress - INFO: Locating procedure "GdiSetPixelFormat" by name
NtQueryInformationThread( ThreadHandle=-2, ThreadInformationClass=0x1d [ThreadWow64Context], ThreadInformation=0xb7cd40, Length=0x2cc, ReturnLength=null ) => 0
6774:651c @ 118014828 - LdrpGetProcedureAddress - INFO: Locating procedure "GdiSetServerAttr" by name
NtQueryInformationThread( ThreadHandle=-2, ThreadInformationClass=0x1d [ThreadWow64Context], ThreadInformation=0xb7cd40, Length=0x2cc, ReturnLength=null ) => 0
6774:651c @ 118014828 - LdrpGetProcedureAddress - INFO: Locating procedure "GdiStartDocEMF" by name
NtQueryInformationThread( ThreadHandle=-2, ThreadInformationClass=0x1d [ThreadWow64Context], ThreadInformation=0xb7cd40, Length=0x2cc, ReturnLength=null ) => 0
6774:651c @ 118014828 - LdrpGetProcedureAddress - INFO: Locating procedure "GdiStartPageEMF" by name
NtQueryInformationThread( ThreadHandle=-2, ThreadInformationClass=0x1d [ThreadWow64Context], ThreadInformation=0xb7cd40, Length=0x2cc, ReturnLength=null ) => 0
6774:651c @ 118014828 - LdrpGetProcedureAddress - INFO: Locating procedure "GdiSwapBuffers" by name
NtQueryInformationThread( ThreadHandle=-2, ThreadInformationClass=0x1d [ThreadWow64Context], ThreadInformation=0xb7cd40, Length=0x2cc, ReturnLength=null ) => 0
6774:651c @ 118014828 - LdrpGetProcedureAddress - INFO: Locating procedure "SaveDCImpl" by name
NtQueryInformationThread( ThreadHandle=-2, ThreadInformationClass=0x1d [ThreadWow64Context], ThreadInformation=0xb7cd40, Length=0x2cc, ReturnLength=null ) => 0
6774:651c @ 118014828 - LdrpGetProcedureAddress - INFO: Locating procedure "ResetDCWImpl" by name
NtQueryInformationThread( ThreadHandle=-2, ThreadInformationClass=0x1d [ThreadWow64Context], ThreadInformation=0xb7cd40, Length=0x2cc, ReturnLength=null ) => 0
6774:651c @ 118014828 - LdrpGetProcedureAddress - INFO: Locating procedure "GdiValidateHandle" by name
NtQueryInformationThread( ThreadHandle=-2, ThreadInformationClass=0x1d [ThreadWow64Context], ThreadInformation=0xb7cd40, Length=0x2cc, ReturnLength=null ) => 0
6774:651c @ 118014828 - LdrpGetProcedureAddress - INFO: Locating procedure "RestoreDCImpl" by name
NtQueryInformationThread( ThreadHandle=-2, ThreadInformationClass=0x1d [ThreadWow64Context], ThreadInformation=0xb7cd40, Length=0x2cc, ReturnLength=null ) => 0
6774:651c @ 118014828 - LdrpGetProcedureAddress - INFO: Locating procedure "RemoveFontResourceWImpl" by name
NtQueryInformationThread( ThreadHandle=-2, ThreadInformationClass=0x1d [ThreadWow64Context], ThreadInformation=0xb7cd40, Length=0x2cc, ReturnLength=null ) => 0
6774:651c @ 118014828 - LdrpGetProcedureAddress - INFO: Locating procedure "RectangleImpl" by name
NtQueryInformationThread( ThreadHandle=-2, ThreadInformationClass=0x1d [ThreadWow64Context], ThreadInformation=0xb7cd40, Length=0x2cc, ReturnLength=null ) => 0
6774:651c @ 118014828 - LdrpGetProcedureAddress - INFO: Locating procedure "PolylineToImpl" by name
NtQueryInformationThread( ThreadHandle=-2, ThreadInformationClass=0x1d [ThreadWow64Context], ThreadInformation=0xb7cd40, Length=0x2cc, ReturnLength=null ) => 0
6774:651c @ 118014828 - LdrpGetProcedureAddress - INFO: Locating procedure "GetArcDirection" by name
NtQueryInformationThread( ThreadHandle=-2, ThreadInformationClass=0x1d [ThreadWow64Context], ThreadInformation=0xb7cd40, Length=0x2cc, ReturnLength=null ) => 0
6774:651c @ 118014828 - LdrpGetProcedureAddress - INFO: Locating procedure "GetAspectRatioFilterEx" by name
NtQueryInformationThread( ThreadHandle=-2, ThreadInformationClass=0x1d [ThreadWow64Context], ThreadInformation=0xb7cd40, Length=0x2cc, ReturnLength=null ) => 0
6774:651c @ 118014828 - LdrpGetProcedureAddress - INFO: Locating procedure "GetBitmapAttributes" by name
NtQueryInformationThread( ThreadHandle=-2, ThreadInformationClass=0x1d [ThreadWow64Context], ThreadInformation=0xb7cd40, Length=0x2cc, ReturnLength=null ) => 0
6774:651c @ 118014828 - LdrpGetProcedureAddress - INFO: Locating procedure "GetBitmapDimensionEx" by name
NtQueryInformationThread( ThreadHandle=-2, ThreadInformationClass=0x1d [ThreadWow64Context], ThreadInformation=0xb7cd40, Length=0x2cc, ReturnLength=null ) => 0
6774:651c @ 118014828 - LdrpGetProcedureAddress - INFO: Locating procedure "GetBoundsRect" by name
NtQueryInformationThread( ThreadHandle=-2, ThreadInformationClass=0x1d [ThreadWow64Context], ThreadInformation=0xb7cd40, Length=0x2cc, ReturnLength=null ) => 0
6774:651c @ 118014828 - LdrpGetProcedureAddress - INFO: Locating procedure "GetBrushAttributes" by name
NtQueryInformationThread( ThreadHandle=-2, ThreadInformationClass=0x1d [ThreadWow64Context], ThreadInformation=0xb7cd40, Length=0x2cc, ReturnLength=null ) => 0
6774:651c @ 118014828 - LdrpGetProcedureAddress - INFO: Locating procedure "GetCharABCWidthsA" by name
NtQueryInformationThread( ThreadHandle=-2, ThreadInformationClass=0x1d [ThreadWow64Context], ThreadInformation=0xb7cd40, Length=0x2cc, ReturnLength=null ) => 0
6774:651c @ 118014828 - LdrpGetProcedureAddress - INFO: Locating procedure "GetCharABCWidthsFloatA" by name
NtQueryInformationThread( ThreadHandle=-2, ThreadInformationClass=0x1d [ThreadWow64Context], ThreadInformation=0xb7cd40, Length=0x2cc, ReturnLength=null ) => 0
6774:651c @ 118014828 - LdrpGetProcedureAddress - INFO: Locating procedure "GetCharABCWidthsFloatI" by name
NtQueryInformationThread( ThreadHandle=-2, ThreadInformationClass=0x1d [ThreadWow64Context], ThreadInformation=0xb7cd40, Length=0x2cc, ReturnLength=null ) => 0
6774:651c @ 118014828 - LdrpGetProcedureAddress - INFO: Locating procedure "GetCharABCWidthsFloatW" by name
NtQueryInformationThread( ThreadHandle=-2, ThreadInformationClass=0x1d [ThreadWow64Context], ThreadInformation=0xb7cd40, Length=0x2cc, ReturnLength=null ) => 0
6774:651c @ 118014828 - LdrpGetProcedureAddress - INFO: Locating procedure "GetCharABCWidthsI" by name
NtQueryInformationThread( ThreadHandle=-2, ThreadInformationClass=0x1d [ThreadWow64Context], ThreadInformation=0xb7cd40, Length=0x2cc, ReturnLength=null ) => 0
6774:651c @ 118014828 - LdrpGetProcedureAddress - INFO: Locating procedure "GetCharWidth32W" by name
NtQueryInformationThread( ThreadHandle=-2, ThreadInformationClass=0x1d [ThreadWow64Context], ThreadInformation=0xb7cd40, Length=0x2cc, ReturnLength=null ) => 0
6774:651c @ 118014828 - LdrpGetProcedureAddress - INFO: Locating procedure "GetCharWidthFloatA" by name
NtQueryInformationThread( ThreadHandle=-2, ThreadInformationClass=0x1d [ThreadWow64Context], ThreadInformation=0xb7cd40, Length=0x2cc, ReturnLength=null ) => 0
6774:651c @ 118014828 - LdrpGetProcedureAddress - INFO: Locating procedure "GetCharWidthFloatW" by name
NtQueryInformationThread( ThreadHandle=-2, ThreadInformationClass=0x1d [ThreadWow64Context], ThreadInformation=0xb7cd40, Length=0x2cc, ReturnLength=null ) => 0
6774:651c @ 118014828 - LdrpGetProcedureAddress - INFO: Locating procedure "GetCharWidthI" by name
NtQueryInformationThread( ThreadHandle=-2, ThreadInformationClass=0x1d [ThreadWow64Context], ThreadInformation=0xb7cd40, Length=0x2cc, ReturnLength=null ) => 0
6774:651c @ 118014828 - LdrpGetProcedureAddress - INFO: Locating procedure "GetCharacterPlacementA" by name
NtQueryInformationThread( ThreadHandle=-2, ThreadInformationClass=0x1d [ThreadWow64Context], ThreadInformation=0xb7cd40, Length=0x2cc, ReturnLength=null ) => 0
6774:651c @ 118014828 - LdrpGetProcedureAddress - INFO: Locating procedure "GetCharacterPlacementW" by name
NtQueryInformationThread( ThreadHandle=-2, ThreadInformationClass=0x1d [ThreadWow64Context], ThreadInformation=0xb7cd40, Length=0x2cc, ReturnLength=null ) => 0
6774:651c @ 118014828 - LdrpGetProcedureAddress - INFO: Locating procedure "GetColorAdjustment" by name
NtQueryInformationThread( ThreadHandle=-2, ThreadInformationClass=0x1d [ThreadWow64Context], ThreadInformation=0xb7cd40, Length=0x2cc, ReturnLength=null ) => 0
6774:651c @ 118014828 - LdrpGetProcedureAddress - INFO: Locating procedure "GetColorSpace" by name
NtQueryInformationThread( ThreadHandle=-2, ThreadInformationClass=0x1d [ThreadWow64Context], ThreadInformation=0xb7cd40, Length=0x2cc, ReturnLength=null ) => 0
6774:651c @ 118014828 - LdrpGetProcedureAddress - INFO: Locating procedure "GetDCDpiScaleValue" by name
NtQueryInformationThread( ThreadHandle=-2, ThreadInformationClass=0x1d [ThreadWow64Context], ThreadInformation=0xb7cd40, Length=0x2cc, ReturnLength=null ) => 0
6774:651c @ 118014828 - LdrpGetProcedureAddress - INFO: Locating procedure "GetDCPenColor" by name
NtQueryInformationThread( ThreadHandle=-2, ThreadInformationClass=0x1d [ThreadWow64Context], ThreadInformation=0xb7cd40, Length=0x2cc, ReturnLength=null ) => 0
6774:651c @ 118014828 - LdrpGetProcedureAddress - INFO: Locating procedure "GetDeviceGammaRamp" by name
NtQueryInformationThread( ThreadHandle=-2, ThreadInformationClass=0x1d [ThreadWow64Context], ThreadInformation=0xb7cd40, Length=0x2cc, ReturnLength=null ) => 0
6774:651c @ 118014828 - LdrpGetProcedureAddress - INFO: Locating procedure "GetETM" by name
NtQueryInformationThread( ThreadHandle=-2, ThreadInformationClass=0x1d [ThreadWow64Context], ThreadInformation=0xb7cd40, Length=0x2cc, ReturnLength=null ) => 0
6774:651c @ 118014828 - LdrpGetProcedureAddress - INFO: Locating procedure "GetEUDCTimeStamp" by name
NtQueryInformationThread( ThreadHandle=-2, ThreadInformationClass=0x1d [ThreadWow64Context], ThreadInformation=0xb7cd40, Length=0x2cc, ReturnLength=null ) => 0
6774:651c @ 118014828 - LdrpGetProcedureAddress - INFO: Locating procedure "GetEUDCTimeStampExW" by name
NtQueryInformationThread( ThreadHandle=-2, ThreadInformationClass=0x1d [ThreadWow64Context], ThreadInformation=0xb7cd40, Length=0x2cc, ReturnLength=null ) => 0
6774:651c @ 118014828 - LdrpGetProcedureAddress - INFO: Locating procedure "GetEnhMetaFileDescriptionW" by name
NtQueryInformationThread( ThreadHandle=-2, ThreadInformationClass=0x1d [ThreadWow64Context], ThreadInformation=0xb7cd40, Length=0x2cc, ReturnLength=null ) => 0
6774:651c @ 118014828 - LdrpGetProcedureAddress - INFO: Locating procedure "GetEnhMetaFilePixelFormat" by name
NtQueryInformationThread( ThreadHandle=-2, ThreadInformationClass=0x1d [ThreadWow64Context], ThreadInformation=0xb7cd40, Length=0x2cc, ReturnLength=null ) => 0
6774:651c @ 118014828 - LdrpGetProcedureAddress - INFO: Locating procedure "GetFontAssocStatus" by name
NtQueryInformationThread( ThreadHandle=-2, ThreadInformationClass=0x1d [ThreadWow64Context], ThreadInformation=0xb7cd40, Length=0x2cc, ReturnLength=null ) => 0
6774:651c @ 118014828 - LdrpGetProcedureAddress - INFO: Locating procedure "GetFontLanguageInfo" by name
NtQueryInformationThread( ThreadHandle=-2, ThreadInformationClass=0x1d [ThreadWow64Context], ThreadInformation=0xb7cd40, Length=0x2cc, ReturnLength=null ) => 0
6774:651c @ 118014828 - LdrpGetProcedureAddress - INFO: Locating procedure "GetFontResourceInfoW" by name
NtQueryInformationThread( ThreadHandle=-2, ThreadInformationClass=0x1d [ThreadWow64Context], ThreadInformation=0xb7cd40, Length=0x2cc, ReturnLength=null ) => 0
6774:651c @ 118014828 - LdrpGetProcedureAddress - INFO: Locating procedure "GetGlyphIndicesA" by name
NtQueryInformationThread( ThreadHandle=-2, ThreadInformationClass=0x1d [ThreadWow64Context], ThreadInformation=0xb7cd40, Length=0x2cc, ReturnLength=null ) => 0
6774:651c @ 118014828 - LdrpGetProcedureAddress - INFO: Locating procedure "GetGlyphOutlineWow" by name
NtQueryInformationThread( ThreadHandle=-2, ThreadInformationClass=0x1d [ThreadWow64Context], ThreadInformation=0xb7cd40, Length=0x2cc, ReturnLength=null ) => 0
6774:651c @ 118014828 - LdrpGetProcedureAddress - INFO: Locating procedure "GetGraphicsMode" by name
NtQueryInformationThread( ThreadHandle=-2, ThreadInformationClass=0x1d [ThreadWow64Context], ThreadInformation=0xb7cd40, Length=0x2cc, ReturnLength=null ) => 0
6774:651c @ 118014828 - LdrpGetProcedureAddress - INFO: Locating procedure "GetHFONT" by name
NtQueryInformationThread( ThreadHandle=-2, ThreadInformationClass=0x1d [ThreadWow64Context], ThreadInformation=0xb7cd40, Length=0x2cc, ReturnLength=null ) => 0
6774:651c @ 118014828 - LdrpGetProcedureAddress - INFO: Locating procedure "GetICMProfileA" by name
NtQueryInformationThread( ThreadHandle=-2, ThreadInformationClass=0x1d [ThreadWow64Context], ThreadInformation=0xb7cd40, Length=0x2cc, ReturnLength=null ) => 0
6774:651c @ 118014828 - LdrpGetProcedureAddress - INFO: Locating procedure "GetICMProfileW" by name
NtQueryInformationThread( ThreadHandle=-2, ThreadInformationClass=0x1d [ThreadWow64Context], ThreadInformation=0xb7cd40, Length=0x2cc, ReturnLength=null ) => 0
6774:651c @ 118014828 - LdrpGetProcedureAddress - INFO: Locating procedure "GetLogColorSpaceA" by name
NtQueryInformationThread( ThreadHandle=-2, ThreadInformationClass=0x1d [ThreadWow64Context], ThreadInformation=0xb7cd40, Length=0x2cc, ReturnLength=null ) => 0
6774:651c @ 118014828 - LdrpGetProcedureAddress - INFO: Locating procedure "GetLogColorSpaceW" by name
NtQueryInformationThread( ThreadHandle=-2, ThreadInformationClass=0x1d [ThreadWow64Context], ThreadInformation=0xb7cd40, Length=0x2cc, ReturnLength=null ) => 0
6774:651c @ 118014828 - LdrpGetProcedureAddress - INFO: Locating procedure "GetMetaFileA" by name
NtQueryInformationThread( ThreadHandle=-2, ThreadInformationClass=0x1d [ThreadWow64Context], ThreadInformation=0xb7cd40, Length=0x2cc, ReturnLength=null ) => 0
6774:651c @ 118014828 - LdrpGetProcedureAddress - INFO: Locating procedure "GetMetaFileW" by name
NtQueryInformationThread( ThreadHandle=-2, ThreadInformationClass=0x1d [ThreadWow64Context], ThreadInformation=0xb7cd40, Length=0x2cc, ReturnLength=null ) => 0
6774:651c @ 118014828 - LdrpGetProcedureAddress - INFO: Locating procedure "GetMetaRgn" by name
NtQueryInformationThread( ThreadHandle=-2, ThreadInformationClass=0x1d [ThreadWow64Context], ThreadInformation=0xb7cd40, Length=0x2cc, ReturnLength=null ) => 0
6774:651c @ 118014828 - LdrpGetProcedureAddress - INFO: Locating procedure "GetMiterLimit" by name
NtQueryInformationThread( ThreadHandle=-2, ThreadInformationClass=0x1d [ThreadWow64Context], ThreadInformation=0xb7cd40, Length=0x2cc, ReturnLength=null ) => 0
6774:651c @ 118014828 - LdrpGetProcedureAddress - INFO: Locating procedure "GetNearestColor" by name
NtQueryInformationThread( ThreadHandle=-2, ThreadInformationClass=0x1d [ThreadWow64Context], ThreadInformation=0xb7cd40, Length=0x2cc, ReturnLength=null ) => 0
6774:651c @ 118014828 - LdrpGetProcedureAddress - INFO: Locating procedure "GetPath" by name
NtQueryInformationThread( ThreadHandle=-2, ThreadInformationClass=0x1d [ThreadWow64Context], ThreadInformation=0xb7cd40, Length=0x2cc, ReturnLength=null ) => 0
6774:651c @ 118014828 - LdrpGetProcedureAddress - INFO: Locating procedure "GetPixelFormat" by name
NtQueryInformationThread( ThreadHandle=-2, ThreadInformationClass=0x1d [ThreadWow64Context], ThreadInformation=0xb7cd40, Length=0x2cc, ReturnLength=null ) => 0
6774:651c @ 118014828 - LdrpGetProcedureAddress - INFO: Locating procedure "GetPolyFillMode" by name
NtQueryInformationThread( ThreadHandle=-2, ThreadInformationClass=0x1d [ThreadWow64Context], ThreadInformation=0xb7cd40, Length=0x2cc, ReturnLength=null ) => 0
6774:651c @ 118014828 - LdrpGetProcedureAddress - INFO: Locating procedure "GetRelAbs" by name
NtQueryInformationThread( ThreadHandle=-2, ThreadInformationClass=0x1d [ThreadWow64Context], ThreadInformation=0xb7cd40, Length=0x2cc, ReturnLength=null ) => 0
6774:651c @ 118014828 - LdrpGetProcedureAddress - INFO: Locating procedure "GetStretchBltMode" by name
NtQueryInformationThread( ThreadHandle=-2, ThreadInformationClass=0x1d [ThreadWow64Context], ThreadInformation=0xb7cd40, Length=0x2cc, ReturnLength=null ) => 0
6774:651c @ 118014828 - LdrpGetProcedureAddress - INFO: Locating procedure "GetStringBitmapA" by name
NtQueryInformationThread( ThreadHandle=-2, ThreadInformationClass=0x1d [ThreadWow64Context], ThreadInformation=0xb7cd40, Length=0x2cc, ReturnLength=null ) => 0
6774:651c @ 118014828 - LdrpGetProcedureAddress - INFO: Locating procedure "GetSystemPaletteUse" by name
NtQueryInformationThread( ThreadHandle=-2, ThreadInformationClass=0x1d [ThreadWow64Context], ThreadInformation=0xb7cd40, Length=0x2cc, ReturnLength=null ) => 0
6774:651c @ 118014828 - LdrpGetProcedureAddress - INFO: Locating procedure "GetTextExtentExPointWPri" by name
NtQueryInformationThread( ThreadHandle=-2, ThreadInformationClass=0x1d [ThreadWow64Context], ThreadInformation=0xb7cd40, Length=0x2cc, ReturnLength=null ) => 0
6774:651c @ 118014828 - LdrpGetProcedureAddress - INFO: Locating procedure "GetTextFaceAliasW" by name
NtQueryInformationThread( ThreadHandle=-2, ThreadInformationClass=0x1d [ThreadWow64Context], ThreadInformation=0xb7cd40, Length=0x2cc, ReturnLength=null ) => 0
6774:651c @ 118014828 - LdrpGetProcedureAddress - INFO: Locating procedure "GetTransform" by name
NtQueryInformationThread( ThreadHandle=-2, ThreadInformationClass=0x1d [ThreadWow64Context], ThreadInformation=0xb7cd40, Length=0x2cc, ReturnLength=null ) => 0
6774:651c @ 118014828 - LdrpGetProcedureAddress - INFO: Locating procedure "GetViewportExtEx" by name
NtQueryInformationThread( ThreadHandle=-2, ThreadInformationClass=0x1d [ThreadWow64Context], ThreadInformation=0xb7cd40, Length=0x2cc, ReturnLength=null ) => 0
6774:651c @ 118014828 - LdrpGetProcedureAddress - INFO: Locating procedure "IsValidEnhMetaRecord" by name
NtQueryInformationThread( ThreadHandle=-2, ThreadInformationClass=0x1d [ThreadWow64Context], ThreadInformation=0xb7cd40, Length=0x2cc, ReturnLength=null ) => 0
6774:651c @ 118014828 - LdrpGetProcedureAddress - INFO: Locating procedure "IsValidEnhMetaRecordOffExt" by name
NtQueryInformationThread( ThreadHandle=-2, ThreadInformationClass=0x1d [ThreadWow64Context], ThreadInformation=0xb7cd40, Length=0x2cc, ReturnLength=null ) => 0
6774:651c @ 118014828 - LdrpGetProcedureAddress - INFO: Locating procedure "LineDDA" by name
NtQueryInformationThread( ThreadHandle=-2, ThreadInformationClass=0x1d [ThreadWow64Context], ThreadInformation=0xb7cd40, Length=0x2cc, ReturnLength=null ) => 0
6774:651c @ 118014828 - LdrpGetProcedureAddress - INFO: Locating procedure "MaskBlt" by name
NtQueryInformationThread( ThreadHandle=-2, ThreadInformationClass=0x1d [ThreadWow64Context], ThreadInformation=0xb7cd40, Length=0x2cc, ReturnLength=null ) => 0
6774:651c @ 118014828 - LdrpGetProcedureAddress - INFO: Locating procedure "MirrorRgn" by name
NtQueryInformationThread( ThreadHandle=-2, ThreadInformationClass=0x1d [ThreadWow64Context], ThreadInformation=0xb7cd40, Length=0x2cc, ReturnLength=null ) => 0
6774:651c @ 118014828 - LdrpGetProcedureAddress - INFO: Locating procedure "ModifyWorldTransform" by name
NtQueryInformationThread( ThreadHandle=-2, ThreadInformationClass=0x1d [ThreadWow64Context], ThreadInformation=0xb7cd40, Length=0x2cc, ReturnLength=null ) => 0
6774:651c @ 118014828 - LdrpGetProcedureAddress - INFO: Locating procedure "NamedEscape" by name
NtQueryInformationThread( ThreadHandle=-2, ThreadInformationClass=0x1d [ThreadWow64Context], ThreadInformation=0xb7cd40, Length=0x2cc, ReturnLength=null ) => 0
6774:651c @ 118014828 - LdrpGetProcedureAddress - INFO: Locating procedure "OffsetClipRgn" by name
NtQueryInformationThread( ThreadHandle=-2, ThreadInformationClass=0x1d [ThreadWow64Context], ThreadInformation=0xb7cd40, Length=0x2cc, ReturnLength=null ) => 0
6774:651c @ 118014828 - LdrpGetProcedureAddress - INFO: Locating procedure "PaintRgn" by name
NtQueryInformationThread( ThreadHandle=-2, ThreadInformationClass=0x1d [ThreadWow64Context], ThreadInformation=0xb7cd40, Length=0x2cc, ReturnLength=null ) => 0
6774:651c @ 118014828 - LdrpGetProcedureAddress - INFO: Locating procedure "PlayEnhMetaFileRecord" by name
NtQueryInformationThread( ThreadHandle=-2, ThreadInformationClass=0x1d [ThreadWow64Context], ThreadInformation=0xb7cd40, Length=0x2cc, ReturnLength=null ) => 0
6774:651c @ 118014828 - LdrpGetProcedureAddress - INFO: Locating procedure "PlayMetaFileRecord" by name
NtQueryInformationThread( ThreadHandle=-2, ThreadInformationClass=0x1d [ThreadWow64Context], ThreadInformation=0xb7cd40, Length=0x2cc, ReturnLength=null ) => 0
6774:651c @ 118014828 - LdrpGetProcedureAddress - INFO: Locating procedure "PolyPatBlt" by name
NtQueryInformationThread( ThreadHandle=-2, ThreadInformationClass=0x1d [ThreadWow64Context], ThreadInformation=0xb7cd40, Length=0x2cc, ReturnLength=null ) => 0
6774:651c @ 118014828 - LdrpGetProcedureAddress - INFO: Locating procedure "PolyPolyline" by name
NtQueryInformationThread( ThreadHandle=-2, ThreadInformationClass=0x1d [ThreadWow64Context], ThreadInformation=0xb7cd40, Length=0x2cc, ReturnLength=null ) => 0
6774:651c @ 118014828 - LdrpGetProcedureAddress - INFO: Locating procedure "PolyTextOutA" by name
NtQueryInformationThread( ThreadHandle=-2, ThreadInformationClass=0x1d [ThreadWow64Context], ThreadInformation=0xb7cd40, Length=0x2cc, ReturnLength=null ) => 0
6774:651c @ 118014828 - LdrpGetProcedureAddress - INFO: Locating procedure "PolyTextOutW" by name
NtQueryInformationThread( ThreadHandle=-2, ThreadInformationClass=0x1d [ThreadWow64Context], ThreadInformation=0xb7cd40, Length=0x2cc, ReturnLength=null ) => 0
6774:651c @ 118014828 - LdrpGetProcedureAddress - INFO: Locating procedure "PtVisible" by name
NtQueryInformationThread( ThreadHandle=-2, ThreadInformationClass=0x1d [ThreadWow64Context], ThreadInformation=0xb7cd40, Length=0x2cc, ReturnLength=null ) => 0
6774:651c @ 118014828 - LdrpGetProcedureAddress - INFO: Locating procedure "QueryFontAssocStatus" by name
NtQueryInformationThread( ThreadHandle=-2, ThreadInformationClass=0x1d [ThreadWow64Context], ThreadInformation=0xb7cd40, Length=0x2cc, ReturnLength=null ) => 0
6774:651c @ 118014828 - LdrpGetProcedureAddress - INFO: Locating procedure "RemoveFontResourceExA" by name
NtQueryInformationThread( ThreadHandle=-2, ThreadInformationClass=0x1d [ThreadWow64Context], ThreadInformation=0xb7cd40, Length=0x2cc, ReturnLength=null ) => 0
6774:651c @ 118014828 - LdrpGetProcedureAddress - INFO: Locating procedure "RemoveFontResourceExW" by name
NtQueryInformationThread( ThreadHandle=-2, ThreadInformationClass=0x1d [ThreadWow64Context], ThreadInformation=0xb7cd40, Length=0x2cc, ReturnLength=null ) => 0
6774:651c @ 118014828 - LdrpGetProcedureAddress - INFO: Locating procedure "RemoveFontResourceTracking" by name
NtQueryInformationThread( ThreadHandle=-2, ThreadInformationClass=0x1d [ThreadWow64Context], ThreadInformation=0xb7cd40, Length=0x2cc, ReturnLength=null ) => 0
6774:651c @ 118014828 - LdrpGetProcedureAddress - INFO: Locating procedure "ResetDCA" by name
NtQueryInformationThread( ThreadHandle=-2, ThreadInformationClass=0x1d [ThreadWow64Context], ThreadInformation=0xb7cd40, Length=0x2cc, ReturnLength=null ) => 0
6774:651c @ 118014828 - LdrpGetProcedureAddress - INFO: Locating procedure "ScaleViewportExtEx" by name
NtQueryInformationThread( ThreadHandle=-2, ThreadInformationClass=0x1d [ThreadWow64Context], ThreadInformation=0xb7cd40, Length=0x2cc, ReturnLength=null ) => 0
6774:651c @ 118014828 - LdrpGetProcedureAddress - INFO: Locating procedure "ScaleWindowExtEx" by name
NtQueryInformationThread( ThreadHandle=-2, ThreadInformationClass=0x1d [ThreadWow64Context], ThreadInformation=0xb7cd40, Length=0x2cc, ReturnLength=null ) => 0
6774:651c @ 118014828 - LdrpGetProcedureAddress - INFO: Locating procedure "SelectBrushLocal" by name
NtQueryInformationThread( ThreadHandle=-2, ThreadInformationClass=0x1d [ThreadWow64Context], ThreadInformation=0xb7cd40, Length=0x2cc, ReturnLength=null ) => 0
6774:651c @ 118014843 - LdrpGetProcedureAddress - INFO: Locating procedure "SelectFontLocal" by name
NtQueryInformationThread( ThreadHandle=-2, ThreadInformationClass=0x1d [ThreadWow64Context], ThreadInformation=0xb7cd40, Length=0x2cc, ReturnLength=null ) => 0
6774:651c @ 118014843 - LdrpGetProcedureAddress - INFO: Locating procedure "SetAbortProc" by name
NtQueryInformationThread( ThreadHandle=-2, ThreadInformationClass=0x1d [ThreadWow64Context], ThreadInformation=0xb7cd40, Length=0x2cc, ReturnLength=null ) => 0
6774:651c @ 118014843 - LdrpGetProcedureAddress - INFO: Locating procedure "SetArcDirection" by name
NtQueryInformationThread( ThreadHandle=-2, ThreadInformationClass=0x1d [ThreadWow64Context], ThreadInformation=0xb7cd40, Length=0x2cc, ReturnLength=null ) => 0
6774:651c @ 118014843 - LdrpGetProcedureAddress - INFO: Locating procedure "SetBitmapAttributes" by name
NtQueryInformationThread( ThreadHandle=-2, ThreadInformationClass=0x1d [ThreadWow64Context], ThreadInformation=0xb7cd40, Length=0x2cc, ReturnLength=null ) => 0
6774:651c @ 118014843 - LdrpGetProcedureAddress - INFO: Locating procedure "SetBitmapDimensionEx" by name
NtQueryInformationThread( ThreadHandle=-2, ThreadInformationClass=0x1d [ThreadWow64Context], ThreadInformation=0xb7cd40, Length=0x2cc, ReturnLength=null ) => 0
6774:651c @ 118014843 - LdrpGetProcedureAddress - INFO: Locating procedure "SetBoundsRect" by name
NtQueryInformationThread( ThreadHandle=-2, ThreadInformationClass=0x1d [ThreadWow64Context], ThreadInformation=0xb7cd40, Length=0x2cc, ReturnLength=null ) => 0
6774:651c @ 118014843 - LdrpGetProcedureAddress - INFO: Locating procedure "SetBrushAttributes" by name
NtQueryInformationThread( ThreadHandle=-2, ThreadInformationClass=0x1d [ThreadWow64Context], ThreadInformation=0xb7cd40, Length=0x2cc, ReturnLength=null ) => 0
6774:651c @ 118014843 - LdrpGetProcedureAddress - INFO: Locating procedure "SetColorAdjustment" by name
NtQueryInformationThread( ThreadHandle=-2, ThreadInformationClass=0x1d [ThreadWow64Context], ThreadInformation=0xb7cd40, Length=0x2cc, ReturnLength=null ) => 0
6774:651c @ 118014843 - LdrpGetProcedureAddress - INFO: Locating procedure "SetColorSpace" by name
NtQueryInformationThread( ThreadHandle=-2, ThreadInformationClass=0x1d [ThreadWow64Context], ThreadInformation=0xb7cd40, Length=0x2cc, ReturnLength=null ) => 0
6774:651c @ 118014843 - LdrpGetProcedureAddress - INFO: Locating procedure "SetDCPenColor" by name
NtQueryInformationThread( ThreadHandle=-2, ThreadInformationClass=0x1d [ThreadWow64Context], ThreadInformation=0xb7cd40, Length=0x2cc, ReturnLength=null ) => 0
6774:651c @ 118014843 - LdrpGetProcedureAddress - INFO: Locating procedure "SetFontEnumeration" by name
NtQueryInformationThread( ThreadHandle=-2, ThreadInformationClass=0x1d [ThreadWow64Context], ThreadInformation=0xb7cd40, Length=0x2cc, ReturnLength=null ) => 0
6774:651c @ 118014843 - LdrpGetProcedureAddress - INFO: Locating procedure "SetICMProfileA" by name
NtQueryInformationThread( ThreadHandle=-2, ThreadInformationClass=0x1d [ThreadWow64Context], ThreadInformation=0xb7cd40, Length=0x2cc, ReturnLength=null ) => 0
6774:651c @ 118014843 - LdrpGetProcedureAddress - INFO: Locating procedure "SetICMProfileW" by name
NtQueryInformationThread( ThreadHandle=-2, ThreadInformationClass=0x1d [ThreadWow64Context], ThreadInformation=0xb7cd40, Length=0x2cc, ReturnLength=null ) => 0
6774:651c @ 118014843 - LdrpGetProcedureAddress - INFO: Locating procedure "SetLayoutWidth" by name
NtQueryInformationThread( ThreadHandle=-2, ThreadInformationClass=0x1d [ThreadWow64Context], ThreadInformation=0xb7cd40, Length=0x2cc, ReturnLength=null ) => 0
6774:651c @ 118014843 - LdrpGetProcedureAddress - INFO: Locating procedure "SetMapperFlags" by name
NtQueryInformationThread( ThreadHandle=-2, ThreadInformationClass=0x1d [ThreadWow64Context], ThreadInformation=0xb7cd40, Length=0x2cc, ReturnLength=null ) => 0
6774:651c @ 118014843 - LdrpGetProcedureAddress - INFO: Locating procedure "SetPixelV" by name
NtQueryInformationThread( ThreadHandle=-2, ThreadInformationClass=0x1d [ThreadWow64Context], ThreadInformation=0xb7cd40, Length=0x2cc, ReturnLength=null ) => 0
6774:651c @ 118014843 - LdrpGetProcedureAddress - INFO: Locating procedure "SetRelAbs" by name
NtQueryInformationThread( ThreadHandle=-2, ThreadInformationClass=0x1d [ThreadWow64Context], ThreadInformation=0xb7cd40, Length=0x2cc, ReturnLength=null ) => 0
6774:651c @ 118014843 - LdrpGetProcedureAddress - INFO: Locating procedure "SetSystemPaletteUse" by name
NtQueryInformationThread( ThreadHandle=-2, ThreadInformationClass=0x1d [ThreadWow64Context], ThreadInformation=0xb7cd40, Length=0x2cc, ReturnLength=null ) => 0
6774:651c @ 118014843 - LdrpGetProcedureAddress - INFO: Locating procedure "SetTextJustification" by name
NtQueryInformationThread( ThreadHandle=-2, ThreadInformationClass=0x1d [ThreadWow64Context], ThreadInformation=0xb7cd40, Length=0x2cc, ReturnLength=null ) => 0
6774:651c @ 118014843 - LdrpGetProcedureAddress - INFO: Locating procedure "SetVirtualResolution" by name
NtQueryInformationThread( ThreadHandle=-2, ThreadInformationClass=0x1d [ThreadWow64Context], ThreadInformation=0xb7cd40, Length=0x2cc, ReturnLength=null ) => 0
6774:651c @ 118014843 - LdrpGetProcedureAddress - INFO: Locating procedure "SetWinMetaFileBits" by name
NtQueryInformationThread( ThreadHandle=-2, ThreadInformationClass=0x1d [ThreadWow64Context], ThreadInformation=0xb7cd40, Length=0x2cc, ReturnLength=null ) => 0
6774:651c @ 118014843 - LdrpGetProcedureAddress - INFO: Locating procedure "StartFormPage" by name
NtQueryInformationThread( ThreadHandle=-2, ThreadInformationClass=0x1d [ThreadWow64Context], ThreadInformation=0xb7cd40, Length=0x2cc, ReturnLength=null ) => 0
6774:651c @ 118014843 - LdrpGetProcedureAddress - INFO: Locating procedure "StrokeAndFillPath" by name
NtQueryInformationThread( ThreadHandle=-2, ThreadInformationClass=0x1d [ThreadWow64Context], ThreadInformation=0xb7cd40, Length=0x2cc, ReturnLength=null ) => 0
6774:651c @ 118014843 - LdrpGetProcedureAddress - INFO: Locating procedure "UnloadNetworkFonts" by name
NtQueryInformationThread( ThreadHandle=-2, ThreadInformationClass=0x1d [ThreadWow64Context], ThreadInformation=0xb7cd40, Length=0x2cc, ReturnLength=null ) => 0
6774:651c @ 118014843 - LdrpGetProcedureAddress - INFO: Locating procedure "UpdateICMRegKeyA" by name
NtQueryInformationThread( ThreadHandle=-2, ThreadInformationClass=0x1d [ThreadWow64Context], ThreadInformation=0xb7cd40, Length=0x2cc, ReturnLength=null ) => 0
6774:651c @ 118014843 - LdrpGetProcedureAddress - INFO: Locating procedure "UpdateICMRegKeyW" by name
NtQueryInformationThread( ThreadHandle=-2, ThreadInformationClass=0x1d [ThreadWow64Context], ThreadInformation=0xb7cd40, Length=0x2cc, ReturnLength=null ) => 0
6774:651c @ 118014843 - LdrpGetProcedureAddress - INFO: Locating procedure "WidenPath" by name
NtQueryInformationThread( ThreadHandle=-2, ThreadInformationClass=0x1d [ThreadWow64Context], ThreadInformation=0xb7cd40, Length=0x2cc, ReturnLength=null ) => 0
6774:651c @ 118014843 - LdrpGetProcedureAddress - INFO: Locating procedure "XLATEOBJ_piVector" by name
NtQueryInformationThread( ThreadHandle=-2, ThreadInformationClass=0x1d [ThreadWow64Context], ThreadInformation=0xb7cd40, Length=0x2cc, ReturnLength=null ) => 0
6774:651c @ 118014843 - LdrpGetProcedureAddress - INFO: Locating procedure "bInitSystemAndFontsDirectoriesW" by name
NtQueryInformationThread( ThreadHandle=-2, ThreadInformationClass=0x1d [ThreadWow64Context], ThreadInformation=0xb7cd40, Length=0x2cc, ReturnLength=null ) => 0
6774:651c @ 118014843 - LdrpGetProcedureAddress - INFO: Locating procedure "bMakePathNameW" by name
NtQueryInformationThread( ThreadHandle=-2, ThreadInformationClass=0x1d [ThreadWow64Context], ThreadInformation=0xb7cd40, Length=0x2cc, ReturnLength=null ) => 0
6774:651c @ 118014843 - LdrpGetProcedureAddress - INFO: Locating procedure "cGetTTFFromFOT" by name
NtQueryInformationThread( ThreadHandle=-2, ThreadInformationClass=0x1d [ThreadWow64Context], ThreadInformation=0xb7cd40, Length=0x2cc, ReturnLength=null ) => 0
6774:651c @ 118014843 - LdrpGetProcedureAddress - INFO: Locating procedure "gdiPlaySpoolStream" by name
NtQueryInformationThread( ThreadHandle=-2, ThreadInformationClass=0x1d [ThreadWow64Context], ThreadInformation=0xb7cd40, Length=0x2cc, ReturnLength=null ) => 0
6774:651c @ 118014843 - LdrpGetProcedureAddress - INFO: Locating procedure "DwmGetDirtyRgnImpl" by name
NtQueryInformationThread( ThreadHandle=-2, ThreadInformationClass=0x1d [ThreadWow64Context], ThreadInformation=0xb7cd40, Length=0x2cc, ReturnLength=null ) => 0
6774:651c @ 118014843 - LdrpGetProcedureAddress - INFO: Locating procedure "AddFontResourceWImpl" by name
NtQueryInformationThread( ThreadHandle=-2, ThreadInformationClass=0x1d [ThreadWow64Context], ThreadInformation=0xb7cd40, Length=0x2cc, ReturnLength=null ) => 0
6774:651c @ 118014843 - LdrpGetProcedureAddress - INFO: Locating procedure "BeginPathImpl" by name
NtQueryInformationThread( ThreadHandle=-2, ThreadInformationClass=0x1d [ThreadWow64Context], ThreadInformation=0xb7cd40, Length=0x2cc, ReturnLength=null ) => 0
6774:651c @ 118014843 - LdrpGetProcedureAddress - INFO: Locating procedure "CloseFigureImpl" by name
NtQueryInformationThread( ThreadHandle=-2, ThreadInformationClass=0x1d [ThreadWow64Context], ThreadInformation=0xb7cd40, Length=0x2cc, ReturnLength=null ) => 0
6774:651c @ 118014843 - LdrpGetProcedureAddress - INFO: Locating procedure "CreateDCAImpl" by name
NtQueryInformationThread( ThreadHandle=-2, ThreadInformationClass=0x1d [ThreadWow64Context], ThreadInformation=0xb7cd40, Length=0x2cc, ReturnLength=null ) => 0
6774:651c @ 118014843 - LdrpGetProcedureAddress - INFO: Locating procedure "CreateScalableFontResourceWImpl" by name
NtQueryInformationThread( ThreadHandle=-2, ThreadInformationClass=0x1d [ThreadWow64Context], ThreadInformation=0xb7cd40, Length=0x2cc, ReturnLength=null ) => 0
6774:651c @ 118014843 - LdrpGetProcedureAddress - INFO: Locating procedure "EndDocImpl" by name
NtQueryInformationThread( ThreadHandle=-2, ThreadInformationClass=0x1d [ThreadWow64Context], ThreadInformation=0xb7cd40, Length=0x2cc, ReturnLength=null ) => 0
6774:651c @ 118014843 - LdrpGetProcedureAddress - INFO: Locating procedure "EndPageImpl" by name
NtQueryInformationThread( ThreadHandle=-2, ThreadInformationClass=0x1d [ThreadWow64Context], ThreadInformation=0xb7cd40, Length=0x2cc, ReturnLength=null ) => 0
6774:651c @ 118014843 - LdrpGetProcedureAddress - INFO: Locating procedure "EndPathImpl" by name
NtQueryInformationThread( ThreadHandle=-2, ThreadInformationClass=0x1d [ThreadWow64Context], ThreadInformation=0xb7cd40, Length=0x2cc, ReturnLength=null ) => 0
6774:651c @ 118014843 - LdrpGetProcedureAddress - INFO: Locating procedure "EscapeImpl" by name
NtQueryInformationThread( ThreadHandle=-2, ThreadInformationClass=0x1d [ThreadWow64Context], ThreadInformation=0xb7cd40, Length=0x2cc, ReturnLength=null ) => 0
6774:651c @ 118014843 - LdrpGetProcedureAddress - INFO: Locating procedure "ExtEscapeImpl" by name
NtQueryInformationThread( ThreadHandle=-2, ThreadInformationClass=0x1d [ThreadWow64Context], ThreadInformation=0xb7cd40, Length=0x2cc, ReturnLength=null ) => 0
6774:651c @ 118014843 - LdrpGetProcedureAddress - INFO: Locating procedure "ExtSelectClipRgnImpl" by name
NtQueryInformationThread( ThreadHandle=-2, ThreadInformationClass=0x1d [ThreadWow64Context], ThreadInformation=0xb7cd40, Length=0x2cc, ReturnLength=null ) => 0
6774:651c @ 118014843 - LdrpGetProcedureAddress - INFO: Locating procedure "ExtTextOutAImpl" by name
NtQueryInformationThread( ThreadHandle=-2, ThreadInformationClass=0x1d [ThreadWow64Context], ThreadInformation=0xb7cd40, Length=0x2cc, ReturnLength=null ) => 0
6774:651c @ 118014843 - LdrpGetProcedureAddress - INFO: Locating procedure "ExtTextOutWImpl" by name
NtQueryInformationThread( ThreadHandle=-2, ThreadInformationClass=0x1d [ThreadWow64Context], ThreadInformation=0xb7cd40, Length=0x2cc, ReturnLength=null ) => 0
6774:651c @ 118014843 - LdrpGetProcedureAddress - INFO: Locating procedure "FillPathImpl" by name
NtQueryInformationThread( ThreadHandle=-2, ThreadInformationClass=0x1d [ThreadWow64Context], ThreadInformation=0xb7cd40, Length=0x2cc, ReturnLength=null ) => 0
6774:651c @ 118014843 - LdrpGetProcedureAddress - INFO: Locating procedure "GetClipBoxImpl" by name
NtQueryInformationThread( ThreadHandle=-2, ThreadInformationClass=0x1d [ThreadWow64Context], ThreadInformation=0xb7cd40, Length=0x2cc, ReturnLength=null ) => 0
6774:651c @ 118014843 - LdrpGetProcedureAddress - INFO: Locating procedure "GetTextMetricsAImpl" by name
NtQueryInformationThread( ThreadHandle=-2, ThreadInformationClass=0x1d [ThreadWow64Context], ThreadInformation=0xb7cd40, Length=0x2cc, ReturnLength=null ) => 0
6774:651c @ 118014843 - LdrpGetProcedureAddress - INFO: Locating procedure "GetFontDataImpl" by name
NtQueryInformationThread( ThreadHandle=-2, ThreadInformationClass=0x1d [ThreadWow64Context], ThreadInformation=0xb7cd40, Length=0x2cc, ReturnLength=null ) => 0
6774:651c @ 118014843 - LdrpGetProcedureAddress - INFO: Locating procedure "LineToImpl" by name
NtQueryInformationThread( ThreadHandle=-2, ThreadInformationClass=0x1d [ThreadWow64Context], ThreadInformation=0xb7cd40, Length=0x2cc, ReturnLength=null ) => 0
6774:651c @ 118014843 - LdrpGetProcedureAddress - INFO: Locating procedure "MoveToExImpl" by name
NtQueryInformationThread( ThreadHandle=-2, ThreadInformationClass=0x1d [ThreadWow64Context], ThreadInformation=0xb7cd40, Length=0x2cc, ReturnLength=null ) => 0
6774:651c @ 118014843 - LdrpGetProcedureAddress - INFO: Locating procedure "PolyBezierToImpl" by name
NtQueryInformationThread( ThreadHandle=-2, ThreadInformationClass=0x1d [ThreadWow64Context], ThreadInformation=0xb7cd40, Length=0x2cc, ReturnLength=null ) => 0
6774:651c @ 118014843 - LdrpGetProcedureAddress - INFO: Locating procedure "PolyDrawImpl" by name
NtQueryInformationThread( ThreadHandle=-2, ThreadInformationClass=0x1d [ThreadWow64Context], ThreadInformation=0xb7cd40, Length=0x2cc, ReturnLength=null ) => 0
6774:651c @ 118014843 - LdrpGetProcedureAddress - INFO: Locating procedure "UpdateColors" by name
NtProtectVirtualMemory( ProcessHandle=-1, BaseAddress=0xb7d2c8 [0x76fff000], Size=0xb7d2b8 [0x1000], NewProtect=4, OldProtect=0xb7d258 [2] ) => 0
NtProtectVirtualMemory( ProcessHandle=-1, BaseAddress=0xb7d2c8 [0x76fff000], Size=0xb7d2b8 [0x1000], NewProtect=2, OldProtect=0xb7d258 [4] ) => 0
NtQueryInformationThread( ThreadHandle=-2, ThreadInformationClass=0x1d [ThreadWow64Context], ThreadInformation=0xb7cd40, Length=0x2cc, ReturnLength=null ) => 0
6774:651c @ 118014843 - LdrGetDllHandleEx - ENTER: DLL name: gdi32.dll
NtQueryInformationThread( ThreadHandle=-2, ThreadInformationClass=0x1d [ThreadWow64Context], ThreadInformation=0xb7cd40, Length=0x2cc, ReturnLength=null ) => 0
6774:651c @ 118014843 - LdrpFindLoadedDllInternal - RETURN: Status: 0x00000000
NtQueryInformationThread( ThreadHandle=-2, ThreadInformationClass=0x1d [ThreadWow64Context], ThreadInformation=0xb7cd40, Length=0x2cc, ReturnLength=null ) => 0
6774:651c @ 118014843 - LdrGetDllHandleEx - RETURN: Status: 0x00000000
NtQueryInformationThread( ThreadHandle=-2, ThreadInformationClass=0x1d [ThreadWow64Context], ThreadInformation=0xb7cd40, Length=0x2cc, ReturnLength=null ) => 0
6774:651c @ 118014843 - LdrpGetProcedureAddress - INFO: Locating procedure "DeleteEnhMetaFile" by name
NtQueryInformationThread( ThreadHandle=-2, ThreadInformationClass=0x1d [ThreadWow64Context], ThreadInformation=0xb7cd40, Length=0x2cc, ReturnLength=null ) => 0
6774:651c @ 118014843 - LdrpPreprocessDllName - INFO: DLL ext-ms-win-gdi-dc-l1-2-0.dll was redirected to C:\Windows\SYSTEM32\gdi32full.dll by API set
NtQueryInformationThread( ThreadHandle=-2, ThreadInformationClass=0x1d [ThreadWow64Context], ThreadInformation=0xb7cd40, Length=0x2cc, ReturnLength=null ) => 0
6774:651c @ 118014843 - LdrpLoadDllInternal - ENTER: DLL name: C:\Windows\SYSTEM32\gdi32full.dll
NtQueryInformationThread( ThreadHandle=-2, ThreadInformationClass=0x2a [ThreadDynamicCodePolicyInfo], ThreadInformation=0xd7e654, Length=4, ReturnLength=null ) => 0
NtQueryInformationThread( ThreadHandle=-2, ThreadInformationClass=0x1d [ThreadWow64Context], ThreadInformation=0xb7cd40, Length=0x2cc, ReturnLength=null ) => 0
6774:651c @ 118014843 - LdrpLoadDllInternal - RETURN: Status: 0x00000000
NtQueryInformationThread( ThreadHandle=-2, ThreadInformationClass=0x1d [ThreadWow64Context], ThreadInformation=0xb7cd40, Length=0x2cc, ReturnLength=null ) => 0
6774:651c @ 118014843 - LdrpGetProcedureAddress - INFO: Locating procedure "GetCurrentObject" by name
NtQueryInformationThread( ThreadHandle=-2, ThreadInformationClass=0x1d [ThreadWow64Context], ThreadInformation=0xb7cd40, Length=0x2cc, ReturnLength=null ) => 0
6774:651c @ 118014843 - LdrpGetProcedureAddress - INFO: Locating procedure "GetObjectA" by name
NtQueryInformationThread( ThreadHandle=-2, ThreadInformationClass=0x1d [ThreadWow64Context], ThreadInformation=0xb7cd40, Length=0x2cc, ReturnLength=null ) => 0
6774:651c @ 118014843 - LdrpGetProcedureAddress - INFO: Locating procedure "GetPaletteEntries" by name
NtQueryInformationThread( ThreadHandle=-2, ThreadInformationClass=0x1d [ThreadWow64Context], ThreadInformation=0xb7cd40, Length=0x2cc, ReturnLength=null ) => 0
6774:651c @ 118014843 - LdrpGetProcedureAddress - INFO: Locating procedure "GetObjectType" by name
NtQueryInformationThread( ThreadHandle=-2, ThreadInformationClass=0x1d [ThreadWow64Context], ThreadInformation=0xb7cd40, Length=0x2cc, ReturnLength=null ) => 0
6774:651c @ 118014843 - LdrpGetProcedureAddress - INFO: Locating procedure "CreatePalette" by name
NtQueryInformationThread( ThreadHandle=-2, ThreadInformationClass=0x1d [ThreadWow64Context], ThreadInformation=0xb7cd40, Length=0x2cc, ReturnLength=null ) => 0
6774:651c @ 118014843 - LdrpGetProcedureAddress - INFO: Locating procedure "RealizePalette" by name
NtQueryInformationThread( ThreadHandle=-2, ThreadInformationClass=0x1d [ThreadWow64Context], ThreadInformation=0xb7cd40, Length=0x2cc, ReturnLength=null ) => 0
6774:651c @ 118014843 - LdrpGetProcedureAddress - INFO: Locating procedure "SelectPalette" by name
NtQueryInformationThread( ThreadHandle=-2, ThreadInformationClass=0x1d [ThreadWow64Context], ThreadInformation=0xb7cd40, Length=0x2cc, ReturnLength=null ) => 0
6774:651c @ 118014843 - LdrpGetProcedureAddress - INFO: Locating procedure "GetDCOrgEx" by name
NtQueryInformationThread( ThreadHandle=-2, ThreadInformationClass=0x1d [ThreadWow64Context], ThreadInformation=0xb7cd40, Length=0x2cc, ReturnLength=null ) => 0
6774:651c @ 118014843 - LdrpGetProcedureAddress - INFO: Locating procedure "GetObjectW" by name
NtQueryInformationThread( ThreadHandle=-2, ThreadInformationClass=0x1d [ThreadWow64Context], ThreadInformation=0xb7cd40, Length=0x2cc, ReturnLength=null ) => 0
6774:651c @ 118014843 - LdrpGetProcedureAddress - INFO: Locating procedure "GetStockObject" by name
NtQueryInformationThread( ThreadHandle=-2, ThreadInformationClass=0x1d [ThreadWow64Context], ThreadInformation=0xb7cd40, Length=0x2cc, ReturnLength=null ) => 0
6774:651c @ 118014843 - LdrpGetProcedureAddress - INFO: Locating procedure "SetDCBrushColor" by name
NtQueryInformationThread( ThreadHandle=-2, ThreadInformationClass=0x1d [ThreadWow64Context], ThreadInformation=0xb7cd40, Length=0x2cc, ReturnLength=null ) => 0
6774:651c @ 118014843 - LdrpGetProcedureAddress - INFO: Locating procedure "GetSystemPaletteEntries" by name
NtProtectVirtualMemory( ProcessHandle=-1, BaseAddress=0xb7d2c8 [0x76fff000], Size=0xb7d2b8 [0x1000], NewProtect=4, OldProtect=0xb7d258 [2] ) => 0
NtProtectVirtualMemory( ProcessHandle=-1, BaseAddress=0xb7d2c8 [0x76fff000], Size=0xb7d2b8 [0x1000], NewProtect=2, OldProtect=0xb7d258 [4] ) => 0
NtOpenProcessToken( ProcessHandle=-1, DesiredAccess=0xa, TokenHandle=0xb7d310 [0x154] ) => 0
NtDuplicateToken( ExistingTokenHandle=0x154, DesiredAccess=0xc, ObjectAttributes=null, EffectiveOnly=false, TokenType=2, NewTokenHandle=0xb7d318 [0x158] ) => 0
NtAccessCheck( SecurityDescriptor=0xb7db70, ClientToken=0x158, DesiredAccess=0x1, GenericMapping=0xd7ecc4, PrivilegeSet=0xd7ecd4, ReturnLength=0xd7ecac [0x38], GrantedAccess=0xd7ecb0 [0], AccessStatus=0xd7ec5c [0xc0000022] ) => 0
NtQueryInformationProcess( ProcessHandle=-1, ProcessInformationClass=0x34 [ProcessMitigationPolicy], ProcessInformation=0xd7ec98, Length=8, ReturnLength=null ) => 0
NtQueryObject( ObjectHandle=0xe4, ObjectInformationClass=1 [ObjectNameInformation], ObjectInformation=0xb7cff0, Length=0x210, ReturnLength=null ) => 0
NtQueryKey( KeyHandle=0xe4, KeyInformationClass=7 [KeyHandleTagsInformation], KeyInformation=0xb7d248, Length=4, ResultLength=0xb7d1e4 [4] ) => 0
NtQueryKey( KeyHandle=0xe4, KeyInformationClass=3 [KeyNameInformation], KeyInformation=0x1127270, Length=0x818, ResultLength=0xb7d1e0 [0x26] ) => 0
NtOpenKeyEx( KeyHandle=0xb7d260 [0x154], DesiredAccess=KEY_READ, ObjectAttributes="\REGISTRY\MACHINE\Software\WOW6432Node\Microsoft\Windows NT\CurrentVersion\Windows", OpenOptions=0 ) => 0
NtSetInformationKey( KeyHandle=0x154, KeySetInformationClass=5 [KeySetHandleTagsInformation], KeyInformation=0xb7d318, Length=4 ) => 0
NtQueryValueKey( KeyHandle=0x154, ValueName="LoadAppInit_DLLs", KeyValueInformationClass=2 [KeyValuePartialInformation], KeyValueInformation=0xd7eba0, Length=0x10, ResultLength=0xd7eb80 [0x10] ) => 0
NtQueryObject( ObjectHandle=0x54, ObjectInformationClass=1 [ObjectNameInformation], ObjectInformation=0xb7e050, Length=0x210, ReturnLength=null ) => 0
NtQueryKey( KeyHandle=0x54, KeyInformationClass=7 [KeyHandleTagsInformation], KeyInformation=0xb7e208, Length=4, ResultLength=0xb7e1a4 [4] ) => 0
NtOpenKeyEx( KeyHandle=0xb7e228 [0x154], DesiredAccess=0x9, ObjectAttributes=0x54:"test.exe", OpenOptions=0 ) => 0
NtQueryValueKey( KeyHandle=0x154, ValueName="UseFilter", KeyValueInformationClass=2 [KeyValuePartialInformation], KeyValueInformation=0xd7ecd8, Length=0x220, ResultLength=0xd7eccc ) => 0xc0000034 [2 'The system cannot find the file specified.']
NtQueryValueKey( KeyHandle=0x154, ValueName="DpiAwareness", KeyValueInformationClass=2 [KeyValuePartialInformation], KeyValueInformation=0xd7eb38, Length=0x400, ResultLength=0xd7eb20 ) => 0xc0000034 [2 'The system cannot find the file specified.']
NtSetInformationVirtualMemory( ProcessHandle=-1, VmInformationClass=4, NumberOfEntries=1, VirtualAddresses=0xb7eb70, VmInformation=0xd7f78c, VmInformationLength=4 ) => 0xc00000bb [50 'The request is not supported.']
NtQueryInformationThread( ThreadHandle=-2, ThreadInformationClass=0x1d [ThreadWow64Context], ThreadInformation=0xb7dd20, Length=0x2cc, ReturnLength=null ) => 0
6774:651c @ 118014843 - LdrpInitializeNode - INFO: Calling init routine 76491960 for DLL "C:\Windows\System32\gdi32full.dll"
NtSetInformationVirtualMemory( ProcessHandle=-1, VmInformationClass=4, NumberOfEntries=1, VirtualAddresses=0xb7eb70, VmInformation=0xd7f78c, VmInformationLength=4 ) => 0xc00000bb [50 'The request is not supported.']
NtQueryInformationThread( ThreadHandle=-2, ThreadInformationClass=0x1d [ThreadWow64Context], ThreadInformation=0xb7dd20, Length=0x2cc, ReturnLength=null ) => 0
6774:651c @ 118014843 - LdrpInitializeNode - INFO: Calling init routine 76FE7470 for DLL "C:\Windows\System32\GDI32.dll"
NtQueryInformationProcess( ProcessHandle=-1, ProcessInformationClass=0x34 [ProcessMitigationPolicy], ProcessInformation=0xd7f640, Length=8, ReturnLength=null ) => 0
NtQueryInformationThread( ThreadHandle=-2, ThreadInformationClass=0x1d [ThreadWow64Context], ThreadInformation=0xb7dd20, Length=0x2cc, ReturnLength=null ) => 0
6774:651c @ 118014843 - LdrGetDllHandleEx - ENTER: DLL name: gdi32full.dll
NtQueryInformationThread( ThreadHandle=-2, ThreadInformationClass=0x1d [ThreadWow64Context], ThreadInformation=0xb7dd20, Length=0x2cc, ReturnLength=null ) => 0
6774:651c @ 118014843 - LdrpFindLoadedDllInternal - RETURN: Status: 0x00000000
NtQueryInformationThread( ThreadHandle=-2, ThreadInformationClass=0x1d [ThreadWow64Context], ThreadInformation=0xb7dd20, Length=0x2cc, ReturnLength=null ) => 0
6774:651c @ 118014843 - LdrGetDllHandleEx - RETURN: Status: 0x00000000
NtQueryInformationThread( ThreadHandle=-2, ThreadInformationClass=0x1d [ThreadWow64Context], ThreadInformation=0xb7dd20, Length=0x2cc, ReturnLength=null ) => 0
6774:651c @ 118014843 - LdrpGetProcedureAddress - INFO: Locating procedure "GdiDllInitializeWrapper" by name
NtSetInformationVirtualMemory( ProcessHandle=-1, VmInformationClass=4, NumberOfEntries=1, VirtualAddresses=0xb7eb70, VmInformation=0xd7f7b4, VmInformationLength=4 ) => 0xc00000bb [50 'The request is not supported.']
NtQueryInformationThread( ThreadHandle=-2, ThreadInformationClass=0x1d [ThreadWow64Context], ThreadInformation=0xb7dd20, Length=0x2cc, ReturnLength=null ) => 0
6774:651c @ 118014843 - LdrpInitializeNode - INFO: Calling init routine 767FC9E0 for DLL "C:\Windows\System32\ole32.dll"
NtQueryInformationThread( ThreadHandle=-2, ThreadInformationClass=0x1d [ThreadWow64Context], ThreadInformation=0xb7dd20, Length=0x2cc, ReturnLength=null ) => 0
6774:651c @ 118014843 - LdrGetDllHandleEx - ENTER: DLL name: api-ms-win-core-synch-l1-2-0.dll
NtQueryInformationThread( ThreadHandle=-2, ThreadInformationClass=0x1d [ThreadWow64Context], ThreadInformation=0xb7dd20, Length=0x2cc, ReturnLength=null ) => 0
6774:651c @ 118014843 - LdrpPreprocessDllName - INFO: DLL api-ms-win-core-synch-l1-2-0.dll was redirected to C:\Windows\SYSTEM32\kernelbase.dll by API set
NtQueryInformationThread( ThreadHandle=-2, ThreadInformationClass=0x1d [ThreadWow64Context], ThreadInformation=0xb7dd20, Length=0x2cc, ReturnLength=null ) => 0
6774:651c @ 118014843 - LdrpFindLoadedDllInternal - RETURN: Status: 0x00000000
NtQueryInformationThread( ThreadHandle=-2, ThreadInformationClass=0x1d [ThreadWow64Context], ThreadInformation=0xb7dd20, Length=0x2cc, ReturnLength=null ) => 0
6774:651c @ 118014843 - LdrGetDllHandleEx - RETURN: Status: 0x00000000
NtQueryInformationThread( ThreadHandle=-2, ThreadInformationClass=0x1d [ThreadWow64Context], ThreadInformation=0xb7dd20, Length=0x2cc, ReturnLength=null ) => 0
6774:651c @ 118014843 - LdrpGetProcedureAddress - INFO: Locating procedure "InitializeConditionVariable" by name
NtQueryInformationThread( ThreadHandle=-2, ThreadInformationClass=0x1d [ThreadWow64Context], ThreadInformation=0xb7dd20, Length=0x2cc, ReturnLength=null ) => 0
6774:651c @ 118014843 - LdrpLoadDllInternal - ENTER: DLL name: NTDLL.DLL
NtQueryInformationThread( ThreadHandle=-2, ThreadInformationClass=0x1d [ThreadWow64Context], ThreadInformation=0xb7dd20, Length=0x2cc, ReturnLength=null ) => 0
6774:651c @ 118014843 - LdrpLoadDllInternal - RETURN: Status: 0x00000000
NtQueryInformationThread( ThreadHandle=-2, ThreadInformationClass=0x1d [ThreadWow64Context], ThreadInformation=0xb7dd20, Length=0x2cc, ReturnLength=null ) => 0
6774:651c @ 118014843 - LdrpGetProcedureAddress - INFO: Locating procedure "RtlInitializeConditionVariable" by name
NtQueryInformationThread( ThreadHandle=-2, ThreadInformationClass=0x1d [ThreadWow64Context], ThreadInformation=0xb7dd20, Length=0x2cc, ReturnLength=null ) => 0
6774:651c @ 118014843 - LdrpGetProcedureAddress - INFO: Locating procedure "SleepConditionVariableCS" by name
NtQueryInformationThread( ThreadHandle=-2, ThreadInformationClass=0x1d [ThreadWow64Context], ThreadInformation=0xb7dd20, Length=0x2cc, ReturnLength=null ) => 0
6774:651c @ 118014843 - LdrpGetProcedureAddress - INFO: Locating procedure "WakeAllConditionVariable" by name
NtQueryInformationThread( ThreadHandle=-2, ThreadInformationClass=0x1d [ThreadWow64Context], ThreadInformation=0xb7dd20, Length=0x2cc, ReturnLength=null ) => 0
6774:651c @ 118014843 - LdrpLoadDllInternal - ENTER: DLL name: NTDLL.DLL
NtQueryInformationThread( ThreadHandle=-2, ThreadInformationClass=0x1d [ThreadWow64Context], ThreadInformation=0xb7dd20, Length=0x2cc, ReturnLength=null ) => 0
6774:651c @ 118014843 - LdrpLoadDllInternal - RETURN: Status: 0x00000000
NtQueryInformationThread( ThreadHandle=-2, ThreadInformationClass=0x1d [ThreadWow64Context], ThreadInformation=0xb7dd20, Length=0x2cc, ReturnLength=null ) => 0
6774:651c @ 118014843 - LdrpGetProcedureAddress - INFO: Locating procedure "RtlWakeAllConditionVariable" by name
NtQueryObject( ObjectHandle=0xe4, ObjectInformationClass=1 [ObjectNameInformation], ObjectInformation=0xb7dfd0, Length=0x210, ReturnLength=null ) => 0
NtQueryKey( KeyHandle=0xe4, KeyInformationClass=7 [KeyHandleTagsInformation], KeyInformation=0xb7e228, Length=4, ResultLength=0xb7e1c4 [4] ) => 0
NtQueryKey( KeyHandle=0xe4, KeyInformationClass=3 [KeyNameInformation], KeyInformation=0x1127270, Length=0x818, ResultLength=0xb7e1c0 [0x26] ) => 0
NtOpenKeyEx( KeyHandle=0xb7e240, DesiredAccess=KEY_READ, ObjectAttributes="\REGISTRY\MACHINE\Software\WOW6432Node\Microsoft\OLE\Tracing", OpenOptions=0 ) => 0xc0000034 [2 'The system cannot find the file specified.']
NtTraceControl( CtrlCode=0x8000000f, InputBuffer=0xd7f2a8, InputBufferLength=0xa0, OutputBuffer=0xd7f2a8, OutputBufferLength=0xa0, ReturnLength=0xd7f2a0 [0xa0] ) => 0
NtTraceControl( CtrlCode=0x8000000f, InputBuffer=0xd7f2d0, InputBufferLength=0xa0, OutputBuffer=0xd7f2d0, OutputBufferLength=0xa0, ReturnLength=0xd7f2c8 [0xa0] ) => 0
NtTraceControl( CtrlCode=0x8000001e, InputBuffer=0xd7f398, InputBufferLength=0x18, OutputBuffer=0xd7f320, OutputBufferLength=0x78, ReturnLength=0xd7f318 [0] ) => 0
NtTraceControl( CtrlCode=0x8000000f, InputBuffer=0xd7f2d0, InputBufferLength=0xa0, OutputBuffer=0xd7f2d0, OutputBufferLength=0xa0, ReturnLength=0xd7f2c8 [0xa0] ) => 0
NtTraceControl( CtrlCode=0x8000001e, InputBuffer=0xd7f398, InputBufferLength=0x18, OutputBuffer=0xd7f320, OutputBufferLength=0x78, ReturnLength=0xd7f318 [0] ) => 0
NtQueryInformationThread( ThreadHandle=-2, ThreadInformationClass=0x1d [ThreadWow64Context], ThreadInformation=0xb7dd20, Length=0x2cc, ReturnLength=null ) => 0
6774:651c @ 118014843 - LdrGetDllHandleEx - ENTER: DLL name: C:\Windows\system32\oleaut32.dll
NtQueryInformationThread( ThreadHandle=-2, ThreadInformationClass=0x1d [ThreadWow64Context], ThreadInformation=0xb7dd20, Length=0x2cc, ReturnLength=null ) => 0
6774:651c @ 118014843 - LdrpResolveDllName - ENTER: DLL name: C:\Windows\system32\oleaut32.dll
NtQueryAttributesFile( ObjectAttributes="\??\C:\Windows\SysWOW64\oleaut32.dll", Attributes=0xb7e2a8 [ARCHIVE] ) => 0
NtQueryInformationThread( ThreadHandle=-2, ThreadInformationClass=0x1d [ThreadWow64Context], ThreadInformation=0xb7dd20, Length=0x2cc, ReturnLength=null ) => 0
6774:651c @ 118014843 - LdrpResolveDllName - RETURN: Status: 0x00000000
NtOpenFile( FileHandle=0xb7e2f8 [0x160], DesiredAccess=SYNCHRONIZE|0x1, ObjectAttributes="\??\C:\Windows\SysWOW64\oleaut32.dll", IoStatusBlock=0xb7e298 [0/1], ShareAccess=5, OpenOptions=0x60 ) => 0
NtCreateSection( SectionHandle=0xb7e2f8 [0x164], DesiredAccess=0x4, ObjectAttributes=null, SectionSize=null, Protect=2, Attributes=0x08000000, FileHandle=0x160 ) => 0
NtMapViewOfSection( SectionHandle=0x164, ProcessHandle=-1, BaseAddress=0xb7e2b0 [0x02df0000], ZeroBits=0x7ffeffff, CommitSize=0, SectionOffset=null, ViewSize=0xb7e260 [0x00095000], InheritDisposition=1 [ViewShare], AllocationType=0, Protect=2 ) => 0
NtUnmapViewOfSection( ProcessHandle=-1, BaseAddress=0x2df0000 ) => 0
NtQueryInformationThread( ThreadHandle=-2, ThreadInformationClass=0x1d [ThreadWow64Context], ThreadInformation=0xb7dd20, Length=0x2cc, ReturnLength=null ) => 0
6774:651c @ 118014843 - LdrpFindLoadedDllInternal - RETURN: Status: 0xc0000135
NtQueryInformationThread( ThreadHandle=-2, ThreadInformationClass=0x1d [ThreadWow64Context], ThreadInformation=0xb7dd20, Length=0x2cc, ReturnLength=null ) => 0
6774:651c @ 118014843 - LdrGetDllHandleEx - RETURN: Status: 0xc0000135
NtQueryInformationThread( ThreadHandle=-2, ThreadInformationClass=0x1d [ThreadWow64Context], ThreadInformation=0xb7dd20, Length=0x2cc, ReturnLength=null ) => 0
6774:651c @ 118014843 - LdrpPreprocessDllName - INFO: DLL api-ms-win-core-com-l1-1-0.dll was redirected to C:\Windows\SYSTEM32\combase.dll by API set
NtQueryInformationThread( ThreadHandle=-2, ThreadInformationClass=0x1d [ThreadWow64Context], ThreadInformation=0xb7dd20, Length=0x2cc, ReturnLength=null ) => 0
6774:651c @ 118014843 - LdrpLoadDllInternal - ENTER: DLL name: C:\Windows\SYSTEM32\combase.dll
NtQueryInformationThread( ThreadHandle=-2, ThreadInformationClass=0x1d [ThreadWow64Context], ThreadInformation=0xb7dd20, Length=0x2cc, ReturnLength=null ) => 0
6774:651c @ 118014859 - LdrpLoadDllInternal - RETURN: Status: 0x00000000
NtQueryInformationThread( ThreadHandle=-2, ThreadInformationClass=0x1d [ThreadWow64Context], ThreadInformation=0xb7dd20, Length=0x2cc, ReturnLength=null ) => 0
6774:651c @ 118014859 - LdrpGetProcedureAddress - INFO: Locating procedure "CoUnmarshalInterface" by name
NtQueryInformationThread( ThreadHandle=-2, ThreadInformationClass=0x1d [ThreadWow64Context], ThreadInformation=0xb7dd20, Length=0x2cc, ReturnLength=null ) => 0
6774:651c @ 118014859 - LdrpGetProcedureAddress - INFO: Locating procedure "CoUninitialize" by name
NtQueryInformationThread( ThreadHandle=-2, ThreadInformationClass=0x1d [ThreadWow64Context], ThreadInformation=0xb7dd20, Length=0x2cc, ReturnLength=null ) => 0
6774:651c @ 118014859 - LdrpGetProcedureAddress - INFO: Locating procedure "StringFromGUID2" by name
NtQueryInformationThread( ThreadHandle=-2, ThreadInformationClass=0x1d [ThreadWow64Context], ThreadInformation=0xb7dd20, Length=0x2cc, ReturnLength=null ) => 0
6774:651c @ 118014859 - LdrpGetProcedureAddress - INFO: Locating procedure "CoReleaseMarshalData" by name
NtQueryInformationThread( ThreadHandle=-2, ThreadInformationClass=0x1d [ThreadWow64Context], ThreadInformation=0xb7dd20, Length=0x2cc, ReturnLength=null ) => 0
6774:651c @ 118014859 - LdrpGetProcedureAddress - INFO: Locating procedure "StringFromCLSID" by name
NtQueryInformationThread( ThreadHandle=-2, ThreadInformationClass=0x1d [ThreadWow64Context], ThreadInformation=0xb7dd20, Length=0x2cc, ReturnLength=null ) => 0
6774:651c @ 118014859 - LdrpGetProcedureAddress - INFO: Locating procedure "CoInitializeEx" by name
NtQueryInformationThread( ThreadHandle=-2, ThreadInformationClass=0x1d [ThreadWow64Context], ThreadInformation=0xb7dd20, Length=0x2cc, ReturnLength=null ) => 0
6774:651c @ 118014859 - LdrpGetProcedureAddress - INFO: Locating procedure "CoMarshalInterface" by name
NtQueryInformationThread( ThreadHandle=-2, ThreadInformationClass=0x1d [ThreadWow64Context], ThreadInformation=0xb7dd20, Length=0x2cc, ReturnLength=null ) => 0
6774:651c @ 118014859 - LdrpGetProcedureAddress - INFO: Locating procedure "CoTaskMemRealloc" by name
NtQueryInformationThread( ThreadHandle=-2, ThreadInformationClass=0x1d [ThreadWow64Context], ThreadInformation=0xb7dd20, Length=0x2cc, ReturnLength=null ) => 0
6774:651c @ 118014859 - LdrpGetProcedureAddress - INFO: Locating procedure "CoCreateInstanceEx" by name
NtQueryInformationThread( ThreadHandle=-2, ThreadInformationClass=0x1d [ThreadWow64Context], ThreadInformation=0xb7dd20, Length=0x2cc, ReturnLength=null ) => 0
6774:651c @ 118014859 - LdrpGetProcedureAddress - INFO: Locating procedure "GetHGlobalFromStream" by name
NtQueryInformationThread( ThreadHandle=-2, ThreadInformationClass=0x1d [ThreadWow64Context], ThreadInformation=0xb7dd20, Length=0x2cc, ReturnLength=null ) => 0
6774:651c @ 118014859 - LdrpGetProcedureAddress - INFO: Locating procedure "CreateStreamOnHGlobal" by name
NtQueryInformationThread( ThreadHandle=-2, ThreadInformationClass=0x1d [ThreadWow64Context], ThreadInformation=0xb7dd20, Length=0x2cc, ReturnLength=null ) => 0
6774:651c @ 118014859 - LdrpGetProcedureAddress - INFO: Locating procedure "CoGetTreatAsClass" by name
NtQueryInformationThread( ThreadHandle=-2, ThreadInformationClass=0x1d [ThreadWow64Context], ThreadInformation=0xb7dd20, Length=0x2cc, ReturnLength=null ) => 0
6774:651c @ 118014859 - LdrpGetProcedureAddress - INFO: Locating procedure "CoTaskMemFree" by name
NtQueryInformationThread( ThreadHandle=-2, ThreadInformationClass=0x1d [ThreadWow64Context], ThreadInformation=0xb7dd20, Length=0x2cc, ReturnLength=null ) => 0
6774:651c @ 118014859 - LdrpGetProcedureAddress - INFO: Locating procedure "CoTaskMemAlloc" by name
NtQueryInformationThread( ThreadHandle=-2, ThreadInformationClass=0x1d [ThreadWow64Context], ThreadInformation=0xb7dd20, Length=0x2cc, ReturnLength=null ) => 0
6774:651c @ 118014859 - LdrpGetProcedureAddress - INFO: Locating procedure "ProgIDFromCLSID" by name
NtQueryInformationThread( ThreadHandle=-2, ThreadInformationClass=0x1d [ThreadWow64Context], ThreadInformation=0xb7dd20, Length=0x2cc, ReturnLength=null ) => 0
6774:651c @ 118014859 - LdrpGetProcedureAddress - INFO: Locating procedure "CLSIDFromString" by name
NtQueryInformationThread( ThreadHandle=-2, ThreadInformationClass=0x1d [ThreadWow64Context], ThreadInformation=0xb7dd20, Length=0x2cc, ReturnLength=null ) => 0
6774:651c @ 118014859 - LdrpGetProcedureAddress - INFO: Locating procedure "CoGetClassObject" by name
NtQueryInformationThread( ThreadHandle=-2, ThreadInformationClass=0x1d [ThreadWow64Context], ThreadInformation=0xb7dd20, Length=0x2cc, ReturnLength=null ) => 0
6774:651c @ 118014859 - LdrpGetProcedureAddress - INFO: Locating procedure "CLSIDFromProgID" by name
NtQueryInformationThread( ThreadHandle=-2, ThreadInformationClass=0x1d [ThreadWow64Context], ThreadInformation=0xb7dd20, Length=0x2cc, ReturnLength=null ) => 0
6774:651c @ 118014859 - LdrpGetProcedureAddress - INFO: Locating procedure "CoCreateInstance" by name
NtQueryInformationThread( ThreadHandle=-2, ThreadInformationClass=0x1d [ThreadWow64Context], ThreadInformation=0xb7dd20, Length=0x2cc, ReturnLength=null ) => 0
6774:651c @ 118014859 - LdrpGetProcedureAddress - INFO: Locating procedure "CoGetMarshalSizeMax" by name
NtQueryInformationThread( ThreadHandle=-2, ThreadInformationClass=0x1d [ThreadWow64Context], ThreadInformation=0xb7dd20, Length=0x2cc, ReturnLength=null ) => 0
6774:651c @ 118014859 - LdrpGetProcedureAddress - INFO: Locating procedure "CoGetCurrentProcess" by name
NtQueryInformationThread( ThreadHandle=-2, ThreadInformationClass=0x1d [ThreadWow64Context], ThreadInformation=0xb7dd20, Length=0x2cc, ReturnLength=null ) => 0
6774:651c @ 118014859 - LdrpGetProcedureAddress - INFO: Locating procedure "PropVariantCopy" by name
NtQueryInformationThread( ThreadHandle=-2, ThreadInformationClass=0x1d [ThreadWow64Context], ThreadInformation=0xb7dd20, Length=0x2cc, ReturnLength=null ) => 0
6774:651c @ 118014859 - LdrpGetProcedureAddress - INFO: Locating procedure "CoLockObjectExternal" by name
NtQueryInformationThread( ThreadHandle=-2, ThreadInformationClass=0x1d [ThreadWow64Context], ThreadInformation=0xb7dd20, Length=0x2cc, ReturnLength=null ) => 0
6774:651c @ 118014859 - LdrpGetProcedureAddress - INFO: Locating procedure "CoIsHandlerConnected" by name
NtQueryInformationThread( ThreadHandle=-2, ThreadInformationClass=0x1d [ThreadWow64Context], ThreadInformation=0xb7dd20, Length=0x2cc, ReturnLength=null ) => 0
6774:651c @ 118014859 - LdrpGetProcedureAddress - INFO: Locating procedure "CoCreateFreeThreadedMarshaler" by name
NtQueryInformationThread( ThreadHandle=-2, ThreadInformationClass=0x1d [ThreadWow64Context], ThreadInformation=0xb7dd20, Length=0x2cc, ReturnLength=null ) => 0
6774:651c @ 118014859 - LdrpGetProcedureAddress - INFO: Locating procedure "PropVariantClear" by name
NtQueryInformationThread( ThreadHandle=-2, ThreadInformationClass=0x1d [ThreadWow64Context], ThreadInformation=0xb7dd20, Length=0x2cc, ReturnLength=null ) => 0
6774:651c @ 118014859 - LdrpGetProcedureAddress - INFO: Locating procedure "CoDecrementMTAUsage" by name
NtQueryInformationThread( ThreadHandle=-2, ThreadInformationClass=0x1d [ThreadWow64Context], ThreadInformation=0xb7dd20, Length=0x2cc, ReturnLength=null ) => 0
6774:651c @ 118014859 - LdrpGetProcedureAddress - INFO: Locating procedure "CoIncrementMTAUsage" by name
NtQueryInformationThread( ThreadHandle=-2, ThreadInformationClass=0x1d [ThreadWow64Context], ThreadInformation=0xb7dd20, Length=0x2cc, ReturnLength=null ) => 0
6774:651c @ 118014859 - LdrpGetProcedureAddress - INFO: Locating procedure "CoGetMalloc" by name
NtQueryInformationThread( ThreadHandle=-2, ThreadInformationClass=0x1d [ThreadWow64Context], ThreadInformation=0xb7dd20, Length=0x2cc, ReturnLength=null ) => 0
6774:651c @ 118014859 - LdrpGetProcedureAddress - INFO: Locating procedure "CoDisconnectObject" by name
NtQueryInformationThread( ThreadHandle=-2, ThreadInformationClass=0x1d [ThreadWow64Context], ThreadInformation=0xb7dd20, Length=0x2cc, ReturnLength=null ) => 0
6774:651c @ 118014859 - LdrpGetProcedureAddress - INFO: Locating procedure "CoGetApartmentType" by name
NtQueryInformationThread( ThreadHandle=-2, ThreadInformationClass=0x1d [ThreadWow64Context], ThreadInformation=0xb7dd20, Length=0x2cc, ReturnLength=null ) => 0
6774:651c @ 118014859 - LdrpGetProcedureAddress - INFO: Locating procedure "CoCancelCall" by name
NtQueryInformationThread( ThreadHandle=-2, ThreadInformationClass=0x1d [ThreadWow64Context], ThreadInformation=0xb7dd20, Length=0x2cc, ReturnLength=null ) => 0
6774:651c @ 118014859 - LdrpGetProcedureAddress - INFO: Locating procedure "CoImpersonateClient" by name
NtQueryInformationThread( ThreadHandle=-2, ThreadInformationClass=0x1d [ThreadWow64Context], ThreadInformation=0xb7dd20, Length=0x2cc, ReturnLength=null ) => 0
6774:651c @ 118014859 - LdrpGetProcedureAddress - INFO: Locating procedure "CoEnableCallCancellation" by name
NtQueryInformationThread( ThreadHandle=-2, ThreadInformationClass=0x1d [ThreadWow64Context], ThreadInformation=0xb7dd20, Length=0x2cc, ReturnLength=null ) => 0
6774:651c @ 118014859 - LdrpGetProcedureAddress - INFO: Locating procedure "CoDisableCallCancellation" by name
NtQueryInformationThread( ThreadHandle=-2, ThreadInformationClass=0x1d [ThreadWow64Context], ThreadInformation=0xb7dd20, Length=0x2cc, ReturnLength=null ) => 0
6774:651c @ 118014859 - LdrpGetProcedureAddress - INFO: Locating procedure "CoGetCallContext" by name
NtQueryInformationThread( ThreadHandle=-2, ThreadInformationClass=0x1d [ThreadWow64Context], ThreadInformation=0xb7dd20, Length=0x2cc, ReturnLength=null ) => 0
6774:651c @ 118014859 - LdrpGetProcedureAddress - INFO: Locating procedure "CoRevertToSelf" by name
NtQueryInformationThread( ThreadHandle=-2, ThreadInformationClass=0x1d [ThreadWow64Context], ThreadInformation=0xb7dd20, Length=0x2cc, ReturnLength=null ) => 0
6774:651c @ 118014859 - LdrpGetProcedureAddress - INFO: Locating procedure "CoSetProxyBlanket" by name
NtQueryInformationThread( ThreadHandle=-2, ThreadInformationClass=0x1d [ThreadWow64Context], ThreadInformation=0xb7dd20, Length=0x2cc, ReturnLength=null ) => 0
6774:651c @ 118014859 - LdrpGetProcedureAddress - INFO: Locating procedure "CoGetCancelObject" by name
NtQueryInformationThread( ThreadHandle=-2, ThreadInformationClass=0x1d [ThreadWow64Context], ThreadInformation=0xb7dd20, Length=0x2cc, ReturnLength=null ) => 0
6774:651c @ 118014859 - LdrpGetProcedureAddress - INFO: Locating procedure "CoWaitForMultipleHandles" by name
NtQueryInformationThread( ThreadHandle=-2, ThreadInformationClass=0x1d [ThreadWow64Context], ThreadInformation=0xb7dd20, Length=0x2cc, ReturnLength=null ) => 0
6774:651c @ 118014859 - LdrpGetProcedureAddress - INFO: Locating procedure "IIDFromString" by name
NtQueryInformationThread( ThreadHandle=-2, ThreadInformationClass=0x1d [ThreadWow64Context], ThreadInformation=0xb7dd20, Length=0x2cc, ReturnLength=null ) => 0
6774:651c @ 118014859 - LdrpGetProcedureAddress - INFO: Locating procedure "FreePropVariantArray" by name
NtProtectVirtualMemory( ProcessHandle=-1, BaseAddress=0xb7e2a8 [0x76892000], Size=0xb7e298 [0x1000], NewProtect=4, OldProtect=0xb7e238 [2] ) => 0
NtProtectVirtualMemory( ProcessHandle=-1, BaseAddress=0xb7e2a8 [0x76892000], Size=0xb7e298 [0x1000], NewProtect=2, OldProtect=0xb7e238 [4] ) => 0
NtQuerySystemInformation( SystemInformationClass=0x3e [SystemEmulationBasicInformation], SystemInformation=0xb7eb40, Length=0x40, ReturnLength=0xb7e2b8 [0x40] ) => 0
NtQuerySystemInformation( SystemInformationClass=0x3f [SystemEmulationProcessorInformation], SystemInformation=0xd7f5e4, Length=0xc, ReturnLength=null ) => 0
NtQueryInformationProcess( ProcessHandle=-1, ProcessInformationClass=0x25 [ProcessImageInformation], ProcessInformation=0xb7eb40, Length=0x40, ReturnLength=0xb7e270 [0x40] ) => 0
NtQuerySystemInformation( SystemInformationClass=0x3e [SystemEmulationBasicInformation], SystemInformation=0xb7eb40, Length=0x40, ReturnLength=0xb7e2b8 [0x40] ) => 0
NtQuerySystemInformation( SystemInformationClass=0x3f [SystemEmulationProcessorInformation], SystemInformation=0xd7f5e4, Length=0xc, ReturnLength=null ) => 0
NtQueryInformationProcess( ProcessHandle=-1, ProcessInformationClass=0x25 [ProcessImageInformation], ProcessInformation=0xb7eb40, Length=0x40, ReturnLength=0xb7e270 [0x40] ) => 0
NtSetInformationVirtualMemory( ProcessHandle=-1, VmInformationClass=4, NumberOfEntries=1, VirtualAddresses=0xb7eb70, VmInformation=0xd7f78c, VmInformationLength=4 ) => 0xc00000bb [50 'The request is not supported.']
NtQueryInformationThread( ThreadHandle=-2, ThreadInformationClass=0x1d [ThreadWow64Context], ThreadInformation=0xb7dd20, Length=0x2cc, ReturnLength=null ) => 0
6774:651c @ 118014859 - LdrpInitializeNode - INFO: Calling init routine 770C5AC0 for DLL "C:\Windows\System32\msvcrt.dll"
NtAllocateVirtualMemory( ProcessHandle=-1, lpAddress=0xb7e2b0 [0x02df0000], ZeroBits=0x7ffeffff, pSize=0xb7e2a0 [0x00080000], flAllocationType=0x2000, flProtect=4 ) => 0
NtFreeVirtualMemory( ProcessHandle=-1, lpAddress=0xb7e2b0 [0x02df0000], pSize=0xb7e298 [0x00070000], flFreeType=0x8000 ) => 0
NtAllocateVirtualMemory( ProcessHandle=-1, lpAddress=0xb7e2b0 [0x02e60000], ZeroBits=0, pSize=0xb7e2a0 [0x1000], flAllocationType=0x1000, flProtect=4 ) => 0
NtQueryVolumeInformationFile( FileHandle=0x58, IoStatusBlock=0xb7e2c8 [0/8], FsInformation=0xd7f638, Length=8, FsInformationClass=4 [FsDeviceInformation] ) => 0
NtQueryVolumeInformationFile( FileHandle=0x1ac, IoStatusBlock=0xb7e2c8 [0/8], FsInformation=0xd7f638, Length=8, FsInformationClass=4 [FsDeviceInformation] ) => 0
NtQueryVolumeInformationFile( FileHandle=0x60, IoStatusBlock=0xb7e2c8 [0/8], FsInformation=0xd7f638, Length=8, FsInformationClass=4 [FsDeviceInformation] ) => 0
NtAllocateVirtualMemory( ProcessHandle=-1, lpAddress=0xb7e2b0 [0x01282000], ZeroBits=0, pSize=0xb7e2a0 [0x5000], flAllocationType=0x1000, flProtect=4 ) => 0
NtAllocateVirtualMemory( ProcessHandle=-1, lpAddress=0xb7e2b0 [0x02e61000], ZeroBits=0, pSize=0xb7e2a0 [0x3000], flAllocationType=0x1000, flProtect=4 ) => 0
NtAllocateVirtualMemory( ProcessHandle=-1, lpAddress=0xb7e2b0 [0x02e64000], ZeroBits=0, pSize=0xb7e2a0 [0x3000], flAllocationType=0x1000, flProtect=4 ) => 0
NtSetInformationVirtualMemory( ProcessHandle=-1, VmInformationClass=4, NumberOfEntries=1, VirtualAddresses=0xb7eb70, VmInformation=0xd7f764, VmInformationLength=4 ) => 0xc00000bb [50 'The request is not supported.']
NtQueryInformationThread( ThreadHandle=-2, ThreadInformationClass=0x1d [ThreadWow64Context], ThreadInformation=0xb7dd20, Length=0x2cc, ReturnLength=null ) => 0
6774:651c @ 118014859 - LdrpInitializeNode - INFO: Calling init routine 771593E0 for DLL "C:\Windows\System32\bcrypt.dll"
NtTraceControl( CtrlCode=0x8000000f, InputBuffer=0xd7f510, InputBufferLength=0xa0, OutputBuffer=0xd7f510, OutputBufferLength=0xa0, ReturnLength=0xd7f508 [0xa0] ) => 0
NtTraceControl( CtrlCode=0x8000000f, InputBuffer=0xd7f558, InputBufferLength=0xa0, OutputBuffer=0xd7f558, OutputBufferLength=0xa0, ReturnLength=0xd7f550 [0xa0] ) => 0
NtTraceControl( CtrlCode=0x8000000f, InputBuffer=0xd7f538, InputBufferLength=0xa0, OutputBuffer=0xd7f538, OutputBufferLength=0xa0, ReturnLength=0xd7f530 [0xa0] ) => 0
NtTraceControl( CtrlCode=0x8000001e, InputBuffer=0xd7f608, InputBufferLength=0x18, OutputBuffer=0xd7f590, OutputBufferLength=0x78, ReturnLength=0xd7f588 [0] ) => 0
NtCreateSemaphore( SemaphoreHandle=0xb7e2f8 [0x16c], DesiredAccess=SYNCHRONIZE|0x3, ObjectAttributes=null, InitialCount=0, MaxCount=0x7fffffff ) => 0
NtCreateSemaphore( SemaphoreHandle=0xb7e2f8 [0x170], DesiredAccess=SYNCHRONIZE|0x3, ObjectAttributes=null, InitialCount=0, MaxCount=0x7fffffff ) => 0
NtCreateEvent( EventHandle=0xb7e2f8 [0x174], DesiredAccess=DELETE|READ_CONTROL|WRITE_DAC|WRITE_OWNER|SYNCHRONIZE|0x3, ObjectAttributes=null, EventType=1 [SynchronizationEvent], InitialState=false ) => 0
NtOpenFile( FileHandle=0xb7e2f8 [0x178], DesiredAccess=SYNCHRONIZE|0x3, ObjectAttributes="\Device\KsecDD", IoStatusBlock=0xb7e298 [0/0], ShareAccess=7, OpenOptions=0x20 ) => 0
NtSetInformationVirtualMemory( ProcessHandle=-1, VmInformationClass=4, NumberOfEntries=1, VirtualAddresses=0xb7eb70, VmInformation=0xd7f78c, VmInformationLength=4 ) => 0xc00000bb [50 'The request is not supported.']
NtQueryInformationThread( ThreadHandle=-2, ThreadInformationClass=0x1d [ThreadWow64Context], ThreadInformation=0xb7dd20, Length=0x2cc, ReturnLength=null ) => 0
6774:651c @ 118014859 - LdrpInitializeNode - INFO: Calling init routine 770312F0 for DLL "C:\Windows\System32\sechost.dll"
NtTraceControl( CtrlCode=0x8000000f, InputBuffer=0xd7f4d8, InputBufferLength=0xa0, OutputBuffer=0xd7f4d8, OutputBufferLength=0xa0, ReturnLength=0xd7f4d0 [0xa0] ) => 0
NtTraceControl( CtrlCode=0x8000001e, InputBuffer=0xd7f5a0, InputBufferLength=0x18, OutputBuffer=0xd7f528, OutputBufferLength=0x78, ReturnLength=0xd7f520 [0] ) => 0
NtTraceControl( CtrlCode=0x8000000f, InputBuffer=0xd7f4e0, InputBufferLength=0xa0, OutputBuffer=0xd7f4e0, OutputBufferLength=0xa0, ReturnLength=0xd7f4d8 [0xa0] ) => 0
NtTraceControl( CtrlCode=0x8000001e, InputBuffer=0xd7f5a8, InputBufferLength=0x18, OutputBuffer=0xd7f530, OutputBufferLength=0x78, ReturnLength=0xd7f528 [0] ) => 0
NtSetInformationVirtualMemory( ProcessHandle=-1, VmInformationClass=4, NumberOfEntries=1, VirtualAddresses=0xb7eb70, VmInformation=0xd7f7b4, VmInformationLength=4 ) => 0xc00000bb [50 'The request is not supported.']
NtQueryInformationThread( ThreadHandle=-2, ThreadInformationClass=0x1d [ThreadWow64Context], ThreadInformation=0xb7dd20, Length=0x2cc, ReturnLength=null ) => 0
6774:651c @ 118014859 - LdrpInitializeNode - INFO: Calling init routine 75BD2760 for DLL "C:\Windows\System32\ADVAPI32.dll"
NtTraceControl( CtrlCode=0x8000000f, InputBuffer=0xd7f560, InputBufferLength=0xa0, OutputBuffer=0xd7f560, OutputBufferLength=0xa0, ReturnLength=0xd7f558 [0xa0] ) => 0
NtTraceControl( CtrlCode=0x8000000f, InputBuffer=0xd7f540, InputBufferLength=0xa0, OutputBuffer=0xd7f540, OutputBufferLength=0xa0, ReturnLength=0xd7f538 [0xa0] ) => 0
NtTraceControl( CtrlCode=0x8000001e, InputBuffer=0xd7f608, InputBufferLength=0x18, OutputBuffer=0xd7f590, OutputBufferLength=0x78, ReturnLength=0xd7f588 [0] ) => 0
NtTraceControl( CtrlCode=0x8000000f, InputBuffer=0xd7f540, InputBufferLength=0xa0, OutputBuffer=0xd7f540, OutputBufferLength=0xa0, ReturnLength=0xd7f538 [0xa0] ) => 0
NtTraceControl( CtrlCode=0x8000001e, InputBuffer=0xd7f5f8, InputBufferLength=0x18, OutputBuffer=0xd7f580, OutputBufferLength=0x78, ReturnLength=0xd7f578 [0] ) => 0
NtSetInformationVirtualMemory( ProcessHandle=-1, VmInformationClass=4, NumberOfEntries=1, VirtualAddresses=0xb7eb70, VmInformation=0xd7f7b4, VmInformationLength=4 ) => 0xc00000bb [50 'The request is not supported.']
NtQueryInformationThread( ThreadHandle=-2, ThreadInformationClass=0x1d [ThreadWow64Context], ThreadInformation=0xb7dd20, Length=0x2cc, ReturnLength=null ) => 0
6774:651c @ 118014859 - LdrpInitializeNode - INFO: Calling init routine 59F5F100 for DLL "C:\Windows\SYSTEM32\mscoree.dll"
NtAllocateVirtualMemory( ProcessHandle=-1, lpAddress=0xb7e2b0 [0x02df0000], ZeroBits=0x7ffeffff, pSize=0xb7e2a0 [0x00020000], flAllocationType=0x2000, flProtect=4 ) => 0
NtFreeVirtualMemory( ProcessHandle=-1, lpAddress=0xb7e2b0 [0x02df0000], pSize=0xb7e298 [0x00010000], flFreeType=0x8000 ) => 0
NtAllocateVirtualMemory( ProcessHandle=-1, lpAddress=0xb7e2b0 [0x02e00000], ZeroBits=0, pSize=0xb7e2a0 [0x1000], flAllocationType=0x1000, flProtect=4 ) => 0
NtQueryInformationThread( ThreadHandle=-2, ThreadInformationClass=0x1d [ThreadWow64Context], ThreadInformation=0xb7dd20, Length=0x2cc, ReturnLength=null ) => 0
6774:651c @ 118014859 - LdrGetDllHandleEx - ENTER: DLL name: KERNELBASE.DLL
NtQueryInformationThread( ThreadHandle=-2, ThreadInformationClass=0x1d [ThreadWow64Context], ThreadInformation=0xb7dd20, Length=0x2cc, ReturnLength=null ) => 0
6774:651c @ 118014859 - LdrpFindLoadedDllInternal - RETURN: Status: 0x00000000
NtQueryInformationThread( ThreadHandle=-2, ThreadInformationClass=0x1d [ThreadWow64Context], ThreadInformation=0xb7dd20, Length=0x2cc, ReturnLength=null ) => 0
6774:651c @ 118014859 - LdrGetDllHandleEx - RETURN: Status: 0x00000000
NtQueryInformationThread( ThreadHandle=-2, ThreadInformationClass=0x1d [ThreadWow64Context], ThreadInformation=0xb7dd20, Length=0x2cc, ReturnLength=null ) => 0
6774:651c @ 118014859 - LdrpGetProcedureAddress - INFO: Locating procedure "FlsAlloc" by name
NtQueryInformationThread( ThreadHandle=-2, ThreadInformationClass=0x1d [ThreadWow64Context], ThreadInformation=0xb7dd20, Length=0x2cc, ReturnLength=null ) => 0
6774:651c @ 118014859 - LdrpGetProcedureAddress - INFO: Locating procedure "FlsGetValue" by name
NtQueryInformationThread( ThreadHandle=-2, ThreadInformationClass=0x1d [ThreadWow64Context], ThreadInformation=0xb7dd20, Length=0x2cc, ReturnLength=null ) => 0
6774:651c @ 118014859 - LdrpGetProcedureAddress - INFO: Locating procedure "FlsSetValue" by name
NtQueryInformationThread( ThreadHandle=-2, ThreadInformationClass=0x1d [ThreadWow64Context], ThreadInformation=0xb7dd20, Length=0x2cc, ReturnLength=null ) => 0
6774:651c @ 118014859 - LdrpGetProcedureAddress - INFO: Locating procedure "FlsFree" by name
NtQueryInformationThread( ThreadHandle=-2, ThreadInformationClass=0x1d [ThreadWow64Context], ThreadInformation=0xb7dd20, Length=0x2cc, ReturnLength=null ) => 0
6774:651c @ 118014859 - LdrpGetProcedureAddress - INFO: Locating procedure "EncodePointer" by name
NtQueryInformationThread( ThreadHandle=-2, ThreadInformationClass=0x1d [ThreadWow64Context], ThreadInformation=0xb7dd20, Length=0x2cc, ReturnLength=null ) => 0
6774:651c @ 118014859 - LdrpLoadDllInternal - ENTER: DLL name: NTDLL.DLL
NtQueryInformationThread( ThreadHandle=-2, ThreadInformationClass=0x1d [ThreadWow64Context], ThreadInformation=0xb7dd20, Length=0x2cc, ReturnLength=null ) => 0
6774:651c @ 118014859 - LdrpLoadDllInternal - RETURN: Status: 0x00000000
NtQueryInformationThread( ThreadHandle=-2, ThreadInformationClass=0x1d [ThreadWow64Context], ThreadInformation=0xb7dd20, Length=0x2cc, ReturnLength=null ) => 0
6774:651c @ 118014859 - LdrpGetProcedureAddress - INFO: Locating procedure "RtlEncodePointer" by name
NtQueryInformationThread( ThreadHandle=-2, ThreadInformationClass=0x1d [ThreadWow64Context], ThreadInformation=0xb7dd20, Length=0x2cc, ReturnLength=null ) => 0
6774:651c @ 118014859 - LdrpGetProcedureAddress - INFO: Locating procedure "EncodePointer" by name
NtQueryInformationThread( ThreadHandle=-2, ThreadInformationClass=0x1d [ThreadWow64Context], ThreadInformation=0xb7dd20, Length=0x2cc, ReturnLength=null ) => 0
6774:651c @ 118014859 - LdrpLoadDllInternal - ENTER: DLL name: NTDLL.DLL
NtQueryInformationThread( ThreadHandle=-2, ThreadInformationClass=0x1d [ThreadWow64Context], ThreadInformation=0xb7dd20, Length=0x2cc, ReturnLength=null ) => 0
6774:651c @ 118014859 - LdrpLoadDllInternal - RETURN: Status: 0x00000000
NtQueryInformationThread( ThreadHandle=-2, ThreadInformationClass=0x1d [ThreadWow64Context], ThreadInformation=0xb7dd20, Length=0x2cc, ReturnLength=null ) => 0
6774:651c @ 118014859 - LdrpGetProcedureAddress - INFO: Locating procedure "RtlEncodePointer" by name
NtQueryInformationThread( ThreadHandle=-2, ThreadInformationClass=0x1d [ThreadWow64Context], ThreadInformation=0xb7dd20, Length=0x2cc, ReturnLength=null ) => 0
6774:651c @ 118014859 - LdrpGetProcedureAddress - INFO: Locating procedure "EncodePointer" by name
NtQueryInformationThread( ThreadHandle=-2, ThreadInformationClass=0x1d [ThreadWow64Context], ThreadInformation=0xb7dd20, Length=0x2cc, ReturnLength=null ) => 0
6774:651c @ 118014859 - LdrpLoadDllInternal - ENTER: DLL name: NTDLL.DLL
NtQueryInformationThread( ThreadHandle=-2, ThreadInformationClass=0x1d [ThreadWow64Context], ThreadInformation=0xb7dd20, Length=0x2cc, ReturnLength=null ) => 0
6774:651c @ 118014859 - LdrpLoadDllInternal - RETURN: Status: 0x00000000
NtQueryInformationThread( ThreadHandle=-2, ThreadInformationClass=0x1d [ThreadWow64Context], ThreadInformation=0xb7dd20, Length=0x2cc, ReturnLength=null ) => 0
6774:651c @ 118014859 - LdrpGetProcedureAddress - INFO: Locating procedure "RtlEncodePointer" by name
NtQueryInformationThread( ThreadHandle=-2, ThreadInformationClass=0x1d [ThreadWow64Context], ThreadInformation=0xb7dd20, Length=0x2cc, ReturnLength=null ) => 0
6774:651c @ 118014859 - LdrpGetProcedureAddress - INFO: Locating procedure "EncodePointer" by name
NtQueryInformationThread( ThreadHandle=-2, ThreadInformationClass=0x1d [ThreadWow64Context], ThreadInformation=0xb7dd20, Length=0x2cc, ReturnLength=null ) => 0
6774:651c @ 118014859 - LdrpLoadDllInternal - ENTER: DLL name: NTDLL.DLL
NtQueryInformationThread( ThreadHandle=-2, ThreadInformationClass=0x1d [ThreadWow64Context], ThreadInformation=0xb7dd20, Length=0x2cc, ReturnLength=null ) => 0
6774:651c @ 118014859 - LdrpLoadDllInternal - RETURN: Status: 0x00000000
NtQueryInformationThread( ThreadHandle=-2, ThreadInformationClass=0x1d [ThreadWow64Context], ThreadInformation=0xb7dd20, Length=0x2cc, ReturnLength=null ) => 0
6774:651c @ 118014859 - LdrpGetProcedureAddress - INFO: Locating procedure "RtlEncodePointer" by name
NtQueryInformationThread( ThreadHandle=-2, ThreadInformationClass=0x1d [ThreadWow64Context], ThreadInformation=0xb7dd20, Length=0x2cc, ReturnLength=null ) => 0
6774:651c @ 118014859 - LdrpGetProcedureAddress - INFO: Locating procedure "EncodePointer" by name
NtQueryInformationThread( ThreadHandle=-2, ThreadInformationClass=0x1d [ThreadWow64Context], ThreadInformation=0xb7dd20, Length=0x2cc, ReturnLength=null ) => 0
6774:651c @ 118014859 - LdrpLoadDllInternal - ENTER: DLL name: NTDLL.DLL
NtQueryInformationThread( ThreadHandle=-2, ThreadInformationClass=0x1d [ThreadWow64Context], ThreadInformation=0xb7dd20, Length=0x2cc, ReturnLength=null ) => 0
6774:651c @ 118014859 - LdrpLoadDllInternal - RETURN: Status: 0x00000000
NtQueryInformationThread( ThreadHandle=-2, ThreadInformationClass=0x1d [ThreadWow64Context], ThreadInformation=0xb7dd20, Length=0x2cc, ReturnLength=null ) => 0
6774:651c @ 118014859 - LdrpGetProcedureAddress - INFO: Locating procedure "RtlEncodePointer" by name
NtQueryInformationThread( ThreadHandle=-2, ThreadInformationClass=0x1d [ThreadWow64Context], ThreadInformation=0xb7dd20, Length=0x2cc, ReturnLength=null ) => 0
6774:651c @ 118014859 - LdrpGetProcedureAddress - INFO: Locating procedure "EncodePointer" by name
NtQueryInformationThread( ThreadHandle=-2, ThreadInformationClass=0x1d [ThreadWow64Context], ThreadInformation=0xb7dd20, Length=0x2cc, ReturnLength=null ) => 0
6774:651c @ 118014859 - LdrpLoadDllInternal - ENTER: DLL name: NTDLL.DLL
NtQueryInformationThread( ThreadHandle=-2, ThreadInformationClass=0x1d [ThreadWow64Context], ThreadInformation=0xb7dd20, Length=0x2cc, ReturnLength=null ) => 0
6774:651c @ 118014859 - LdrpLoadDllInternal - RETURN: Status: 0x00000000
NtQueryInformationThread( ThreadHandle=-2, ThreadInformationClass=0x1d [ThreadWow64Context], ThreadInformation=0xb7dd20, Length=0x2cc, ReturnLength=null ) => 0
6774:651c @ 118014859 - LdrpGetProcedureAddress - INFO: Locating procedure "RtlEncodePointer" by name
NtQueryInformationThread( ThreadHandle=-2, ThreadInformationClass=0x1d [ThreadWow64Context], ThreadInformation=0xb7dd20, Length=0x2cc, ReturnLength=null ) => 0
6774:651c @ 118014859 - LdrpGetProcedureAddress - INFO: Locating procedure "EncodePointer" by name
NtQueryInformationThread( ThreadHandle=-2, ThreadInformationClass=0x1d [ThreadWow64Context], ThreadInformation=0xb7dd20, Length=0x2cc, ReturnLength=null ) => 0
6774:651c @ 118014859 - LdrpLoadDllInternal - ENTER: DLL name: NTDLL.DLL
NtQueryInformationThread( ThreadHandle=-2, ThreadInformationClass=0x1d [ThreadWow64Context], ThreadInformation=0xb7dd20, Length=0x2cc, ReturnLength=null ) => 0
6774:651c @ 118014859 - LdrpLoadDllInternal - RETURN: Status: 0x00000000
NtQueryInformationThread( ThreadHandle=-2, ThreadInformationClass=0x1d [ThreadWow64Context], ThreadInformation=0xb7dd20, Length=0x2cc, ReturnLength=null ) => 0
6774:651c @ 118014859 - LdrpGetProcedureAddress - INFO: Locating procedure "RtlEncodePointer" by name
NtQueryInformationThread( ThreadHandle=-2, ThreadInformationClass=0x1d [ThreadWow64Context], ThreadInformation=0xb7dd20, Length=0x2cc, ReturnLength=null ) => 0
6774:651c @ 118014859 - LdrpGetProcedureAddress - INFO: Locating procedure "DecodePointer" by name
NtQueryInformationThread( ThreadHandle=-2, ThreadInformationClass=0x1d [ThreadWow64Context], ThreadInformation=0xb7dd20, Length=0x2cc, ReturnLength=null ) => 0
6774:651c @ 118014859 - LdrpLoadDllInternal - ENTER: DLL name: NTDLL.DLL
NtQueryInformationThread( ThreadHandle=-2, ThreadInformationClass=0x1d [ThreadWow64Context], ThreadInformation=0xb7dd20, Length=0x2cc, ReturnLength=null ) => 0
6774:651c @ 118014859 - LdrpLoadDllInternal - RETURN: Status: 0x00000000
NtQueryInformationThread( ThreadHandle=-2, ThreadInformationClass=0x1d [ThreadWow64Context], ThreadInformation=0xb7dd20, Length=0x2cc, ReturnLength=null ) => 0
6774:651c @ 118014859 - LdrpGetProcedureAddress - INFO: Locating procedure "RtlDecodePointer" by name
NtQueryInformationThread( ThreadHandle=-2, ThreadInformationClass=0x1d [ThreadWow64Context], ThreadInformation=0xb7dd20, Length=0x2cc, ReturnLength=null ) => 0
6774:651c @ 118014859 - LdrpGetProcedureAddress - INFO: Locating procedure "DecodePointer" by name
NtQueryInformationThread( ThreadHandle=-2, ThreadInformationClass=0x1d [ThreadWow64Context], ThreadInformation=0xb7dd20, Length=0x2cc, ReturnLength=null ) => 0
6774:651c @ 118014859 - LdrpLoadDllInternal - ENTER: DLL name: NTDLL.DLL
NtQueryInformationThread( ThreadHandle=-2, ThreadInformationClass=0x1d [ThreadWow64Context], ThreadInformation=0xb7dd20, Length=0x2cc, ReturnLength=null ) => 0
6774:651c @ 118014859 - LdrpLoadDllInternal - RETURN: Status: 0x00000000
NtQueryInformationThread( ThreadHandle=-2, ThreadInformationClass=0x1d [ThreadWow64Context], ThreadInformation=0xb7dd20, Length=0x2cc, ReturnLength=null ) => 0
6774:651c @ 118014859 - LdrpGetProcedureAddress - INFO: Locating procedure "RtlDecodePointer" by name
NtQueryInformationThread( ThreadHandle=-2, ThreadInformationClass=0x1d [ThreadWow64Context], ThreadInformation=0xb7dd20, Length=0x2cc, ReturnLength=null ) => 0
6774:651c @ 118014859 - LdrpGetProcedureAddress - INFO: Locating procedure "EncodePointer" by name
NtQueryInformationThread( ThreadHandle=-2, ThreadInformationClass=0x1d [ThreadWow64Context], ThreadInformation=0xb7dd20, Length=0x2cc, ReturnLength=null ) => 0
6774:651c @ 118014859 - LdrpLoadDllInternal - ENTER: DLL name: NTDLL.DLL
NtQueryInformationThread( ThreadHandle=-2, ThreadInformationClass=0x1d [ThreadWow64Context], ThreadInformation=0xb7dd20, Length=0x2cc, ReturnLength=null ) => 0
6774:651c @ 118014859 - LdrpLoadDllInternal - RETURN: Status: 0x00000000
NtQueryInformationThread( ThreadHandle=-2, ThreadInformationClass=0x1d [ThreadWow64Context], ThreadInformation=0xb7dd20, Length=0x2cc, ReturnLength=null ) => 0
6774:651c @ 118014859 - LdrpGetProcedureAddress - INFO: Locating procedure "RtlEncodePointer" by name
NtQueryInformationThread( ThreadHandle=-2, ThreadInformationClass=0x1d [ThreadWow64Context], ThreadInformation=0xb7dd20, Length=0x2cc, ReturnLength=null ) => 0
6774:651c @ 118014859 - LdrpGetProcedureAddress - INFO: Locating procedure "DecodePointer" by name
NtQueryInformationThread( ThreadHandle=-2, ThreadInformationClass=0x1d [ThreadWow64Context], ThreadInformation=0xb7dd20, Length=0x2cc, ReturnLength=null ) => 0
6774:651c @ 118014859 - LdrpLoadDllInternal - ENTER: DLL name: NTDLL.DLL
NtQueryInformationThread( ThreadHandle=-2, ThreadInformationClass=0x1d [ThreadWow64Context], ThreadInformation=0xb7dd20, Length=0x2cc, ReturnLength=null ) => 0
6774:651c @ 118014859 - LdrpLoadDllInternal - RETURN: Status: 0x00000000
NtQueryInformationThread( ThreadHandle=-2, ThreadInformationClass=0x1d [ThreadWow64Context], ThreadInformation=0xb7dd20, Length=0x2cc, ReturnLength=null ) => 0
6774:651c @ 118014859 - LdrpGetProcedureAddress - INFO: Locating procedure "RtlDecodePointer" by name
NtAllocateVirtualMemory( ProcessHandle=-1, lpAddress=0xb7e2b0 [0x02e01000], ZeroBits=0, pSize=0xb7e2a0 [0x3000], flAllocationType=0x1000, flProtect=4 ) => 0
NtQueryVolumeInformationFile( FileHandle=0x58, IoStatusBlock=0xb7e2c8 [0/8], FsInformation=0xd7f500, Length=8, FsInformationClass=4 [FsDeviceInformation] ) => 0
NtQueryVolumeInformationFile( FileHandle=0x1ac, IoStatusBlock=0xb7e2c8 [0/8], FsInformation=0xd7f500, Length=8, FsInformationClass=4 [FsDeviceInformation] ) => 0
NtQueryVolumeInformationFile( FileHandle=0x60, IoStatusBlock=0xb7e2c8 [0/8], FsInformation=0xd7f500, Length=8, FsInformationClass=4 [FsDeviceInformation] ) => 0
NtAllocateVirtualMemory( ProcessHandle=-1, lpAddress=0xb7e2b0 [0x02e04000], ZeroBits=0, pSize=0xb7e2a0 [0x3000], flAllocationType=0x1000, flProtect=4 ) => 0
NtCreateMutant( MutantHandle=0xb7e2f8 [0x190], DesiredAccess=DELETE|READ_CONTROL|WRITE_DAC|WRITE_OWNER|SYNCHRONIZE|0x1, ObjectAttributes=null, InitialOwner=false ) => 0
NtQuerySystemInformation( SystemInformationClass=0x3e [SystemEmulationBasicInformation], SystemInformation=0xb7eb40, Length=0x40, ReturnLength=0xb7e2b8 [0x40] ) => 0
NtQuerySystemInformation( SystemInformationClass=0x3f [SystemEmulationProcessorInformation], SystemInformation=0xd7f634, Length=0xc, ReturnLength=null ) => 0
NtQueryInformationProcess( ProcessHandle=-1, ProcessInformationClass=0x25 [ProcessImageInformation], ProcessInformation=0xb7eb40, Length=0x40, ReturnLength=0xb7e270 [0x40] ) => 0
NtQuerySystemInformation( SystemInformationClass=0xb6 [SystemMemoryUsageInformation], SystemInformation=0xd7f544, Length=0x38, ReturnLength=null ) => 0
NtQueryInformationProcess( ProcessHandle=-1, ProcessInformationClass=1 [ProcessQuotaLimits], ProcessInformation=0xb7e1a0, Length=0x30, ReturnLength=null ) => 0
NtQueryInformationProcess( ProcessHandle=-1, ProcessInformationClass=3 [ProcessVmCounters], ProcessInformation=0xb7e130, Length=0x58, ReturnLength=null ) => 0
NtSetInformationVirtualMemory( ProcessHandle=-1, VmInformationClass=4, NumberOfEntries=1, VirtualAddresses=0xb7eb70, VmInformation=0xd7f7b4, VmInformationLength=4 ) => 0xc00000bb [50 'The request is not supported.']
NtQueryInformationThread( ThreadHandle=-2, ThreadInformationClass=0x1d [ThreadWow64Context], ThreadInformation=0xb7dd20, Length=0x2cc, ReturnLength=null ) => 0
6774:651c @ 118014875 - LdrpInitializeNode - INFO: Calling init routine 592C41D4 for DLL "C:\Program Files (x86)\Microsoft Xbox 360 SDK\bin\win32\MSVCP100.dll"
NtSetInformationVirtualMemory( ProcessHandle=-1, VmInformationClass=4, NumberOfEntries=1, VirtualAddresses=0xb7eb70, VmInformation=0xd7f78c, VmInformationLength=4 ) => 0xc00000bb [50 'The request is not supported.']
NtQueryInformationThread( ThreadHandle=-2, ThreadInformationClass=0x1d [ThreadWow64Context], ThreadInformation=0xb7dd20, Length=0x2cc, ReturnLength=null ) => 0
6774:651c @ 118014875 - LdrpInitializeNode - INFO: Calling init routine 74541800 for DLL "C:\Windows\SYSTEM32\VERSION.dll"
NtSetInformationVirtualMemory( ProcessHandle=-1, VmInformationClass=4, NumberOfEntries=1, VirtualAddresses=0xb7eb70, VmInformation=0xd7f7b4, VmInformationLength=4 ) => 0xc00000bb [50 'The request is not supported.']
NtQueryInformationThread( ThreadHandle=-2, ThreadInformationClass=0x1d [ThreadWow64Context], ThreadInformation=0xb7dd20, Length=0x2cc, ReturnLength=null ) => 0
6774:651c @ 118014875 - LdrpInitializeNode - INFO: Calling init routine 10321598 for DLL "C:\Program Files (x86)\Microsoft Xbox 360 SDK\bin\win32\MSPDBXX.DLL"
NtAllocateVirtualMemory( ProcessHandle=-1, lpAddress=0xb7e2b0 [0x02e70000], ZeroBits=0x7ffeffff, pSize=0xb7e2a0 [0x00070000], flAllocationType=0x2000, flProtect=4 ) => 0
NtFreeVirtualMemory( ProcessHandle=-1, lpAddress=0xb7e2b0 [0x02e70000], pSize=0xb7e298 [0x00060000], flFreeType=0x8000 ) => 0
NtAllocateVirtualMemory( ProcessHandle=-1, lpAddress=0xb7e2b0 [0x02ed0000], ZeroBits=0, pSize=0xb7e2a0 [0x1000], flAllocationType=0x1000, flProtect=4 ) => 0
NtQuerySystemInformation( SystemInformationClass=0x3e [SystemEmulationBasicInformation], SystemInformation=0xb7eb40, Length=0x40, ReturnLength=0xb7e2b8 [0x40] ) => 0
NtQuerySystemInformation( SystemInformationClass=0x3f [SystemEmulationProcessorInformation], SystemInformation=0xd7f61c, Length=0xc, ReturnLength=null ) => 0
NtQueryInformationProcess( ProcessHandle=-1, ProcessInformationClass=0x25 [ProcessImageInformation], ProcessInformation=0xb7eb40, Length=0x40, ReturnLength=0xb7e270 [0x40] ) => 0
NtQueryInformationThread( ThreadHandle=-2, ThreadInformationClass=0x1d [ThreadWow64Context], ThreadInformation=0xb7dd20, Length=0x2cc, ReturnLength=null ) => 0
6774:651c @ 118014875 - LdrGetDllHandleEx - ENTER: DLL name: KERNEL32.DLL
NtQueryInformationThread( ThreadHandle=-2, ThreadInformationClass=0x1d [ThreadWow64Context], ThreadInformation=0xb7dd20, Length=0x2cc, ReturnLength=null ) => 0
6774:651c @ 118014875 - LdrpFindLoadedDllInternal - RETURN: Status: 0x00000000
NtQueryInformationThread( ThreadHandle=-2, ThreadInformationClass=0x1d [ThreadWow64Context], ThreadInformation=0xb7dd20, Length=0x2cc, ReturnLength=null ) => 0
6774:651c @ 118014875 - LdrGetDllHandleEx - RETURN: Status: 0x00000000
NtQueryInformationThread( ThreadHandle=-2, ThreadInformationClass=0x1d [ThreadWow64Context], ThreadInformation=0xb7dd20, Length=0x2cc, ReturnLength=null ) => 0
6774:651c @ 118014875 - LdrpGetProcedureAddress - INFO: Locating procedure "Wow64DisableWow64FsRedirection" by name
NtQueryInformationThread( ThreadHandle=-2, ThreadInformationClass=0x1d [ThreadWow64Context], ThreadInformation=0xb7dd20, Length=0x2cc, ReturnLength=null ) => 0
6774:651c @ 118014875 - LdrpGetProcedureAddress - INFO: Locating procedure "Wow64RevertWow64FsRedirection" by name
NtSetInformationVirtualMemory( ProcessHandle=-1, VmInformationClass=4, NumberOfEntries=1, VirtualAddresses=0xb7eb70, VmInformation=0xd7f7dc, VmInformationLength=4 ) => 0xc00000bb [50 'The request is not supported.']
NtQueryInformationThread( ThreadHandle=-2, ThreadInformationClass=0x1d [ThreadWow64Context], ThreadInformation=0xb7dd20, Length=0x2cc, ReturnLength=null ) => 0
6774:651c @ 118014875 - LdrpInitializeNode - INFO: Calling init routine 10A67703 for DLL "C:\Program Files (x86)\Microsoft Xbox 360 SDK\bin\win32\c1_orig.dll"
NtAllocateVirtualMemory( ProcessHandle=-1, lpAddress=0xb7e2b0 [0x00b0a000], ZeroBits=0, pSize=0xb7e2a0 [0x5000], flAllocationType=0x1000, flProtect=4 ) => 0
NtQueryInformationThread( ThreadHandle=-2, ThreadInformationClass=0x1d [ThreadWow64Context], ThreadInformation=0xb7dd20, Length=0x2cc, ReturnLength=null ) => 0
6774:651c @ 118014875 - LdrpLoadDllInternal - RETURN: Status: 0x00000000
NtQueryInformationThread( ThreadHandle=-2, ThreadInformationClass=0x1d [ThreadWow64Context], ThreadInformation=0xb7dd20, Length=0x2cc, ReturnLength=null ) => 0
6774:651c @ 118014875 - LdrLoadDll - RETURN: Status: 0x00000000
NtQueryInformationThread( ThreadHandle=-2, ThreadInformationClass=0x1d [ThreadWow64Context], ThreadInformation=0xb7dd20, Length=0x2cc, ReturnLength=null ) => 0
6774:651c @ 118014875 - LdrpGetProcedureAddress - INFO: Locating procedure "_InvokeCompilerPassW@16" by name
NtQueryInformationThread( ThreadHandle=-2, ThreadInformationClass=0x1d [ThreadWow64Context], ThreadInformation=0xb7dd20, Length=0x2cc, ReturnLength=null ) => 0
argc = 16, argv = 0xD7FAF4, idk = 1, ui = 0xD7FAF0, *ui = 0x1130000
NtQueryInformationThread( ThreadHandle=-2, ThreadInformationClass=0x1d [ThreadWow64Context], ThreadInformation=0xb7dd20, Length=0x2cc, ReturnLength=null ) => 0
argv[0] = fuckyoumicrosoft
NtQueryInformationThread( ThreadHandle=-2, ThreadInformationClass=0x1d [ThreadWow64Context], ThreadInformation=0xb7dd20, Length=0x2cc, ReturnLength=null ) => 0
argv[1] = -il
NtQueryInformationThread( ThreadHandle=-2, ThreadInformationClass=0x1d [ThreadWow64Context], ThreadInformation=0xb7dd20, Length=0x2cc, ReturnLength=null ) => 0
argv[2] = goober
NtQueryInformationThread( ThreadHandle=-2, ThreadInformationClass=0x1d [ThreadWow64Context], ThreadInformation=0xb7dd20, Length=0x2cc, ReturnLength=null ) => 0
argv[3] = -typedil
NtQueryInformationThread( ThreadHandle=-2, ThreadInformationClass=0x1d [ThreadWow64Context], ThreadInformation=0xb7dd20, Length=0x2cc, ReturnLength=null ) => 0
argv[4] = -Fotest_test.obj
NtQueryInformationThread( ThreadHandle=-2, ThreadInformationClass=0x1d [ThreadWow64Context], ThreadInformation=0xb7dd20, Length=0x2cc, ReturnLength=null ) => 0
argv[5] = -W
NtQueryInformationThread( ThreadHandle=-2, ThreadInformationClass=0x1d [ThreadWow64Context], ThreadInformation=0xb7dd20, Length=0x2cc, ReturnLength=null ) => 0
argv[6] = 1
NtQueryInformationThread( ThreadHandle=-2, ThreadInformationClass=0x1d [ThreadWow64Context], ThreadInformation=0xb7dd20, Length=0x2cc, ReturnLength=null ) => 0
argv[7] = -Gs4096
NtQueryInformationThread( ThreadHandle=-2, ThreadInformationClass=0x1d [ThreadWow64Context], ThreadInformation=0xb7dd20, Length=0x2cc, ReturnLength=null ) => 0
argv[8] = -G604
NtQueryInformationThread( ThreadHandle=-2, ThreadInformationClass=0x1d [ThreadWow64Context], ThreadInformation=0xb7dd20, Length=0x2cc, ReturnLength=null ) => 0
argv[9] = -QVMX128
NtQueryInformationThread( ThreadHandle=-2, ThreadInformationClass=0x1d [ThreadWow64Context], ThreadInformation=0xb7dd20, Length=0x2cc, ReturnLength=null ) => 0
argv[10] = -QDD2
NtQueryInformationThread( ThreadHandle=-2, ThreadInformationClass=0x1d [ThreadWow64Context], ThreadInformation=0xb7dd20, Length=0x2cc, ReturnLength=null ) => 0
argv[11] = -Ob0
NtQueryInformationThread( ThreadHandle=-2, ThreadInformationClass=0x1d [ThreadWow64Context], ThreadInformation=0xb7dd20, Length=0x2cc, ReturnLength=null ) => 0
argv[12] = -MT
NtQueryInformationThread( ThreadHandle=-2, ThreadInformationClass=0x1d [ThreadWow64Context], ThreadInformation=0xb7dd20, Length=0x2cc, ReturnLength=null ) => 0
argv[13] = -Fdvc100_goober.pdb
NtQueryInformationThread( ThreadHandle=-2, ThreadInformationClass=0x1d [ThreadWow64Context], ThreadInformation=0xb7dd20, Length=0x2cc, ReturnLength=null ) => 0
argv[14] = -f
NtQueryInformationThread( ThreadHandle=-2, ThreadInformationClass=0x1d [ThreadWow64Context], ThreadInformation=0xb7dd20, Length=0x2cc, ReturnLength=null ) => 0
argv[15] = test_test.c
NtQuerySystemInformation( SystemInformationClass=0x3e [SystemEmulationBasicInformation], SystemInformation=0xb7eb40, Length=0x40, ReturnLength=0xb7e2b8 [0x40] ) => 0
NtQuerySystemInformation( SystemInformationClass=0x3f [SystemEmulationProcessorInformation], SystemInformation=0xd7fa34, Length=0xc, ReturnLength=null ) => 0
NtQueryInformationProcess( ProcessHandle=-1, ProcessInformationClass=0x25 [ProcessImageInformation], ProcessInformation=0xb7eb40, Length=0x40, ReturnLength=0xb7e270 [0x40] ) => 0
NtAllocateVirtualMemory( ProcessHandle=-1, lpAddress=0xb7e2b0 [0x02e10000], ZeroBits=0x7ffeffff, pSize=0xb7e2a0 [0x00021000], flAllocationType=0x2000, flProtect=4 ) => 0
NtAllocateVirtualMemory( ProcessHandle=-1, lpAddress=0xb7e2b0 [0x02e10000], ZeroBits=0, pSize=0xb7e2a0 [0x1000], flAllocationType=0x1000, flProtect=4 ) => 0
NtQueryLicenseValue( Name="WindowsExcludedProcs", Type=0xd7f390, Buffer=null, Length=0, ReturnedLength=0xd7f3a8 ) => 0xc0000034 [2 'The system cannot find the file specified.']
NtQueryLicenseValue( Name="WindowsExcludedProcs", Type=0xd7f390, Buffer=null, Length=0, ReturnedLength=0xd7f3a8 ) => 0xc0000034 [2 'The system cannot find the file specified.']
NtQueryLicenseValue( Name="Kernel-MUI-Number-Allowed", Type=0xd7f390, Buffer=null, Length=0, ReturnedLength=0xd7f3a8 ) => 0xc0000023 [122 'The data area passed to a system call is too small.']
NtQueryLicenseValue( Name="Kernel-MUI-Number-Allowed", Type=0xd7f390 [4], Buffer=0x127c908, Length=4, ReturnedLength=0xd7f3a8 [4] ) => 0
NtQueryLicenseValue( Name="Kernel-MUI-Language-Allowed", Type=0xd7f390, Buffer=null, Length=0, ReturnedLength=0xd7f3a8 ) => 0xc0000023 [122 'The data area passed to a system call is too small.']
NtQueryLicenseValue( Name="Kernel-MUI-Language-Allowed", Type=0xd7f390 [1], Buffer=0x1274778, Length=0xc, ReturnedLength=0xd7f3a8 [0xc] ) => 0
NtOpenKeyEx( KeyHandle=0xb7e228 [0x194], DesiredAccess=0x1, ObjectAttributes="\Registry\MACHINE\SYSTEM\CurrentControlSet\Control\Nls\CustomLocale", OpenOptions=0 ) => 0
NtSetInformationKey( KeyHandle=0x194, KeySetInformationClass=5 [KeySetHandleTagsInformation], KeyInformation=0xb7e220, Length=4 ) => 0
NtQueryValueKey( KeyHandle=0x194, ValueName="EMPTY", KeyValueInformationClass=2 [KeyValuePartialInformation], KeyValueInformation=0xd7f180, Length=0x78, ResultLength=0xd7f174 ) => 0xc0000034 [2 'The system cannot find the file specified.']
NtQueryLicenseValue( Name="Kernel-MUI-Language-Disallowed", Type=0xd7f390, Buffer=null, Length=0, ReturnedLength=0xd7f3a8 ) => 0xc0000023 [122 'The data area passed to a system call is too small.']
NtQueryLicenseValue( Name="Kernel-MUI-Language-Disallowed", Type=0xd7f390 [1], Buffer=0x1274778, Length=0xc, ReturnedLength=0xd7f3a8 [0xc] ) => 0
NtQueryValueKey( KeyHandle=0x194, ValueName="EMPTY", KeyValueInformationClass=2 [KeyValuePartialInformation], KeyValueInformation=0xd7f180, Length=0x78, ResultLength=0xd7f174 ) => 0xc0000034 [2 'The system cannot find the file specified.']
NtQueryLicenseValue( Name="Kernel-MUI-Language-SKU", Type=0xd7f390, Buffer=null, Length=0, ReturnedLength=0xd7f3a8 ) => 0xc0000023 [122 'The data area passed to a system call is too small.']
NtQueryLicenseValue( Name="Kernel-MUI-Language-SKU", Type=0xd7f390 [1], Buffer=0x1273f68, Length=0x302, ReturnedLength=0xd7f3a8 [0x302] ) => 0
NtIsUILanguageComitted( ) => 0
NtOpenKeyEx( KeyHandle=0xb7e228 [0x198], DesiredAccess=KEY_READ, ObjectAttributes="\Registry\Machine\System\CurrentControlSet\Control\NLS\Language", OpenOptions=0 ) => 0
NtSetInformationKey( KeyHandle=0x198, KeySetInformationClass=5 [KeySetHandleTagsInformation], KeyInformation=0xb7e220, Length=4 ) => 0
NtQueryValueKey( KeyHandle=0x198, ValueName="InstallLanguageFallback", KeyValueInformationClass=2 [KeyValuePartialInformation], KeyValueInformation=0x1274778, Length=0x10, ResultLength=0xd7f32c ) => 0x80000005 [234 'More data is available.']
NtOpenKeyEx( KeyHandle=0xb7e228, DesiredAccess=KEY_READ, ObjectAttributes="\Registry\Machine\OSDATA\System\CurrentControlSet\Control\MUI\UILanguages", OpenOptions=0 ) => 0xc0000034 [2 'The system cannot find the file specified.']
NtOpenKeyEx( KeyHandle=0xb7e228 [0x198], DesiredAccess=KEY_READ, ObjectAttributes="\Registry\Machine\System\CurrentControlSet\Control\MUI\UILanguages", OpenOptions=0 ) => 0
NtSetInformationKey( KeyHandle=0x198, KeySetInformationClass=5 [KeySetHandleTagsInformation], KeyInformation=0xb7e220, Length=4 ) => 0
NtEnumerateKey( KeyHandle=0x198, Index=0, KeyInformationClass=0 [KeyBasicInformation], KeyInformation=0xd7f160, Length=0x200, ResultLength=0xd7f128 [0x1a] ) => 0
NtQueryObject( ObjectHandle=0x198, ObjectInformationClass=1 [ObjectNameInformation], ObjectInformation=0xb7e050, Length=0x210, ReturnLength=null ) => 0
NtQueryKey( KeyHandle=0x198, KeyInformationClass=7 [KeyHandleTagsInformation], KeyInformation=0xb7e208, Length=4, ResultLength=0xb7e1a4 [4] ) => 0
NtOpenKeyEx( KeyHandle=0xb7e228 [0x19c], DesiredAccess=KEY_READ, ObjectAttributes=0x198:"en-GB", OpenOptions=0 ) => 0
NtQueryValueKey( KeyHandle=0x19c, ValueName="Type", KeyValueInformationClass=2 [KeyValuePartialInformation], KeyValueInformation=0x1274778, Length=0x10, ResultLength=0xd7f0dc [0x10] ) => 0
NtQueryValueKey( KeyHandle=0x19c, ValueName="DefaultFallback", KeyValueInformationClass=2 [KeyValuePartialInformation], KeyValueInformation=0x1263f08, Length=0xb6, ResultLength=0xd7ebdc [0x18] ) => 0
NtQueryValueKey( KeyHandle=0x19c, ValueName="en-US", KeyValueInformationClass=1 [KeyValueFullInformation], KeyValueInformation=0xd7edc0, Length=0x200, ResultLength=0xd7ec50 [0x24] ) => 0
NtEnumerateValueKey( KeyHandle=0x19c, Index=0, KeyValueInformationClass=1 [KeyValueFullInformation], KeyValueInformation=0xd7edc0, Length=0x200, ResultLength=0xd7ec14 [0x44] ) => 0
NtEnumerateValueKey( KeyHandle=0x19c, Index=1, KeyValueInformationClass=1 [KeyValueFullInformation], KeyValueInformation=0xd7edc0, Length=0x200, ResultLength=0xd7ec14 [0x24] ) => 0
NtEnumerateValueKey( KeyHandle=0x19c, Index=2, KeyValueInformationClass=1 [KeyValueFullInformation], KeyValueInformation=0xd7edc0, Length=0x200, ResultLength=0xd7ec14 [0x24] ) => 0
NtEnumerateValueKey( KeyHandle=0x19c, Index=3, KeyValueInformationClass=1 [KeyValueFullInformation], KeyValueInformation=0xd7edc0, Length=0x200, ResultLength=0xd7ec14 [0x24] ) => 0
NtEnumerateValueKey( KeyHandle=0x19c, Index=4, KeyValueInformationClass=1 [KeyValueFullInformation], KeyValueInformation=0xd7edc0, Length=0x200, ResultLength=0xd7ec14 ) => 0x8000001a [259 'No more data is available.']
NtQueryValueKey( KeyHandle=0x19c, ValueName="AlternateCodePage", KeyValueInformationClass=2 [KeyValuePartialInformation], KeyValueInformation=0x1274778, Length=0xc, ResultLength=0xd7f05c ) => 0xc0000034 [2 'The system cannot find the file specified.']
NtEnumerateKey( KeyHandle=0x198, Index=1, KeyInformationClass=0 [KeyBasicInformation], KeyInformation=0xd7f160, Length=0x200, ResultLength=0xd7f128 ) => 0x8000001a [259 'No more data is available.']
NtIsUILanguageComitted( ) => 0
NtOpenKeyEx( KeyHandle=0xb7e228, DesiredAccess=KEY_READ, ObjectAttributes="\Registry\Machine\System\CurrentControlSet\Control\MUI\UILanguages\PendingDelete", OpenOptions=0 ) => 0xc0000034 [2 'The system cannot find the file specified.']
NtOpenKeyEx( KeyHandle=0xb7e228, DesiredAccess=KEY_READ, ObjectAttributes="\Registry\Machine\Software\WOW6432Node\Policies\Microsoft\MUI\Settings", OpenOptions=0 ) => 0xc0000034 [2 'The system cannot find the file specified.']
NtQueryInformationToken( TokenHandle=-6, TokenInformationClass=1 [TokenUser], TokenInformation=0xb7eb20, Length=0x58, ReturnLength=0xb7e2f8 [0x2c] ) => 0
NtOpenKeyEx( KeyHandle=0xb7e228 [0x198], DesiredAccess=MAXIMUM_ALLOWED, ObjectAttributes="\REGISTRY\USER\S-1-5-21-1308043059-4034166923-668314741-1000", OpenOptions=0 ) => 0
NtQueryObject( ObjectHandle=0x198, ObjectInformationClass=1 [ObjectNameInformation], ObjectInformation=0xb7e050, Length=0x210, ReturnLength=null ) => 0
NtQueryKey( KeyHandle=0x198, KeyInformationClass=7 [KeyHandleTagsInformation], KeyInformation=0xb7e208, Length=4, ResultLength=0xb7e1a4 [4] ) => 0
NtQueryKey( KeyHandle=0x198, KeyInformationClass=3 [KeyNameInformation], KeyInformation=0x1127270, Length=0x818, ResultLength=0xb7e1a0 [0x7c] ) => 0
NtOpenKeyEx( KeyHandle=0xb7e228, DesiredAccess=KEY_READ, ObjectAttributes=0x198:"Control Panel\Desktop\MuiCached\MachineLanguageConfiguration", OpenOptions=0 ) => 0xc0000034 [2 'The system cannot find the file specified.']
NtOpenKeyEx( KeyHandle=0xb7e228 [0x1a0], DesiredAccess=KEY_READ, ObjectAttributes="\Registry\Machine\System\CurrentControlSet\Control\MUI\Settings\LanguageConfiguration", OpenOptions=0 ) => 0
NtSetInformationKey( KeyHandle=0x1a0, KeySetInformationClass=5 [KeySetHandleTagsInformation], KeyInformation=0xb7e220, Length=4 ) => 0
NtEnumerateValueKey( KeyHandle=0x1a0, Index=0, KeyValueInformationClass=1 [KeyValueFullInformation], KeyValueInformation=0xd7f0c0, Length=0x200, ResultLength=0xd7f080 ) => 0x8000001a [259 'No more data is available.']
NtOpenKeyEx( KeyHandle=0xb7e228, DesiredAccess=KEY_READ, ObjectAttributes="\Registry\Machine\Software\WOW6432Node\Policies\Microsoft\MUI\Settings", OpenOptions=0 ) => 0xc0000034 [2 'The system cannot find the file specified.']
NtQueryInformationToken( TokenHandle=-6, TokenInformationClass=1 [TokenUser], TokenInformation=0xb7eb20, Length=0x58, ReturnLength=0xb7e2f8 [0x2c] ) => 0
NtOpenKeyEx( KeyHandle=0xb7e228 [0x198], DesiredAccess=MAXIMUM_ALLOWED, ObjectAttributes="\REGISTRY\USER\S-1-5-21-1308043059-4034166923-668314741-1000", OpenOptions=0 ) => 0
NtQueryObject( ObjectHandle=0x198, ObjectInformationClass=1 [ObjectNameInformation], ObjectInformation=0xb7e050, Length=0x210, ReturnLength=null ) => 0
NtQueryKey( KeyHandle=0x198, KeyInformationClass=7 [KeyHandleTagsInformation], KeyInformation=0xb7e208, Length=4, ResultLength=0xb7e1a4 [4] ) => 0
NtQueryKey( KeyHandle=0x198, KeyInformationClass=3 [KeyNameInformation], KeyInformation=0x1127270, Length=0x818, ResultLength=0xb7e1a0 [0x7c] ) => 0
NtOpenKeyEx( KeyHandle=0xb7e228, DesiredAccess=KEY_READ, ObjectAttributes=0x198:"Software\Policies\Microsoft\Control Panel\Desktop", OpenOptions=0 ) => 0xc0000034 [2 'The system cannot find the file specified.']
NtQueryObject( ObjectHandle=0x198, ObjectInformationClass=1 [ObjectNameInformation], ObjectInformation=0xb7e050, Length=0x210, ReturnLength=null ) => 0
NtQueryKey( KeyHandle=0x198, KeyInformationClass=7 [KeyHandleTagsInformation], KeyInformation=0xb7e208, Length=4, ResultLength=0xb7e1a4 [4] ) => 0
NtQueryKey( KeyHandle=0x198, KeyInformationClass=3 [KeyNameInformation], KeyInformation=0x1127270, Length=0x818, ResultLength=0xb7e1a0 [0x7c] ) => 0
NtOpenKeyEx( KeyHandle=0xb7e228, DesiredAccess=KEY_READ, ObjectAttributes=0x198:"Control Panel\Desktop\LanguageConfiguration", OpenOptions=0 ) => 0xc0000034 [2 'The system cannot find the file specified.']
NtOpenKeyEx( KeyHandle=0xb7e228, DesiredAccess=KEY_READ, ObjectAttributes="\Registry\Machine\Software\WOW6432Node\Policies\Microsoft\MUI\Settings", OpenOptions=0 ) => 0xc0000034 [2 'The system cannot find the file specified.']
NtQueryInformationToken( TokenHandle=-6, TokenInformationClass=1 [TokenUser], TokenInformation=0xb7eb20, Length=0x58, ReturnLength=0xb7e2f8 [0x2c] ) => 0
NtOpenKeyEx( KeyHandle=0xb7e228 [0x198], DesiredAccess=MAXIMUM_ALLOWED, ObjectAttributes="\REGISTRY\USER\S-1-5-21-1308043059-4034166923-668314741-1000", OpenOptions=0 ) => 0
NtQueryObject( ObjectHandle=0x198, ObjectInformationClass=1 [ObjectNameInformation], ObjectInformation=0xb7e050, Length=0x210, ReturnLength=null ) => 0
NtQueryKey( KeyHandle=0x198, KeyInformationClass=7 [KeyHandleTagsInformation], KeyInformation=0xb7e208, Length=4, ResultLength=0xb7e1a4 [4] ) => 0
NtQueryKey( KeyHandle=0x198, KeyInformationClass=3 [KeyNameInformation], KeyInformation=0x1127270, Length=0x818, ResultLength=0xb7e1a0 [0x7c] ) => 0
NtOpenKeyEx( KeyHandle=0xb7e228, DesiredAccess=KEY_READ, ObjectAttributes=0x198:"Software\Policies\Microsoft\Control Panel\Desktop", OpenOptions=0 ) => 0xc0000034 [2 'The system cannot find the file specified.']
NtQueryObject( ObjectHandle=0x198, ObjectInformationClass=1 [ObjectNameInformation], ObjectInformation=0xb7e050, Length=0x210, ReturnLength=null ) => 0
NtQueryKey( KeyHandle=0x198, KeyInformationClass=7 [KeyHandleTagsInformation], KeyInformation=0xb7e208, Length=4, ResultLength=0xb7e1a4 [4] ) => 0
NtQueryKey( KeyHandle=0x198, KeyInformationClass=3 [KeyNameInformation], KeyInformation=0x1127270, Length=0x818, ResultLength=0xb7e1a0 [0x7c] ) => 0
NtOpenKeyEx( KeyHandle=0xb7e228 [0x1a0], DesiredAccess=KEY_READ, ObjectAttributes=0x198:"Control Panel\Desktop", OpenOptions=0 ) => 0
NtSetInformationKey( KeyHandle=0x1a0, KeySetInformationClass=5 [KeySetHandleTagsInformation], KeyInformation=0xb7e220, Length=4 ) => 0
NtQueryValueKey( KeyHandle=0x1a0, ValueName="PreferredUILanguages", KeyValueInformationClass=2 [KeyValuePartialInformation], KeyValueInformation=0x1274778, Length=0xc, ResultLength=0xd7f2bc ) => 0xc0000034 [2 'The system cannot find the file specified.']
NtOpenKeyEx( KeyHandle=0xb7e228, DesiredAccess=KEY_READ, ObjectAttributes="\Registry\Machine\Software\WOW6432Node\Policies\Microsoft\MUI\Settings", OpenOptions=0 ) => 0xc0000034 [2 'The system cannot find the file specified.']
NtQueryInformationToken( TokenHandle=-6, TokenInformationClass=1 [TokenUser], TokenInformation=0xb7eb20, Length=0x58, ReturnLength=0xb7e2f8 [0x2c] ) => 0
NtOpenKeyEx( KeyHandle=0xb7e228 [0x198], DesiredAccess=MAXIMUM_ALLOWED, ObjectAttributes="\REGISTRY\USER\S-1-5-21-1308043059-4034166923-668314741-1000", OpenOptions=0 ) => 0
NtQueryObject( ObjectHandle=0x198, ObjectInformationClass=1 [ObjectNameInformation], ObjectInformation=0xb7e050, Length=0x210, ReturnLength=null ) => 0
NtQueryKey( KeyHandle=0x198, KeyInformationClass=7 [KeyHandleTagsInformation], KeyInformation=0xb7e208, Length=4, ResultLength=0xb7e1a4 [4] ) => 0
NtQueryKey( KeyHandle=0x198, KeyInformationClass=3 [KeyNameInformation], KeyInformation=0x1127270, Length=0x818, ResultLength=0xb7e1a0 [0x7c] ) => 0
NtOpenKeyEx( KeyHandle=0xb7e228 [0x1a0], DesiredAccess=KEY_READ, ObjectAttributes=0x198:"Control Panel\Desktop\MuiCached", OpenOptions=0 ) => 0
NtSetInformationKey( KeyHandle=0x1a0, KeySetInformationClass=5 [KeySetHandleTagsInformation], KeyInformation=0xb7e220, Length=4 ) => 0
NtQueryValueKey( KeyHandle=0x1a0, ValueName="MachinePreferredUILanguages", KeyValueInformationClass=2 [KeyValuePartialInformation], KeyValueInformation=0x12747c0, Length=0xc, ResultLength=0xd7f2bc ) => 0x80000005 [234 'More data is available.']
NtQueryValueKey( KeyHandle=0x1a0, ValueName="MachinePreferredUILanguages", KeyValueInformationClass=2 [KeyValuePartialInformation], KeyValueInformation=0x12775e8, Length=0x18, ResultLength=0xd7f2bc [0x18] ) => 0
NtAllocateVirtualMemory( ProcessHandle=-1, lpAddress=0xb7e2b0 [0x02ee0000], ZeroBits=0x7ffeffff, pSize=0xb7e2a0 [0x00100000], flAllocationType=0x2000, flProtect=4 ) => 0
NtAllocateVirtualMemory( ProcessHandle=-1, lpAddress=0xb7e2b0 [0x02ee0000], ZeroBits=0, pSize=0xb7e2a0 [0x2000], flAllocationType=0x1000, flProtect=4 ) => 0
NtAllocateVirtualMemory( ProcessHandle=-1, lpAddress=0xb7e2b0 [0x02fe0000], ZeroBits=0x7ffeffff, pSize=0xb7e2a0 [0x00501000], flAllocationType=0x2000, flProtect=4 ) => 0
NtAllocateVirtualMemory( ProcessHandle=-1, lpAddress=0xb7e2b0 [0x02fe0000], ZeroBits=0, pSize=0xb7e2a0 [0x4000], flAllocationType=0x1000, flProtect=4 ) => 0
NtAllocateVirtualMemory( ProcessHandle=-1, lpAddress=0xb7e2b0 [0x034f0000], ZeroBits=0x7ffeffff, pSize=0xb7e2a0 [0x00501000], flAllocationType=0x2000, flProtect=4 ) => 0
NtAllocateVirtualMemory( ProcessHandle=-1, lpAddress=0xb7e2b0 [0x034f0000], ZeroBits=0, pSize=0xb7e2a0 [0x4000], flAllocationType=0x1000, flProtect=4 ) => 0
NtAllocateVirtualMemory( ProcessHandle=-1, lpAddress=0xb7e2b0 [0x03a00000], ZeroBits=0x7ffeffff, pSize=0xb7e2a0 [0x00101000], flAllocationType=0x2000, flProtect=4 ) => 0
NtAllocateVirtualMemory( ProcessHandle=-1, lpAddress=0xb7e2b0 [0x03a00000], ZeroBits=0, pSize=0xb7e2a0 [0x1000], flAllocationType=0x1000, flProtect=4 ) => 0
NtAllocateVirtualMemory( ProcessHandle=-1, lpAddress=0xb7e2b0 [0x02e70000], ZeroBits=0x7ffeffff, pSize=0xb7e2a0 [0x00021000], flAllocationType=0x2000, flProtect=4 ) => 0
NtAllocateVirtualMemory( ProcessHandle=-1, lpAddress=0xb7e2b0 [0x02e70000], ZeroBits=0, pSize=0xb7e2a0 [0x1000], flAllocationType=0x1000, flProtect=4 ) => 0
NtAllocateVirtualMemory( ProcessHandle=-1, lpAddress=0xb7e2b0 [0x02ee2000], ZeroBits=0, pSize=0xb7e2a0 [0x5000], flAllocationType=0x1000, flProtect=4 ) => 0
NtAllocateVirtualMemory( ProcessHandle=-1, lpAddress=0xb7e2b0 [0x02ee7000], ZeroBits=0, pSize=0xb7e2a0 [0x1000], flAllocationType=0x1000, flProtect=4 ) => 0
NtAllocateVirtualMemory( ProcessHandle=-1, lpAddress=0xb7e2b0 [0x02ee8000], ZeroBits=0, pSize=0xb7e2a0 [0x2000], flAllocationType=0x1000, flProtect=4 ) => 0
NtAllocateVirtualMemory( ProcessHandle=-1, lpAddress=0xb7e2b0 [0x02eea000], ZeroBits=0, pSize=0xb7e2a0 [0x1000], flAllocationType=0x1000, flProtect=4 ) => 0
NtAllocateVirtualMemory( ProcessHandle=-1, lpAddress=0xb7e2b0 [0x03b10000], ZeroBits=0x7ffeffff, pSize=0xb7e2a0 [0x00100000], flAllocationType=0x2000, flProtect=4 ) => 0
NtAllocateVirtualMemory( ProcessHandle=-1, lpAddress=0xb7e2b0 [0x03b10000], ZeroBits=0, pSize=0xb7e2a0 [0x00010000], flAllocationType=0x1000, flProtect=4 ) => 0
NtAllocateVirtualMemory( ProcessHandle=-1, lpAddress=0xb7e2b0 [0x03c10000], ZeroBits=0x7ffeffff, pSize=0xb7e2a0 [0x04b00000], flAllocationType=0x2000, flProtect=4 ) => 0
NtAllocateVirtualMemory( ProcessHandle=-1, lpAddress=0xb7e2b0 [0x03c10000], ZeroBits=0, pSize=0xb7e2a0 [0x00010000], flAllocationType=0x1000, flProtect=4 ) => 0
NtAllocateVirtualMemory( ProcessHandle=-1, lpAddress=0xb7e2b0 [0x08710000], ZeroBits=0x7ffeffff, pSize=0xb7e2a0 [0x00100000], flAllocationType=0x2000, flProtect=4 ) => 0
NtAllocateVirtualMemory( ProcessHandle=-1, lpAddress=0xb7e2b0 [0x08710000], ZeroBits=0, pSize=0xb7e2a0 [0x8000], flAllocationType=0x1000, flProtect=4 ) => 0
NtAllocateVirtualMemory( ProcessHandle=-1, lpAddress=0xb7e2b0 [0x08810000], ZeroBits=0x7ffeffff, pSize=0xb7e2a0 [0x00100000], flAllocationType=0x2000, flProtect=4 ) => 0
NtAllocateVirtualMemory( ProcessHandle=-1, lpAddress=0xb7e2b0 [0x08810000], ZeroBits=0, pSize=0xb7e2a0 [0x8000], flAllocationType=0x1000, flProtect=4 ) => 0
NtAllocateVirtualMemory( ProcessHandle=-1, lpAddress=0xb7e2b0 [0x08910000], ZeroBits=0x7ffeffff, pSize=0xb7e2a0 [0x00100000], flAllocationType=0x2000, flProtect=4 ) => 0
NtAllocateVirtualMemory( ProcessHandle=-1, lpAddress=0xb7e2b0 [0x08910000], ZeroBits=0, pSize=0xb7e2a0 [0x4000], flAllocationType=0x1000, flProtect=4 ) => 0
NtAllocateVirtualMemory( ProcessHandle=-1, lpAddress=0xb7e2b0 [0x08a10000], ZeroBits=0x7ffeffff, pSize=0xb7e2a0 [0x00100000], flAllocationType=0x2000, flProtect=4 ) => 0
NtAllocateVirtualMemory( ProcessHandle=-1, lpAddress=0xb7e2b0 [0x08a10000], ZeroBits=0, pSize=0xb7e2a0 [0x8000], flAllocationType=0x1000, flProtect=4 ) => 0
NtAllocateVirtualMemory( ProcessHandle=-1, lpAddress=0xb7e2b0 [0x08b10000], ZeroBits=0x7ffeffff, pSize=0xb7e2a0 [0x00100000], flAllocationType=0x2000, flProtect=4 ) => 0
NtAllocateVirtualMemory( ProcessHandle=-1, lpAddress=0xb7e2b0 [0x08b10000], ZeroBits=0, pSize=0xb7e2a0 [0x8000], flAllocationType=0x1000, flProtect=4 ) => 0
NtQueryInformationToken( TokenHandle=-4, TokenInformationClass=0xa [TokenStatistics], TokenInformation=0xb7eb40, Length=0x38, ReturnLength=0xb7e240 [0x38] ) => 0
NtQueryInformationToken( TokenHandle=-4, TokenInformationClass=1 [TokenUser], TokenInformation=0xb7eb20, Length=0x54, ReturnLength=0xb7e2f8 [0x2c] ) => 0
NtAlpcSendWaitReceivePort( PortHandle=0xa8, SendFlags=0x00020000, SendMessage=0xb7ded0 [2 [LPC_REPLY] (40b)], InMessageBuffer=null, ReceiveBuffer=0xb7ded0, ReceiveBufferSize=0xb7de90 [0x50], OutMessageBuffer=null, Timeout=null ) => 0
NtOpenKeyEx( KeyHandle=0xb7e228 [0x198], DesiredAccess=KEY_READ, ObjectAttributes="\Registry\Machine\System\CurrentControlSet\Control\Nls\CustomLocale", OpenOptions=0 ) => 0
NtSetInformationKey( KeyHandle=0x198, KeySetInformationClass=5 [KeySetHandleTagsInformation], KeyInformation=0xb7e220, Length=4 ) => 0
NtQueryValueKey( KeyHandle=0x198, ValueName="ru-RU", KeyValueInformationClass=1 [KeyValueFullInformation], KeyValueInformation=0xd7d8c8, Length=0x214, ResultLength=0xd7d65c ) => 0xc0000034 [2 'The system cannot find the file specified.']
NtOpenKeyEx( KeyHandle=0xb7e228 [0x1a4], DesiredAccess=KEY_READ, ObjectAttributes="\Registry\Machine\System\CurrentControlSet\Control\Nls\ExtendedLocale", OpenOptions=0 ) => 0
NtSetInformationKey( KeyHandle=0x1a4, KeySetInformationClass=5 [KeySetHandleTagsInformation], KeyInformation=0xb7e220, Length=4 ) => 0
NtQueryValueKey( KeyHandle=0x1a4, ValueName="ru-RU", KeyValueInformationClass=1 [KeyValueFullInformation], KeyValueInformation=0xd7d8c8, Length=0x214, ResultLength=0xd7d65c ) => 0xc0000034 [2 'The system cannot find the file specified.']
NtOpenKeyEx( KeyHandle=0xb7e228 [0x1a4], DesiredAccess=KEY_READ, ObjectAttributes="\Registry\Machine\System\CurrentControlSet\Control\Nls\CustomLocale", OpenOptions=0 ) => 0
NtSetInformationKey( KeyHandle=0x1a4, KeySetInformationClass=5 [KeySetHandleTagsInformation], KeyInformation=0xb7e220, Length=4 ) => 0
NtQueryValueKey( KeyHandle=0x1a4, ValueName="en-GB", KeyValueInformationClass=1 [KeyValueFullInformation], KeyValueInformation=0xd7d800, Length=0x214, ResultLength=0xd7d594 ) => 0xc0000034 [2 'The system cannot find the file specified.']
NtOpenKeyEx( KeyHandle=0xb7e228 [0x1a4], DesiredAccess=KEY_READ, ObjectAttributes="\Registry\Machine\System\CurrentControlSet\Control\Nls\ExtendedLocale", OpenOptions=0 ) => 0
NtSetInformationKey( KeyHandle=0x1a4, KeySetInformationClass=5 [KeySetHandleTagsInformation], KeyInformation=0xb7e220, Length=4 ) => 0
NtQueryValueKey( KeyHandle=0x1a4, ValueName="en-GB", KeyValueInformationClass=1 [KeyValueFullInformation], KeyValueInformation=0xd7d800, Length=0x214, ResultLength=0xd7d594 ) => 0xc0000034 [2 'The system cannot find the file specified.']
NtOpenKeyEx( KeyHandle=0xb7e228 [0x1a4], DesiredAccess=KEY_READ, ObjectAttributes="\Registry\Machine\System\CurrentControlSet\Control\Nls\Codepage", OpenOptions=0 ) => 0
NtSetInformationKey( KeyHandle=0x1a4, KeySetInformationClass=5 [KeySetHandleTagsInformation], KeyInformation=0xb7e220, Length=4 ) => 0
NtQueryValueKey( KeyHandle=0x1a4, ValueName="1251", KeyValueInformationClass=1 [KeyValueFullInformation], KeyValueInformation=0xd7d2c0, Length=0x214, ResultLength=0xd7d294 [0x36] ) => 0
NtQueryAttributesFile( ObjectAttributes="\??\C:\Windows\system32\c_1251.nls", Attributes=0xb7e2a8 [ARCHIVE] ) => 0
NtQueryValueKey( KeyHandle=0x1a4, ValueName="1251", KeyValueInformationClass=1 [KeyValueFullInformation], KeyValueInformation=0x1127250, Length=0x214, ResultLength=0xd7d3b0 [0x36] ) => 0
NtQueryAttributesFile( ObjectAttributes="\??\C:\Windows\system32\c_1251.nls", Attributes=0xb7e2a8 [ARCHIVE] ) => 0
NtQueryValueKey( KeyHandle=0x1a4, ValueName="1251", KeyValueInformationClass=1 [KeyValueFullInformation], KeyValueInformation=0xd7d188, Length=0x214, ResultLength=0xd7d15c [0x36] ) => 0
NtQueryAttributesFile( ObjectAttributes="\??\C:\Windows\system32\c_1251.nls", Attributes=0xb7e2a8 [ARCHIVE] ) => 0
NtGetNlsSectionPtr( SectionType=0xb, SectionData=0x4e3, ContextData=null, SectionPointer=0xb7e2b0 [0x02e40000], SectionSize=0xb7e2a8 [0x00011000] ) => 0
NtQueryVolumeInformationFile( FileHandle=0x60, IoStatusBlock=0xb7e2c8 [0/8], FsInformation=0xd7ddf8, Length=8, FsInformationClass=4 [FsDeviceInformation] ) => 0
NtCreateFile( FileHandle=0xb7e280 [0x198], DesiredAccess=SYNCHRONIZE|GENERIC_WRITE|0x80, ObjectAttributes="\??\CONOUT$", IoStatusBlock=0xb7e298 [0/0x0000022018660660], AllocationSize=null, FileAttributes=0, ShareAccess=3, CreateDisposition=1, CreateOptions=0x60, EaBuffer=null, EaLength=0 ) => 0
NtFreeVirtualMemory( ProcessHandle=-1, lpAddress=0xb7e2b0 [0x03c10000], pSize=0xb7e298 [0x04b00000], flFreeType=0x8000 ) => 0
NtFreeVirtualMemory( ProcessHandle=-1, lpAddress=0xb7e2b0 [0x08710000], pSize=0xb7e298 [0x00100000], flFreeType=0x8000 ) => 0
NtFreeVirtualMemory( ProcessHandle=-1, lpAddress=0xb7e2b0 [0x08810000], pSize=0xb7e298 [0x00100000], flFreeType=0x8000 ) => 0
NtFreeVirtualMemory( ProcessHandle=-1, lpAddress=0xb7e2b0 [0x08910000], pSize=0xb7e298 [0x00100000], flFreeType=0x8000 ) => 0
NtFreeVirtualMemory( ProcessHandle=-1, lpAddress=0xb7e2b0 [0x08a10000], pSize=0xb7e298 [0x00100000], flFreeType=0x8000 ) => 0
NtFreeVirtualMemory( ProcessHandle=-1, lpAddress=0xb7e2b0 [0x08b10000], pSize=0xb7e298 [0x00100000], flFreeType=0x8000 ) => 0
NtFreeVirtualMemory( ProcessHandle=-1, lpAddress=0xb7e2b0 [0x03b10000], pSize=0xb7e298 [0x00100000], flFreeType=0x8000 ) => 0
NtFreeVirtualMemory( ProcessHandle=-1, lpAddress=0xb7e2b0 [0x02fe0000], pSize=0xb7e298 [0x00501000], flFreeType=0x8000 ) => 0
NtFreeVirtualMemory( ProcessHandle=-1, lpAddress=0xb7e2b0 [0x034f0000], pSize=0xb7e298 [0x00501000], flFreeType=0x8000 ) => 0
NtFreeVirtualMemory( ProcessHandle=-1, lpAddress=0xb7e2b0 [0x03a00000], pSize=0xb7e298 [0x00101000], flFreeType=0x8000 ) => 0
NtFreeVirtualMemory( ProcessHandle=-1, lpAddress=0xb7e2b0 [0x02e70000], pSize=0xb7e298 [0x00021000], flFreeType=0x8000 ) => 0
NtQueryInformationThread( ThreadHandle=-2, ThreadInformationClass=0x1d [ThreadWow64Context], ThreadInformation=0xb7dd20, Length=0x2cc, ReturnLength=null ) => 0
Exception: e0005031 at 00000000761C0B82 (first chance)
NtQueryInformationProcess( ProcessHandle=-1, ProcessInformationClass=0x22 [ProcessExecuteFlags], ProcessInformation=0xd7d8d8, Length=4, ReturnLength=null ) => 0
NtFreeVirtualMemory( ProcessHandle=-1, lpAddress=0xb7e2b0 [0x02e10000], pSize=0xb7e298 [0x00021000], flFreeType=0x8000 ) => 0
NtQueryInformationThread( ThreadHandle=-2, ThreadInformationClass=0x1d [ThreadWow64Context], ThreadInformation=0xb7dd20, Length=0x2cc, ReturnLength=null ) => 0
6774:651c @ 118014890 - LdrLoadDll - ENTER: DLL name: C:\Program Files (x86)\Microsoft Xbox 360 SDK\bin\win32\c2_orig.dll
NtQueryInformationThread( ThreadHandle=-2, ThreadInformationClass=0x1d [ThreadWow64Context], ThreadInformation=0xb7dd20, Length=0x2cc, ReturnLength=null ) => 0
6774:651c @ 118014890 - LdrpLoadDllInternal - ENTER: DLL name: C:\Program Files (x86)\Microsoft Xbox 360 SDK\bin\win32\c2_orig.dll
NtQueryInformationThread( ThreadHandle=-2, ThreadInformationClass=0x2a [ThreadDynamicCodePolicyInfo], ThreadInformation=0xd7f83c, Length=4, ReturnLength=null ) => 0
NtQueryInformationThread( ThreadHandle=-2, ThreadInformationClass=0x1d [ThreadWow64Context], ThreadInformation=0xb7dd20, Length=0x2cc, ReturnLength=null ) => 0
6774:651c @ 118014890 - LdrpResolveDllName - ENTER: DLL name: C:\Program Files (x86)\Microsoft Xbox 360 SDK\bin\win32\c2_orig.dll
NtQueryAttributesFile( ObjectAttributes="\??\C:\Program Files (x86)\Microsoft Xbox 360 SDK\bin\win32\c2_orig.dll", Attributes=0xb7e2a8 [ARCHIVE] ) => 0
NtQueryInformationThread( ThreadHandle=-2, ThreadInformationClass=0x1d [ThreadWow64Context], ThreadInformation=0xb7dd20, Length=0x2cc, ReturnLength=null ) => 0
6774:651c @ 118014890 - LdrpResolveDllName - RETURN: Status: 0x00000000
NtOpenFile( FileHandle=0xb7e2f8 [0x1a8], DesiredAccess=SYNCHRONIZE|0x21, ObjectAttributes="\??\C:\Program Files (x86)\Microsoft Xbox 360 SDK\bin\win32\c2_orig.dll", IoStatusBlock=0xb7e298 [0/1], ShareAccess=5, OpenOptions=0x60 ) => 0
NtCreateSection( SectionHandle=0xb7e2f8 [0x1b0], DesiredAccess=0xd, ObjectAttributes=null, SectionSize=null, Protect=0x10, Attributes=0x01000000, FileHandle=0x1a8 ) => 0
NtQueryInformationThread( ThreadHandle=-2, ThreadInformationClass=0x1d [ThreadWow64Context], ThreadInformation=0xb7dd20, Length=0x2cc, ReturnLength=null ) => 0
6774:651c @ 118014890 - LdrpMinimalMapModule - ENTER: DLL name: C:\Program Files (x86)\Microsoft Xbox 360 SDK\bin\win32\c2_orig.dll
Loaded DLL at 0000000010B00000 C:\Program Files (x86)\Microsoft Xbox 360 SDK\bin\win32\c2_orig.dll
NtMapViewOfSection( SectionHandle=0x1b0, ProcessHandle=-1, BaseAddress=0xb7e2b0 [0x10b00000], ZeroBits=0x7ffeffff, CommitSize=0, SectionOffset=null, ViewSize=0xb7e260 [0x0017f000], InheritDisposition=1 [ViewShare], AllocationType=0x00800000, Protect=0x80 ) => 0
NtQuerySection( SectionHandle=0x1b0, SectionInformationClass=1 [SectionImageInformation], SectionInformation=0xb7e270, Length=0x40, ReturnLength=null ) => 0
NtQueryVirtualMemory( ProcessHandle=-1, BaseAddress=0x10b00000, MemoryInformationClass=6 [MemoryImageInformation], MemoryInformation=0xb7e180, Length=0x18, ReturnLength=null ) => 0
NtQueryInformationThread( ThreadHandle=-2, ThreadInformationClass=0x1d [ThreadWow64Context], ThreadInformation=0xb7dd20, Length=0x2cc, ReturnLength=null ) => 0
6774:651c @ 118014890 - LdrpMinimalMapModule - RETURN: Status: 0x00000000
NtProtectVirtualMemory( ProcessHandle=-1, BaseAddress=0xb7e2a8 [0x77439000], Size=0xb7e298 [0x3000], NewProtect=4, OldProtect=0xb7e238 [2] ) => 0
NtProtectVirtualMemory( ProcessHandle=-1, BaseAddress=0xb7e2a8 [0x77439000], Size=0xb7e298 [0x3000], NewProtect=2, OldProtect=0xb7e238 [4] ) => 0
NtQueryInformationThread( ThreadHandle=-2, ThreadInformationClass=0x1d [ThreadWow64Context], ThreadInformation=0xb7dd20, Length=0x2cc, ReturnLength=null ) => 0
6774:651c @ 118014890 - LdrpFindDllActivationContext - INFO: Probing for the manifest of DLL "C:\Program Files (x86)\Microsoft Xbox 360 SDK\bin\win32\c2_orig.dll" failed with status 0xc000008a
NtProtectVirtualMemory( ProcessHandle=-1, BaseAddress=0xb7e2a8 [0x10b01000], Size=0xb7e298 [0x1000], NewProtect=4, OldProtect=0xb7e238 [0x20] ) => 0
NtQueryInformationThread( ThreadHandle=-2, ThreadInformationClass=0x1d [ThreadWow64Context], ThreadInformation=0xb7dd20, Length=0x2cc, ReturnLength=null ) => 0
6774:651c @ 118014890 - LdrpFindKnownDll - ENTER: DLL name: OLEAUT32.dll
NtQueryObject( ObjectHandle=0x90, ObjectInformationClass=1 [ObjectNameInformation], ObjectInformation=0xb7e060, Length=0x210, ReturnLength=null ) => 0
NtOpenSection( SectionHandle=0xb7e2f8 [0x1a0], DesiredAccess=0xd, ObjectAttributes=0x90:"OLEAUT32.dll" ) => 0
NtQueryInformationThread( ThreadHandle=-2, ThreadInformationClass=0x1d [ThreadWow64Context], ThreadInformation=0xb7dd20, Length=0x2cc, ReturnLength=null ) => 0
6774:651c @ 118014890 - LdrpFindKnownDll - RETURN: Status: 0x00000000
NtQueryInformationThread( ThreadHandle=-2, ThreadInformationClass=0x1d [ThreadWow64Context], ThreadInformation=0xb7dd20, Length=0x2cc, ReturnLength=null ) => 0
6774:651c @ 118014890 - LdrpMinimalMapModule - ENTER: DLL name: C:\Windows\System32\OLEAUT32.dll
Loaded DLL at 0000000075AE0000 C:\Windows\SysWOW64\OLEAUT32.dll
NtMapViewOfSection( SectionHandle=0x1a0, ProcessHandle=-1, BaseAddress=0xb7e2b0 [0x75ae0000], ZeroBits=0x7ffeffff, CommitSize=0, SectionOffset=null, ViewSize=0xb7e260 [0x00096000], InheritDisposition=1 [ViewShare], AllocationType=0x00800000, Protect=0x80 ) => 0
NtQuerySection( SectionHandle=0x1a0, SectionInformationClass=1 [SectionImageInformation], SectionInformation=0xb7e270, Length=0x40, ReturnLength=null ) => 0
NtQueryVirtualMemory( ProcessHandle=-1, BaseAddress=0x75ae0000, MemoryInformationClass=6 [MemoryImageInformation], MemoryInformation=0xb7e180, Length=0x18, ReturnLength=null ) => 0
NtQueryInformationThread( ThreadHandle=-2, ThreadInformationClass=0x1d [ThreadWow64Context], ThreadInformation=0xb7dd20, Length=0x2cc, ReturnLength=null ) => 0
6774:651c @ 118014890 - LdrpMinimalMapModule - RETURN: Status: 0x00000000
NtProtectVirtualMemory( ProcessHandle=-1, BaseAddress=0xb7e2a8 [0x75b6d000], Size=0xb7e298 [0x1000], NewProtect=2, OldProtect=0xb7e238 [4] ) => 0
NtProtectVirtualMemory( ProcessHandle=-1, BaseAddress=0xb7e2a8 [0x77439000], Size=0xb7e298 [0x3000], NewProtect=4, OldProtect=0xb7e238 [2] ) => 0
NtProtectVirtualMemory( ProcessHandle=-1, BaseAddress=0xb7e2a8 [0x77439000], Size=0xb7e298 [0x3000], NewProtect=2, OldProtect=0xb7e238 [4] ) => 0
NtQueryInformationThread( ThreadHandle=-2, ThreadInformationClass=0x1d [ThreadWow64Context], ThreadInformation=0xb7dd20, Length=0x2cc, ReturnLength=null ) => 0
6774:651c @ 118014890 - LdrpFindDllActivationContext - INFO: Probing for the manifest of DLL "C:\Windows\System32\OLEAUT32.dll" failed with status 0xc000008a
NtProtectVirtualMemory( ProcessHandle=-1, BaseAddress=0xb7e2a8 [0x75b6a000], Size=0xb7e298 [0x1000], NewProtect=4, OldProtect=0xb7e238 [2] ) => 0
NtQueryInformationThread( ThreadHandle=-2, ThreadInformationClass=0x1d [ThreadWow64Context], ThreadInformation=0xb7dd20, Length=0x2cc, ReturnLength=null ) => 0
6774:651c @ 118014890 - LdrpPreprocessDllName - INFO: DLL api-ms-win-crt-string-l1-1-0.dll was redirected to C:\Windows\SYSTEM32\ucrtbase.dll by API set
NtQueryInformationThread( ThreadHandle=-2, ThreadInformationClass=0x1d [ThreadWow64Context], ThreadInformation=0xb7dd20, Length=0x2cc, ReturnLength=null ) => 0
6774:651c @ 118014890 - LdrpPreprocessDllName - INFO: DLL api-ms-win-crt-runtime-l1-1-0.dll was redirected to C:\Windows\SYSTEM32\ucrtbase.dll by API set
NtQueryInformationThread( ThreadHandle=-2, ThreadInformationClass=0x1d [ThreadWow64Context], ThreadInformation=0xb7dd20, Length=0x2cc, ReturnLength=null ) => 0
6774:651c @ 118014890 - LdrpPreprocessDllName - INFO: DLL api-ms-win-crt-private-l1-1-0.dll was redirected to C:\Windows\SYSTEM32\ucrtbase.dll by API set
NtQueryInformationThread( ThreadHandle=-2, ThreadInformationClass=0x1d [ThreadWow64Context], ThreadInformation=0xb7dd20, Length=0x2cc, ReturnLength=null ) => 0
6774:651c @ 118014890 - LdrpPreprocessDllName - INFO: DLL api-ms-win-core-registry-l1-1-0.dll was redirected to C:\Windows\SYSTEM32\kernelbase.dll by API set
NtQueryInformationThread( ThreadHandle=-2, ThreadInformationClass=0x1d [ThreadWow64Context], ThreadInformation=0xb7dd20, Length=0x2cc, ReturnLength=null ) => 0
6774:651c @ 118014890 - LdrpPreprocessDllName - INFO: DLL api-ms-win-core-localization-l1-2-0.dll was redirected to C:\Windows\SYSTEM32\kernelbase.dll by API set
NtQueryInformationThread( ThreadHandle=-2, ThreadInformationClass=0x1d [ThreadWow64Context], ThreadInformation=0xb7dd20, Length=0x2cc, ReturnLength=null ) => 0
6774:651c @ 118014890 - LdrpPreprocessDllName - INFO: DLL api-ms-win-core-synch-l1-1-0.dll was redirected to C:\Windows\SYSTEM32\kernelbase.dll by API set
NtQueryInformationThread( ThreadHandle=-2, ThreadInformationClass=0x1d [ThreadWow64Context], ThreadInformation=0xb7dd20, Length=0x2cc, ReturnLength=null ) => 0
6774:651c @ 118014890 - LdrpPreprocessDllName - INFO: DLL api-ms-win-core-string-l1-1-0.dll was redirected to C:\Windows\SYSTEM32\kernelbase.dll by API set
NtQueryInformationThread( ThreadHandle=-2, ThreadInformationClass=0x1d [ThreadWow64Context], ThreadInformation=0xb7dd20, Length=0x2cc, ReturnLength=null ) => 0
6774:651c @ 118014890 - LdrpPreprocessDllName - INFO: DLL api-ms-win-core-processthreads-l1-1-0.dll was redirected to C:\Windows\SYSTEM32\kernel32.dll by API set
NtQueryInformationThread( ThreadHandle=-2, ThreadInformationClass=0x1d [ThreadWow64Context], ThreadInformation=0xb7dd20, Length=0x2cc, ReturnLength=null ) => 0
6774:651c @ 118014890 - LdrpPreprocessDllName - INFO: DLL api-ms-win-core-heap-l1-1-0.dll was redirected to C:\Windows\SYSTEM32\kernelbase.dll by API set
NtQueryInformationThread( ThreadHandle=-2, ThreadInformationClass=0x1d [ThreadWow64Context], ThreadInformation=0xb7dd20, Length=0x2cc, ReturnLength=null ) => 0
6774:651c @ 118014890 - LdrpPreprocessDllName - INFO: DLL api-ms-win-core-libraryloader-l1-2-0.dll was redirected to C:\Windows\SYSTEM32\kernelbase.dll by API set
NtQueryInformationThread( ThreadHandle=-2, ThreadInformationClass=0x1d [ThreadWow64Context], ThreadInformation=0xb7dd20, Length=0x2cc, ReturnLength=null ) => 0
6774:651c @ 118014890 - LdrpPreprocessDllName - INFO: DLL api-ms-win-core-debug-l1-1-0.dll was redirected to C:\Windows\SYSTEM32\kernelbase.dll by API set
NtQueryInformationThread( ThreadHandle=-2, ThreadInformationClass=0x1d [ThreadWow64Context], ThreadInformation=0xb7dd20, Length=0x2cc, ReturnLength=null ) => 0
6774:651c @ 118014890 - LdrpPreprocessDllName - INFO: DLL api-ms-win-core-errorhandling-l1-1-0.dll was redirected to C:\Windows\SYSTEM32\kernelbase.dll by API set
NtQueryInformationThread( ThreadHandle=-2, ThreadInformationClass=0x1d [ThreadWow64Context], ThreadInformation=0xb7dd20, Length=0x2cc, ReturnLength=null ) => 0
6774:651c @ 118014890 - LdrpPreprocessDllName - INFO: DLL api-ms-win-core-processenvironment-l1-1-0.dll was redirected to C:\Windows\SYSTEM32\kernelbase.dll by API set
NtQueryInformationThread( ThreadHandle=-2, ThreadInformationClass=0x1d [ThreadWow64Context], ThreadInformation=0xb7dd20, Length=0x2cc, ReturnLength=null ) => 0
6774:651c @ 118014890 - LdrpPreprocessDllName - INFO: DLL api-ms-win-core-file-l1-1-0.dll was redirected to C:\Windows\SYSTEM32\kernelbase.dll by API set
NtQueryInformationThread( ThreadHandle=-2, ThreadInformationClass=0x1d [ThreadWow64Context], ThreadInformation=0xb7dd20, Length=0x2cc, ReturnLength=null ) => 0
6774:651c @ 118014890 - LdrpPreprocessDllName - INFO: DLL api-ms-win-core-wow64-l1-1-0.dll was redirected to C:\Windows\SYSTEM32\kernelbase.dll by API set
NtQueryInformationThread( ThreadHandle=-2, ThreadInformationClass=0x1d [ThreadWow64Context], ThreadInformation=0xb7dd20, Length=0x2cc, ReturnLength=null ) => 0
6774:651c @ 118014890 - LdrpPreprocessDllName - INFO: DLL api-ms-win-core-memory-l1-1-0.dll was redirected to C:\Windows\SYSTEM32\kernelbase.dll by API set
NtQueryInformationThread( ThreadHandle=-2, ThreadInformationClass=0x1d [ThreadWow64Context], ThreadInformation=0xb7dd20, Length=0x2cc, ReturnLength=null ) => 0
6774:651c @ 118014890 - LdrpPreprocessDllName - INFO: DLL api-ms-win-core-sysinfo-l1-1-0.dll was redirected to C:\Windows\SYSTEM32\kernelbase.dll by API set
NtQueryInformationThread( ThreadHandle=-2, ThreadInformationClass=0x1d [ThreadWow64Context], ThreadInformation=0xb7dd20, Length=0x2cc, ReturnLength=null ) => 0
6774:651c @ 118014890 - LdrpPreprocessDllName - INFO: DLL api-ms-win-core-handle-l1-1-0.dll was redirected to C:\Windows\SYSTEM32\kernelbase.dll by API set
NtQueryInformationThread( ThreadHandle=-2, ThreadInformationClass=0x1d [ThreadWow64Context], ThreadInformation=0xb7dd20, Length=0x2cc, ReturnLength=null ) => 0
6774:651c @ 118014890 - LdrpPreprocessDllName - INFO: DLL api-ms-win-core-localization-l2-1-0.dll was redirected to C:\Windows\SYSTEM32\kernelbase.dll by API set
NtQueryInformationThread( ThreadHandle=-2, ThreadInformationClass=0x1d [ThreadWow64Context], ThreadInformation=0xb7dd20, Length=0x2cc, ReturnLength=null ) => 0
6774:651c @ 118014890 - LdrpPreprocessDllName - INFO: DLL api-ms-win-security-base-l1-1-0.dll was redirected to C:\Windows\SYSTEM32\kernelbase.dll by API set
NtQueryInformationThread( ThreadHandle=-2, ThreadInformationClass=0x1d [ThreadWow64Context], ThreadInformation=0xb7dd20, Length=0x2cc, ReturnLength=null ) => 0
6774:651c @ 118014890 - LdrpPreprocessDllName - INFO: DLL api-ms-win-core-datetime-l1-1-0.dll was redirected to C:\Windows\SYSTEM32\kernelbase.dll by API set
NtQueryInformationThread( ThreadHandle=-2, ThreadInformationClass=0x1d [ThreadWow64Context], ThreadInformation=0xb7dd20, Length=0x2cc, ReturnLength=null ) => 0
6774:651c @ 118014890 - LdrpPreprocessDllName - INFO: DLL api-ms-win-core-wow64-l1-1-1.dll was redirected to C:\Windows\SYSTEM32\kernelbase.dll by API set
NtQueryInformationThread( ThreadHandle=-2, ThreadInformationClass=0x1d [ThreadWow64Context], ThreadInformation=0xb7dd20, Length=0x2cc, ReturnLength=null ) => 0
6774:651c @ 118014890 - LdrpPreprocessDllName - INFO: DLL api-ms-win-core-synch-l1-2-0.dll was redirected to C:\Windows\SYSTEM32\kernelbase.dll by API set
NtQueryInformationThread( ThreadHandle=-2, ThreadInformationClass=0x1d [ThreadWow64Context], ThreadInformation=0xb7dd20, Length=0x2cc, ReturnLength=null ) => 0
6774:651c @ 118014890 - LdrpPreprocessDllName - INFO: DLL api-ms-win-core-processthreads-l1-1-1.dll was redirected to C:\Windows\SYSTEM32\kernel32.dll by API set
NtQueryInformationThread( ThreadHandle=-2, ThreadInformationClass=0x1d [ThreadWow64Context], ThreadInformation=0xb7dd20, Length=0x2cc, ReturnLength=null ) => 0
6774:651c @ 118014890 - LdrpPreprocessDllName - INFO: DLL api-ms-win-core-profile-l1-1-0.dll was redirected to C:\Windows\SYSTEM32\kernelbase.dll by API set
NtQueryInformationThread( ThreadHandle=-2, ThreadInformationClass=0x1d [ThreadWow64Context], ThreadInformation=0xb7dd20, Length=0x2cc, ReturnLength=null ) => 0
6774:651c @ 118014890 - LdrpPreprocessDllName - INFO: DLL api-ms-win-core-interlocked-l1-1-0.dll was redirected to C:\Windows\SYSTEM32\kernelbase.dll by API set
NtQueryInformationThread( ThreadHandle=-2, ThreadInformationClass=0x1d [ThreadWow64Context], ThreadInformation=0xb7dd20, Length=0x2cc, ReturnLength=null ) => 0
6774:651c @ 118014890 - LdrpPreprocessDllName - INFO: DLL api-ms-win-core-kernel32-private-l1-1-0.dll was redirected to C:\Windows\SYSTEM32\kernel32.dll by API set
NtQueryInformationThread( ThreadHandle=-2, ThreadInformationClass=0x1d [ThreadWow64Context], ThreadInformation=0xb7dd20, Length=0x2cc, ReturnLength=null ) => 0
6774:651c @ 118014890 - LdrpPreprocessDllName - INFO: DLL api-ms-win-core-localization-private-l1-1-0.dll was redirected to C:\Windows\SYSTEM32\kernelbase.dll by API set
NtQueryInformationThread( ThreadHandle=-2, ThreadInformationClass=0x1d [ThreadWow64Context], ThreadInformation=0xb7dd20, Length=0x2cc, ReturnLength=null ) => 0
6774:651c @ 118014890 - LdrpPreprocessDllName - INFO: DLL api-ms-win-core-processenvironment-l1-2-0.dll was redirected to C:\Windows\SYSTEM32\kernelbase.dll by API set
NtQueryInformationThread( ThreadHandle=-2, ThreadInformationClass=0x1d [ThreadWow64Context], ThreadInformation=0xb7dd20, Length=0x2cc, ReturnLength=null ) => 0
6774:651c @ 118014890 - LdrpPreprocessDllName - INFO: DLL api-ms-win-core-delayload-l1-1-1.dll was redirected to C:\Windows\SYSTEM32\kernelbase.dll by API set
NtQueryInformationThread( ThreadHandle=-2, ThreadInformationClass=0x1d [ThreadWow64Context], ThreadInformation=0xb7dd20, Length=0x2cc, ReturnLength=null ) => 0
6774:651c @ 118014890 - LdrpPreprocessDllName - INFO: DLL api-ms-win-core-delayload-l1-1-0.dll was redirected to C:\Windows\SYSTEM32\kernelbase.dll by API set
NtQueryInformationThread( ThreadHandle=-2, ThreadInformationClass=0x1d [ThreadWow64Context], ThreadInformation=0xb7dd20, Length=0x2cc, ReturnLength=null ) => 0
6774:651c @ 118014890 - LdrpPreprocessDllName - INFO: DLL api-ms-win-core-apiquery-l1-1-0.dll was redirected to C:\Windows\SYSTEM32\ntdll.dll by API set
NtWaitForWorkViaWorkerFactory( WorkerFactoryHandle=0xc8, MiniPacket=0xbdeae0 ) => 0
NtQueryInformationThread( ThreadHandle=-2, ThreadInformationClass=0x1d [ThreadWow64Context], ThreadInformation=0xb7dd20, Length=0x2cc, ReturnLength=null ) => 0
6774:651c @ 118014890 - LdrpFindKnownDll - ENTER: DLL name: MSDISXXX.DLL
NtQueryObject( ObjectHandle=0x90, ObjectInformationClass=1 [ObjectNameInformation], ObjectInformation=0xb7e060, Length=0x210, ReturnLength=null ) => 0
NtOpenSection( SectionHandle=0xb7e2f8, DesiredAccess=0xd, ObjectAttributes=0x90:"MSDISXXX.DLL" ) => 0xc0000034 [2 'The system cannot find the file specified.']
NtQueryInformationThread( ThreadHandle=-2, ThreadInformationClass=0x1d [ThreadWow64Context], ThreadInformation=0xb7dd20, Length=0x2cc, ReturnLength=null ) => 0
6774:651c @ 118014890 - LdrpFindKnownDll - RETURN: Status: 0xc0000135
NtWaitForWorkViaWorkerFactory( WorkerFactoryHandle=0xc8, MiniPacket=0x110efe0 ) => 0
NtQueryInformationThread( ThreadHandle=-2, ThreadInformationClass=0x1d [ThreadWow64Context], ThreadInformation=0x110e380, Length=0x2cc, ReturnLength=null ) => 0
6774:23f8 @ 118014890 - LdrpSearchPath - ENTER: DLL name: MSDISXXX.DLL
NtQueryInformationThread( ThreadHandle=-2, ThreadInformationClass=0x1d [ThreadWow64Context], ThreadInformation=0xb7dd20, Length=0x2cc, ReturnLength=null ) => 0
6774:651c @ 118014890 - LdrpFindKnownDll - ENTER: DLL name: msobjXX.dll
NtQueryObject( ObjectHandle=0x90, ObjectInformationClass=1 [ObjectNameInformation], ObjectInformation=0xb7e060, Length=0x210, ReturnLength=null ) => 0
NtOpenSection( SectionHandle=0xb7e2f8, DesiredAccess=0xd, ObjectAttributes=0x90:"msobjXX.dll" ) => 0xc0000034 [2 'The system cannot find the file specified.']
NtQueryInformationThread( ThreadHandle=-2, ThreadInformationClass=0x1d [ThreadWow64Context], ThreadInformation=0x110e380, Length=0x2cc, ReturnLength=null ) => 0
6774:23f8 @ 118014890 - LdrpComputeLazyDllPath - INFO: DLL search path computed: C:\Program Files (x86)\Microsoft Xbox 360 SDK\bin\win32;C:\Users\MobSlicer152\source\repos\misc;C:\Windows\SYSTEM32
NtQueryInformationThread( ThreadHandle=-2, ThreadInformationClass=0x1d [ThreadWow64Context], ThreadInformation=0x110e380, Length=0x2cc, ReturnLength=null ) => 0
NtQueryInformationThread( ThreadHandle=-2, ThreadInformationClass=0x1d [ThreadWow64Context], ThreadInformation=0xb7dd20, Length=0x2cc, ReturnLength=null ) => 0
NtQueryInformationThread( ThreadHandle=-2, ThreadInformationClass=0x1d [ThreadWow64Context], ThreadInformation=0xbdde80, Length=0x2cc, ReturnLength=null ) => 0
6774:651c @ 118014890 - LdrpFindKnownDll - RETURN: Status: 0xc0000135
NtWaitForWorkViaWorkerFactory( WorkerFactoryHandle=0xc8, MiniPacket=0x11de9a0 ) => 0
6774:23f8 @ 118014890 - LdrpResolveDllName - ENTER: DLL name: C:\Program Files (x86)\Microsoft Xbox 360 SDK\bin\win32\MSDISXXX.DLL
6774:6054 @ 118014890 - LdrpGetProcedureAddress - INFO: Locating procedure "RtlEnterCriticalSection" by name
NtQueryInformationThread( ThreadHandle=-2, ThreadInformationClass=0x1d [ThreadWow64Context], ThreadInformation=0x11ddd40, Length=0x2cc, ReturnLength=null ) => 0
6774:6ca8 @ 118014890 - LdrpSearchPath - ENTER: DLL name: msobjXX.dll
NtQueryInformationThread( ThreadHandle=-2, ThreadInformationClass=0x1d [ThreadWow64Context], ThreadInformation=0x11ddd40, Length=0x2cc, ReturnLength=null ) => 0
NtQueryInformationThread( ThreadHandle=-2, ThreadInformationClass=0x1d [ThreadWow64Context], ThreadInformation=0xbdde80, Length=0x2cc, ReturnLength=null ) => 0
6774:6ca8 @ 118014890 - LdrpResolveDllName - ENTER: DLL name: C:\Program Files (x86)\Microsoft Xbox 360 SDK\bin\win32\msobjXX.dll
6774:6054 @ 118014890 - LdrpGetProcedureAddress - INFO: Locating procedure "RtlDeleteCriticalSection" by name
NtQueryInformationThread( ThreadHandle=-2, ThreadInformationClass=0x1d [ThreadWow64Context], ThreadInformation=0xb7dd20, Length=0x2cc, ReturnLength=null ) => 0
6774:651c @ 118014890 - LdrpFindKnownDll - ENTER: DLL name: pgodb100.dll
NtQueryObject( ObjectHandle=0x90, ObjectInformationClass=1 [ObjectNameInformation], ObjectInformation=0xb7e060, Length=0x210, ReturnLength=null ) => 0
NtOpenSection( SectionHandle=0xb7e2f8, DesiredAccess=0xd, ObjectAttributes=0x90:"pgodb100.dll" ) => 0xc0000034 [2 'The system cannot find the file specified.']
NtQueryInformationThread( ThreadHandle=-2, ThreadInformationClass=0x1d [ThreadWow64Context], ThreadInformation=0xb7dd20, Length=0x2cc, ReturnLength=null ) => 0
6774:651c @ 118014890 - LdrpFindKnownDll - RETURN: Status: 0xc0000135
NtQueryAttributesFile( ObjectAttributes="\??\C:\Program Files (x86)\Microsoft Xbox 360 SDK\bin\win32\msobjXX.dll", Attributes=0x11de2c8 [NORMAL] ) => 0
NtQueryInformationThread( ThreadHandle=-2, ThreadInformationClass=0x1d [ThreadWow64Context], ThreadInformation=0xbdde80, Length=0x2cc, ReturnLength=null ) => 0
NtQueryInformationThread( ThreadHandle=-2, ThreadInformationClass=0x1d [ThreadWow64Context], ThreadInformation=0x11ddd40, Length=0x2cc, ReturnLength=null ) => 0
6774:6ca8 @ 118014890 - LdrpResolveDllName - RETURN: Status: 0x00000000
6774:6054 @ 118014890 - LdrpGetProcedureAddress - INFO: Locating procedure "RtlLeaveCriticalSection" by name
NtQueryAttributesFile( ObjectAttributes="\??\C:\Program Files (x86)\Microsoft Xbox 360 SDK\bin\win32\MSDISXXX.DLL", Attributes=0x110e908 [NORMAL] ) => 0
NtQueryInformationThread( ThreadHandle=-2, ThreadInformationClass=0x1d [ThreadWow64Context], ThreadInformation=0x11ddd40, Length=0x2cc, ReturnLength=null ) => 0
NtQueryInformationThread( ThreadHandle=-2, ThreadInformationClass=0x1d [ThreadWow64Context], ThreadInformation=0x110e380, Length=0x2cc, ReturnLength=null ) => 0
6774:6ca8 @ 118014890 - LdrpSearchPath - RETURN: Status: 0x00000000
6774:23f8 @ 118014890 - LdrpResolveDllName - RETURN: Status: 0x00000000
NtQueryInformationThread( ThreadHandle=-2, ThreadInformationClass=0x1d [ThreadWow64Context], ThreadInformation=0xbdde80, Length=0x2cc, ReturnLength=null ) => 0
NtQueryInformationThread( ThreadHandle=-2, ThreadInformationClass=0x1d [ThreadWow64Context], ThreadInformation=0x110e380, Length=0x2cc, ReturnLength=null ) => 0
6774:6054 @ 118014890 - LdrpGetProcedureAddress - INFO: Locating procedure "RtlInitializeCriticalSection" by name
6774:23f8 @ 118014890 - LdrpSearchPath - RETURN: Status: 0x00000000
NtOpenFile( FileHandle=0x11de318 [0x1a8], DesiredAccess=SYNCHRONIZE|0x21, ObjectAttributes="\??\C:\Program Files (x86)\Microsoft Xbox 360 SDK\bin\win32\msobjXX.dll", IoStatusBlock=0x11de2b8 [0/1], ShareAccess=5, OpenOptions=0x60 ) => 0
NtQueryInformationThread( ThreadHandle=-2, ThreadInformationClass=0x1d [ThreadWow64Context], ThreadInformation=0xbdde80, Length=0x2cc, ReturnLength=null ) => 0
6774:6054 @ 118014890 - LdrpPreprocessDllName - INFO: DLL api-ms-win-core-processthreads-l1-1-0 was redirected to C:\Windows\SYSTEM32\kernelbase.dll by API set
NtCreateSection( SectionHandle=0x11de318 [0x1b0], DesiredAccess=0xd, ObjectAttributes=null, SectionSize=null, Protect=0x10, Attributes=0x01000000, FileHandle=0x1a8 ) => 0
NtQueryInformationThread( ThreadHandle=-2, ThreadInformationClass=0x1d [ThreadWow64Context], ThreadInformation=0xb7dd20, Length=0x2cc, ReturnLength=null ) => 0
NtQueryInformationThread( ThreadHandle=-2, ThreadInformationClass=0x1d [ThreadWow64Context], ThreadInformation=0x11ddd40, Length=0x2cc, ReturnLength=null ) => 0
6774:6ca8 @ 118014890 - LdrpMinimalMapModule - ENTER: DLL name: C:\Program Files (x86)\Microsoft Xbox 360 SDK\bin\win32\msobjXX.dll
NtQueryInformationThread( ThreadHandle=-2, ThreadInformationClass=0x1d [ThreadWow64Context], ThreadInformation=0xbdde80, Length=0x2cc, ReturnLength=null ) => 0
6774:6054 @ 118014890 - LdrpGetProcedureAddress - INFO: Locating procedure "SetThreadToken" by name
NtOpenFile( FileHandle=0x110e958 [0x1b4], DesiredAccess=SYNCHRONIZE|0x21, ObjectAttributes="\??\C:\Program Files (x86)\Microsoft Xbox 360 SDK\bin\win32\MSDISXXX.DLL", IoStatusBlock=0x110e8f8 [0/1], ShareAccess=5, OpenOptions=0x60 ) => 0
6774:651c @ 118014890 - LdrpSearchPath - ENTER: DLL name: pgodb100.dll
NtCreateSection( SectionHandle=0x110e958 [0x1b8], DesiredAccess=0xd, ObjectAttributes=null, SectionSize=null, Protect=0x10, Attributes=0x01000000, FileHandle=0x1b4 ) => 0
NtQueryInformationThread( ThreadHandle=-2, ThreadInformationClass=0x1d [ThreadWow64Context], ThreadInformation=0xbdde80, Length=0x2cc, ReturnLength=null ) => 0
6774:6054 @ 118014890 - LdrpPreprocessDllName - INFO: DLL api-ms-win-core-processthreads-l1-1-0 was redirected to C:\Windows\SYSTEM32\kernelbase.dll by API set
NtQueryInformationThread( ThreadHandle=-2, ThreadInformationClass=0x1d [ThreadWow64Context], ThreadInformation=0x110e380, Length=0x2cc, ReturnLength=null ) => 0
NtQueryInformationThread( ThreadHandle=-2, ThreadInformationClass=0x1d [ThreadWow64Context], ThreadInformation=0xb7dd20, Length=0x2cc, ReturnLength=null ) => 0
6774:23f8 @ 118014890 - LdrpMinimalMapModule - ENTER: DLL name: C:\Program Files (x86)\Microsoft Xbox 360 SDK\bin\win32\MSDISXXX.DLL
Loaded DLL at 0000000010350000 C:\Program Files (x86)\Microsoft Xbox 360 SDK\bin\win32\msobjXX.dll
NtMapViewOfSection( SectionHandle=0x1b0, ProcessHandle=-1, BaseAddress=0x11de2d0 [0x10350000], ZeroBits=0x7ffeffff, CommitSize=0, SectionOffset=null, ViewSize=0x11de280 [0x00011000], InheritDisposition=1 [ViewShare], AllocationType=0x00800000, Protect=0x80 ) => 0
NtQuerySection( SectionHandle=0x1b0, SectionInformationClass=1 [SectionImageInformation], SectionInformation=0x11de290, Length=0x40, ReturnLength=null ) => 0
NtQueryVirtualMemory( ProcessHandle=-1, BaseAddress=0x10350000, MemoryInformationClass=6 [MemoryImageInformation], MemoryInformation=0x11de1a0, Length=0x18, ReturnLength=null ) => 0
6774:651c @ 118014890 - LdrpResolveDllName - ENTER: DLL name: C:\Program Files (x86)\Microsoft Xbox 360 SDK\bin\win32\pgodb100.dll
NtQueryInformationThread( ThreadHandle=-2, ThreadInformationClass=0x1d [ThreadWow64Context], ThreadInformation=0x11ddd40, Length=0x2cc, ReturnLength=null ) => 0
NtQueryInformationThread( ThreadHandle=-2, ThreadInformationClass=0x1d [ThreadWow64Context], ThreadInformation=0xbdde80, Length=0x2cc, ReturnLength=null ) => 0
6774:6054 @ 118014890 - LdrpGetProcedureAddress - INFO: Locating procedure "OpenProcessToken" by name
6774:6ca8 @ 118014890 - LdrpMinimalMapModule - RETURN: Status: 0x00000000
NtProtectVirtualMemory( ProcessHandle=-1, BaseAddress=0x11de2c8 [0x77439000], Size=0x11de2b8 [0x3000], NewProtect=4, OldProtect=0x11de258 [2] ) => 0
NtQueryInformationThread( ThreadHandle=-2, ThreadInformationClass=0x1d [ThreadWow64Context], ThreadInformation=0xbdde80, Length=0x2cc, ReturnLength=null ) => 0
NtProtectVirtualMemory( ProcessHandle=-1, BaseAddress=0x11de2c8 [0x77439000], Size=0x11de2b8 [0x3000], NewProtect=2, OldProtect=0x11de258 [4] ) => 0
6774:6054 @ 118014890 - LdrpPreprocessDllName - INFO: DLL api-ms-win-core-processthreads-l1-1-0 was redirected to C:\Windows\SYSTEM32\kernelbase.dll by API set
NtQueryInformationThread( ThreadHandle=-2, ThreadInformationClass=0x1d [ThreadWow64Context], ThreadInformation=0x11ddd40, Length=0x2cc, ReturnLength=null ) => 0
6774:6ca8 @ 118014890 - LdrpFindDllActivationContext - INFO: Probing for the manifest of DLL "C:\Program Files (x86)\Microsoft Xbox 360 SDK\bin\win32\msobjXX.dll" failed with status 0xc000008a
Loaded DLL at 0000000011200000 C:\Program Files (x86)\Microsoft Xbox 360 SDK\bin\win32\MSDISXXX.DLL
NtMapViewOfSection( SectionHandle=0x1b8, ProcessHandle=-1, BaseAddress=0x110e910 [0x11200000], ZeroBits=0x7ffeffff, CommitSize=0, SectionOffset=null, ViewSize=0x110e8c0 [0x00018000], InheritDisposition=1 [ViewShare], AllocationType=0x00800000, Protect=0x80 ) => 0
NtQuerySection( SectionHandle=0x1b8, SectionInformationClass=1 [SectionImageInformation], SectionInformation=0x110e8d0, Length=0x40, ReturnLength=null ) => 0
NtProtectVirtualMemory( ProcessHandle=-1, BaseAddress=0x11de2c8 [0x10351000], Size=0x11de2b8 [0x1000], NewProtect=4, OldProtect=0x11de258 [0x20] ) => 0
NtQueryVirtualMemory( ProcessHandle=-1, BaseAddress=0x11200000, MemoryInformationClass=6 [MemoryImageInformation], MemoryInformation=0x110e7e0, Length=0x18, ReturnLength=null ) => 0
NtQueryInformationThread( ThreadHandle=-2, ThreadInformationClass=0x1d [ThreadWow64Context], ThreadInformation=0xbdde80, Length=0x2cc, ReturnLength=null ) => 0
NtQueryInformationThread( ThreadHandle=-2, ThreadInformationClass=0x1d [ThreadWow64Context], ThreadInformation=0x110e380, Length=0x2cc, ReturnLength=null ) => 0
6774:23f8 @ 118014890 - LdrpMinimalMapModule - RETURN: Status: 0x00000000
6774:6054 @ 118014890 - LdrpGetProcedureAddress - INFO: Locating procedure "OpenThreadToken" by name
NtProtectVirtualMemory( ProcessHandle=-1, BaseAddress=0x110e908 [0x77439000], Size=0x110e8f8 [0x3000], NewProtect=4, OldProtect=0x110e898 [2] ) => 0
NtQueryInformationThread( ThreadHandle=-2, ThreadInformationClass=0x1d [ThreadWow64Context], ThreadInformation=0xbdde80, Length=0x2cc, ReturnLength=null ) => 0
NtQueryInformationThread( ThreadHandle=-2, ThreadInformationClass=0x1d [ThreadWow64Context], ThreadInformation=0x11ddd40, Length=0x2cc, ReturnLength=null ) => 0
6774:6054 @ 118014890 - LdrpGetProcedureAddress - INFO: Locating procedure "RtlAllocateHeap" by name
NtProtectVirtualMemory( ProcessHandle=-1, BaseAddress=0x110e908 [0x77439000], Size=0x110e8f8 [0x3000], NewProtect=2, OldProtect=0x110e898 [4] ) => 0
6774:6ca8 @ 118014890 - LdrpGetProcedureAddress - INFO: Locating procedure "RtlDecodePointer" by name
NtQueryInformationThread( ThreadHandle=-2, ThreadInformationClass=0x1d [ThreadWow64Context], ThreadInformation=0x11ddd40, Length=0x2cc, ReturnLength=null ) => 0
NtQueryInformationThread( ThreadHandle=-2, ThreadInformationClass=0x1d [ThreadWow64Context], ThreadInformation=0x110e380, Length=0x2cc, ReturnLength=null ) => 0
6774:6ca8 @ 118014890 - LdrpGetProcedureAddress - INFO: Locating procedure "RtlEncodePointer" by name
6774:23f8 @ 118014890 - LdrpFindDllActivationContext - INFO: Probing for the manifest of DLL "C:\Program Files (x86)\Microsoft Xbox 360 SDK\bin\win32\MSDISXXX.DLL" failed with status 0xc000008a
NtProtectVirtualMemory( ProcessHandle=-1, BaseAddress=0x110e908 [0x11201000], Size=0x110e8f8 [0x1000], NewProtect=4, OldProtect=0x110e898 [0x20] ) => 0
NtQueryInformationThread( ThreadHandle=-2, ThreadInformationClass=0x1d [ThreadWow64Context], ThreadInformation=0x11ddd40, Length=0x2cc, ReturnLength=null ) => 0
NtQueryInformationThread( ThreadHandle=-2, ThreadInformationClass=0x1d [ThreadWow64Context], ThreadInformation=0xbdde80, Length=0x2cc, ReturnLength=null ) => 0
6774:6ca8 @ 118014890 - LdrpGetProcedureAddress - INFO: Locating procedure "RtlAllocateHeap" by name
NtProtectVirtualMemory( ProcessHandle=-1, BaseAddress=0x11de2c8 [0x10351000], Size=0x11de2b8 [0x1000], NewProtect=0x20, OldProtect=0x11de258 [4] ) => 0
6774:6054 @ 118014890 - LdrpGetProcedureAddress - INFO: Locating procedure "RtlFreeHeap" by name
NtQueryInformationThread( ThreadHandle=-2, ThreadInformationClass=0x1d [ThreadWow64Context], ThreadInformation=0xbdde80, Length=0x2cc, ReturnLength=null ) => 0
6774:6054 @ 118014890 - LdrpGetProcedureAddress - INFO: Locating procedure "RtlSetLastWin32Error" by name
NtWaitForWorkViaWorkerFactory( WorkerFactoryHandle=0xc8, MiniPacket=0x110efe0 ) => 0
NtQueryInformationThread( ThreadHandle=-2, ThreadInformationClass=0x1d [ThreadWow64Context], ThreadInformation=0xbdde80, Length=0x2cc, ReturnLength=null ) => 0
6774:6054 @ 118014906 - LdrpGetProcedureAddress - INFO: Locating procedure "RtlRunOnceInitialize" by name
NtQueryInformationThread( ThreadHandle=-2, ThreadInformationClass=0x1d [ThreadWow64Context], ThreadInformation=0x11ddd40, Length=0x2cc, ReturnLength=null ) => 0
NtQueryInformationThread( ThreadHandle=-2, ThreadInformationClass=0x1d [ThreadWow64Context], ThreadInformation=0xbdde80, Length=0x2cc, ReturnLength=null ) => 0
6774:6054 @ 118014906 - LdrpGetProcedureAddress - INFO: Locating procedure "RtlQueryPerformanceCounter" by name
6774:6ca8 @ 118014906 - LdrpGetProcedureAddress - INFO: Locating procedure "RtlDecodePointer" by name
NtQueryInformationThread( ThreadHandle=-2, ThreadInformationClass=0x1d [ThreadWow64Context], ThreadInformation=0x11ddd40, Length=0x2cc, ReturnLength=null ) => 0
6774:6ca8 @ 118014906 - LdrpGetProcedureAddress - INFO: Locating procedure "RtlEncodePointer" by name
NtQueryInformationThread( ThreadHandle=-2, ThreadInformationClass=0x1d [ThreadWow64Context], ThreadInformation=0xbdde80, Length=0x2cc, ReturnLength=null ) => 0
6774:6054 @ 118014906 - LdrpGetProcedureAddress - INFO: Locating procedure "RtlInitializeSListHead" by name
NtProtectVirtualMemory( ProcessHandle=-1, BaseAddress=0x11de2c8 [0x11201000], Size=0x11de2b8 [0x1000], NewProtect=0x20, OldProtect=0x11de258 [4] ) => 0
NtProtectVirtualMemory( ProcessHandle=-1, BaseAddress=0xbde408 [0x75b6a000], Size=0xbde3f8 [0x1000], NewProtect=2, OldProtect=0xbde398 [4] ) => 0
NtQueryAttributesFile( ObjectAttributes="\??\C:\Program Files (x86)\Microsoft Xbox 360 SDK\bin\win32\pgodb100.dll", Attributes=0xb7e2a8 [NORMAL] ) => 0
NtQueryInformationThread( ThreadHandle=-2, ThreadInformationClass=0x1d [ThreadWow64Context], ThreadInformation=0xb7dd20, Length=0x2cc, ReturnLength=null ) => 0
6774:651c @ 118014906 - LdrpResolveDllName - RETURN: Status: 0x00000000
NtQueryInformationThread( ThreadHandle=-2, ThreadInformationClass=0x1d [ThreadWow64Context], ThreadInformation=0xb7dd20, Length=0x2cc, ReturnLength=null ) => 0
6774:651c @ 118014906 - LdrpSearchPath - RETURN: Status: 0x00000000
NtSetInformationProcess( ProcessHandle=-1, ProcessInformationClass=0x23 [ProcessTlsInformation], ProcessInformation=0xbdecb0, Length=0x28 ) => 0
NtOpenFile( FileHandle=0xb7e2f8 [0x1bc], DesiredAccess=SYNCHRONIZE|0x21, ObjectAttributes="\??\C:\Program Files (x86)\Microsoft Xbox 360 SDK\bin\win32\pgodb100.dll", IoStatusBlock=0xb7e298 [0/1], ShareAccess=5, OpenOptions=0x60 ) => 0
NtCreateSection( SectionHandle=0xb7e2f8 [0x1b4], DesiredAccess=0xd, ObjectAttributes=null, SectionSize=null, Protect=0x10, Attributes=0x01000000, FileHandle=0x1bc ) => 0
NtQueryInformationThread( ThreadHandle=-2, ThreadInformationClass=0x1d [ThreadWow64Context], ThreadInformation=0xb7dd20, Length=0x2cc, ReturnLength=null ) => 0
6774:651c @ 118014906 - LdrpMinimalMapModule - ENTER: DLL name: C:\Program Files (x86)\Microsoft Xbox 360 SDK\bin\win32\pgodb100.dll
Loaded DLL at 0000000011000000 C:\Program Files (x86)\Microsoft Xbox 360 SDK\bin\win32\pgodb100.dll
NtMapViewOfSection( SectionHandle=0x1b4, ProcessHandle=-1, BaseAddress=0xb7e2b0 [0x11000000], ZeroBits=0x7ffeffff, CommitSize=0, SectionOffset=null, ViewSize=0xb7e260 [0xe000], InheritDisposition=1 [ViewShare], AllocationType=0x00800000, Protect=0x80 ) => 0
NtQuerySection( SectionHandle=0x1b4, SectionInformationClass=1 [SectionImageInformation], SectionInformation=0xb7e270, Length=0x40, ReturnLength=null ) => 0
NtQueryVirtualMemory( ProcessHandle=-1, BaseAddress=0x11000000, MemoryInformationClass=6 [MemoryImageInformation], MemoryInformation=0xb7e180, Length=0x18, ReturnLength=null ) => 0
NtQueryInformationThread( ThreadHandle=-2, ThreadInformationClass=0x1d [ThreadWow64Context], ThreadInformation=0xb7dd20, Length=0x2cc, ReturnLength=null ) => 0
6774:651c @ 118014906 - LdrpMinimalMapModule - RETURN: Status: 0x00000000
NtProtectVirtualMemory( ProcessHandle=-1, BaseAddress=0xb7e2a8 [0x77439000], Size=0xb7e298 [0x3000], NewProtect=4, OldProtect=0xb7e238 [2] ) => 0
NtProtectVirtualMemory( ProcessHandle=-1, BaseAddress=0xb7e2a8 [0x77439000], Size=0xb7e298 [0x3000], NewProtect=2, OldProtect=0xb7e238 [4] ) => 0
NtWaitForWorkViaWorkerFactory( WorkerFactoryHandle=0xc8, MiniPacket=0x11de9a0 ) => 0
NtQueryInformationThread( ThreadHandle=-2, ThreadInformationClass=0x1d [ThreadWow64Context], ThreadInformation=0x11ddd40, Length=0x2cc, ReturnLength=null ) => 0
6774:6ca8 @ 118014906 - LdrpGetProcedureAddress - INFO: Locating procedure "RtlEncodePointer" by name
NtQueryInformationThread( ThreadHandle=-2, ThreadInformationClass=0x1d [ThreadWow64Context], ThreadInformation=0x11ddd40, Length=0x2cc, ReturnLength=null ) => 0
6774:6ca8 @ 118014906 - LdrpGetProcedureAddress - INFO: Locating procedure "RtlDecodePointer" by name
NtQueryInformationThread( ThreadHandle=-2, ThreadInformationClass=0x1d [ThreadWow64Context], ThreadInformation=0xb7dd20, Length=0x2cc, ReturnLength=null ) => 0
6774:651c @ 118014906 - LdrpFindDllActivationContext - INFO: Probing for the manifest of DLL "C:\Program Files (x86)\Microsoft Xbox 360 SDK\bin\win32\pgodb100.dll" failed with status 0xc000008a
NtProtectVirtualMemory( ProcessHandle=-1, BaseAddress=0x11de2c8 [0x10b01000], Size=0x11de2b8 [0x1000], NewProtect=0x20, OldProtect=0x11de258 [4] ) => 0
NtProtectVirtualMemory( ProcessHandle=-1, BaseAddress=0xb7e2a8 [0x11001000], Size=0xb7e298 [0x1000], NewProtect=4, OldProtect=0xb7e238 [0x20] ) => 0
NtWaitForWorkViaWorkerFactory( WorkerFactoryHandle=0xc8, MiniPacket=0xbdeae0 ) => 0
NtQueryInformationThread( ThreadHandle=-2, ThreadInformationClass=0x1d [ThreadWow64Context], ThreadInformation=0xbdde80, Length=0x2cc, ReturnLength=null ) => 0
6774:6054 @ 118014906 - LdrpGetProcedureAddress - INFO: Locating procedure "RtlDecodePointer" by name
NtQueryInformationThread( ThreadHandle=-2, ThreadInformationClass=0x1d [ThreadWow64Context], ThreadInformation=0xbdde80, Length=0x2cc, ReturnLength=null ) => 0
6774:6054 @ 118014906 - LdrpGetProcedureAddress - INFO: Locating procedure "RtlEncodePointer" by name
NtProtectVirtualMemory( ProcessHandle=-1, BaseAddress=0xbde408 [0x11001000], Size=0xbde3f8 [0x1000], NewProtect=0x20, OldProtect=0xbde398 [4] ) => 0
NtApphelpCacheControl( ServiceClass=6, ServiceData="" ) => 0
NtApphelpCacheControl( ServiceClass=6, ServiceData="" ) => 0
NtApphelpCacheControl( ServiceClass=6, ServiceData="" ) => 0
NtApphelpCacheControl( ServiceClass=6, ServiceData="" ) => 0
NtApphelpCacheControl( ServiceClass=6, ServiceData="" ) => 0
NtSetInformationVirtualMemory( ProcessHandle=-1, VmInformationClass=4, NumberOfEntries=1, VirtualAddresses=0xb7eb70, VmInformation=0xd7f7b4, VmInformationLength=4 ) => 0xc00000bb [50 'The request is not supported.']
NtQueryInformationThread( ThreadHandle=-2, ThreadInformationClass=0x1d [ThreadWow64Context], ThreadInformation=0xb7dd20, Length=0x2cc, ReturnLength=null ) => 0
6774:651c @ 118014906 - LdrpInitializeNode - INFO: Calling init routine 75B16020 for DLL "C:\Windows\System32\OLEAUT32.dll"
NtQueryInformationThread( ThreadHandle=-2, ThreadInformationClass=0x1d [ThreadWow64Context], ThreadInformation=0xb7dd20, Length=0x2cc, ReturnLength=null ) => 0
6774:651c @ 118014906 - LdrGetDllHandleEx - ENTER: DLL name: api-ms-win-core-synch-l1-2-0.dll
NtQueryInformationThread( ThreadHandle=-2, ThreadInformationClass=0x1d [ThreadWow64Context], ThreadInformation=0xb7dd20, Length=0x2cc, ReturnLength=null ) => 0
6774:651c @ 118014906 - LdrpPreprocessDllName - INFO: DLL api-ms-win-core-synch-l1-2-0.dll was redirected to C:\Windows\SYSTEM32\kernelbase.dll by API set
NtQueryInformationThread( ThreadHandle=-2, ThreadInformationClass=0x1d [ThreadWow64Context], ThreadInformation=0xb7dd20, Length=0x2cc, ReturnLength=null ) => 0
6774:651c @ 118014906 - LdrpFindLoadedDllInternal - RETURN: Status: 0x00000000
NtQueryInformationThread( ThreadHandle=-2, ThreadInformationClass=0x1d [ThreadWow64Context], ThreadInformation=0xb7dd20, Length=0x2cc, ReturnLength=null ) => 0
6774:651c @ 118014906 - LdrGetDllHandleEx - RETURN: Status: 0x00000000
NtQueryInformationThread( ThreadHandle=-2, ThreadInformationClass=0x1d [ThreadWow64Context], ThreadInformation=0xb7dd20, Length=0x2cc, ReturnLength=null ) => 0
6774:651c @ 118014906 - LdrpGetProcedureAddress - INFO: Locating procedure "InitializeConditionVariable" by name
NtQueryInformationThread( ThreadHandle=-2, ThreadInformationClass=0x1d [ThreadWow64Context], ThreadInformation=0xb7dd20, Length=0x2cc, ReturnLength=null ) => 0
6774:651c @ 118014906 - LdrpLoadDllInternal - ENTER: DLL name: NTDLL.DLL
NtQueryInformationThread( ThreadHandle=-2, ThreadInformationClass=0x1d [ThreadWow64Context], ThreadInformation=0xb7dd20, Length=0x2cc, ReturnLength=null ) => 0
6774:651c @ 118014906 - LdrpLoadDllInternal - RETURN: Status: 0x00000000
NtQueryInformationThread( ThreadHandle=-2, ThreadInformationClass=0x1d [ThreadWow64Context], ThreadInformation=0xb7dd20, Length=0x2cc, ReturnLength=null ) => 0
6774:651c @ 118014906 - LdrpGetProcedureAddress - INFO: Locating procedure "RtlInitializeConditionVariable" by name
NtQueryInformationThread( ThreadHandle=-2, ThreadInformationClass=0x1d [ThreadWow64Context], ThreadInformation=0xb7dd20, Length=0x2cc, ReturnLength=null ) => 0
6774:651c @ 118014906 - LdrpGetProcedureAddress - INFO: Locating procedure "SleepConditionVariableCS" by name
NtQueryInformationThread( ThreadHandle=-2, ThreadInformationClass=0x1d [ThreadWow64Context], ThreadInformation=0xb7dd20, Length=0x2cc, ReturnLength=null ) => 0
6774:651c @ 118014906 - LdrpGetProcedureAddress - INFO: Locating procedure "WakeAllConditionVariable" by name
NtQueryInformationThread( ThreadHandle=-2, ThreadInformationClass=0x1d [ThreadWow64Context], ThreadInformation=0xb7dd20, Length=0x2cc, ReturnLength=null ) => 0
6774:651c @ 118014906 - LdrpLoadDllInternal - ENTER: DLL name: NTDLL.DLL
NtQueryInformationThread( ThreadHandle=-2, ThreadInformationClass=0x1d [ThreadWow64Context], ThreadInformation=0xb7dd20, Length=0x2cc, ReturnLength=null ) => 0
6774:651c @ 118014906 - LdrpLoadDllInternal - RETURN: Status: 0x00000000
NtQueryInformationThread( ThreadHandle=-2, ThreadInformationClass=0x1d [ThreadWow64Context], ThreadInformation=0xb7dd20, Length=0x2cc, ReturnLength=null ) => 0
6774:651c @ 118014906 - LdrpGetProcedureAddress - INFO: Locating procedure "RtlWakeAllConditionVariable" by name
NtQueryInformationThread( ThreadHandle=-2, ThreadInformationClass=0x1d [ThreadWow64Context], ThreadInformation=0xb7dd20, Length=0x2cc, ReturnLength=null ) => 0
6774:651c @ 118014906 - LdrGetDllHandleEx - ENTER: DLL name: ext-ms-win-ole32-oleautomation-l1-1-0.dll
NtQueryInformationThread( ThreadHandle=-2, ThreadInformationClass=0x1d [ThreadWow64Context], ThreadInformation=0xb7dd20, Length=0x2cc, ReturnLength=null ) => 0
6774:651c @ 118014906 - LdrpPreprocessDllName - INFO: DLL ext-ms-win-ole32-oleautomation-l1-1-0.dll was redirected to C:\Windows\SYSTEM32\ole32.dll by API set
NtQueryInformationThread( ThreadHandle=-2, ThreadInformationClass=0x1d [ThreadWow64Context], ThreadInformation=0xb7dd20, Length=0x2cc, ReturnLength=null ) => 0
6774:651c @ 118014906 - LdrpFindLoadedDllInternal - RETURN: Status: 0x00000000
NtQueryInformationThread( ThreadHandle=-2, ThreadInformationClass=0x1d [ThreadWow64Context], ThreadInformation=0xb7dd20, Length=0x2cc, ReturnLength=null ) => 0
6774:651c @ 118014906 - LdrGetDllHandleEx - RETURN: Status: 0x00000000
NtQueryInformationThread( ThreadHandle=-2, ThreadInformationClass=0x1d [ThreadWow64Context], ThreadInformation=0xb7dd20, Length=0x2cc, ReturnLength=null ) => 0
6774:651c @ 118014906 - LdrpPreprocessDllName - INFO: DLL ext-ms-win-ole32-oleautomation-l1-1-0.dll was redirected to C:\Windows\SYSTEM32\ole32.dll by API set
NtQueryInformationThread( ThreadHandle=-2, ThreadInformationClass=0x1d [ThreadWow64Context], ThreadInformation=0xb7dd20, Length=0x2cc, ReturnLength=null ) => 0
6774:651c @ 118014906 - LdrpLoadDllInternal - ENTER: DLL name: C:\Windows\SYSTEM32\ole32.dll
NtQueryInformationThread( ThreadHandle=-2, ThreadInformationClass=0x1d [ThreadWow64Context], ThreadInformation=0xb7dd20, Length=0x2cc, ReturnLength=null ) => 0
6774:651c @ 118014906 - LdrpLoadDllInternal - RETURN: Status: 0x00000000
NtQueryInformationThread( ThreadHandle=-2, ThreadInformationClass=0x1d [ThreadWow64Context], ThreadInformation=0xb7dd20, Length=0x2cc, ReturnLength=null ) => 0
6774:651c @ 118014906 - LdrpGetProcedureAddress - INFO: Locating procedure "WriteStorageProperties" by name
NtQueryInformationThread( ThreadHandle=-2, ThreadInformationClass=0x1d [ThreadWow64Context], ThreadInformation=0xb7dd20, Length=0x2cc, ReturnLength=null ) => 0
6774:651c @ 118014906 - LdrpGetProcedureAddress - INFO: Locating procedure "MonikerLoadTypeLib" by name
NtQueryInformationThread( ThreadHandle=-2, ThreadInformationClass=0x1d [ThreadWow64Context], ThreadInformation=0xb7dd20, Length=0x2cc, ReturnLength=null ) => 0
6774:651c @ 118014906 - LdrpGetProcedureAddress - INFO: Locating procedure "StdTypesGetClassObject" by name
NtQueryInformationThread( ThreadHandle=-2, ThreadInformationClass=0x1d [ThreadWow64Context], ThreadInformation=0xb7dd20, Length=0x2cc, ReturnLength=null ) => 0
6774:651c @ 118014906 - LdrpGetProcedureAddress - INFO: Locating procedure "SetOleautModule" by name
NtQueryInformationThread( ThreadHandle=-2, ThreadInformationClass=0x1d [ThreadWow64Context], ThreadInformation=0xb7dd20, Length=0x2cc, ReturnLength=null ) => 0
6774:651c @ 118014906 - LdrpGetProcedureAddress - INFO: Locating procedure "ReadStorageProperties" by name
NtQueryInformationThread( ThreadHandle=-2, ThreadInformationClass=0x1d [ThreadWow64Context], ThreadInformation=0xb7dd20, Length=0x2cc, ReturnLength=null ) => 0
6774:651c @ 118014906 - LdrpGetProcedureAddress - INFO: Locating procedure "RegisterActiveObjectExt" by name
NtQueryInformationThread( ThreadHandle=-2, ThreadInformationClass=0x1d [ThreadWow64Context], ThreadInformation=0xb7dd20, Length=0x2cc, ReturnLength=null ) => 0
6774:651c @ 118014906 - LdrpGetProcedureAddress - INFO: Locating procedure "RevokeActiveObjectExt" by name
NtQueryInformationThread( ThreadHandle=-2, ThreadInformationClass=0x1d [ThreadWow64Context], ThreadInformation=0xb7dd20, Length=0x2cc, ReturnLength=null ) => 0
6774:651c @ 118014906 - LdrpGetProcedureAddress - INFO: Locating procedure "GetActiveObjectExt" by name
NtQueryInformationThread( ThreadHandle=-2, ThreadInformationClass=0x1d [ThreadWow64Context], ThreadInformation=0xb7dd20, Length=0x2cc, ReturnLength=null ) => 0
6774:651c @ 118014906 - LdrpGetProcedureAddress - INFO: Locating procedure "CLIPFORMAT_UserUnmarshalExt" by name
NtQueryInformationThread( ThreadHandle=-2, ThreadInformationClass=0x1d [ThreadWow64Context], ThreadInformation=0xb7dd20, Length=0x2cc, ReturnLength=null ) => 0
6774:651c @ 118014906 - LdrpGetProcedureAddress - INFO: Locating procedure "STGMEDIUM_UserFreeExt" by name
NtQueryInformationThread( ThreadHandle=-2, ThreadInformationClass=0x1d [ThreadWow64Context], ThreadInformation=0xb7dd20, Length=0x2cc, ReturnLength=null ) => 0
6774:651c @ 118014906 - LdrpGetProcedureAddress - INFO: Locating procedure "HPALETTE_UserSizeExt" by name
NtQueryInformationThread( ThreadHandle=-2, ThreadInformationClass=0x1d [ThreadWow64Context], ThreadInformation=0xb7dd20, Length=0x2cc, ReturnLength=null ) => 0
6774:651c @ 118014906 - LdrpGetProcedureAddress - INFO: Locating procedure "STGMEDIUM_UserMarshalExt" by name
NtQueryInformationThread( ThreadHandle=-2, ThreadInformationClass=0x1d [ThreadWow64Context], ThreadInformation=0xb7dd20, Length=0x2cc, ReturnLength=null ) => 0
6774:651c @ 118014906 - LdrpGetProcedureAddress - INFO: Locating procedure "StdTypesRegisterServer" by name
NtQueryInformationThread( ThreadHandle=-2, ThreadInformationClass=0x1d [ThreadWow64Context], ThreadInformation=0xb7dd20, Length=0x2cc, ReturnLength=null ) => 0
6774:651c @ 118014906 - LdrpGetProcedureAddress - INFO: Locating procedure "CLIPFORMAT_UserFreeExt" by name
NtQueryInformationThread( ThreadHandle=-2, ThreadInformationClass=0x1d [ThreadWow64Context], ThreadInformation=0xb7dd20, Length=0x2cc, ReturnLength=null ) => 0
6774:651c @ 118014906 - LdrpGetProcedureAddress - INFO: Locating procedure "OleCreateFontIndirectExt" by name
NtQueryInformationThread( ThreadHandle=-2, ThreadInformationClass=0x1d [ThreadWow64Context], ThreadInformation=0xb7dd20, Length=0x2cc, ReturnLength=null ) => 0
6774:651c @ 118014906 - LdrpGetProcedureAddress - INFO: Locating procedure "OleLoadPictureExt" by name
NtQueryInformationThread( ThreadHandle=-2, ThreadInformationClass=0x1d [ThreadWow64Context], ThreadInformation=0xb7dd20, Length=0x2cc, ReturnLength=null ) => 0
6774:651c @ 118014906 - LdrpGetProcedureAddress - INFO: Locating procedure "OleCreatePropertyFrameIndirectExt" by name
NtQueryInformationThread( ThreadHandle=-2, ThreadInformationClass=0x1d [ThreadWow64Context], ThreadInformation=0xb7dd20, Length=0x2cc, ReturnLength=null ) => 0
6774:651c @ 118014906 - LdrpGetProcedureAddress - INFO: Locating procedure "HWND_UserSizeExt" by name
NtQueryInformationThread( ThreadHandle=-2, ThreadInformationClass=0x1d [ThreadWow64Context], ThreadInformation=0xb7dd20, Length=0x2cc, ReturnLength=null ) => 0
6774:651c @ 118014906 - LdrpGetProcedureAddress - INFO: Locating procedure "HPALETTE_UserFreeExt" by name
NtQueryInformationThread( ThreadHandle=-2, ThreadInformationClass=0x1d [ThreadWow64Context], ThreadInformation=0xb7dd20, Length=0x2cc, ReturnLength=null ) => 0
6774:651c @ 118014906 - LdrpGetProcedureAddress - INFO: Locating procedure "OleLoadPicturePathExt" by name
NtQueryInformationThread( ThreadHandle=-2, ThreadInformationClass=0x1d [ThreadWow64Context], ThreadInformation=0xb7dd20, Length=0x2cc, ReturnLength=null ) => 0
6774:651c @ 118014906 - LdrpGetProcedureAddress - INFO: Locating procedure "HPALETTE_UserUnmarshalExt" by name
NtQueryInformationThread( ThreadHandle=-2, ThreadInformationClass=0x1d [ThreadWow64Context], ThreadInformation=0xb7dd20, Length=0x2cc, ReturnLength=null ) => 0
6774:651c @ 118014906 - LdrpGetProcedureAddress - INFO: Locating procedure "STGMEDIUM_UserUnmarshalExt" by name
NtQueryInformationThread( ThreadHandle=-2, ThreadInformationClass=0x1d [ThreadWow64Context], ThreadInformation=0xb7dd20, Length=0x2cc, ReturnLength=null ) => 0
6774:651c @ 118014906 - LdrpGetProcedureAddress - INFO: Locating procedure "CLIPFORMAT_UserMarshalExt" by name
NtQueryInformationThread( ThreadHandle=-2, ThreadInformationClass=0x1d [ThreadWow64Context], ThreadInformation=0xb7dd20, Length=0x2cc, ReturnLength=null ) => 0
6774:651c @ 118014906 - LdrpGetProcedureAddress - INFO: Locating procedure "OleCreatePictureIndirectExt" by name
NtQueryInformationThread( ThreadHandle=-2, ThreadInformationClass=0x1d [ThreadWow64Context], ThreadInformation=0xb7dd20, Length=0x2cc, ReturnLength=null ) => 0
6774:651c @ 118014906 - LdrpGetProcedureAddress - INFO: Locating procedure "OleTranslateColorExt" by name
NtQueryInformationThread( ThreadHandle=-2, ThreadInformationClass=0x1d [ThreadWow64Context], ThreadInformation=0xb7dd20, Length=0x2cc, ReturnLength=null ) => 0
6774:651c @ 118014906 - LdrpGetProcedureAddress - INFO: Locating procedure "OleIconToCursorExt" by name
NtQueryInformationThread( ThreadHandle=-2, ThreadInformationClass=0x1d [ThreadWow64Context], ThreadInformation=0xb7dd20, Length=0x2cc, ReturnLength=null ) => 0
6774:651c @ 118014906 - LdrpGetProcedureAddress - INFO: Locating procedure "CLIPFORMAT_UserSizeExt" by name
NtQueryInformationThread( ThreadHandle=-2, ThreadInformationClass=0x1d [ThreadWow64Context], ThreadInformation=0xb7dd20, Length=0x2cc, ReturnLength=null ) => 0
6774:651c @ 118014906 - LdrpGetProcedureAddress - INFO: Locating procedure "HWND_UserUnmarshalExt" by name
NtQueryInformationThread( ThreadHandle=-2, ThreadInformationClass=0x1d [ThreadWow64Context], ThreadInformation=0xb7dd20, Length=0x2cc, ReturnLength=null ) => 0
6774:651c @ 118014906 - LdrpGetProcedureAddress - INFO: Locating procedure "OleSavePictureFileExt" by name
NtQueryInformationThread( ThreadHandle=-2, ThreadInformationClass=0x1d [ThreadWow64Context], ThreadInformation=0xb7dd20, Length=0x2cc, ReturnLength=null ) => 0
6774:651c @ 118014906 - LdrpGetProcedureAddress - INFO: Locating procedure "HWND_UserFreeExt" by name
NtQueryInformationThread( ThreadHandle=-2, ThreadInformationClass=0x1d [ThreadWow64Context], ThreadInformation=0xb7dd20, Length=0x2cc, ReturnLength=null ) => 0
6774:651c @ 118014906 - LdrpGetProcedureAddress - INFO: Locating procedure "STGMEDIUM_UserSizeExt" by name
NtQueryInformationThread( ThreadHandle=-2, ThreadInformationClass=0x1d [ThreadWow64Context], ThreadInformation=0xb7dd20, Length=0x2cc, ReturnLength=null ) => 0
6774:651c @ 118014906 - LdrpGetProcedureAddress - INFO: Locating procedure "HPALETTE_UserMarshalExt" by name
NtQueryInformationThread( ThreadHandle=-2, ThreadInformationClass=0x1d [ThreadWow64Context], ThreadInformation=0xb7dd20, Length=0x2cc, ReturnLength=null ) => 0
6774:651c @ 118014906 - LdrpGetProcedureAddress - INFO: Locating procedure "OleLoadPictureFileExt" by name
NtQueryInformationThread( ThreadHandle=-2, ThreadInformationClass=0x1d [ThreadWow64Context], ThreadInformation=0xb7dd20, Length=0x2cc, ReturnLength=null ) => 0
6774:651c @ 118014906 - LdrpGetProcedureAddress - INFO: Locating procedure "HWND_UserMarshalExt" by name
NtProtectVirtualMemory( ProcessHandle=-1, BaseAddress=0xb7e2a8 [0x75b6d000], Size=0xb7e298 [0x1000], NewProtect=4, OldProtect=0xb7e238 [2] ) => 0
NtProtectVirtualMemory( ProcessHandle=-1, BaseAddress=0xb7e2a8 [0x75b6d000], Size=0xb7e298 [0x1000], NewProtect=2, OldProtect=0xb7e238 [4] ) => 0
NtQueryObject( ObjectHandle=0xe4, ObjectInformationClass=1 [ObjectNameInformation], ObjectInformation=0xb7dfd0, Length=0x210, ReturnLength=null ) => 0
NtQueryKey( KeyHandle=0xe4, KeyInformationClass=7 [KeyHandleTagsInformation], KeyInformation=0xb7e228, Length=4, ResultLength=0xb7e1c4 [4] ) => 0
NtQueryKey( KeyHandle=0xe4, KeyInformationClass=3 [KeyNameInformation], KeyInformation=0x1127270, Length=0x818, ResultLength=0xb7e1c0 [0x26] ) => 0
NtOpenKeyEx( KeyHandle=0xb7e240, DesiredAccess=0x1, ObjectAttributes="\REGISTRY\MACHINE\SOFTWARE\WOW6432Node\Microsoft\OLEAUT", OpenOptions=0 ) => 0xc0000034 [2 'The system cannot find the file specified.']
NtSetInformationVirtualMemory( ProcessHandle=-1, VmInformationClass=4, NumberOfEntries=1, VirtualAddresses=0xb7eb70, VmInformation=0xd7f7b4, VmInformationLength=4 ) => 0xc00000bb [50 'The request is not supported.']
NtQueryInformationThread( ThreadHandle=-2, ThreadInformationClass=0x1d [ThreadWow64Context], ThreadInformation=0xb7dd20, Length=0x2cc, ReturnLength=null ) => 0
6774:651c @ 118014906 - LdrpInitializeNode - INFO: Calling init routine 1121215B for DLL "C:\Program Files (x86)\Microsoft Xbox 360 SDK\bin\win32\MSDISXXX.DLL"
NtSetInformationVirtualMemory( ProcessHandle=-1, VmInformationClass=4, NumberOfEntries=1, VirtualAddresses=0xb7eb70, VmInformation=0xd7f7b4, VmInformationLength=4 ) => 0xc00000bb [50 'The request is not supported.']
NtQueryInformationThread( ThreadHandle=-2, ThreadInformationClass=0x1d [ThreadWow64Context], ThreadInformation=0xb7dd20, Length=0x2cc, ReturnLength=null ) => 0
6774:651c @ 118014906 - LdrpInitializeNode - INFO: Calling init routine 1035C685 for DLL "C:\Program Files (x86)\Microsoft Xbox 360 SDK\bin\win32\msobjXX.dll"
NtAllocateVirtualMemory( ProcessHandle=-1, lpAddress=0xb7e2b0 [0x02fe0000], ZeroBits=0x7ffeffff, pSize=0xb7e2a0 [0x00150000], flAllocationType=0x2000, flProtect=4 ) => 0
NtFreeVirtualMemory( ProcessHandle=-1, lpAddress=0xb7e2b0 [0x02fe0000], pSize=0xb7e298 [0x00140000], flFreeType=0x8000 ) => 0
NtAllocateVirtualMemory( ProcessHandle=-1, lpAddress=0xb7e2b0 [0x03120000], ZeroBits=0, pSize=0xb7e2a0 [0x1000], flAllocationType=0x1000, flProtect=4 ) => 0
NtQuerySystemInformation( SystemInformationClass=0x3e [SystemEmulationBasicInformation], SystemInformation=0xb7eb40, Length=0x40, ReturnLength=0xb7e2b8 [0x40] ) => 0
NtQuerySystemInformation( SystemInformationClass=0x3f [SystemEmulationProcessorInformation], SystemInformation=0xd7f61c, Length=0xc, ReturnLength=null ) => 0
NtQueryInformationProcess( ProcessHandle=-1, ProcessInformationClass=0x25 [ProcessImageInformation], ProcessInformation=0xb7eb40, Length=0x40, ReturnLength=0xb7e270 [0x40] ) => 0
NtSetInformationVirtualMemory( ProcessHandle=-1, VmInformationClass=4, NumberOfEntries=1, VirtualAddresses=0xb7eb70, VmInformation=0xd7f7b4, VmInformationLength=4 ) => 0xc00000bb [50 'The request is not supported.']
NtQueryInformationThread( ThreadHandle=-2, ThreadInformationClass=0x1d [ThreadWow64Context], ThreadInformation=0xb7dd20, Length=0x2cc, ReturnLength=null ) => 0
6774:651c @ 118014906 - LdrpInitializeNode - INFO: Calling init routine 110068D3 for DLL "C:\Program Files (x86)\Microsoft Xbox 360 SDK\bin\win32\pgodb100.dll"
NtSetInformationVirtualMemory( ProcessHandle=-1, VmInformationClass=4, NumberOfEntries=1, VirtualAddresses=0xb7eb70, VmInformation=0xd7f7dc, VmInformationLength=4 ) => 0xc00000bb [50 'The request is not supported.']
NtQueryInformationThread( ThreadHandle=-2, ThreadInformationClass=0x1d [ThreadWow64Context], ThreadInformation=0xb7dd20, Length=0x2cc, ReturnLength=null ) => 0
6774:651c @ 118014906 - LdrpInitializeNode - INFO: Calling init routine 10C28838 for DLL "C:\Program Files (x86)\Microsoft Xbox 360 SDK\bin\win32\c2_orig.dll"
NtQueryInformationThread( ThreadHandle=-2, ThreadInformationClass=0x1d [ThreadWow64Context], ThreadInformation=0xb7dd20, Length=0x2cc, ReturnLength=null ) => 0
6774:651c @ 118014906 - LdrpLoadDllInternal - RETURN: Status: 0x00000000
NtQueryInformationThread( ThreadHandle=-2, ThreadInformationClass=0x1d [ThreadWow64Context], ThreadInformation=0xb7dd20, Length=0x2cc, ReturnLength=null ) => 0
6774:651c @ 118014906 - LdrLoadDll - RETURN: Status: 0x00000000
NtQueryInformationThread( ThreadHandle=-2, ThreadInformationClass=0x1d [ThreadWow64Context], ThreadInformation=0xb7dd20, Length=0x2cc, ReturnLength=null ) => 0
6774:651c @ 118014906 - LdrpGetProcedureAddress - INFO: Locating procedure "_InvokeCompilerPassW@16" by name
NtQueryInformationThread( ThreadHandle=-2, ThreadInformationClass=0x1d [ThreadWow64Context], ThreadInformation=0xb7dd20, Length=0x2cc, ReturnLength=null ) => 0
argc = 16, argv = 0xD7FAF4, idk = 1, ui = 0xD7FAF0, *ui = 0x1130000
NtQueryInformationThread( ThreadHandle=-2, ThreadInformationClass=0x1d [ThreadWow64Context], ThreadInformation=0xb7dd20, Length=0x2cc, ReturnLength=null ) => 0
argv[0] = fuckyoumicrosoft
NtQueryInformationThread( ThreadHandle=-2, ThreadInformationClass=0x1d [ThreadWow64Context], ThreadInformation=0xb7dd20, Length=0x2cc, ReturnLength=null ) => 0
argv[1] = -il
NtQueryInformationThread( ThreadHandle=-2, ThreadInformationClass=0x1d [ThreadWow64Context], ThreadInformation=0xb7dd20, Length=0x2cc, ReturnLength=null ) => 0
argv[2] = goober
NtQueryInformationThread( ThreadHandle=-2, ThreadInformationClass=0x1d [ThreadWow64Context], ThreadInformation=0xb7dd20, Length=0x2cc, ReturnLength=null ) => 0
argv[3] = -typedil
NtQueryInformationThread( ThreadHandle=-2, ThreadInformationClass=0x1d [ThreadWow64Context], ThreadInformation=0xb7dd20, Length=0x2cc, ReturnLength=null ) => 0
argv[4] = -Fotest_test.obj
NtQueryInformationThread( ThreadHandle=-2, ThreadInformationClass=0x1d [ThreadWow64Context], ThreadInformation=0xb7dd20, Length=0x2cc, ReturnLength=null ) => 0
argv[5] = -W
NtQueryInformationThread( ThreadHandle=-2, ThreadInformationClass=0x1d [ThreadWow64Context], ThreadInformation=0xb7dd20, Length=0x2cc, ReturnLength=null ) => 0
argv[6] = 1
NtQueryInformationThread( ThreadHandle=-2, ThreadInformationClass=0x1d [ThreadWow64Context], ThreadInformation=0xb7dd20, Length=0x2cc, ReturnLength=null ) => 0
argv[7] = -Gs4096
NtQueryInformationThread( ThreadHandle=-2, ThreadInformationClass=0x1d [ThreadWow64Context], ThreadInformation=0xb7dd20, Length=0x2cc, ReturnLength=null ) => 0
argv[8] = -G604
NtQueryInformationThread( ThreadHandle=-2, ThreadInformationClass=0x1d [ThreadWow64Context], ThreadInformation=0xb7dd20, Length=0x2cc, ReturnLength=null ) => 0
argv[9] = -QVMX128
NtQueryInformationThread( ThreadHandle=-2, ThreadInformationClass=0x1d [ThreadWow64Context], ThreadInformation=0xb7dd20, Length=0x2cc, ReturnLength=null ) => 0
argv[10] = -QDD2
NtQueryInformationThread( ThreadHandle=-2, ThreadInformationClass=0x1d [ThreadWow64Context], ThreadInformation=0xb7dd20, Length=0x2cc, ReturnLength=null ) => 0
argv[11] = -Ob0
NtQueryInformationThread( ThreadHandle=-2, ThreadInformationClass=0x1d [ThreadWow64Context], ThreadInformation=0xb7dd20, Length=0x2cc, ReturnLength=null ) => 0
argv[12] = -MT
NtQueryInformationThread( ThreadHandle=-2, ThreadInformationClass=0x1d [ThreadWow64Context], ThreadInformation=0xb7dd20, Length=0x2cc, ReturnLength=null ) => 0
argv[13] = -Fdvc100_goober.pdb
NtQueryInformationThread( ThreadHandle=-2, ThreadInformationClass=0x1d [ThreadWow64Context], ThreadInformation=0xb7dd20, Length=0x2cc, ReturnLength=null ) => 0
argv[14] = -f
NtQueryInformationThread( ThreadHandle=-2, ThreadInformationClass=0x1d [ThreadWow64Context], ThreadInformation=0xb7dd20, Length=0x2cc, ReturnLength=null ) => 0
argv[15] = test_test.c
NtAllocateVirtualMemory( ProcessHandle=-1, lpAddress=0xb7e2b0 [0x02eeb000], ZeroBits=0, pSize=0xb7e2a0 [0xf000], flAllocationType=0x1000, flProtect=4 ) => 0
NtCreateFile( FileHandle=0xb7e280, DesiredAccess=SYNCHRONIZE|GENERIC_READ|0x80, ObjectAttributes=0x9c:"goobergl", IoStatusBlock=0xb7e298, AllocationSize=null, FileAttributes=0, ShareAccess=1, CreateDisposition=1, CreateOptions=0x60, EaBuffer=null, EaLength=0 ) => 0xc0000034 [2 'The system cannot find the file specified.']
NtQueryVolumeInformationFile( FileHandle=0x60, IoStatusBlock=0xb7e2c8 [0/8], FsInformation=0xd7f54c, Length=8, FsInformationClass=4 [FsDeviceInformation] ) => 0
NtQueryInformationThread( ThreadHandle=-2, ThreadInformationClass=0x1d [ThreadWow64Context], ThreadInformation=0xb7dd20, Length=0x2cc, ReturnLength=null ) => 0
6774:651c @ 118014906 - LdrGetDllHandleEx - ENTER: DLL name: mscoree.dll
NtQueryInformationThread( ThreadHandle=-2, ThreadInformationClass=0x1d [ThreadWow64Context], ThreadInformation=0xb7dd20, Length=0x2cc, ReturnLength=null ) => 0
6774:651c @ 118014906 - LdrpFindLoadedDllInternal - RETURN: Status: 0x00000000
NtQueryInformationThread( ThreadHandle=-2, ThreadInformationClass=0x1d [ThreadWow64Context], ThreadInformation=0xb7dd20, Length=0x2cc, ReturnLength=null ) => 0
6774:651c @ 118014906 - LdrGetDllHandleEx - RETURN: Status: 0x00000000
NtQueryInformationThread( ThreadHandle=-2, ThreadInformationClass=0x1d [ThreadWow64Context], ThreadInformation=0xb7dd20, Length=0x2cc, ReturnLength=null ) => 0
6774:651c @ 118014906 - LdrpGetProcedureAddress - INFO: Locating procedure "CorExitProcess" by name
NtQueryVirtualMemory( ProcessHandle=-1, BaseAddress=0x59f7c000, MemoryInformationClass=0 [MemoryBasicInformation], MemoryInformation=0xb7e1b8, Length=0x30, ReturnLength=0xb7e1e8 [0x30] ) => 0
NtProtectVirtualMemory( ProcessHandle=-1, BaseAddress=0xb7e2a8 [0x59f7c000], Size=0xb7e298 [0x1000], NewProtect=4, OldProtect=0xb7e238 [2] ) => 0
NtQueryInformationThread( ThreadHandle=-2, ThreadInformationClass=0x1d [ThreadWow64Context], ThreadInformation=0xb7dd20, Length=0x2cc, ReturnLength=null ) => 0
6774:651c @ 118014921 - LdrLoadDll - ENTER: DLL name: ADVAPI32.dll
NtQueryInformationThread( ThreadHandle=-2, ThreadInformationClass=0x1d [ThreadWow64Context], ThreadInformation=0xb7dd20, Length=0x2cc, ReturnLength=null ) => 0
6774:651c @ 118014921 - LdrpLoadDllInternal - ENTER: DLL name: ADVAPI32.dll
NtQueryInformationThread( ThreadHandle=-2, ThreadInformationClass=0x1d [ThreadWow64Context], ThreadInformation=0xb7dd20, Length=0x2cc, ReturnLength=null ) => 0
6774:651c @ 118014921 - LdrpLoadDllInternal - RETURN: Status: 0x00000000
NtQueryInformationThread( ThreadHandle=-2, ThreadInformationClass=0x1d [ThreadWow64Context], ThreadInformation=0xb7dd20, Length=0x2cc, ReturnLength=null ) => 0
6774:651c @ 118014921 - LdrLoadDll - RETURN: Status: 0x00000000
NtQueryInformationThread( ThreadHandle=-2, ThreadInformationClass=0x1d [ThreadWow64Context], ThreadInformation=0xb7dd20, Length=0x2cc, ReturnLength=null ) => 0
6774:651c @ 118014921 - LdrpGetProcedureAddress - INFO: Locating procedure "RegOpenKeyExW" by name
NtProtectVirtualMemory( ProcessHandle=-1, BaseAddress=0xb7e2a8 [0x59f7c000], Size=0xb7e298 [0x1000], NewProtect=2, OldProtect=0xb7e238 [4] ) => 0
NtQueryObject( ObjectHandle=0xe4, ObjectInformationClass=1 [ObjectNameInformation], ObjectInformation=0xb7dfd0, Length=0x210, ReturnLength=null ) => 0
NtQueryKey( KeyHandle=0xe4, KeyInformationClass=7 [KeyHandleTagsInformation], KeyInformation=0xb7e228, Length=4, ResultLength=0xb7e1c4 [4] ) => 0
NtQueryKey( KeyHandle=0xe4, KeyInformationClass=3 [KeyNameInformation], KeyInformation=0x1127270, Length=0x818, ResultLength=0xb7e1c0 [0x26] ) => 0
NtOpenKeyEx( KeyHandle=0xb7e240 [0x1b8], DesiredAccess=KEY_READ, ObjectAttributes="\REGISTRY\MACHINE\Software\WOW6432Node\Microsoft\.NETFramework\Policy\", OpenOptions=0 ) => 0
NtSetInformationKey( KeyHandle=0x1b8, KeySetInformationClass=5 [KeySetHandleTagsInformation], KeyInformation=0xb7e2f8, Length=4 ) => 0
NtProtectVirtualMemory( ProcessHandle=-1, BaseAddress=0xb7e2a8 [0x59f7c000], Size=0xb7e298 [0x1000], NewProtect=4, OldProtect=0xb7e238 [2] ) => 0
NtQueryInformationThread( ThreadHandle=-2, ThreadInformationClass=0x1d [ThreadWow64Context], ThreadInformation=0xb7dd20, Length=0x2cc, ReturnLength=null ) => 0
6774:651c @ 118014921 - LdrpGetProcedureAddress - INFO: Locating procedure "RegQueryInfoKeyW" by name
NtProtectVirtualMemory( ProcessHandle=-1, BaseAddress=0xb7e2a8 [0x59f7c000], Size=0xb7e298 [0x1000], NewProtect=2, OldProtect=0xb7e238 [4] ) => 0
NtQueryKey( KeyHandle=0x1b8, KeyInformationClass=4 [KeyCachedInformation], KeyInformation=0xd7edf8, Length=0x28, ResultLength=0xd7ed6c [0x28] ) => 0
NtProtectVirtualMemory( ProcessHandle=-1, BaseAddress=0xb7e2a8 [0x59f7c000], Size=0xb7e298 [0x1000], NewProtect=4, OldProtect=0xb7e238 [2] ) => 0
NtQueryInformationThread( ThreadHandle=-2, ThreadInformationClass=0x1d [ThreadWow64Context], ThreadInformation=0xb7dd20, Length=0x2cc, ReturnLength=null ) => 0
6774:651c @ 118014921 - LdrpGetProcedureAddress - INFO: Locating procedure "RegEnumKeyExW" by name
NtProtectVirtualMemory( ProcessHandle=-1, BaseAddress=0xb7e2a8 [0x59f7c000], Size=0xb7e298 [0x1000], NewProtect=2, OldProtect=0xb7e238 [4] ) => 0
NtEnumerateKey( KeyHandle=0x1b8, Index=3, KeyInformationClass=0 [KeyBasicInformation], KeyInformation=0xd7ee78, Length=0x120, ResultLength=0xd7ee74 [0x18] ) => 0
NtEnumerateKey( KeyHandle=0x1b8, Index=2, KeyInformationClass=0 [KeyBasicInformation], KeyInformation=0xd7ee78, Length=0x120, ResultLength=0xd7ee74 [0x20] ) => 0
NtEnumerateKey( KeyHandle=0x1b8, Index=1, KeyInformationClass=0 [KeyBasicInformation], KeyInformation=0xd7ee78, Length=0x120, ResultLength=0xd7ee74 [0x22] ) => 0
NtEnumerateKey( KeyHandle=0x1b8, Index=0, KeyInformationClass=0 [KeyBasicInformation], KeyInformation=0xd7ee78, Length=0x120, ResultLength=0xd7ee74 [0x20] ) => 0
NtQueryObject( ObjectHandle=0x1b8, ObjectInformationClass=1 [ObjectNameInformation], ObjectInformation=0xb7dfd0, Length=0x210, ReturnLength=null ) => 0
NtQueryKey( KeyHandle=0x1b8, KeyInformationClass=7 [KeyHandleTagsInformation], KeyInformation=0xb7e228, Length=4, ResultLength=0xb7e1c4 [4] ) => 0
NtOpenKeyEx( KeyHandle=0xb7e240 [0x1bc], DesiredAccess=KEY_READ, ObjectAttributes=0x1b8:"v4.0", OpenOptions=0 ) => 0
NtQueryKey( KeyHandle=0x1bc, KeyInformationClass=4 [KeyCachedInformation], KeyInformation=0xd7ed10, Length=0x28, ResultLength=0xd7ec84 [0x28] ) => 0
NtProtectVirtualMemory( ProcessHandle=-1, BaseAddress=0xb7e2a8 [0x59f7c000], Size=0xb7e298 [0x1000], NewProtect=4, OldProtect=0xb7e238 [2] ) => 0
NtQueryInformationThread( ThreadHandle=-2, ThreadInformationClass=0x1d [ThreadWow64Context], ThreadInformation=0xb7dd20, Length=0x2cc, ReturnLength=null ) => 0
6774:651c @ 118014921 - LdrpGetProcedureAddress - INFO: Locating procedure "RegEnumValueW" by name
NtProtectVirtualMemory( ProcessHandle=-1, BaseAddress=0xb7e2a8 [0x59f7c000], Size=0xb7e298 [0x1000], NewProtect=2, OldProtect=0xb7e238 [4] ) => 0
NtEnumerateValueKey( KeyHandle=0x1bc, Index=0, KeyValueInformationClass=1 [KeyValueFullInformation], KeyValueInformation=0x12751a8, Length=0x110, ResultLength=0xd7ed74 [0x38] ) => 0
NtProtectVirtualMemory( ProcessHandle=-1, BaseAddress=0xb7e2a8 [0x59f7c000], Size=0xb7e298 [0x1000], NewProtect=4, OldProtect=0xb7e238 [2] ) => 0
NtQueryInformationThread( ThreadHandle=-2, ThreadInformationClass=0x1d [ThreadWow64Context], ThreadInformation=0xb7dd20, Length=0x2cc, ReturnLength=null ) => 0
6774:651c @ 118014921 - LdrpGetProcedureAddress - INFO: Locating procedure "RegCloseKey" by name
NtProtectVirtualMemory( ProcessHandle=-1, BaseAddress=0xb7e2a8 [0x59f7c000], Size=0xb7e298 [0x1000], NewProtect=2, OldProtect=0xb7e238 [4] ) => 0
NtQueryAttributesFile( ObjectAttributes="\??\C:\Windows\SysWOW64\mscoree.dll.local", Attributes=0xb7e2a8 ) => 0xc0000034 [2 'The system cannot find the file specified.']
NtQueryObject( ObjectHandle=0xe4, ObjectInformationClass=1 [ObjectNameInformation], ObjectInformation=0xb7dfd0, Length=0x210, ReturnLength=null ) => 0
NtQueryKey( KeyHandle=0xe4, KeyInformationClass=7 [KeyHandleTagsInformation], KeyInformation=0xb7e228, Length=4, ResultLength=0xb7e1c4 [4] ) => 0
NtQueryKey( KeyHandle=0xe4, KeyInformationClass=3 [KeyNameInformation], KeyInformation=0x1127270, Length=0x818, ResultLength=0xb7e1c0 [0x26] ) => 0
NtOpenKeyEx( KeyHandle=0xb7e240 [0x1bc], DesiredAccess=KEY_READ, ObjectAttributes="\REGISTRY\MACHINE\Software\WOW6432Node\Microsoft\.NETFramework", OpenOptions=0 ) => 0
NtSetInformationKey( KeyHandle=0x1bc, KeySetInformationClass=5 [KeySetHandleTagsInformation], KeyInformation=0xb7e2f8, Length=4 ) => 0
NtProtectVirtualMemory( ProcessHandle=-1, BaseAddress=0xb7e2a8 [0x59f7c000], Size=0xb7e298 [0x1000], NewProtect=4, OldProtect=0xb7e238 [2] ) => 0
NtQueryInformationThread( ThreadHandle=-2, ThreadInformationClass=0x1d [ThreadWow64Context], ThreadInformation=0xb7dd20, Length=0x2cc, ReturnLength=null ) => 0
6774:651c @ 118014921 - LdrpGetProcedureAddress - INFO: Locating procedure "RegQueryValueExW" by name
NtProtectVirtualMemory( ProcessHandle=-1, BaseAddress=0xb7e2a8 [0x59f7c000], Size=0xb7e298 [0x1000], NewProtect=2, OldProtect=0xb7e238 [4] ) => 0
NtQueryValueKey( KeyHandle=0x1bc, ValueName="InstallRoot", KeyValueInformationClass=2 [KeyValuePartialInformation], KeyValueInformation=0xd7e8a8, Length=0xc, ResultLength=0xd7e888 ) => 0x80000005 [234 'More data is available.']
NtQueryValueKey( KeyHandle=0x1bc, ValueName="InstallRoot", KeyValueInformationClass=2 [KeyValuePartialInformation], KeyValueInformation=0xd7e8a8, Length=0x54, ResultLength=0xd7e888 [0x54] ) => 0
NtOpenFile( FileHandle=0xb7e2f8 [0x1b4], DesiredAccess=SYNCHRONIZE|0x1, ObjectAttributes="\??\C:\Windows\Microsoft.NET\Framework\v4.0.30319\", IoStatusBlock=0xb7e298 [0/1], ShareAccess=7, OpenOptions=0x4021 ) => 0
NtQueryDirectoryFileEx( FileHandle=0x1b4, Event=0, ApcRoutine=null, ApcContext=null, IoStatusBlock=0xb7e2a8 [0/0x76], FileInformation=0xd7eb80, Length=0x268, FileInformationClass=3 [FileBothDirectoryInformation], QueryFlags=2, FileName="mscoreei.dll" ) => 0
NtQueryObject( ObjectHandle=0xe4, ObjectInformationClass=1 [ObjectNameInformation], ObjectInformation=0xb7dfd0, Length=0x210, ReturnLength=null ) => 0
NtQueryKey( KeyHandle=0xe4, KeyInformationClass=7 [KeyHandleTagsInformation], KeyInformation=0xb7e228, Length=4, ResultLength=0xb7e1c4 [4] ) => 0
NtQueryKey( KeyHandle=0xe4, KeyInformationClass=3 [KeyNameInformation], KeyInformation=0x1127270, Length=0x818, ResultLength=0xb7e1c0 [0x26] ) => 0
NtOpenKeyEx( KeyHandle=0xb7e240 [0x1b8], DesiredAccess=KEY_READ, ObjectAttributes="\REGISTRY\MACHINE\Software\WOW6432Node\Microsoft\.NETFramework", OpenOptions=0 ) => 0
NtSetInformationKey( KeyHandle=0x1b8, KeySetInformationClass=5 [KeySetHandleTagsInformation], KeyInformation=0xb7e2f8, Length=4 ) => 0
NtQueryValueKey( KeyHandle=0x1b8, ValueName="InstallRoot", KeyValueInformationClass=2 [KeyValuePartialInformation], KeyValueInformation=0xd7eb48, Length=0xc, ResultLength=0xd7eb28 ) => 0x80000005 [234 'More data is available.']
NtQueryValueKey( KeyHandle=0x1b8, ValueName="InstallRoot", KeyValueInformationClass=2 [KeyValuePartialInformation], KeyValueInformation=0xd7eb48, Length=0x54, ResultLength=0xd7eb28 [0x54] ) => 0
NtOpenFile( FileHandle=0xb7e2f8 [0x1b8], DesiredAccess=SYNCHRONIZE|0x1, ObjectAttributes="\??\C:\Windows\Microsoft.NET\Framework\v4.0.30319\", IoStatusBlock=0xb7e298 [0/1], ShareAccess=7, OpenOptions=0x4021 ) => 0
NtQueryDirectoryFileEx( FileHandle=0x1b8, Event=0, ApcRoutine=null, ApcContext=null, IoStatusBlock=0xb7e2a8 [0/0x76], FileInformation=0xd7ee20, Length=0x268, FileInformationClass=3 [FileBothDirectoryInformation], QueryFlags=2, FileName="mscoreei.dll" ) => 0
NtQueryObject( ObjectHandle=0xe4, ObjectInformationClass=1 [ObjectNameInformation], ObjectInformation=0xb7dfd0, Length=0x210, ReturnLength=null ) => 0
NtQueryKey( KeyHandle=0xe4, KeyInformationClass=7 [KeyHandleTagsInformation], KeyInformation=0xb7e228, Length=4, ResultLength=0xb7e1c4 [4] ) => 0
NtQueryKey( KeyHandle=0xe4, KeyInformationClass=3 [KeyNameInformation], KeyInformation=0x1127270, Length=0x818, ResultLength=0xb7e1c0 [0x26] ) => 0
NtOpenKeyEx( KeyHandle=0xb7e240 [0x1b8], DesiredAccess=KEY_READ, ObjectAttributes="\REGISTRY\MACHINE\Software\WOW6432Node\Microsoft\.NETFramework", OpenOptions=0 ) => 0
NtSetInformationKey( KeyHandle=0x1b8, KeySetInformationClass=5 [KeySetHandleTagsInformation], KeyInformation=0xb7e2f8, Length=4 ) => 0
NtQueryValueKey( KeyHandle=0x1b8, ValueName="InstallRoot", KeyValueInformationClass=2 [KeyValuePartialInformation], KeyValueInformation=0xd7e920, Length=0xc, ResultLength=0xd7e900 ) => 0x80000005 [234 'More data is available.']
NtQueryValueKey( KeyHandle=0x1b8, ValueName="InstallRoot", KeyValueInformationClass=2 [KeyValuePartialInformation], KeyValueInformation=0xd7e920, Length=0x54, ResultLength=0xd7e900 [0x54] ) => 0
NtQueryInformationThread( ThreadHandle=-2, ThreadInformationClass=0x1d [ThreadWow64Context], ThreadInformation=0xb7dd20, Length=0x2cc, ReturnLength=null ) => 0
6774:651c @ 118014921 - LdrLoadDll - ENTER: DLL name: C:\Windows\Microsoft.NET\Framework\v4.0.30319\mscoreei.dll
NtQueryInformationThread( ThreadHandle=-2, ThreadInformationClass=0x1d [ThreadWow64Context], ThreadInformation=0xb7dd20, Length=0x2cc, ReturnLength=null ) => 0
6774:651c @ 118014921 - LdrpLoadDllInternal - ENTER: DLL name: C:\Windows\Microsoft.NET\Framework\v4.0.30319\mscoreei.dll
NtQueryInformationThread( ThreadHandle=-2, ThreadInformationClass=0x2a [ThreadDynamicCodePolicyInfo], ThreadInformation=0xd7eeb4, Length=4, ReturnLength=null ) => 0
NtQueryInformationThread( ThreadHandle=-2, ThreadInformationClass=0x1d [ThreadWow64Context], ThreadInformation=0xb7dd20, Length=0x2cc, ReturnLength=null ) => 0
6774:651c @ 118014921 - LdrpResolveDllName - ENTER: DLL name: C:\Windows\Microsoft.NET\Framework\v4.0.30319\mscoreei.dll
NtQueryAttributesFile( ObjectAttributes="\??\C:\Windows\Microsoft.NET\Framework\v4.0.30319\mscoreei.dll", Attributes=0xb7e2a8 [ARCHIVE] ) => 0
NtQueryInformationThread( ThreadHandle=-2, ThreadInformationClass=0x1d [ThreadWow64Context], ThreadInformation=0xb7dd20, Length=0x2cc, ReturnLength=null ) => 0
6774:651c @ 118014921 - LdrpResolveDllName - RETURN: Status: 0x00000000
NtOpenFile( FileHandle=0xb7e2f8 [0x1b8], DesiredAccess=SYNCHRONIZE|0x21, ObjectAttributes="\??\C:\Windows\Microsoft.NET\Framework\v4.0.30319\mscoreei.dll", IoStatusBlock=0xb7e298 [0/1], ShareAccess=5, OpenOptions=0x60 ) => 0
NtCreateSection( SectionHandle=0xb7e2f8 [0x1c0], DesiredAccess=0xd, ObjectAttributes=null, SectionSize=null, Protect=0x10, Attributes=0x01000000, FileHandle=0x1b8 ) => 0
NtQueryInformationThread( ThreadHandle=-2, ThreadInformationClass=0x1d [ThreadWow64Context], ThreadInformation=0xb7dd20, Length=0x2cc, ReturnLength=null ) => 0
6774:651c @ 118014921 - LdrpMinimalMapModule - ENTER: DLL name: C:\Windows\Microsoft.NET\Framework\v4.0.30319\mscoreei.dll
Loaded DLL at 0000000059E90000 C:\Windows\Microsoft.NET\Framework\v4.0.30319\mscoreei.dll
NtMapViewOfSection( SectionHandle=0x1c0, ProcessHandle=-1, BaseAddress=0xb7e2b0 [0x59e90000], ZeroBits=0x7ffeffff, CommitSize=0, SectionOffset=null, ViewSize=0xb7e260 [0x00088000], InheritDisposition=1 [ViewShare], AllocationType=0x00800000, Protect=0x80 ) => 0
NtQuerySection( SectionHandle=0x1c0, SectionInformationClass=1 [SectionImageInformation], SectionInformation=0xb7e270, Length=0x40, ReturnLength=null ) => 0
NtQueryVirtualMemory( ProcessHandle=-1, BaseAddress=0x59e90000, MemoryInformationClass=6 [MemoryImageInformation], MemoryInformation=0xb7e180, Length=0x18, ReturnLength=null ) => 0
NtQueryInformationThread( ThreadHandle=-2, ThreadInformationClass=0x1d [ThreadWow64Context], ThreadInformation=0xb7dd20, Length=0x2cc, ReturnLength=null ) => 0
6774:651c @ 118014921 - LdrpMinimalMapModule - RETURN: Status: 0x00000000
NtProtectVirtualMemory( ProcessHandle=-1, BaseAddress=0xb7e2a8 [0x59f0f000], Size=0xb7e298 [0x1000], NewProtect=2, OldProtect=0xb7e238 [4] ) => 0
NtProtectVirtualMemory( ProcessHandle=-1, BaseAddress=0xb7e2a8 [0x77439000], Size=0xb7e298 [0x3000], NewProtect=4, OldProtect=0xb7e238 [2] ) => 0
NtProtectVirtualMemory( ProcessHandle=-1, BaseAddress=0xb7e2a8 [0x77439000], Size=0xb7e298 [0x3000], NewProtect=2, OldProtect=0xb7e238 [4] ) => 0
NtQueryInformationThread( ThreadHandle=-2, ThreadInformationClass=0x1d [ThreadWow64Context], ThreadInformation=0xb7dd20, Length=0x2cc, ReturnLength=null ) => 0
6774:651c @ 118014921 - LdrpFindDllActivationContext - INFO: Probing for the manifest of DLL "C:\Windows\Microsoft.NET\Framework\v4.0.30319\mscoreei.dll" failed with status 0xc000008a
NtProtectVirtualMemory( ProcessHandle=-1, BaseAddress=0xb7e2a8 [0x59f0e000], Size=0xb7e298 [0x1000], NewProtect=4, OldProtect=0xb7e238 [2] ) => 0
NtQueryInformationThread( ThreadHandle=-2, ThreadInformationClass=0x1d [ThreadWow64Context], ThreadInformation=0xb7dd20, Length=0x2cc, ReturnLength=null ) => 0
6774:651c @ 118014921 - LdrpGetProcedureAddress - INFO: Locating procedure "RtlEnterCriticalSection" by name
NtQueryInformationThread( ThreadHandle=-2, ThreadInformationClass=0x1d [ThreadWow64Context], ThreadInformation=0xb7dd20, Length=0x2cc, ReturnLength=null ) => 0
6774:651c @ 118014921 - LdrpGetProcedureAddress - INFO: Locating procedure "RtlLeaveCriticalSection" by name
NtQueryInformationThread( ThreadHandle=-2, ThreadInformationClass=0x1d [ThreadWow64Context], ThreadInformation=0xb7dd20, Length=0x2cc, ReturnLength=null ) => 0
6774:651c @ 118014921 - LdrpGetProcedureAddress - INFO: Locating procedure "RtlInitializeCriticalSection" by name
NtQueryInformationThread( ThreadHandle=-2, ThreadInformationClass=0x1d [ThreadWow64Context], ThreadInformation=0xb7dd20, Length=0x2cc, ReturnLength=null ) => 0
6774:651c @ 118014921 - LdrpGetProcedureAddress - INFO: Locating procedure "RtlDeleteCriticalSection" by name
NtQueryInformationThread( ThreadHandle=-2, ThreadInformationClass=0x1d [ThreadWow64Context], ThreadInformation=0xb7dd20, Length=0x2cc, ReturnLength=null ) => 0
6774:651c @ 118014921 - LdrpGetProcedureAddress - INFO: Locating procedure "RtlAllocateHeap" by name
NtQueryInformationThread( ThreadHandle=-2, ThreadInformationClass=0x1d [ThreadWow64Context], ThreadInformation=0xb7dd20, Length=0x2cc, ReturnLength=null ) => 0
6774:651c @ 118014921 - LdrpGetProcedureAddress - INFO: Locating procedure "VerSetConditionMask" by name
NtQueryInformationThread( ThreadHandle=-2, ThreadInformationClass=0x1d [ThreadWow64Context], ThreadInformation=0xb7dd20, Length=0x2cc, ReturnLength=null ) => 0
6774:651c @ 118014921 - LdrpGetProcedureAddress - INFO: Locating procedure "RtlEncodePointer" by name
NtQueryInformationThread( ThreadHandle=-2, ThreadInformationClass=0x1d [ThreadWow64Context], ThreadInformation=0xb7dd20, Length=0x2cc, ReturnLength=null ) => 0
6774:651c @ 118014921 - LdrpGetProcedureAddress - INFO: Locating procedure "RtlDecodePointer" by name
NtQueryInformationThread( ThreadHandle=-2, ThreadInformationClass=0x1d [ThreadWow64Context], ThreadInformation=0xb7dd20, Length=0x2cc, ReturnLength=null ) => 0
6774:651c @ 118014921 - LdrpGetProcedureAddress - INFO: Locating procedure "RtlInitializeSListHead" by name
NtQueryInformationThread( ThreadHandle=-2, ThreadInformationClass=0x1d [ThreadWow64Context], ThreadInformation=0xb7dd20, Length=0x2cc, ReturnLength=null ) => 0
6774:651c @ 118014921 - LdrpGetProcedureAddress - INFO: Locating procedure "RtlInterlockedFlushSList" by name
NtQueryInformationThread( ThreadHandle=-2, ThreadInformationClass=0x1d [ThreadWow64Context], ThreadInformation=0xb7dd20, Length=0x2cc, ReturnLength=null ) => 0
6774:651c @ 118014921 - LdrpGetProcedureAddress - INFO: Locating procedure "RtlSizeHeap" by name
NtQueryInformationThread( ThreadHandle=-2, ThreadInformationClass=0x1d [ThreadWow64Context], ThreadInformation=0xb7dd20, Length=0x2cc, ReturnLength=null ) => 0
6774:651c @ 118014921 - LdrpGetProcedureAddress - INFO: Locating procedure "RtlReAllocateHeap" by name
NtProtectVirtualMemory( ProcessHandle=-1, BaseAddress=0xb7e2a8 [0x59f0e000], Size=0xb7e298 [0x1000], NewProtect=2, OldProtect=0xb7e238 [4] ) => 0
NtApphelpCacheControl( ServiceClass=6, ServiceData="" ) => 0
NtSetInformationVirtualMemory( ProcessHandle=-1, VmInformationClass=4, NumberOfEntries=1, VirtualAddresses=0xb7eb70, VmInformation=0xd7ee54, VmInformationLength=4 ) => 0xc00000bb [50 'The request is not supported.']
NtQueryInformationThread( ThreadHandle=-2, ThreadInformationClass=0x1d [ThreadWow64Context], ThreadInformation=0xb7dd20, Length=0x2cc, ReturnLength=null ) => 0
6774:651c @ 118014921 - LdrpInitializeNode - INFO: Calling init routine 59E9F7C0 for DLL "C:\Windows\Microsoft.NET\Framework\v4.0.30319\mscoreei.dll"
NtQueryInformationThread( ThreadHandle=-2, ThreadInformationClass=0x1d [ThreadWow64Context], ThreadInformation=0xb7dd20, Length=0x2cc, ReturnLength=null ) => 0
6774:651c @ 118014921 - LdrLoadDll - ENTER: DLL name: api-ms-win-core-synch-l1-2-0
NtQueryInformationThread( ThreadHandle=-2, ThreadInformationClass=0x1d [ThreadWow64Context], ThreadInformation=0xb7dd20, Length=0x2cc, ReturnLength=null ) => 0
6774:651c @ 118014921 - LdrpPreprocessDllName - INFO: DLL api-ms-win-core-synch-l1-2-0 was redirected to C:\Windows\SYSTEM32\kernelbase.dll by API set
NtQueryInformationThread( ThreadHandle=-2, ThreadInformationClass=0x1d [ThreadWow64Context], ThreadInformation=0xb7dd20, Length=0x2cc, ReturnLength=null ) => 0
6774:651c @ 118014921 - LdrpLoadDllInternal - ENTER: DLL name: C:\Windows\SYSTEM32\kernelbase.dll
NtQueryInformationThread( ThreadHandle=-2, ThreadInformationClass=0x1d [ThreadWow64Context], ThreadInformation=0xb7dd20, Length=0x2cc, ReturnLength=null ) => 0
6774:651c @ 118014921 - LdrpLoadDllInternal - RETURN: Status: 0x00000000
NtQueryInformationThread( ThreadHandle=-2, ThreadInformationClass=0x1d [ThreadWow64Context], ThreadInformation=0xb7dd20, Length=0x2cc, ReturnLength=null ) => 0
6774:651c @ 118014921 - LdrLoadDll - RETURN: Status: 0x00000000
NtQueryInformationThread( ThreadHandle=-2, ThreadInformationClass=0x1d [ThreadWow64Context], ThreadInformation=0xb7dd20, Length=0x2cc, ReturnLength=null ) => 0
6774:651c @ 118014921 - LdrpGetProcedureAddress - INFO: Locating procedure "InitializeCriticalSectionEx" by name
NtQueryInformationThread( ThreadHandle=-2, ThreadInformationClass=0x1d [ThreadWow64Context], ThreadInformation=0xb7dd20, Length=0x2cc, ReturnLength=null ) => 0
6774:651c @ 118014921 - LdrLoadDll - ENTER: DLL name: api-ms-win-core-fibers-l1-1-1
NtQueryInformationThread( ThreadHandle=-2, ThreadInformationClass=0x1d [ThreadWow64Context], ThreadInformation=0xb7dd20, Length=0x2cc, ReturnLength=null ) => 0
6774:651c @ 118014921 - LdrpPreprocessDllName - INFO: DLL api-ms-win-core-fibers-l1-1-1 was redirected to C:\Windows\SYSTEM32\kernelbase.dll by API set
NtQueryInformationThread( ThreadHandle=-2, ThreadInformationClass=0x1d [ThreadWow64Context], ThreadInformation=0xb7dd20, Length=0x2cc, ReturnLength=null ) => 0
6774:651c @ 118014921 - LdrpLoadDllInternal - ENTER: DLL name: C:\Windows\SYSTEM32\kernelbase.dll
NtQueryInformationThread( ThreadHandle=-2, ThreadInformationClass=0x1d [ThreadWow64Context], ThreadInformation=0xb7dd20, Length=0x2cc, ReturnLength=null ) => 0
6774:651c @ 118014921 - LdrpLoadDllInternal - RETURN: Status: 0x00000000
NtQueryInformationThread( ThreadHandle=-2, ThreadInformationClass=0x1d [ThreadWow64Context], ThreadInformation=0xb7dd20, Length=0x2cc, ReturnLength=null ) => 0
6774:651c @ 118014921 - LdrLoadDll - RETURN: Status: 0x00000000
NtQueryInformationThread( ThreadHandle=-2, ThreadInformationClass=0x1d [ThreadWow64Context], ThreadInformation=0xb7dd20, Length=0x2cc, ReturnLength=null ) => 0
6774:651c @ 118014921 - LdrpGetProcedureAddress - INFO: Locating procedure "FlsAlloc" by name
NtQueryInformationThread( ThreadHandle=-2, ThreadInformationClass=0x1d [ThreadWow64Context], ThreadInformation=0xb7dd20, Length=0x2cc, ReturnLength=null ) => 0
6774:651c @ 118014921 - LdrpGetProcedureAddress - INFO: Locating procedure "FlsSetValue" by name
NtQueryInformationThread( ThreadHandle=-2, ThreadInformationClass=0x1d [ThreadWow64Context], ThreadInformation=0xb7dd20, Length=0x2cc, ReturnLength=null ) => 0
6774:651c @ 118014921 - LdrLoadDll - ENTER: DLL name: api-ms-win-core-synch-l1-2-0
NtQueryInformationThread( ThreadHandle=-2, ThreadInformationClass=0x1d [ThreadWow64Context], ThreadInformation=0xb7dd20, Length=0x2cc, ReturnLength=null ) => 0
6774:651c @ 118014921 - LdrpPreprocessDllName - INFO: DLL api-ms-win-core-synch-l1-2-0 was redirected to C:\Windows\SYSTEM32\kernelbase.dll by API set
NtQueryInformationThread( ThreadHandle=-2, ThreadInformationClass=0x1d [ThreadWow64Context], ThreadInformation=0xb7dd20, Length=0x2cc, ReturnLength=null ) => 0
6774:651c @ 118014921 - LdrpLoadDllInternal - ENTER: DLL name: C:\Windows\SYSTEM32\kernelbase.dll
NtQueryInformationThread( ThreadHandle=-2, ThreadInformationClass=0x1d [ThreadWow64Context], ThreadInformation=0xb7dd20, Length=0x2cc, ReturnLength=null ) => 0
6774:651c @ 118014921 - LdrpLoadDllInternal - RETURN: Status: 0x00000000
NtQueryInformationThread( ThreadHandle=-2, ThreadInformationClass=0x1d [ThreadWow64Context], ThreadInformation=0xb7dd20, Length=0x2cc, ReturnLength=null ) => 0
6774:651c @ 118014921 - LdrLoadDll - RETURN: Status: 0x00000000
NtQueryInformationThread( ThreadHandle=-2, ThreadInformationClass=0x1d [ThreadWow64Context], ThreadInformation=0xb7dd20, Length=0x2cc, ReturnLength=null ) => 0
6774:651c @ 118014921 - LdrpGetProcedureAddress - INFO: Locating procedure "InitializeCriticalSectionEx" by name
NtQueryInformationThread( ThreadHandle=-2, ThreadInformationClass=0x1d [ThreadWow64Context], ThreadInformation=0xb7dd20, Length=0x2cc, ReturnLength=null ) => 0
6774:651c @ 118014921 - LdrLoadDll - ENTER: DLL name: api-ms-win-core-fibers-l1-1-1
NtQueryInformationThread( ThreadHandle=-2, ThreadInformationClass=0x1d [ThreadWow64Context], ThreadInformation=0xb7dd20, Length=0x2cc, ReturnLength=null ) => 0
6774:651c @ 118014921 - LdrpPreprocessDllName - INFO: DLL api-ms-win-core-fibers-l1-1-1 was redirected to C:\Windows\SYSTEM32\kernelbase.dll by API set
NtQueryInformationThread( ThreadHandle=-2, ThreadInformationClass=0x1d [ThreadWow64Context], ThreadInformation=0xb7dd20, Length=0x2cc, ReturnLength=null ) => 0
6774:651c @ 118014921 - LdrpLoadDllInternal - ENTER: DLL name: C:\Windows\SYSTEM32\kernelbase.dll
NtQueryInformationThread( ThreadHandle=-2, ThreadInformationClass=0x1d [ThreadWow64Context], ThreadInformation=0xb7dd20, Length=0x2cc, ReturnLength=null ) => 0
6774:651c @ 118014921 - LdrpLoadDllInternal - RETURN: Status: 0x00000000
NtQueryInformationThread( ThreadHandle=-2, ThreadInformationClass=0x1d [ThreadWow64Context], ThreadInformation=0xb7dd20, Length=0x2cc, ReturnLength=null ) => 0
6774:651c @ 118014921 - LdrLoadDll - RETURN: Status: 0x00000000
NtQueryInformationThread( ThreadHandle=-2, ThreadInformationClass=0x1d [ThreadWow64Context], ThreadInformation=0xb7dd20, Length=0x2cc, ReturnLength=null ) => 0
6774:651c @ 118014921 - LdrpGetProcedureAddress - INFO: Locating procedure "FlsAlloc" by name
NtQueryInformationThread( ThreadHandle=-2, ThreadInformationClass=0x1d [ThreadWow64Context], ThreadInformation=0xb7dd20, Length=0x2cc, ReturnLength=null ) => 0
6774:651c @ 118014921 - LdrpGetProcedureAddress - INFO: Locating procedure "FlsGetValue" by name
NtQueryInformationThread( ThreadHandle=-2, ThreadInformationClass=0x1d [ThreadWow64Context], ThreadInformation=0xb7dd20, Length=0x2cc, ReturnLength=null ) => 0
6774:651c @ 118014921 - LdrpGetProcedureAddress - INFO: Locating procedure "FlsSetValue" by name
NtAllocateVirtualMemory( ProcessHandle=-1, lpAddress=0xb7e2b0 [0x01287000], ZeroBits=0, pSize=0xb7e2a0 [0x1000], flAllocationType=0x1000, flProtect=4 ) => 0
NtQueryVolumeInformationFile( FileHandle=0x58, IoStatusBlock=0xb7e2c8 [0/8], FsInformation=0xd7ec4c, Length=8, FsInformationClass=4 [FsDeviceInformation] ) => 0
NtQueryVolumeInformationFile( FileHandle=0x1ac, IoStatusBlock=0xb7e2c8 [0/8], FsInformation=0xd7ec4c, Length=8, FsInformationClass=4 [FsDeviceInformation] ) => 0
NtQueryVolumeInformationFile( FileHandle=0x60, IoStatusBlock=0xb7e2c8 [0/8], FsInformation=0xd7ec4c, Length=8, FsInformationClass=4 [FsDeviceInformation] ) => 0
NtQueryInformationThread( ThreadHandle=-2, ThreadInformationClass=0x1d [ThreadWow64Context], ThreadInformation=0xb7dd20, Length=0x2cc, ReturnLength=null ) => 0
6774:651c @ 118014921 - LdrLoadDll - ENTER: DLL name: api-ms-win-core-localization-l1-2-1
NtQueryInformationThread( ThreadHandle=-2, ThreadInformationClass=0x1d [ThreadWow64Context], ThreadInformation=0xb7dd20, Length=0x2cc, ReturnLength=null ) => 0
6774:651c @ 118014921 - LdrpPreprocessDllName - INFO: DLL api-ms-win-core-localization-l1-2-1 was redirected to C:\Windows\SYSTEM32\kernelbase.dll by API set
NtQueryInformationThread( ThreadHandle=-2, ThreadInformationClass=0x1d [ThreadWow64Context], ThreadInformation=0xb7dd20, Length=0x2cc, ReturnLength=null ) => 0
6774:651c @ 118014921 - LdrpLoadDllInternal - ENTER: DLL name: C:\Windows\SYSTEM32\kernelbase.dll
NtQueryInformationThread( ThreadHandle=-2, ThreadInformationClass=0x1d [ThreadWow64Context], ThreadInformation=0xb7dd20, Length=0x2cc, ReturnLength=null ) => 0
6774:651c @ 118014921 - LdrpLoadDllInternal - RETURN: Status: 0x00000000
NtQueryInformationThread( ThreadHandle=-2, ThreadInformationClass=0x1d [ThreadWow64Context], ThreadInformation=0xb7dd20, Length=0x2cc, ReturnLength=null ) => 0
6774:651c @ 118014921 - LdrLoadDll - RETURN: Status: 0x00000000
NtQueryInformationThread( ThreadHandle=-2, ThreadInformationClass=0x1d [ThreadWow64Context], ThreadInformation=0xb7dd20, Length=0x2cc, ReturnLength=null ) => 0
6774:651c @ 118014921 - LdrpGetProcedureAddress - INFO: Locating procedure "LCMapStringEx" by name
NtAllocateVirtualMemory( ProcessHandle=-1, lpAddress=0xb7e2b0 [0x01288000], ZeroBits=0, pSize=0xb7e2a0 [0x1000], flAllocationType=0x1000, flProtect=4 ) => 0
NtAllocateVirtualMemory( ProcessHandle=-1, lpAddress=0xb7e2b0 [0x01289000], ZeroBits=0, pSize=0xb7e2a0 [0x5000], flAllocationType=0x1000, flProtect=4 ) => 0
NtAllocateVirtualMemory( ProcessHandle=-1, lpAddress=0xb7e2b0 [0x0128e000], ZeroBits=0, pSize=0xb7e2a0 [0x3000], flAllocationType=0x1000, flProtect=4 ) => 0
NtQueryInformationThread( ThreadHandle=-2, ThreadInformationClass=0x1d [ThreadWow64Context], ThreadInformation=0xb7dd20, Length=0x2cc, ReturnLength=null ) => 0
6774:651c @ 118014921 - LdrGetDllHandleEx - ENTER: DLL name: KERNEL32.DLL
NtQueryInformationThread( ThreadHandle=-2, ThreadInformationClass=0x1d [ThreadWow64Context], ThreadInformation=0xb7dd20, Length=0x2cc, ReturnLength=null ) => 0
6774:651c @ 118014921 - LdrpFindLoadedDllInternal - RETURN: Status: 0x00000000
NtQueryInformationThread( ThreadHandle=-2, ThreadInformationClass=0x1d [ThreadWow64Context], ThreadInformation=0xb7dd20, Length=0x2cc, ReturnLength=null ) => 0
6774:651c @ 118014921 - LdrGetDllHandleEx - RETURN: Status: 0x00000000
NtQueryInformationThread( ThreadHandle=-2, ThreadInformationClass=0x1d [ThreadWow64Context], ThreadInformation=0xb7dd20, Length=0x2cc, ReturnLength=null ) => 0
6774:651c @ 118014921 - LdrpGetProcedureAddress - INFO: Locating procedure "AcquireSRWLockExclusive" by name
NtQueryInformationThread( ThreadHandle=-2, ThreadInformationClass=0x1d [ThreadWow64Context], ThreadInformation=0xb7dd20, Length=0x2cc, ReturnLength=null ) => 0
6774:651c @ 118014921 - LdrpLoadDllInternal - ENTER: DLL name: NTDLL.DLL
NtQueryInformationThread( ThreadHandle=-2, ThreadInformationClass=0x1d [ThreadWow64Context], ThreadInformation=0xb7dd20, Length=0x2cc, ReturnLength=null ) => 0
6774:651c @ 118014921 - LdrpLoadDllInternal - RETURN: Status: 0x00000000
NtQueryInformationThread( ThreadHandle=-2, ThreadInformationClass=0x1d [ThreadWow64Context], ThreadInformation=0xb7dd20, Length=0x2cc, ReturnLength=null ) => 0
6774:651c @ 118014921 - LdrpGetProcedureAddress - INFO: Locating procedure "RtlAcquireSRWLockExclusive" by name
NtQueryInformationThread( ThreadHandle=-2, ThreadInformationClass=0x1d [ThreadWow64Context], ThreadInformation=0xb7dd20, Length=0x2cc, ReturnLength=null ) => 0
6774:651c @ 118014921 - LdrpGetProcedureAddress - INFO: Locating procedure "ReleaseSRWLockExclusive" by name
NtQueryInformationThread( ThreadHandle=-2, ThreadInformationClass=0x1d [ThreadWow64Context], ThreadInformation=0xb7dd20, Length=0x2cc, ReturnLength=null ) => 0
6774:651c @ 118014921 - LdrpLoadDllInternal - ENTER: DLL name: NTDLL.DLL
NtQueryInformationThread( ThreadHandle=-2, ThreadInformationClass=0x1d [ThreadWow64Context], ThreadInformation=0xb7dd20, Length=0x2cc, ReturnLength=null ) => 0
6774:651c @ 118014921 - LdrpLoadDllInternal - RETURN: Status: 0x00000000
NtQueryInformationThread( ThreadHandle=-2, ThreadInformationClass=0x1d [ThreadWow64Context], ThreadInformation=0xb7dd20, Length=0x2cc, ReturnLength=null ) => 0
6774:651c @ 118014921 - LdrpGetProcedureAddress - INFO: Locating procedure "RtlReleaseSRWLockExclusive" by name
NtQueryVirtualMemory( ProcessHandle=-1, BaseAddress=0x59f0f000, MemoryInformationClass=0 [MemoryBasicInformation], MemoryInformation=0xb7e1b8, Length=0x30, ReturnLength=0xb7e1e8 [0x30] ) => 0
NtProtectVirtualMemory( ProcessHandle=-1, BaseAddress=0xb7e2a8 [0x59f0f000], Size=0xb7e298 [0x1000], NewProtect=4, OldProtect=0xb7e238 [2] ) => 0
NtQueryInformationThread( ThreadHandle=-2, ThreadInformationClass=0x1d [ThreadWow64Context], ThreadInformation=0xb7dd20, Length=0x2cc, ReturnLength=null ) => 0
6774:651c @ 118014921 - LdrGetDllHandleEx - ENTER: DLL name: kernel32.dll
NtQueryInformationThread( ThreadHandle=-2, ThreadInformationClass=0x1d [ThreadWow64Context], ThreadInformation=0xb7dd20, Length=0x2cc, ReturnLength=null ) => 0
6774:651c @ 118014921 - LdrpFindLoadedDllInternal - RETURN: Status: 0x00000000
NtQueryInformationThread( ThreadHandle=-2, ThreadInformationClass=0x1d [ThreadWow64Context], ThreadInformation=0xb7dd20, Length=0x2cc, ReturnLength=null ) => 0
6774:651c @ 118014921 - LdrGetDllHandleEx - RETURN: Status: 0x00000000
NtQueryInformationThread( ThreadHandle=-2, ThreadInformationClass=0x1d [ThreadWow64Context], ThreadInformation=0xb7dd20, Length=0x2cc, ReturnLength=null ) => 0
6774:651c @ 118014921 - LdrpGetProcedureAddress - INFO: Locating procedure "AddDllDirectory" by name
NtQueryInformationThread( ThreadHandle=-2, ThreadInformationClass=0x1d [ThreadWow64Context], ThreadInformation=0xb7dd20, Length=0x2cc, ReturnLength=null ) => 0
6774:651c @ 118014921 - LdrpPreprocessDllName - INFO: DLL api-ms-win-core-libraryloader-l1-1-0 was redirected to C:\Windows\SYSTEM32\kernelbase.dll by API set
NtQueryInformationThread( ThreadHandle=-2, ThreadInformationClass=0x1d [ThreadWow64Context], ThreadInformation=0xb7dd20, Length=0x2cc, ReturnLength=null ) => 0
6774:651c @ 118014921 - LdrpLoadDllInternal - ENTER: DLL name: C:\Windows\SYSTEM32\kernelbase.dll
NtQueryInformationThread( ThreadHandle=-2, ThreadInformationClass=0x1d [ThreadWow64Context], ThreadInformation=0xb7dd20, Length=0x2cc, ReturnLength=null ) => 0
6774:651c @ 118014921 - LdrpLoadDllInternal - RETURN: Status: 0x00000000
NtQueryInformationThread( ThreadHandle=-2, ThreadInformationClass=0x1d [ThreadWow64Context], ThreadInformation=0xb7dd20, Length=0x2cc, ReturnLength=null ) => 0
6774:651c @ 118014921 - LdrpGetProcedureAddress - INFO: Locating procedure "AddDllDirectory" by name
NtQueryInformationThread( ThreadHandle=-2, ThreadInformationClass=0x1d [ThreadWow64Context], ThreadInformation=0xb7dd20, Length=0x2cc, ReturnLength=null ) => 0
6774:651c @ 118014921 - LdrLoadDll - ENTER: DLL name: ADVAPI32.dll
NtQueryInformationThread( ThreadHandle=-2, ThreadInformationClass=0x1d [ThreadWow64Context], ThreadInformation=0xb7dd20, Length=0x2cc, ReturnLength=null ) => 0
6774:651c @ 118014937 - LdrpLoadDllInternal - ENTER: DLL name: ADVAPI32.dll
NtQueryInformationThread( ThreadHandle=-2, ThreadInformationClass=0x1d [ThreadWow64Context], ThreadInformation=0xb7dd20, Length=0x2cc, ReturnLength=null ) => 0
6774:651c @ 118014937 - LdrpLoadDllInternal - RETURN: Status: 0x00000000
NtQueryInformationThread( ThreadHandle=-2, ThreadInformationClass=0x1d [ThreadWow64Context], ThreadInformation=0xb7dd20, Length=0x2cc, ReturnLength=null ) => 0
6774:651c @ 118014937 - LdrLoadDll - RETURN: Status: 0x00000000
NtQueryInformationThread( ThreadHandle=-2, ThreadInformationClass=0x1d [ThreadWow64Context], ThreadInformation=0xb7dd20, Length=0x2cc, ReturnLength=null ) => 0
6774:651c @ 118014937 - LdrpGetProcedureAddress - INFO: Locating procedure "EventRegister" by name
NtQueryInformationThread( ThreadHandle=-2, ThreadInformationClass=0x1d [ThreadWow64Context], ThreadInformation=0xb7dd20, Length=0x2cc, ReturnLength=null ) => 0
6774:651c @ 118014937 - LdrpLoadDllInternal - ENTER: DLL name: ntdll.DLL
NtQueryInformationThread( ThreadHandle=-2, ThreadInformationClass=0x1d [ThreadWow64Context], ThreadInformation=0xb7dd20, Length=0x2cc, ReturnLength=null ) => 0
6774:651c @ 118014937 - LdrpLoadDllInternal - RETURN: Status: 0x00000000
NtQueryInformationThread( ThreadHandle=-2, ThreadInformationClass=0x1d [ThreadWow64Context], ThreadInformation=0xb7dd20, Length=0x2cc, ReturnLength=null ) => 0
6774:651c @ 118014937 - LdrpGetProcedureAddress - INFO: Locating procedure "EtwEventRegister" by name
NtProtectVirtualMemory( ProcessHandle=-1, BaseAddress=0xb7e2a8 [0x59f0f000], Size=0xb7e298 [0x1000], NewProtect=2, OldProtect=0xb7e238 [4] ) => 0
NtTraceControl( CtrlCode=0x8000000f, InputBuffer=0xd7eb98, InputBufferLength=0xa0, OutputBuffer=0xd7eb98, OutputBufferLength=0xa0, ReturnLength=0xd7eb90 [0xa0] ) => 0
NtQueryInformationThread( ThreadHandle=-2, ThreadInformationClass=0x1d [ThreadWow64Context], ThreadInformation=0xb7dd20, Length=0x2cc, ReturnLength=null ) => 0
6774:651c @ 118014937 - LdrGetDllHandleEx - ENTER: DLL name: api-ms-win-eventing-provider-l1-1-0
NtQueryInformationThread( ThreadHandle=-2, ThreadInformationClass=0x1d [ThreadWow64Context], ThreadInformation=0xb7dd20, Length=0x2cc, ReturnLength=null ) => 0
6774:651c @ 118014937 - LdrpPreprocessDllName - INFO: DLL api-ms-win-eventing-provider-l1-1-0 was redirected to C:\Windows\SYSTEM32\kernelbase.dll by API set
NtQueryInformationThread( ThreadHandle=-2, ThreadInformationClass=0x1d [ThreadWow64Context], ThreadInformation=0xb7dd20, Length=0x2cc, ReturnLength=null ) => 0
6774:651c @ 118014937 - LdrpFindLoadedDllInternal - RETURN: Status: 0x00000000
NtQueryInformationThread( ThreadHandle=-2, ThreadInformationClass=0x1d [ThreadWow64Context], ThreadInformation=0xb7dd20, Length=0x2cc, ReturnLength=null ) => 0
6774:651c @ 118014937 - LdrGetDllHandleEx - RETURN: Status: 0x00000000
NtQueryInformationThread( ThreadHandle=-2, ThreadInformationClass=0x1d [ThreadWow64Context], ThreadInformation=0xb7dd20, Length=0x2cc, ReturnLength=null ) => 0
6774:651c @ 118014937 - LdrpGetProcedureAddress - INFO: Locating procedure "EventSetInformation" by name
NtQueryInformationThread( ThreadHandle=-2, ThreadInformationClass=0x1d [ThreadWow64Context], ThreadInformation=0xb7dd20, Length=0x2cc, ReturnLength=null ) => 0
6774:651c @ 118014937 - LdrpLoadDllInternal - ENTER: DLL name: NTDLL.DLL
NtQueryInformationThread( ThreadHandle=-2, ThreadInformationClass=0x1d [ThreadWow64Context], ThreadInformation=0xb7dd20, Length=0x2cc, ReturnLength=null ) => 0
6774:651c @ 118014937 - LdrpLoadDllInternal - RETURN: Status: 0x00000000
NtQueryInformationThread( ThreadHandle=-2, ThreadInformationClass=0x1d [ThreadWow64Context], ThreadInformation=0xb7dd20, Length=0x2cc, ReturnLength=null ) => 0
6774:651c @ 118014937 - LdrpGetProcedureAddress - INFO: Locating procedure "EtwEventSetInformation" by name
NtTraceControl( CtrlCode=0x8000001e, InputBuffer=0xd7ec40, InputBufferLength=0x18, OutputBuffer=0xd7ebc8, OutputBufferLength=0x78, ReturnLength=0xd7ebc0 [0] ) => 0
NtQueryInformationThread( ThreadHandle=-2, ThreadInformationClass=0x1d [ThreadWow64Context], ThreadInformation=0xb7dd20, Length=0x2cc, ReturnLength=null ) => 0
6774:651c @ 118014937 - LdrGetDllHandleEx - ENTER: DLL name: mscoree.dll
NtQueryInformationThread( ThreadHandle=-2, ThreadInformationClass=0x1d [ThreadWow64Context], ThreadInformation=0xb7dd20, Length=0x2cc, ReturnLength=null ) => 0
6774:651c @ 118014937 - LdrpFindLoadedDllInternal - RETURN: Status: 0x00000000
NtQueryInformationThread( ThreadHandle=-2, ThreadInformationClass=0x1d [ThreadWow64Context], ThreadInformation=0xb7dd20, Length=0x2cc, ReturnLength=null ) => 0
6774:651c @ 118014937 - LdrGetDllHandleEx - RETURN: Status: 0x00000000
NtCreateMutant( MutantHandle=0xb7e2f8 [0x1b8], DesiredAccess=DELETE|READ_CONTROL|WRITE_DAC|WRITE_OWNER|SYNCHRONIZE|0x1, ObjectAttributes=null, InitialOwner=false ) => 0
NtQuerySystemInformation( SystemInformationClass=0x3e [SystemEmulationBasicInformation], SystemInformation=0xb7eb40, Length=0x40, ReturnLength=0xb7e2b8 [0x40] ) => 0
NtQuerySystemInformation( SystemInformationClass=0x3f [SystemEmulationProcessorInformation], SystemInformation=0xd7ecbc, Length=0xc, ReturnLength=null ) => 0
NtQueryInformationProcess( ProcessHandle=-1, ProcessInformationClass=0x25 [ProcessImageInformation], ProcessInformation=0xb7eb40, Length=0x40, ReturnLength=0xb7e270 [0x40] ) => 0
NtQuerySystemInformation( SystemInformationClass=0xb6 [SystemMemoryUsageInformation], SystemInformation=0xd7ebcc, Length=0x38, ReturnLength=null ) => 0
NtQueryInformationProcess( ProcessHandle=-1, ProcessInformationClass=1 [ProcessQuotaLimits], ProcessInformation=0xb7e1a0, Length=0x30, ReturnLength=null ) => 0
NtQueryInformationProcess( ProcessHandle=-1, ProcessInformationClass=3 [ProcessVmCounters], ProcessInformation=0xb7e130, Length=0x58, ReturnLength=null ) => 0
NtQueryLicenseValue( Name="TerminalServices-RemoteConnectionManager-AllowAppServerMode", Type=0xd7e8e0 [4], Buffer=0xd7e8d4, Length=4, ReturnedLength=0xd7e8e4 [4] ) => 0
NtQueryLicenseValue( Name="TerminalServices-RemoteConnectionManager-AllowAppServerMode", Type=0xd7e8e0 [4], Buffer=0xd7e8d4, Length=4, ReturnedLength=0xd7e8e4 [4] ) => 0
NtQueryLicenseValue( Name="TerminalServices-RemoteConnectionManager-AllowAppServerMode", Type=0xd7e8e0 [4], Buffer=0xd7e8d4, Length=4, ReturnedLength=0xd7e8e4 [4] ) => 0
NtQueryLicenseValue( Name="TerminalServices-RemoteConnectionManager-AllowAppServerMode", Type=0xd7e8e0 [4], Buffer=0xd7e8d4, Length=4, ReturnedLength=0xd7e8e4 [4] ) => 0
NtQueryInformationThread( ThreadHandle=-2, ThreadInformationClass=0x1d [ThreadWow64Context], ThreadInformation=0xb7dd20, Length=0x2cc, ReturnLength=null ) => 0
6774:651c @ 118014937 - LdrpGetProcedureAddress - INFO: Loading procedure 0x8e by ordinal
NtProtectVirtualMemory( ProcessHandle=-1, BaseAddress=0xb7e2a8 [0x59f0f000], Size=0xb7e298 [0x1000], NewProtect=4, OldProtect=0xb7e238 [2] ) => 0
NtQueryInformationThread( ThreadHandle=-2, ThreadInformationClass=0x1d [ThreadWow64Context], ThreadInformation=0xb7dd20, Length=0x2cc, ReturnLength=null ) => 0
6774:651c @ 118014937 - LdrpGetProcedureAddress - INFO: Locating procedure "RegOpenKeyExW" by name
NtProtectVirtualMemory( ProcessHandle=-1, BaseAddress=0xb7e2a8 [0x59f0f000], Size=0xb7e298 [0x1000], NewProtect=2, OldProtect=0xb7e238 [4] ) => 0
NtQueryObject( ObjectHandle=0xe4, ObjectInformationClass=1 [ObjectNameInformation], ObjectInformation=0xb7dfd0, Length=0x210, ReturnLength=null ) => 0
NtQueryKey( KeyHandle=0xe4, KeyInformationClass=7 [KeyHandleTagsInformation], KeyInformation=0xb7e228, Length=4, ResultLength=0xb7e1c4 [4] ) => 0
NtQueryKey( KeyHandle=0xe4, KeyInformationClass=3 [KeyNameInformation], KeyInformation=0x1127270, Length=0x818, ResultLength=0xb7e1c0 [0x26] ) => 0
NtOpenKeyEx( KeyHandle=0xb7e240 [0x1c8], DesiredAccess=KEY_READ, ObjectAttributes="\REGISTRY\MACHINE\Software\WOW6432Node\Microsoft\.NETFramework", OpenOptions=0 ) => 0
NtSetInformationKey( KeyHandle=0x1c8, KeySetInformationClass=5 [KeySetHandleTagsInformation], KeyInformation=0xb7e2f8, Length=4 ) => 0
NtProtectVirtualMemory( ProcessHandle=-1, BaseAddress=0xb7e2a8 [0x59f0f000], Size=0xb7e298 [0x1000], NewProtect=4, OldProtect=0xb7e238 [2] ) => 0
NtQueryInformationThread( ThreadHandle=-2, ThreadInformationClass=0x1d [ThreadWow64Context], ThreadInformation=0xb7dd20, Length=0x2cc, ReturnLength=null ) => 0
6774:651c @ 118014937 - LdrpGetProcedureAddress - INFO: Locating procedure "RegQueryValueExW" by name
NtProtectVirtualMemory( ProcessHandle=-1, BaseAddress=0xb7e2a8 [0x59f0f000], Size=0xb7e298 [0x1000], NewProtect=2, OldProtect=0xb7e238 [4] ) => 0
NtQueryValueKey( KeyHandle=0x1c8, ValueName="CLRLoadLogDir", KeyValueInformationClass=2 [KeyValuePartialInformation], KeyValueInformation=0xd7e6f8, Length=0xc, ResultLength=0xd7e6d8 ) => 0xc0000034 [2 'The system cannot find the file specified.']
NtProtectVirtualMemory( ProcessHandle=-1, BaseAddress=0xb7e2a8 [0x59f0f000], Size=0xb7e298 [0x1000], NewProtect=4, OldProtect=0xb7e238 [2] ) => 0
NtQueryInformationThread( ThreadHandle=-2, ThreadInformationClass=0x1d [ThreadWow64Context], ThreadInformation=0xb7dd20, Length=0x2cc, ReturnLength=null ) => 0
6774:651c @ 118014937 - LdrpGetProcedureAddress - INFO: Locating procedure "RegCloseKey" by name
NtProtectVirtualMemory( ProcessHandle=-1, BaseAddress=0xb7e2a8 [0x59f0f000], Size=0xb7e298 [0x1000], NewProtect=2, OldProtect=0xb7e238 [4] ) => 0
NtQueryInformationThread( ThreadHandle=-2, ThreadInformationClass=0x1d [ThreadWow64Context], ThreadInformation=0xb7dd20, Length=0x2cc, ReturnLength=null ) => 0
6774:651c @ 118014937 - LdrpLoadDllInternal - RETURN: Status: 0x00000000
NtQueryInformationThread( ThreadHandle=-2, ThreadInformationClass=0x1d [ThreadWow64Context], ThreadInformation=0xb7dd20, Length=0x2cc, ReturnLength=null ) => 0
6774:651c @ 118014937 - LdrLoadDll - RETURN: Status: 0x00000000
NtQueryInformationThread( ThreadHandle=-2, ThreadInformationClass=0x1d [ThreadWow64Context], ThreadInformation=0xb7dd20, Length=0x2cc, ReturnLength=null ) => 0
6774:651c @ 118014937 - LdrpGetProcedureAddress - INFO: Locating procedure "RegisterShimImplCallback" by name
NtQueryInformationThread( ThreadHandle=-2, ThreadInformationClass=0x1d [ThreadWow64Context], ThreadInformation=0xb7dd20, Length=0x2cc, ReturnLength=null ) => 0
6774:651c @ 118014937 - LdrpGetProcedureAddress - INFO: Locating procedure "RegisterShimImplCleanupCallback" by name
NtQueryInformationThread( ThreadHandle=-2, ThreadInformationClass=0x1d [ThreadWow64Context], ThreadInformation=0xb7dd20, Length=0x2cc, ReturnLength=null ) => 0
6774:651c @ 118014937 - LdrpNameToOrdinal - WARNING: Procedure "RegisterShimImplCleanupCallback" could not be located in DLL at base 0x59E90000.
NtQueryInformationThread( ThreadHandle=-2, ThreadInformationClass=0x1d [ThreadWow64Context], ThreadInformation=0xb7dd20, Length=0x2cc, ReturnLength=null ) => 0
6774:651c @ 118014937 - LdrpReportError - WARNING: Locating export "RegisterShimImplCleanupCallback" for DLL "Unknown" failed with status: 0xc0000139.
NtQueryInformationThread( ThreadHandle=-2, ThreadInformationClass=0x1d [ThreadWow64Context], ThreadInformation=0xb7dd20, Length=0x2cc, ReturnLength=null ) => 0
6774:651c @ 118014937 - LdrpGetProcedureAddress - INFO: Locating procedure "SetShellShimInstance" by name
NtQueryInformationThread( ThreadHandle=-2, ThreadInformationClass=0x1d [ThreadWow64Context], ThreadInformation=0xb7dd20, Length=0x2cc, ReturnLength=null ) => 0
6774:651c @ 118014937 - LdrpNameToOrdinal - WARNING: Procedure "SetShellShimInstance" could not be located in DLL at base 0x59E90000.
NtQueryInformationThread( ThreadHandle=-2, ThreadInformationClass=0x1d [ThreadWow64Context], ThreadInformation=0xb7dd20, Length=0x2cc, ReturnLength=null ) => 0
6774:651c @ 118014937 - LdrpReportError - WARNING: Locating export "SetShellShimInstance" for DLL "Unknown" failed with status: 0xc0000139.
NtQueryInformationThread( ThreadHandle=-2, ThreadInformationClass=0x1d [ThreadWow64Context], ThreadInformation=0xb7dd20, Length=0x2cc, ReturnLength=null ) => 0
6774:651c @ 118014937 - LdrpGetProcedureAddress - INFO: Locating procedure "OnShimDllMainCalled" by name
NtQueryInformationThread( ThreadHandle=-2, ThreadInformationClass=0x1d [ThreadWow64Context], ThreadInformation=0xb7dd20, Length=0x2cc, ReturnLength=null ) => 0
6774:651c @ 118014937 - LdrpGetProcedureAddress - INFO: Locating procedure "CorExitProcess_RetAddr" by name
NtQueryInformationThread( ThreadHandle=-2, ThreadInformationClass=0x1d [ThreadWow64Context], ThreadInformation=0xb7dd20, Length=0x2cc, ReturnLength=null ) => 0
6774:651c @ 118014937 - LdrpNameToOrdinal - WARNING: Procedure "CorExitProcess_RetAddr" could not be located in DLL at base 0x59E90000.
NtQueryInformationThread( ThreadHandle=-2, ThreadInformationClass=0x1d [ThreadWow64Context], ThreadInformation=0xb7dd20, Length=0x2cc, ReturnLength=null ) => 0
6774:651c @ 118014937 - LdrpReportError - WARNING: Locating export "CorExitProcess_RetAddr" for DLL "Unknown" failed with status: 0xc0000139.
NtQueryInformationThread( ThreadHandle=-2, ThreadInformationClass=0x1d [ThreadWow64Context], ThreadInformation=0xb7dd20, Length=0x2cc, ReturnLength=null ) => 0
6774:651c @ 118014937 - LdrpGetProcedureAddress - INFO: Locating procedure "CorExitProcess" by name
Thread 27816 exit code: 1
Thread 9208 exit code: 1
Thread 24660 exit code: 1
NtQueryInformationThread( ThreadHandle=-2, ThreadInformationClass=0x1d [ThreadWow64Context], ThreadInformation=0xb7dd20, Length=0x2cc, ReturnLength=null ) => 0
6774:651c @ 118014937 - LdrShutdownProcess - INFO: Process 0x00006774 (test) exiting
NtFreeVirtualMemory( ProcessHandle=-1, lpAddress=0xb7e2b0 [0x03120000], pSize=0xb7e298 [0x00010000], flFreeType=0x8000 ) => 0
NtSetInformationThread( ThreadHandle=-2, ThreadInformationClass=0xa [ThreadZeroTlsCell], ThreadInformation=0xd7f324, Length=4 ) => 0
NtFreeVirtualMemory( ProcessHandle=-1, lpAddress=0xb7e2b0 [0x02ed0000], pSize=0xb7e298 [0x00010000], flFreeType=0x8000 ) => 0
NtSetInformationThread( ThreadHandle=-2, ThreadInformationClass=0xa [ThreadZeroTlsCell], ThreadInformation=0xd7f328, Length=4 ) => 0
NtProtectVirtualMemory( ProcessHandle=-1, BaseAddress=0xb7e2a8 [0x59f0f000], Size=0xb7e298 [0x1000], NewProtect=4, OldProtect=0xb7e238 [2] ) => 0
NtQueryInformationThread( ThreadHandle=-2, ThreadInformationClass=0x1d [ThreadWow64Context], ThreadInformation=0xb7dd20, Length=0x2cc, ReturnLength=null ) => 0
6774:651c @ 118014937 - LdrpGetProcedureAddress - INFO: Locating procedure "EventUnregister" by name
NtQueryInformationThread( ThreadHandle=-2, ThreadInformationClass=0x1d [ThreadWow64Context], ThreadInformation=0xb7dd20, Length=0x2cc, ReturnLength=null ) => 0
6774:651c @ 118014937 - LdrpLoadDllInternal - ENTER: DLL name: ntdll.DLL
NtQueryInformationThread( ThreadHandle=-2, ThreadInformationClass=0x1d [ThreadWow64Context], ThreadInformation=0xb7dd20, Length=0x2cc, ReturnLength=null ) => 0
6774:651c @ 118014937 - LdrpLoadDllInternal - RETURN: Status: 0x00000000
NtQueryInformationThread( ThreadHandle=-2, ThreadInformationClass=0x1d [ThreadWow64Context], ThreadInformation=0xb7dd20, Length=0x2cc, ReturnLength=null ) => 0
6774:651c @ 118014937 - LdrpGetProcedureAddress - INFO: Locating procedure "EtwEventUnregister" by name
NtProtectVirtualMemory( ProcessHandle=-1, BaseAddress=0xb7e2a8 [0x59f0f000], Size=0xb7e298 [0x1000], NewProtect=2, OldProtect=0xb7e238 [4] ) => 0
NtQueryInformationThread( ThreadHandle=-2, ThreadInformationClass=0x1d [ThreadWow64Context], ThreadInformation=0xb7dd20, Length=0x2cc, ReturnLength=null ) => 0
6774:651c @ 118014937 - LdrpGetProcedureAddress - INFO: Locating procedure "FlsFree" by name
NtQueryInformationThread( ThreadHandle=-2, ThreadInformationClass=0x1d [ThreadWow64Context], ThreadInformation=0xb7dd20, Length=0x2cc, ReturnLength=null ) => 0
6774:651c @ 118014937 - LdrpGetProcedureAddress - INFO: Locating procedure "FlsFree" by name
NtQueryInformationThread( ThreadHandle=-2, ThreadInformationClass=0x1d [ThreadWow64Context], ThreadInformation=0xb7dd20, Length=0x2cc, ReturnLength=null ) => 0
6774:651c @ 118014937 - LdrpGetProcedureAddress - INFO: Locating procedure "DecodePointer" by name
NtQueryInformationThread( ThreadHandle=-2, ThreadInformationClass=0x1d [ThreadWow64Context], ThreadInformation=0xb7dd20, Length=0x2cc, ReturnLength=null ) => 0
6774:651c @ 118014937 - LdrpLoadDllInternal - ENTER: DLL name: NTDLL.DLL
NtQueryInformationThread( ThreadHandle=-2, ThreadInformationClass=0x1d [ThreadWow64Context], ThreadInformation=0xb7dd20, Length=0x2cc, ReturnLength=null ) => 0
6774:651c @ 118014937 - LdrpLoadDllInternal - RETURN: Status: 0x00000000
NtQueryInformationThread( ThreadHandle=-2, ThreadInformationClass=0x1d [ThreadWow64Context], ThreadInformation=0xb7dd20, Length=0x2cc, ReturnLength=null ) => 0
6774:651c @ 118014937 - LdrpGetProcedureAddress - INFO: Locating procedure "RtlDecodePointer" by name
NtQueryInformationThread( ThreadHandle=-2, ThreadInformationClass=0x1d [ThreadWow64Context], ThreadInformation=0xb7dd20, Length=0x2cc, ReturnLength=null ) => 0
6774:651c @ 118014937 - LdrpGetProcedureAddress - INFO: Locating procedure "DecodePointer" by name
NtQueryInformationThread( ThreadHandle=-2, ThreadInformationClass=0x1d [ThreadWow64Context], ThreadInformation=0xb7dd20, Length=0x2cc, ReturnLength=null ) => 0
6774:651c @ 118014937 - LdrpLoadDllInternal - ENTER: DLL name: NTDLL.DLL
NtQueryInformationThread( ThreadHandle=-2, ThreadInformationClass=0x1d [ThreadWow64Context], ThreadInformation=0xb7dd20, Length=0x2cc, ReturnLength=null ) => 0
6774:651c @ 118014937 - LdrpLoadDllInternal - RETURN: Status: 0x00000000
NtQueryInformationThread( ThreadHandle=-2, ThreadInformationClass=0x1d [ThreadWow64Context], ThreadInformation=0xb7dd20, Length=0x2cc, ReturnLength=null ) => 0
6774:651c @ 118014937 - LdrpGetProcedureAddress - INFO: Locating procedure "RtlDecodePointer" by name
NtQueryInformationThread( ThreadHandle=-2, ThreadInformationClass=0x1d [ThreadWow64Context], ThreadInformation=0xb7dd20, Length=0x2cc, ReturnLength=null ) => 0
6774:651c @ 118014937 - LdrpGetProcedureAddress - INFO: Locating procedure "EncodePointer" by name
NtQueryInformationThread( ThreadHandle=-2, ThreadInformationClass=0x1d [ThreadWow64Context], ThreadInformation=0xb7dd20, Length=0x2cc, ReturnLength=null ) => 0
6774:651c @ 118014937 - LdrpLoadDllInternal - ENTER: DLL name: NTDLL.DLL
NtQueryInformationThread( ThreadHandle=-2, ThreadInformationClass=0x1d [ThreadWow64Context], ThreadInformation=0xb7dd20, Length=0x2cc, ReturnLength=null ) => 0
6774:651c @ 118014937 - LdrpLoadDllInternal - RETURN: Status: 0x00000000
NtQueryInformationThread( ThreadHandle=-2, ThreadInformationClass=0x1d [ThreadWow64Context], ThreadInformation=0xb7dd20, Length=0x2cc, ReturnLength=null ) => 0
6774:651c @ 118014937 - LdrpGetProcedureAddress - INFO: Locating procedure "RtlEncodePointer" by name
NtQueryInformationThread( ThreadHandle=-2, ThreadInformationClass=0x1d [ThreadWow64Context], ThreadInformation=0xb7dd20, Length=0x2cc, ReturnLength=null ) => 0
6774:651c @ 118014937 - LdrpGetProcedureAddress - INFO: Locating procedure "DecodePointer" by name
NtQueryInformationThread( ThreadHandle=-2, ThreadInformationClass=0x1d [ThreadWow64Context], ThreadInformation=0xb7dd20, Length=0x2cc, ReturnLength=null ) => 0
6774:651c @ 118014937 - LdrpLoadDllInternal - ENTER: DLL name: NTDLL.DLL
NtQueryInformationThread( ThreadHandle=-2, ThreadInformationClass=0x1d [ThreadWow64Context], ThreadInformation=0xb7dd20, Length=0x2cc, ReturnLength=null ) => 0
6774:651c @ 118014937 - LdrpLoadDllInternal - RETURN: Status: 0x00000000
NtQueryInformationThread( ThreadHandle=-2, ThreadInformationClass=0x1d [ThreadWow64Context], ThreadInformation=0xb7dd20, Length=0x2cc, ReturnLength=null ) => 0
6774:651c @ 118014937 - LdrpGetProcedureAddress - INFO: Locating procedure "RtlDecodePointer" by name
NtQueryInformationThread( ThreadHandle=-2, ThreadInformationClass=0x1d [ThreadWow64Context], ThreadInformation=0xb7dd20, Length=0x2cc, ReturnLength=null ) => 0
6774:651c @ 118014937 - LdrpGetProcedureAddress - INFO: Locating procedure "EncodePointer" by name
NtQueryInformationThread( ThreadHandle=-2, ThreadInformationClass=0x1d [ThreadWow64Context], ThreadInformation=0xb7dd20, Length=0x2cc, ReturnLength=null ) => 0
6774:651c @ 118014937 - LdrpLoadDllInternal - ENTER: DLL name: NTDLL.DLL
NtQueryInformationThread( ThreadHandle=-2, ThreadInformationClass=0x1d [ThreadWow64Context], ThreadInformation=0xb7dd20, Length=0x2cc, ReturnLength=null ) => 0
6774:651c @ 118014937 - LdrpLoadDllInternal - RETURN: Status: 0x00000000
NtQueryInformationThread( ThreadHandle=-2, ThreadInformationClass=0x1d [ThreadWow64Context], ThreadInformation=0xb7dd20, Length=0x2cc, ReturnLength=null ) => 0
6774:651c @ 118014937 - LdrpGetProcedureAddress - INFO: Locating procedure "RtlEncodePointer" by name
NtQueryInformationThread( ThreadHandle=-2, ThreadInformationClass=0x1d [ThreadWow64Context], ThreadInformation=0xb7dd20, Length=0x2cc, ReturnLength=null ) => 0
6774:651c @ 118014937 - LdrpGetProcedureAddress - INFO: Locating procedure "DecodePointer" by name
NtQueryInformationThread( ThreadHandle=-2, ThreadInformationClass=0x1d [ThreadWow64Context], ThreadInformation=0xb7dd20, Length=0x2cc, ReturnLength=null ) => 0
6774:651c @ 118014937 - LdrpLoadDllInternal - ENTER: DLL name: NTDLL.DLL
NtQueryInformationThread( ThreadHandle=-2, ThreadInformationClass=0x1d [ThreadWow64Context], ThreadInformation=0xb7dd20, Length=0x2cc, ReturnLength=null ) => 0
6774:651c @ 118014937 - LdrpLoadDllInternal - RETURN: Status: 0x00000000
NtQueryInformationThread( ThreadHandle=-2, ThreadInformationClass=0x1d [ThreadWow64Context], ThreadInformation=0xb7dd20, Length=0x2cc, ReturnLength=null ) => 0
6774:651c @ 118014937 - LdrpGetProcedureAddress - INFO: Locating procedure "RtlDecodePointer" by name
NtQueryInformationThread( ThreadHandle=-2, ThreadInformationClass=0x1d [ThreadWow64Context], ThreadInformation=0xb7dd20, Length=0x2cc, ReturnLength=null ) => 0
6774:651c @ 118014937 - LdrpGetProcedureAddress - INFO: Locating procedure "DecodePointer" by name
NtQueryInformationThread( ThreadHandle=-2, ThreadInformationClass=0x1d [ThreadWow64Context], ThreadInformation=0xb7dd20, Length=0x2cc, ReturnLength=null ) => 0
6774:651c @ 118014937 - LdrpLoadDllInternal - ENTER: DLL name: NTDLL.DLL
NtQueryInformationThread( ThreadHandle=-2, ThreadInformationClass=0x1d [ThreadWow64Context], ThreadInformation=0xb7dd20, Length=0x2cc, ReturnLength=null ) => 0
6774:651c @ 118014937 - LdrpLoadDllInternal - RETURN: Status: 0x00000000
NtQueryInformationThread( ThreadHandle=-2, ThreadInformationClass=0x1d [ThreadWow64Context], ThreadInformation=0xb7dd20, Length=0x2cc, ReturnLength=null ) => 0
6774:651c @ 118014937 - LdrpGetProcedureAddress - INFO: Locating procedure "RtlDecodePointer" by name
NtQueryInformationThread( ThreadHandle=-2, ThreadInformationClass=0x1d [ThreadWow64Context], ThreadInformation=0xb7dd20, Length=0x2cc, ReturnLength=null ) => 0
6774:651c @ 118014937 - LdrpPreprocessDllName - INFO: DLL api-ms-win-core-com-private-l1-1-0.dll was redirected to C:\Windows\SYSTEM32\combase.dll by API set
NtQueryInformationThread( ThreadHandle=-2, ThreadInformationClass=0x1d [ThreadWow64Context], ThreadInformation=0xb7dd20, Length=0x2cc, ReturnLength=null ) => 0
6774:651c @ 118014937 - LdrpLoadDllInternal - ENTER: DLL name: C:\Windows\SYSTEM32\combase.dll
NtQueryInformationThread( ThreadHandle=-2, ThreadInformationClass=0x1d [ThreadWow64Context], ThreadInformation=0xb7dd20, Length=0x2cc, ReturnLength=null ) => 0
6774:651c @ 118014937 - LdrpLoadDllInternal - RETURN: Status: 0x00000000
NtQueryInformationThread( ThreadHandle=-2, ThreadInformationClass=0x1d [ThreadWow64Context], ThreadInformation=0xb7dd20, Length=0x2cc, ReturnLength=null ) => 0
6774:651c @ 118014937 - LdrpGetProcedureAddress - INFO: Locating procedure "GetFuncDescs" by name
NtQueryInformationThread( ThreadHandle=-2, ThreadInformationClass=0x1d [ThreadWow64Context], ThreadInformation=0xb7dd20, Length=0x2cc, ReturnLength=null ) => 0
6774:651c @ 118014937 - LdrpGetProcedureAddress - INFO: Locating procedure "ReleaseFuncDescs" by name
NtQueryInformationThread( ThreadHandle=-2, ThreadInformationClass=0x1d [ThreadWow64Context], ThreadInformation=0xb7dd20, Length=0x2cc, ReturnLength=null ) => 0
6774:651c @ 118014937 - LdrpGetProcedureAddress - INFO: Locating procedure "InternalCoUnregisterDisconnectCallback" by name
NtQueryInformationThread( ThreadHandle=-2, ThreadInformationClass=0x1d [ThreadWow64Context], ThreadInformation=0xb7dd20, Length=0x2cc, ReturnLength=null ) => 0
6774:651c @ 118014937 - LdrpGetProcedureAddress - INFO: Locating procedure "InternalTlsAllocData" by name
NtQueryInformationThread( ThreadHandle=-2, ThreadInformationClass=0x1d [ThreadWow64Context], ThreadInformation=0xb7dd20, Length=0x2cc, ReturnLength=null ) => 0
6774:651c @ 118014937 - LdrpGetProcedureAddress - INFO: Locating procedure "InternalIrotRegister" by name
NtQueryInformationThread( ThreadHandle=-2, ThreadInformationClass=0x1d [ThreadWow64Context], ThreadInformation=0xb7dd20, Length=0x2cc, ReturnLength=null ) => 0
6774:651c @ 118014937 - LdrpGetProcedureAddress - INFO: Locating procedure "CleanupOleStateInAllTls" by name
NtQueryInformationThread( ThreadHandle=-2, ThreadInformationClass=0x1d [ThreadWow64Context], ThreadInformation=0xb7dd20, Length=0x2cc, ReturnLength=null ) => 0
6774:651c @ 118014937 - LdrpGetProcedureAddress - INFO: Locating procedure "CleanupTlsOleState" by name
NtQueryInformationThread( ThreadHandle=-2, ThreadInformationClass=0x1d [ThreadWow64Context], ThreadInformation=0xb7dd20, Length=0x2cc, ReturnLength=null ) => 0
6774:651c @ 118014937 - LdrpGetProcedureAddress - INFO: Locating procedure "InternalIrotNoteChangeTime" by name
NtQueryInformationThread( ThreadHandle=-2, ThreadInformationClass=0x1d [ThreadWow64Context], ThreadInformation=0xb7dd20, Length=0x2cc, ReturnLength=null ) => 0
6774:651c @ 118014937 - LdrpGetProcedureAddress - INFO: Locating procedure "InternalIrotIsRunning2" by name
NtQueryInformationThread( ThreadHandle=-2, ThreadInformationClass=0x1d [ThreadWow64Context], ThreadInformation=0xb7dd20, Length=0x2cc, ReturnLength=null ) => 0
6774:651c @ 118014937 - LdrpGetProcedureAddress - INFO: Locating procedure "InternalIrotGetTimeOfLastChange2" by name
NtQueryInformationThread( ThreadHandle=-2, ThreadInformationClass=0x1d [ThreadWow64Context], ThreadInformation=0xb7dd20, Length=0x2cc, ReturnLength=null ) => 0
6774:651c @ 118014937 - LdrpGetProcedureAddress - INFO: Locating procedure "InternalIrotEnumRunning2" by name
NtQueryInformationThread( ThreadHandle=-2, ThreadInformationClass=0x1d [ThreadWow64Context], ThreadInformation=0xb7dd20, Length=0x2cc, ReturnLength=null ) => 0
6774:651c @ 118014937 - LdrpGetProcedureAddress - INFO: Locating procedure "InternalIrotRevoke" by name
NtQueryInformationThread( ThreadHandle=-2, ThreadInformationClass=0x1d [ThreadWow64Context], ThreadInformation=0xb7dd20, Length=0x2cc, ReturnLength=null ) => 0
6774:651c @ 118014937 - LdrpGetProcedureAddress - INFO: Locating procedure "InternalIsApartmentInitialized" by name
NtQueryInformationThread( ThreadHandle=-2, ThreadInformationClass=0x1d [ThreadWow64Context], ThreadInformation=0xb7dd20, Length=0x2cc, ReturnLength=null ) => 0
6774:651c @ 118014937 - LdrpGetProcedureAddress - INFO: Locating procedure "NdrOleDllGetClassObject" by name
NtQueryInformationThread( ThreadHandle=-2, ThreadInformationClass=0x1d [ThreadWow64Context], ThreadInformation=0xb7dd20, Length=0x2cc, ReturnLength=null ) => 0
6774:651c @ 118014937 - LdrpGetProcedureAddress - INFO: Locating procedure "InternalSTAInvoke" by name
NtQueryInformationThread( ThreadHandle=-2, ThreadInformationClass=0x1d [ThreadWow64Context], ThreadInformation=0xb7dd20, Length=0x2cc, ReturnLength=null ) => 0
6774:651c @ 118014937 - LdrpGetProcedureAddress - INFO: Locating procedure "InternalOleModalLoopBlockFn" by name
NtQueryInformationThread( ThreadHandle=-2, ThreadInformationClass=0x1d [ThreadWow64Context], ThreadInformation=0xb7dd20, Length=0x2cc, ReturnLength=null ) => 0
6774:651c @ 118014937 - LdrpGetProcedureAddress - INFO: Locating procedure "InternalSetAptCallCtrlOnTlsIfRequired" by name
NtQueryInformationThread( ThreadHandle=-2, ThreadInformationClass=0x1d [ThreadWow64Context], ThreadInformation=0xb7dd20, Length=0x2cc, ReturnLength=null ) => 0
6774:651c @ 118014937 - LdrpGetProcedureAddress - INFO: Locating procedure "ClearCleanupFlag" by name
NtQueryInformationThread( ThreadHandle=-2, ThreadInformationClass=0x1d [ThreadWow64Context], ThreadInformation=0xb7dd20, Length=0x2cc, ReturnLength=null ) => 0
6774:651c @ 118014937 - LdrpGetProcedureAddress - INFO: Locating procedure "CoUnloadingWOW" by name
NtQueryInformationThread( ThreadHandle=-2, ThreadInformationClass=0x1d [ThreadWow64Context], ThreadInformation=0xb7dd20, Length=0x2cc, ReturnLength=null ) => 0
6774:651c @ 118014937 - LdrpGetProcedureAddress - INFO: Locating procedure "InternalCCGetClassInformationForDde" by name
NtQueryInformationThread( ThreadHandle=-2, ThreadInformationClass=0x1d [ThreadWow64Context], ThreadInformation=0xb7dd20, Length=0x2cc, ReturnLength=null ) => 0
6774:651c @ 118014937 - LdrpGetProcedureAddress - INFO: Locating procedure "InternalCCGetClassInformationFromKey" by name
NtQueryInformationThread( ThreadHandle=-2, ThreadInformationClass=0x1d [ThreadWow64Context], ThreadInformation=0xb7dd20, Length=0x2cc, ReturnLength=null ) => 0
6774:651c @ 118014937 - LdrpGetProcedureAddress - INFO: Locating procedure "InternalCCSetDdeServerWindow" by name
NtQueryInformationThread( ThreadHandle=-2, ThreadInformationClass=0x1d [ThreadWow64Context], ThreadInformation=0xb7dd20, Length=0x2cc, ReturnLength=null ) => 0
6774:651c @ 118014937 - LdrpGetProcedureAddress - INFO: Locating procedure "InternalSetOleThunkWowPtr" by name
NtQueryInformationThread( ThreadHandle=-2, ThreadInformationClass=0x1d [ThreadWow64Context], ThreadInformation=0xb7dd20, Length=0x2cc, ReturnLength=null ) => 0
6774:651c @ 118014937 - LdrpGetProcedureAddress - INFO: Locating procedure "CoRegisterSurrogateEx" by name
NtQueryInformationThread( ThreadHandle=-2, ThreadInformationClass=0x1d [ThreadWow64Context], ThreadInformation=0xb7dd20, Length=0x2cc, ReturnLength=null ) => 0
6774:651c @ 118014937 - LdrpGetProcedureAddress - INFO: Locating procedure "CoRegisterMessageFilter" by name
NtQueryInformationThread( ThreadHandle=-2, ThreadInformationClass=0x1d [ThreadWow64Context], ThreadInformation=0xb7dd20, Length=0x2cc, ReturnLength=null ) => 0
6774:651c @ 118014937 - LdrpGetProcedureAddress - INFO: Locating procedure "CoInitializeWOW" by name
NtQueryInformationThread( ThreadHandle=-2, ThreadInformationClass=0x1d [ThreadWow64Context], ThreadInformation=0xb7dd20, Length=0x2cc, ReturnLength=null ) => 0
6774:651c @ 118014937 - LdrpGetProcedureAddress - INFO: Locating procedure "NdrExtStubInitialize" by name
NtQueryInformationThread( ThreadHandle=-2, ThreadInformationClass=0x1d [ThreadWow64Context], ThreadInformation=0xb7dd20, Length=0x2cc, ReturnLength=null ) => 0
6774:651c @ 118014937 - LdrpGetProcedureAddress - INFO: Locating procedure "InternalCreateIdentityHandler" by name
NtQueryInformationThread( ThreadHandle=-2, ThreadInformationClass=0x1d [ThreadWow64Context], ThreadInformation=0xb7dd20, Length=0x2cc, ReturnLength=null ) => 0
6774:651c @ 118014937 - LdrpGetProcedureAddress - INFO: Locating procedure "InternalCreateCAggId" by name
NtQueryInformationThread( ThreadHandle=-2, ThreadInformationClass=0x1d [ThreadWow64Context], ThreadInformation=0xb7dd20, Length=0x2cc, ReturnLength=null ) => 0
6774:651c @ 118014937 - LdrpGetProcedureAddress - INFO: Locating procedure "NdrpFindInterface" by name
NtQueryInformationThread( ThreadHandle=-2, ThreadInformationClass=0x1d [ThreadWow64Context], ThreadInformation=0xb7dd20, Length=0x2cc, ReturnLength=null ) => 0
6774:651c @ 118014937 - LdrpGetProcedureAddress - INFO: Locating procedure "InternalCallFrameExceptionFilter" by name
NtQueryInformationThread( ThreadHandle=-2, ThreadInformationClass=0x1d [ThreadWow64Context], ThreadInformation=0xb7dd20, Length=0x2cc, ReturnLength=null ) => 0
6774:651c @ 118014937 - LdrpGetProcedureAddress - INFO: Locating procedure "SetCleanupFlag" by name
NtQueryInformationThread( ThreadHandle=-2, ThreadInformationClass=0x1d [ThreadWow64Context], ThreadInformation=0xb7dd20, Length=0x2cc, ReturnLength=null ) => 0
6774:651c @ 118014937 - LdrpGetProcedureAddress - INFO: Locating procedure "InternalDoATClassCreate" by name
NtQueryInformationThread( ThreadHandle=-2, ThreadInformationClass=0x1d [ThreadWow64Context], ThreadInformation=0xb7dd20, Length=0x2cc, ReturnLength=null ) => 0
6774:651c @ 118014937 - LdrpGetProcedureAddress - INFO: Locating procedure "InternalIsProcessInitialized" by name
NtQueryInformationThread( ThreadHandle=-2, ThreadInformationClass=0x1d [ThreadWow64Context], ThreadInformation=0xb7dd20, Length=0x2cc, ReturnLength=null ) => 0
6774:651c @ 118014937 - LdrpGetProcedureAddress - INFO: Locating procedure "CoGetInstanceFromFile" by name
NtQueryInformationThread( ThreadHandle=-2, ThreadInformationClass=0x1d [ThreadWow64Context], ThreadInformation=0xb7dd20, Length=0x2cc, ReturnLength=null ) => 0
6774:651c @ 118014937 - LdrpGetProcedureAddress - INFO: Locating procedure "InternalNotifyDDStartOrStop" by name
NtQueryInformationThread( ThreadHandle=-2, ThreadInformationClass=0x1d [ThreadWow64Context], ThreadInformation=0xb7dd20, Length=0x2cc, ReturnLength=null ) => 0
6774:651c @ 118014937 - LdrpGetProcedureAddress - INFO: Locating procedure "InternalCoRegisterDisconnectCallback" by name
NtProtectVirtualMemory( ProcessHandle=-1, BaseAddress=0xb7e2a8 [0x76892000], Size=0xb7e298 [0x1000], NewProtect=4, OldProtect=0xb7e238 [2] ) => 0
NtProtectVirtualMemory( ProcessHandle=-1, BaseAddress=0xb7e2a8 [0x76892000], Size=0xb7e298 [0x1000], NewProtect=2, OldProtect=0xb7e238 [4] ) => 0
NtQueryInformationThread( ThreadHandle=-2, ThreadInformationClass=0x1d [ThreadWow64Context], ThreadInformation=0xb7dd20, Length=0x2cc, ReturnLength=null ) => 0
6774:651c @ 118014937 - LdrGetDllHandleEx - ENTER: DLL name: ntdll.dll
NtQueryInformationThread( ThreadHandle=-2, ThreadInformationClass=0x1d [ThreadWow64Context], ThreadInformation=0xb7dd20, Length=0x2cc, ReturnLength=null ) => 0
6774:651c @ 118014937 - LdrpFindLoadedDllInternal - RETURN: Status: 0x00000000
NtQueryInformationThread( ThreadHandle=-2, ThreadInformationClass=0x1d [ThreadWow64Context], ThreadInformation=0xb7dd20, Length=0x2cc, ReturnLength=null ) => 0
6774:651c @ 118014937 - LdrGetDllHandleEx - RETURN: Status: 0x00000000
NtQueryInformationThread( ThreadHandle=-2, ThreadInformationClass=0x1d [ThreadWow64Context], ThreadInformation=0xb7dd20, Length=0x2cc, ReturnLength=null ) => 0
6774:651c @ 118014937 - LdrpGetProcedureAddress - INFO: Locating procedure "RtlDllShutdownInProgress" by name
NtSetInformationThread( ThreadHandle=-2, ThreadInformationClass=0xa [ThreadZeroTlsCell], ThreadInformation=0xd7f314, Length=4 ) => 0
NtQueryInformationThread( ThreadHandle=-2, ThreadInformationClass=0x1d [ThreadWow64Context], ThreadInformation=0xb7dd20, Length=0x2cc, ReturnLength=null ) => 0
6774:651c @ 118014937 - LdrGetDllHandleEx - ENTER: DLL name: ntdll.dll
NtQueryInformationThread( ThreadHandle=-2, ThreadInformationClass=0x1d [ThreadWow64Context], ThreadInformation=0xb7dd20, Length=0x2cc, ReturnLength=null ) => 0
6774:651c @ 118014937 - LdrpFindLoadedDllInternal - RETURN: Status: 0x00000000
NtQueryInformationThread( ThreadHandle=-2, ThreadInformationClass=0x1d [ThreadWow64Context], ThreadInformation=0xb7dd20, Length=0x2cc, ReturnLength=null ) => 0
6774:651c @ 118014937 - LdrGetDllHandleEx - RETURN: Status: 0x00000000
NtQueryInformationThread( ThreadHandle=-2, ThreadInformationClass=0x1d [ThreadWow64Context], ThreadInformation=0xb7dd20, Length=0x2cc, ReturnLength=null ) => 0
6774:651c @ 118014937 - LdrpGetProcedureAddress - INFO: Locating procedure "RtlDllShutdownInProgress" by name
NtOpenKeyEx( KeyHandle=0xb7e228 [0x1c8], DesiredAccess=KEY_READ, ObjectAttributes="\Registry\Machine\Software\WOW6432Node\Microsoft\Windows NT\CurrentVersion\GRE_Initialize", OpenOptions=0 ) => 0
NtSetInformationKey( KeyHandle=0x1c8, KeySetInformationClass=5 [KeySetHandleTagsInformation], KeyInformation=0xb7e220, Length=4 ) => 0
NtQueryValueKey( KeyHandle=0x1c8, ValueName="DisableMetaFiles", KeyValueInformationClass=2 [KeyValuePartialInformation], KeyValueInformation=0x1126910, Length=0x14, ResultLength=0xd7ebbc ) => 0xc0000034 [2 'The system cannot find the file specified.']
NtOpenKeyEx( KeyHandle=0xb7e228 [0x158], DesiredAccess=KEY_READ, ObjectAttributes="\Registry\Machine\Software\WOW6432Node\Microsoft\Windows NT\CurrentVersion\GRE_Initialize", OpenOptions=0 ) => 0
NtSetInformationKey( KeyHandle=0x158, KeySetInformationClass=5 [KeySetHandleTagsInformation], KeyInformation=0xb7e220, Length=4 ) => 0
NtQueryValueKey( KeyHandle=0x158, ValueName="DisableUmpdBufferSizeCheck", KeyValueInformationClass=2 [KeyValuePartialInformation], KeyValueInformation=0x1126910, Length=0x14, ResultLength=0xd7ebbc ) => 0xc0000034 [2 'The system cannot find the file specified.']
NtSetInformationThread( ThreadHandle=-2, ThreadInformationClass=0xa [ThreadZeroTlsCell], ThreadInformation=0xd7ec80, Length=4 ) => 0
NtQueryInformationThread( ThreadHandle=-2, ThreadInformationClass=0x1d [ThreadWow64Context], ThreadInformation=0xb7dd20, Length=0x2cc, ReturnLength=null ) => 0
6774:651c @ 118014953 - LdrpGetProcedureAddress - INFO: Locating procedure "RtlDllShutdownInProgress" by name
NtQueryInformationThread( ThreadHandle=-2, ThreadInformationClass=0x1d [ThreadWow64Context], ThreadInformation=0xb7dd20, Length=0x2cc, ReturnLength=null ) => 0
6774:651c @ 118014953 - LdrGetDllHandleEx - ENTER: DLL name: ntdll.dll
NtQueryInformationThread( ThreadHandle=-2, ThreadInformationClass=0x1d [ThreadWow64Context], ThreadInformation=0xb7dd20, Length=0x2cc, ReturnLength=null ) => 0
6774:651c @ 118014953 - LdrpFindLoadedDllInternal - RETURN: Status: 0x00000000
NtQueryInformationThread( ThreadHandle=-2, ThreadInformationClass=0x1d [ThreadWow64Context], ThreadInformation=0xb7dd20, Length=0x2cc, ReturnLength=null ) => 0
6774:651c @ 118014953 - LdrGetDllHandleEx - RETURN: Status: 0x00000000
NtQueryInformationThread( ThreadHandle=-2, ThreadInformationClass=0x1d [ThreadWow64Context], ThreadInformation=0xb7dd20, Length=0x2cc, ReturnLength=null ) => 0
6774:651c @ 118014953 - LdrpGetProcedureAddress - INFO: Locating procedure "RtlDllShutdownInProgress" by name
NtQueryInformationThread( ThreadHandle=-2, ThreadInformationClass=0x1d [ThreadWow64Context], ThreadInformation=0xb7dd20, Length=0x2cc, ReturnLength=null ) => 0
6774:651c @ 118014953 - LdrpGetProcedureAddress - INFO: Locating procedure "FlsFree" by name
NtQueryInformationThread( ThreadHandle=-2, ThreadInformationClass=0x1d [ThreadWow64Context], ThreadInformation=0xb7dd20, Length=0x2cc, ReturnLength=null ) => 0
6774:651c @ 118014953 - LdrpGetProcedureAddress - INFO: Locating procedure "FlsFree" by name
NtQueryInformationThread( ThreadHandle=-2, ThreadInformationClass=0x1d [ThreadWow64Context], ThreadInformation=0xb7dd20, Length=0x2cc, ReturnLength=null ) => 0
6774:651c @ 118014953 - LdrpGetProcedureAddress - INFO: Locating procedure "FlsFree" by name
NtQueryInformationThread( ThreadHandle=-2, ThreadInformationClass=0x1d [ThreadWow64Context], ThreadInformation=0xb7dd20, Length=0x2cc, ReturnLength=null ) => 0
6774:651c @ 118014953 - LdrpGetProcedureAddress - INFO: Locating procedure "FlsFree" by name
Process 26484 exit code: 1
